GPU=MetaX C500 torch=2.8.0+metax3.7.1.3

blocks=1 rounds=21
n=  1 p10/p50/p90=  33.024/  33.536/  77.056 us min/max=31.003/958.464
n=  2 p10/p50/p90=  29.952/  34.048/  34.560 us min/max=29.440/35.584
n=  4 p10/p50/p90=  34.304/  38.656/  40.960 us min/max=33.536/43.520
n=  8 p10/p50/p90=  47.360/  68.096/  69.632 us min/max=45.824/70.656
n= 16 p10/p50/p90=  87.296/  88.064/  89.856 us min/max=86.528/91.392
n= 32 p10/p50/p90= 145.152/ 145.920/ 149.248 us min/max=143.872/151.808
n= 64 p10/p50/p90= 238.336/ 240.384/ 260.864 us min/max=238.080/265.216
n=128 p10/p50/p90= 434.176/ 452.608/ 456.704 us min/max=432.384/459.264
fit_n_ge_1: intercept=32.876 us slope=3.2875 us/launch
fit_n_ge_4: intercept=35.424 us slope=3.2587 us/launch
fit_n_ge_8: intercept=39.712 us slope=3.2117 us/launch

blocks=32 rounds=21
n=  1 p10/p50/p90=  76.544/  78.080/  83.968 us min/max=68.608/1003.776
n=  2 p10/p50/p90=  29.440/  29.952/  30.464 us min/max=29.440/30.464
n=  4 p10/p50/p90=  33.792/  34.048/  34.816 us min/max=33.536/36.096
n=  8 p10/p50/p90=  64.512/  65.280/  65.792 us min/max=64.000/67.072
n= 16 p10/p50/p90=  88.576/  89.600/  90.624 us min/max=88.320/91.136
n= 32 p10/p50/p90= 140.800/ 141.824/ 145.408 us min/max=140.288/156.416
n= 64 p10/p50/p90= 256.512/ 258.048/ 260.096 us min/max=256.000/264.960
n=128 p10/p50/p90= 433.152/ 454.912/ 461.056 us min/max=431.360/589.824
fit_n_ge_1: intercept=39.862 us slope=3.2661 us/launch
fit_n_ge_4: intercept=33.884 us slope=3.3350 us/launch
fit_n_ge_8: intercept=39.648 us slope=3.2719 us/launch

blocks=256 rounds=21
n=  1 p10/p50/p90=  77.056/  78.848/  82.176 us min/max=75.264/1028.096
n=  2 p10/p50/p90=  29.952/  30.208/  30.464 us min/max=29.696/30.720
n=  4 p10/p50/p90=  34.304/  34.816/  35.584 us min/max=34.048/37.120
n=  8 p10/p50/p90=  66.560/  67.328/  67.840 us min/max=66.304/169.984
n= 16 p10/p50/p90=  92.928/  93.952/  94.720 us min/max=92.928/96.256
n= 32 p10/p50/p90= 148.736/ 149.760/ 150.528 us min/max=148.480/162.560
n= 64 p10/p50/p90= 273.664/ 274.944/ 279.808 us min/max=272.384/298.496
n=128 p10/p50/p90= 489.728/ 492.544/ 512.512 us min/max=465.920/517.376
fit_n_ge_1: intercept=39.421 us slope=3.5570 us/launch
fit_n_ge_4: intercept=33.113 us slope=3.6296 us/launch
fit_n_ge_8: intercept=38.720 us slope=3.5683 us/launch
