Building solutions/cuda_maca_optimized.cpp
Compiler: /opt/maca/mxgpu_llvm/bin/mxcc
MACA path: /opt/maca
CUDA bridge: /opt/maca-3.7.1/tools/cu-bridge
Target: xcore1000
Output: build/cuda_case6_packed_ml_partial_exp558.so
solutions/cuda_maca_optimized.cpp:335:40: warning: set minimum blocks' number is illegal in Maca and the value will be ignored [-Wmaca-min-blocks-per-multiprocessor]
  335 | __global__ void __launch_bounds__(256, 6)
      |                                        ^
solutions/cuda_maca_optimized.cpp:701:40: warning: set minimum blocks' number is illegal in Maca and the value will be ignored [-Wmaca-min-blocks-per-multiprocessor]
  701 | __global__ void __launch_bounds__(256, 6)
      |                                        ^
solutions/cuda_maca_optimized.cpp:1230:40: warning: set minimum blocks' number is illegal in Maca and the value will be ignored [-Wmaca-min-blocks-per-multiprocessor]
 1230 | __global__ void __launch_bounds__(256, 6)
      |                                        ^
solutions/cuda_maca_optimized.cpp:1230:40: warning: set minimum blocks' number is illegal in Maca and the value will be ignored [-Wmaca-min-blocks-per-multiprocessor]
solutions/cuda_maca_optimized.cpp:5502:21: note: in instantiation of function template specialization 'paged_decode_token_parallel_kernel<4, 8, false, false, false, false, false, true, false, false, false, false, false, true, false, false, false, false>' requested here
 5502 |                     paged_decode_token_parallel_kernel<
      |                     ^
solutions/cuda_maca_optimized.cpp:1230:40: warning: set minimum blocks' number is illegal in Maca and the value will be ignored [-Wmaca-min-blocks-per-multiprocessor]
 1230 | __global__ void __launch_bounds__(256, 6)
      |                                        ^
solutions/cuda_maca_optimized.cpp:5514:21: note: in instantiation of function template specialization 'paged_decode_token_parallel_kernel<4, 8, false, false, false, false, false, false, false, false, false, false, false, false, false, false, false, false>' requested here
 5514 |                     paged_decode_token_parallel_kernel<4, 8, false><<<
      |                     ^
solutions/cuda_maca_optimized.cpp:1230:40: warning: set minimum blocks' number is illegal in Maca and the value will be ignored [-Wmaca-min-blocks-per-multiprocessor]
 1230 | __global__ void __launch_bounds__(256, 6)
      |                                        ^
solutions/cuda_maca_optimized.cpp:5649:21: note: in instantiation of function template specialization 'paged_decode_token_parallel_kernel<8, 4, false, false, false, false, false, true, false, false, false, false, true, true, true, true, false, false>' requested here
 5649 |                     paged_decode_token_parallel_kernel<
      |                     ^
solutions/cuda_maca_optimized.cpp:1230:40: warning: set minimum blocks' number is illegal in Maca and the value will be ignored [-Wmaca-min-blocks-per-multiprocessor]
 1230 | __global__ void __launch_bounds__(256, 6)
      |                                        ^
solutions/cuda_maca_optimized.cpp:5671:21: note: in instantiation of function template specialization 'paged_decode_token_parallel_kernel<8, 4, true, false, false, false, false, true, false, false, true, false, true, true, false, false, true, true>' requested here
 5671 |                     paged_decode_token_parallel_kernel<
      |                     ^
solutions/cuda_maca_optimized.cpp:1230:40: warning: set minimum blocks' number is illegal in Maca and the value will be ignored [-Wmaca-min-blocks-per-multiprocessor]
 1230 | __global__ void __launch_bounds__(256, 6)
      |                                        ^
solutions/cuda_maca_optimized.cpp:5683:21: note: in instantiation of function template specialization 'paged_decode_token_parallel_kernel<8, 4, true, false, false, false, false, false, false, false, false, false, false, false, false, false, false, false>' requested here
 5683 |                     paged_decode_token_parallel_kernel<8, 4, true><<<
      |                     ^
solutions/cuda_maca_optimized.cpp:701:40: warning: set minimum blocks' number is illegal in Maca and the value will be ignored [-Wmaca-min-blocks-per-multiprocessor]
  701 | __global__ void __launch_bounds__(256, 6)
      |                                        ^
solutions/cuda_maca_optimized.cpp:5695:9: note: in instantiation of function template specialization 'paged_decode_split_qk_pair_kernel<8, 4>' requested here
 5695 |         paged_decode_split_qk_pair_kernel<8, 4><<<grid, 128>>>(
      |         ^
solutions/cuda_maca_optimized.cpp:335:40: warning: set minimum blocks' number is illegal in Maca and the value will be ignored [-Wmaca-min-blocks-per-multiprocessor]
  335 | __global__ void __launch_bounds__(256, 6)
      |                                        ^
solutions/cuda_maca_optimized.cpp:5702:13: note: in instantiation of function template specialization 'paged_decode_split_kernel<4, 8>' requested here
 5702 |             paged_decode_split_kernel<4, 8><<<grid, 256>>>(
      |             ^
solutions/cuda_maca_optimized.cpp:335:40: warning: set minimum blocks' number is illegal in Maca and the value will be ignored [-Wmaca-min-blocks-per-multiprocessor]
  335 | __global__ void __launch_bounds__(256, 6)
      |                                        ^
solutions/cuda_maca_optimized.cpp:5708:13: note: in instantiation of function template specialization 'paged_decode_split_kernel<8, 4>' requested here
 5708 |             paged_decode_split_kernel<8, 4><<<grid, 128>>>(
      |             ^
11 warnings generated when compiling for xcore1000.
solutions/cuda_maca_optimized.cpp:335:40: warning: set minimum blocks' number is illegal in Maca and the value will be ignored [-Wmaca-min-blocks-per-multiprocessor]
  335 | __global__ void __launch_bounds__(256, 6)
      |                                        ^
solutions/cuda_maca_optimized.cpp:701:40: warning: set minimum blocks' number is illegal in Maca and the value will be ignored [-Wmaca-min-blocks-per-multiprocessor]
  701 | __global__ void __launch_bounds__(256, 6)
      |                                        ^
solutions/cuda_maca_optimized.cpp:1230:40: warning: set minimum blocks' number is illegal in Maca and the value will be ignored [-Wmaca-min-blocks-per-multiprocessor]
 1230 | __global__ void __launch_bounds__(256, 6)
      |                                        ^
solutions/cuda_maca_optimized.cpp:1230:40: warning: set minimum blocks' number is illegal in Maca and the value will be ignored [-Wmaca-min-blocks-per-multiprocessor]
solutions/cuda_maca_optimized.cpp:5502:21: note: in instantiation of function template specialization 'paged_decode_token_parallel_kernel<4, 8, false, false, false, false, false, true, false, false, false, false, false, true, false, false, false, false>' requested here
 5502 |                     paged_decode_token_parallel_kernel<
      |                     ^
solutions/cuda_maca_optimized.cpp:1230:40: warning: set minimum blocks' number is illegal in Maca and the value will be ignored [-Wmaca-min-blocks-per-multiprocessor]
 1230 | __global__ void __launch_bounds__(256, 6)
      |                                        ^
solutions/cuda_maca_optimized.cpp:5514:21: note: in instantiation of function template specialization 'paged_decode_token_parallel_kernel<4, 8, false, false, false, false, false, false, false, false, false, false, false, false, false, false, false, false>' requested here
 5514 |                     paged_decode_token_parallel_kernel<4, 8, false><<<
      |                     ^
solutions/cuda_maca_optimized.cpp:1230:40: warning: set minimum blocks' number is illegal in Maca and the value will be ignored [-Wmaca-min-blocks-per-multiprocessor]
 1230 | __global__ void __launch_bounds__(256, 6)
      |                                        ^
solutions/cuda_maca_optimized.cpp:5649:21: note: in instantiation of function template specialization 'paged_decode_token_parallel_kernel<8, 4, false, false, false, false, false, true, false, false, false, false, true, true, true, true, false, false>' requested here
 5649 |                     paged_decode_token_parallel_kernel<
      |                     ^
solutions/cuda_maca_optimized.cpp:1230:40: warning: set minimum blocks' number is illegal in Maca and the value will be ignored [-Wmaca-min-blocks-per-multiprocessor]
 1230 | __global__ void __launch_bounds__(256, 6)
      |                                        ^
solutions/cuda_maca_optimized.cpp:5671:21: note: in instantiation of function template specialization 'paged_decode_token_parallel_kernel<8, 4, true, false, false, false, false, true, false, false, true, false, true, true, false, false, true, true>' requested here
 5671 |                     paged_decode_token_parallel_kernel<
      |                     ^
solutions/cuda_maca_optimized.cpp:1230:40: warning: set minimum blocks' number is illegal in Maca and the value will be ignored [-Wmaca-min-blocks-per-multiprocessor]
 1230 | __global__ void __launch_bounds__(256, 6)
      |                                        ^
solutions/cuda_maca_optimized.cpp:5683:21: note: in instantiation of function template specialization 'paged_decode_token_parallel_kernel<8, 4, true, false, false, false, false, false, false, false, false, false, false, false, false, false, false, false>' requested here
 5683 |                     paged_decode_token_parallel_kernel<8, 4, true><<<
      |                     ^
solutions/cuda_maca_optimized.cpp:701:40: warning: set minimum blocks' number is illegal in Maca and the value will be ignored [-Wmaca-min-blocks-per-multiprocessor]
  701 | __global__ void __launch_bounds__(256, 6)
      |                                        ^
solutions/cuda_maca_optimized.cpp:5695:9: note: in instantiation of function template specialization 'paged_decode_split_qk_pair_kernel<8, 4>' requested here
 5695 |         paged_decode_split_qk_pair_kernel<8, 4><<<grid, 128>>>(
      |         ^
solutions/cuda_maca_optimized.cpp:335:40: warning: set minimum blocks' number is illegal in Maca and the value will be ignored [-Wmaca-min-blocks-per-multiprocessor]
  335 | __global__ void __launch_bounds__(256, 6)
      |                                        ^
solutions/cuda_maca_optimized.cpp:5702:13: note: in instantiation of function template specialization 'paged_decode_split_kernel<4, 8>' requested here
 5702 |             paged_decode_split_kernel<4, 8><<<grid, 256>>>(
      |             ^
solutions/cuda_maca_optimized.cpp:335:40: warning: set minimum blocks' number is illegal in Maca and the value will be ignored [-Wmaca-min-blocks-per-multiprocessor]
  335 | __global__ void __launch_bounds__(256, 6)
      |                                        ^
solutions/cuda_maca_optimized.cpp:5708:13: note: in instantiation of function template specialization 'paged_decode_split_kernel<8, 4>' requested here
 5708 |             paged_decode_split_kernel<8, 4><<<grid, 128>>>(
      |             ^
11 warnings generated when compiling for xcore1000.
solutions/cuda_maca_optimized.cpp:335:40: warning: set minimum blocks' number is illegal in Maca and the value will be ignored [-Wmaca-min-blocks-per-multiprocessor]
  335 | __global__ void __launch_bounds__(256, 6)
      |                                        ^
solutions/cuda_maca_optimized.cpp:701:40: warning: set minimum blocks' number is illegal in Maca and the value will be ignored [-Wmaca-min-blocks-per-multiprocessor]
  701 | __global__ void __launch_bounds__(256, 6)
      |                                        ^
solutions/cuda_maca_optimized.cpp:1230:40: warning: set minimum blocks' number is illegal in Maca and the value will be ignored [-Wmaca-min-blocks-per-multiprocessor]
 1230 | __global__ void __launch_bounds__(256, 6)
      |                                        ^
solutions/cuda_maca_optimized.cpp:1230:40: warning: set minimum blocks' number is illegal in Maca and the value will be ignored [-Wmaca-min-blocks-per-multiprocessor]
solutions/cuda_maca_optimized.cpp:5502:21: note: in instantiation of function template specialization 'paged_decode_token_parallel_kernel<4, 8, false, false, false, false, false, true, false, false, false, false, false, true, false, false, false, false>' requested here
 5502 |                     paged_decode_token_parallel_kernel<
      |                     ^
solutions/cuda_maca_optimized.cpp:1230:40: warning: set minimum blocks' number is illegal in Maca and the value will be ignored [-Wmaca-min-blocks-per-multiprocessor]
 1230 | __global__ void __launch_bounds__(256, 6)
      |                                        ^
solutions/cuda_maca_optimized.cpp:5514:21: note: in instantiation of function template specialization 'paged_decode_token_parallel_kernel<4, 8, false, false, false, false, false, false, false, false, false, false, false, false, false, false, false, false>' requested here
 5514 |                     paged_decode_token_parallel_kernel<4, 8, false><<<
      |                     ^
solutions/cuda_maca_optimized.cpp:1230:40: warning: set minimum blocks' number is illegal in Maca and the value will be ignored [-Wmaca-min-blocks-per-multiprocessor]
 1230 | __global__ void __launch_bounds__(256, 6)
      |                                        ^
solutions/cuda_maca_optimized.cpp:5649:21: note: in instantiation of function template specialization 'paged_decode_token_parallel_kernel<8, 4, false, false, false, false, false, true, false, false, false, false, true, true, true, true, false, false>' requested here
 5649 |                     paged_decode_token_parallel_kernel<
      |                     ^
solutions/cuda_maca_optimized.cpp:1230:40: warning: set minimum blocks' number is illegal in Maca and the value will be ignored [-Wmaca-min-blocks-per-multiprocessor]
 1230 | __global__ void __launch_bounds__(256, 6)
      |                                        ^
solutions/cuda_maca_optimized.cpp:5671:21: note: in instantiation of function template specialization 'paged_decode_token_parallel_kernel<8, 4, true, false, false, false, false, true, false, false, true, false, true, true, false, false, true, true>' requested here
 5671 |                     paged_decode_token_parallel_kernel<
      |                     ^
solutions/cuda_maca_optimized.cpp:1230:40: warning: set minimum blocks' number is illegal in Maca and the value will be ignored [-Wmaca-min-blocks-per-multiprocessor]
 1230 | __global__ void __launch_bounds__(256, 6)
      |                                        ^
solutions/cuda_maca_optimized.cpp:5683:21: note: in instantiation of function template specialization 'paged_decode_token_parallel_kernel<8, 4, true, false, false, false, false, false, false, false, false, false, false, false, false, false, false, false>' requested here
 5683 |                     paged_decode_token_parallel_kernel<8, 4, true><<<
      |                     ^
solutions/cuda_maca_optimized.cpp:701:40: warning: set minimum blocks' number is illegal in Maca and the value will be ignored [-Wmaca-min-blocks-per-multiprocessor]
  701 | __global__ void __launch_bounds__(256, 6)
      |                                        ^
solutions/cuda_maca_optimized.cpp:5695:9: note: in instantiation of function template specialization 'paged_decode_split_qk_pair_kernel<8, 4>' requested here
 5695 |         paged_decode_split_qk_pair_kernel<8, 4><<<grid, 128>>>(
      |         ^
solutions/cuda_maca_optimized.cpp:335:40: warning: set minimum blocks' number is illegal in Maca and the value will be ignored [-Wmaca-min-blocks-per-multiprocessor]
  335 | __global__ void __launch_bounds__(256, 6)
      |                                        ^
solutions/cuda_maca_optimized.cpp:5702:13: note: in instantiation of function template specialization 'paged_decode_split_kernel<4, 8>' requested here
 5702 |             paged_decode_split_kernel<4, 8><<<grid, 256>>>(
      |             ^
solutions/cuda_maca_optimized.cpp:335:40: warning: set minimum blocks' number is illegal in Maca and the value will be ignored [-Wmaca-min-blocks-per-multiprocessor]
  335 | __global__ void __launch_bounds__(256, 6)
      |                                        ^
solutions/cuda_maca_optimized.cpp:5708:13: note: in instantiation of function template specialization 'paged_decode_split_kernel<8, 4>' requested here
 5708 |             paged_decode_split_kernel<8, 4><<<grid, 128>>>(
      |             ^
11 warnings generated when compiling for host.
Built build/cuda_case6_packed_ml_partial_exp558.so
