Building solutions/archive/2026-08-17-experiments/cuda_case14_pair_aggregate_partial_exp583.cpp
Compiler: /opt/maca/mxgpu_llvm/bin/mxcc
MACA path: /opt/maca
CUDA bridge: /opt/maca-3.7.1/tools/cu-bridge
Target: xcore1000
Output: build/exp583_pair_aggregate_normal.so
solutions/archive/2026-08-17-experiments/cuda_case14_pair_aggregate_partial_exp583.cpp:335:40: warning: set minimum blocks' number is illegal in Maca and the value will be ignored [-Wmaca-min-blocks-per-multiprocessor]
  335 | __global__ void __launch_bounds__(256, 6)
      |                                        ^
solutions/archive/2026-08-17-experiments/cuda_case14_pair_aggregate_partial_exp583.cpp:701:40: warning: set minimum blocks' number is illegal in Maca and the value will be ignored [-Wmaca-min-blocks-per-multiprocessor]
  701 | __global__ void __launch_bounds__(256, 6)
      |                                        ^
solutions/archive/2026-08-17-experiments/cuda_case14_pair_aggregate_partial_exp583.cpp:1229:40: warning: set minimum blocks' number is illegal in Maca and the value will be ignored [-Wmaca-min-blocks-per-multiprocessor]
 1229 | __global__ void __launch_bounds__(256, 6)
      |                                        ^
solutions/archive/2026-08-17-experiments/cuda_case14_pair_aggregate_partial_exp583.cpp:1229:40: warning: set minimum blocks' number is illegal in Maca and the value will be ignored [-Wmaca-min-blocks-per-multiprocessor]
solutions/archive/2026-08-17-experiments/cuda_case14_pair_aggregate_partial_exp583.cpp:5971:21: note: in instantiation of function template specialization 'paged_decode_token_parallel_kernel<4, 8, false, false, false, false, false, true, false, false, false, false, false, true, false, false, false>' requested here
 5971 |                     paged_decode_token_parallel_kernel<
      |                     ^
solutions/archive/2026-08-17-experiments/cuda_case14_pair_aggregate_partial_exp583.cpp:1229:40: warning: set minimum blocks' number is illegal in Maca and the value will be ignored [-Wmaca-min-blocks-per-multiprocessor]
 1229 | __global__ void __launch_bounds__(256, 6)
      |                                        ^
solutions/archive/2026-08-17-experiments/cuda_case14_pair_aggregate_partial_exp583.cpp:5983:21: note: in instantiation of function template specialization 'paged_decode_token_parallel_kernel<4, 8, false, false, false, false, false, false, false, false, false, false, false, false, false, false, false>' requested here
 5983 |                     paged_decode_token_parallel_kernel<4, 8, false><<<
      |                     ^
solutions/archive/2026-08-17-experiments/cuda_case14_pair_aggregate_partial_exp583.cpp:1229:40: warning: set minimum blocks' number is illegal in Maca and the value will be ignored [-Wmaca-min-blocks-per-multiprocessor]
 1229 | __global__ void __launch_bounds__(256, 6)
      |                                        ^
solutions/archive/2026-08-17-experiments/cuda_case14_pair_aggregate_partial_exp583.cpp:6118:21: note: in instantiation of function template specialization 'paged_decode_token_parallel_kernel<8, 4, false, false, false, false, false, true, false, false, false, false, true, true, true, true, false>' requested here
 6118 |                     paged_decode_token_parallel_kernel<
      |                     ^
solutions/archive/2026-08-17-experiments/cuda_case14_pair_aggregate_partial_exp583.cpp:1229:40: warning: set minimum blocks' number is illegal in Maca and the value will be ignored [-Wmaca-min-blocks-per-multiprocessor]
 1229 | __global__ void __launch_bounds__(256, 6)
      |                                        ^
solutions/archive/2026-08-17-experiments/cuda_case14_pair_aggregate_partial_exp583.cpp:6140:21: note: in instantiation of function template specialization 'paged_decode_token_parallel_kernel<8, 4, true, false, false, false, false, true, false, false, true, false, true, true, false, false, true>' requested here
 6140 |                     paged_decode_token_parallel_kernel<
      |                     ^
solutions/archive/2026-08-17-experiments/cuda_case14_pair_aggregate_partial_exp583.cpp:701:40: warning: set minimum blocks' number is illegal in Maca and the value will be ignored [-Wmaca-min-blocks-per-multiprocessor]
  701 | __global__ void __launch_bounds__(256, 6)
      |                                        ^
solutions/archive/2026-08-17-experiments/cuda_case14_pair_aggregate_partial_exp583.cpp:6155:9: note: in instantiation of function template specialization 'paged_decode_split_qk_pair_kernel<8, 4>' requested here
 6155 |         paged_decode_split_qk_pair_kernel<8, 4><<<grid, 128>>>(
      |         ^
solutions/archive/2026-08-17-experiments/cuda_case14_pair_aggregate_partial_exp583.cpp:335:40: warning: set minimum blocks' number is illegal in Maca and the value will be ignored [-Wmaca-min-blocks-per-multiprocessor]
  335 | __global__ void __launch_bounds__(256, 6)
      |                                        ^
solutions/archive/2026-08-17-experiments/cuda_case14_pair_aggregate_partial_exp583.cpp:6162:13: note: in instantiation of function template specialization 'paged_decode_split_kernel<4, 8>' requested here
 6162 |             paged_decode_split_kernel<4, 8><<<grid, 256>>>(
      |             ^
solutions/archive/2026-08-17-experiments/cuda_case14_pair_aggregate_partial_exp583.cpp:335:40: warning: set minimum blocks' number is illegal in Maca and the value will be ignored [-Wmaca-min-blocks-per-multiprocessor]
  335 | __global__ void __launch_bounds__(256, 6)
      |                                        ^
solutions/archive/2026-08-17-experiments/cuda_case14_pair_aggregate_partial_exp583.cpp:6168:13: note: in instantiation of function template specialization 'paged_decode_split_kernel<8, 4>' requested here
 6168 |             paged_decode_split_kernel<8, 4><<<grid, 128>>>(
      |             ^
10 warnings generated when compiling for xcore1000.
solutions/archive/2026-08-17-experiments/cuda_case14_pair_aggregate_partial_exp583.cpp:335:40: warning: set minimum blocks' number is illegal in Maca and the value will be ignored [-Wmaca-min-blocks-per-multiprocessor]
  335 | __global__ void __launch_bounds__(256, 6)
      |                                        ^
solutions/archive/2026-08-17-experiments/cuda_case14_pair_aggregate_partial_exp583.cpp:701:40: warning: set minimum blocks' number is illegal in Maca and the value will be ignored [-Wmaca-min-blocks-per-multiprocessor]
  701 | __global__ void __launch_bounds__(256, 6)
      |                                        ^
solutions/archive/2026-08-17-experiments/cuda_case14_pair_aggregate_partial_exp583.cpp:1229:40: warning: set minimum blocks' number is illegal in Maca and the value will be ignored [-Wmaca-min-blocks-per-multiprocessor]
 1229 | __global__ void __launch_bounds__(256, 6)
      |                                        ^
solutions/archive/2026-08-17-experiments/cuda_case14_pair_aggregate_partial_exp583.cpp:1229:40: warning: set minimum blocks' number is illegal in Maca and the value will be ignored [-Wmaca-min-blocks-per-multiprocessor]
solutions/archive/2026-08-17-experiments/cuda_case14_pair_aggregate_partial_exp583.cpp:5971:21: note: in instantiation of function template specialization 'paged_decode_token_parallel_kernel<4, 8, false, false, false, false, false, true, false, false, false, false, false, true, false, false, false>' requested here
 5971 |                     paged_decode_token_parallel_kernel<
      |                     ^
solutions/archive/2026-08-17-experiments/cuda_case14_pair_aggregate_partial_exp583.cpp:1229:40: warning: set minimum blocks' number is illegal in Maca and the value will be ignored [-Wmaca-min-blocks-per-multiprocessor]
 1229 | __global__ void __launch_bounds__(256, 6)
      |                                        ^
solutions/archive/2026-08-17-experiments/cuda_case14_pair_aggregate_partial_exp583.cpp:5983:21: note: in instantiation of function template specialization 'paged_decode_token_parallel_kernel<4, 8, false, false, false, false, false, false, false, false, false, false, false, false, false, false, false>' requested here
 5983 |                     paged_decode_token_parallel_kernel<4, 8, false><<<
      |                     ^
solutions/archive/2026-08-17-experiments/cuda_case14_pair_aggregate_partial_exp583.cpp:1229:40: warning: set minimum blocks' number is illegal in Maca and the value will be ignored [-Wmaca-min-blocks-per-multiprocessor]
 1229 | __global__ void __launch_bounds__(256, 6)
      |                                        ^
solutions/archive/2026-08-17-experiments/cuda_case14_pair_aggregate_partial_exp583.cpp:6118:21: note: in instantiation of function template specialization 'paged_decode_token_parallel_kernel<8, 4, false, false, false, false, false, true, false, false, false, false, true, true, true, true, false>' requested here
 6118 |                     paged_decode_token_parallel_kernel<
      |                     ^
solutions/archive/2026-08-17-experiments/cuda_case14_pair_aggregate_partial_exp583.cpp:1229:40: warning: set minimum blocks' number is illegal in Maca and the value will be ignored [-Wmaca-min-blocks-per-multiprocessor]
 1229 | __global__ void __launch_bounds__(256, 6)
      |                                        ^
solutions/archive/2026-08-17-experiments/cuda_case14_pair_aggregate_partial_exp583.cpp:6140:21: note: in instantiation of function template specialization 'paged_decode_token_parallel_kernel<8, 4, true, false, false, false, false, true, false, false, true, false, true, true, false, false, true>' requested here
 6140 |                     paged_decode_token_parallel_kernel<
      |                     ^
solutions/archive/2026-08-17-experiments/cuda_case14_pair_aggregate_partial_exp583.cpp:701:40: warning: set minimum blocks' number is illegal in Maca and the value will be ignored [-Wmaca-min-blocks-per-multiprocessor]
  701 | __global__ void __launch_bounds__(256, 6)
      |                                        ^
solutions/archive/2026-08-17-experiments/cuda_case14_pair_aggregate_partial_exp583.cpp:6155:9: note: in instantiation of function template specialization 'paged_decode_split_qk_pair_kernel<8, 4>' requested here
 6155 |         paged_decode_split_qk_pair_kernel<8, 4><<<grid, 128>>>(
      |         ^
solutions/archive/2026-08-17-experiments/cuda_case14_pair_aggregate_partial_exp583.cpp:335:40: warning: set minimum blocks' number is illegal in Maca and the value will be ignored [-Wmaca-min-blocks-per-multiprocessor]
  335 | __global__ void __launch_bounds__(256, 6)
      |                                        ^
solutions/archive/2026-08-17-experiments/cuda_case14_pair_aggregate_partial_exp583.cpp:6162:13: note: in instantiation of function template specialization 'paged_decode_split_kernel<4, 8>' requested here
 6162 |             paged_decode_split_kernel<4, 8><<<grid, 256>>>(
      |             ^
solutions/archive/2026-08-17-experiments/cuda_case14_pair_aggregate_partial_exp583.cpp:335:40: warning: set minimum blocks' number is illegal in Maca and the value will be ignored [-Wmaca-min-blocks-per-multiprocessor]
  335 | __global__ void __launch_bounds__(256, 6)
      |                                        ^
solutions/archive/2026-08-17-experiments/cuda_case14_pair_aggregate_partial_exp583.cpp:6168:13: note: in instantiation of function template specialization 'paged_decode_split_kernel<8, 4>' requested here
 6168 |             paged_decode_split_kernel<8, 4><<<grid, 128>>>(
      |             ^
10 warnings generated when compiling for xcore1000.
solutions/archive/2026-08-17-experiments/cuda_case14_pair_aggregate_partial_exp583.cpp:335:40: warning: set minimum blocks' number is illegal in Maca and the value will be ignored [-Wmaca-min-blocks-per-multiprocessor]
  335 | __global__ void __launch_bounds__(256, 6)
      |                                        ^
solutions/archive/2026-08-17-experiments/cuda_case14_pair_aggregate_partial_exp583.cpp:701:40: warning: set minimum blocks' number is illegal in Maca and the value will be ignored [-Wmaca-min-blocks-per-multiprocessor]
  701 | __global__ void __launch_bounds__(256, 6)
      |                                        ^
solutions/archive/2026-08-17-experiments/cuda_case14_pair_aggregate_partial_exp583.cpp:1229:40: warning: set minimum blocks' number is illegal in Maca and the value will be ignored [-Wmaca-min-blocks-per-multiprocessor]
 1229 | __global__ void __launch_bounds__(256, 6)
      |                                        ^
solutions/archive/2026-08-17-experiments/cuda_case14_pair_aggregate_partial_exp583.cpp:1229:40: warning: set minimum blocks' number is illegal in Maca and the value will be ignored [-Wmaca-min-blocks-per-multiprocessor]
solutions/archive/2026-08-17-experiments/cuda_case14_pair_aggregate_partial_exp583.cpp:5971:21: note: in instantiation of function template specialization 'paged_decode_token_parallel_kernel<4, 8, false, false, false, false, false, true, false, false, false, false, false, true, false, false, false>' requested here
 5971 |                     paged_decode_token_parallel_kernel<
      |                     ^
solutions/archive/2026-08-17-experiments/cuda_case14_pair_aggregate_partial_exp583.cpp:1229:40: warning: set minimum blocks' number is illegal in Maca and the value will be ignored [-Wmaca-min-blocks-per-multiprocessor]
 1229 | __global__ void __launch_bounds__(256, 6)
      |                                        ^
solutions/archive/2026-08-17-experiments/cuda_case14_pair_aggregate_partial_exp583.cpp:5983:21: note: in instantiation of function template specialization 'paged_decode_token_parallel_kernel<4, 8, false, false, false, false, false, false, false, false, false, false, false, false, false, false, false>' requested here
 5983 |                     paged_decode_token_parallel_kernel<4, 8, false><<<
      |                     ^
solutions/archive/2026-08-17-experiments/cuda_case14_pair_aggregate_partial_exp583.cpp:1229:40: warning: set minimum blocks' number is illegal in Maca and the value will be ignored [-Wmaca-min-blocks-per-multiprocessor]
 1229 | __global__ void __launch_bounds__(256, 6)
      |                                        ^
solutions/archive/2026-08-17-experiments/cuda_case14_pair_aggregate_partial_exp583.cpp:6118:21: note: in instantiation of function template specialization 'paged_decode_token_parallel_kernel<8, 4, false, false, false, false, false, true, false, false, false, false, true, true, true, true, false>' requested here
 6118 |                     paged_decode_token_parallel_kernel<
      |                     ^
solutions/archive/2026-08-17-experiments/cuda_case14_pair_aggregate_partial_exp583.cpp:1229:40: warning: set minimum blocks' number is illegal in Maca and the value will be ignored [-Wmaca-min-blocks-per-multiprocessor]
 1229 | __global__ void __launch_bounds__(256, 6)
      |                                        ^
solutions/archive/2026-08-17-experiments/cuda_case14_pair_aggregate_partial_exp583.cpp:6140:21: note: in instantiation of function template specialization 'paged_decode_token_parallel_kernel<8, 4, true, false, false, false, false, true, false, false, true, false, true, true, false, false, true>' requested here
 6140 |                     paged_decode_token_parallel_kernel<
      |                     ^
solutions/archive/2026-08-17-experiments/cuda_case14_pair_aggregate_partial_exp583.cpp:701:40: warning: set minimum blocks' number is illegal in Maca and the value will be ignored [-Wmaca-min-blocks-per-multiprocessor]
  701 | __global__ void __launch_bounds__(256, 6)
      |                                        ^
solutions/archive/2026-08-17-experiments/cuda_case14_pair_aggregate_partial_exp583.cpp:6155:9: note: in instantiation of function template specialization 'paged_decode_split_qk_pair_kernel<8, 4>' requested here
 6155 |         paged_decode_split_qk_pair_kernel<8, 4><<<grid, 128>>>(
      |         ^
solutions/archive/2026-08-17-experiments/cuda_case14_pair_aggregate_partial_exp583.cpp:335:40: warning: set minimum blocks' number is illegal in Maca and the value will be ignored [-Wmaca-min-blocks-per-multiprocessor]
  335 | __global__ void __launch_bounds__(256, 6)
      |                                        ^
solutions/archive/2026-08-17-experiments/cuda_case14_pair_aggregate_partial_exp583.cpp:6162:13: note: in instantiation of function template specialization 'paged_decode_split_kernel<4, 8>' requested here
 6162 |             paged_decode_split_kernel<4, 8><<<grid, 256>>>(
      |             ^
solutions/archive/2026-08-17-experiments/cuda_case14_pair_aggregate_partial_exp583.cpp:335:40: warning: set minimum blocks' number is illegal in Maca and the value will be ignored [-Wmaca-min-blocks-per-multiprocessor]
  335 | __global__ void __launch_bounds__(256, 6)
      |                                        ^
solutions/archive/2026-08-17-experiments/cuda_case14_pair_aggregate_partial_exp583.cpp:6168:13: note: in instantiation of function template specialization 'paged_decode_split_kernel<8, 4>' requested here
 6168 |             paged_decode_split_kernel<8, 4><<<grid, 128>>>(
      |             ^
10 warnings generated when compiling for host.
Built build/exp583_pair_aggregate_normal.so
