exp597 C500 correctness gate identity
UTC 2026-08-18T11:42:39Z
command: tools/build_local_maca.sh solutions/archive/2026-08-18-experiments/cuda_case12_reducer_partial_b64_native_ldg_exp597.cpp build/exp597_c500_candidate.so
candidate source SHA256:
f529061ec94575ac1f87d80d35ca6bf02ea2137c2890b809c98f24ece8df3774  solutions/archive/2026-08-18-experiments/cuda_case12_reducer_partial_b64_native_ldg_exp597.cpp
control source SHA256:
a92f74e6aae22bc8e9a0a08b627ee9441c014cce9d950cf984f23c8987840972  solutions/cuda_maca_optimized.cpp
a92f74e6aae22bc8e9a0a08b627ee9441c014cce9d950cf984f23c8987840972  solutions/archive/2026-08-16-submissions/cuda_113889.cpp
active relevant processes:
3643174 /bin/bash -c set -o pipefail {   printf '%s\n' 'exp597 C500 correctness gate identity'   date -u '+UTC %Y-%m-%dT%H:%M:%SZ'   printf '%s\n' 'command: tools/build_local_maca.sh solutions/archive/2026-08-18-experiments/cuda_case12_reducer_partial_b64_native_ldg_exp597.cpp build/exp597_c500_candidate.so'   printf '%s\n' 'candidate source SHA256:'   sha256sum solutions/archive/2026-08-18-experiments/cuda_case12_reducer_partial_b64_native_ldg_exp597.cpp   printf '%s\n' 'control source SHA256:'   sha256sum solutions/cuda_maca_optimized.cpp solutions/archive/2026-08-16-submissions/cuda_113889.cpp   printf '%s\n' 'active relevant processes:'   pgrep -af '[c]500|[x]puoj|[t]est_kernel|[b]enchmark' || true   tools/build_local_maca.sh solutions/archive/2026-08-18-experiments/cuda_case12_reducer_partial_b64_native_ldg_exp597.cpp build/exp597_c500_candidate.so   printf '%s\n' 'binary SHA256:'   sha256sum build/exp597_c500_candidate.so } 2>&1 | tee log/exp597_c500_candidate_build.log rc=${PIPESTATUS[0]} printf 'build_exit_status=%s\n' "$rc" >> log/exp597_c500_candidate_build.log exit "$rc"
3643175 /bin/bash -c set -o pipefail {   printf '%s\n' 'exp597 C500 correctness gate identity'   date -u '+UTC %Y-%m-%dT%H:%M:%SZ'   printf '%s\n' 'command: tools/build_local_maca.sh solutions/archive/2026-08-18-experiments/cuda_case12_reducer_partial_b64_native_ldg_exp597.cpp build/exp597_c500_candidate.so'   printf '%s\n' 'candidate source SHA256:'   sha256sum solutions/archive/2026-08-18-experiments/cuda_case12_reducer_partial_b64_native_ldg_exp597.cpp   printf '%s\n' 'control source SHA256:'   sha256sum solutions/cuda_maca_optimized.cpp solutions/archive/2026-08-16-submissions/cuda_113889.cpp   printf '%s\n' 'active relevant processes:'   pgrep -af '[c]500|[x]puoj|[t]est_kernel|[b]enchmark' || true   tools/build_local_maca.sh solutions/archive/2026-08-18-experiments/cuda_case12_reducer_partial_b64_native_ldg_exp597.cpp build/exp597_c500_candidate.so   printf '%s\n' 'binary SHA256:'   sha256sum build/exp597_c500_candidate.so } 2>&1 | tee log/exp597_c500_candidate_build.log rc=${PIPESTATUS[0]} printf 'build_exit_status=%s\n' "$rc" >> log/exp597_c500_candidate_build.log exit "$rc"
3643176 tee log/exp597_c500_candidate_build.log
Building solutions/archive/2026-08-18-experiments/cuda_case12_reducer_partial_b64_native_ldg_exp597.cpp
Compiler: /opt/maca/mxgpu_llvm/bin/mxcc
MACA path: /opt/maca
CUDA bridge: /opt/maca-3.7.1/tools/cu-bridge
Target: xcore1000
Output: build/exp597_c500_candidate.so
solutions/archive/2026-08-18-experiments/cuda_case12_reducer_partial_b64_native_ldg_exp597.cpp:348:40: warning: set minimum blocks' number is illegal in Maca and the value will be ignored [-Wmaca-min-blocks-per-multiprocessor]
  348 | __global__ void __launch_bounds__(256, 6)
      |                                        ^
solutions/archive/2026-08-18-experiments/cuda_case12_reducer_partial_b64_native_ldg_exp597.cpp:714:40: warning: set minimum blocks' number is illegal in Maca and the value will be ignored [-Wmaca-min-blocks-per-multiprocessor]
  714 | __global__ void __launch_bounds__(256, 6)
      |                                        ^
solutions/archive/2026-08-18-experiments/cuda_case12_reducer_partial_b64_native_ldg_exp597.cpp:1242:40: warning: set minimum blocks' number is illegal in Maca and the value will be ignored [-Wmaca-min-blocks-per-multiprocessor]
 1242 | __global__ void __launch_bounds__(256, 6)
      |                                        ^
solutions/archive/2026-08-18-experiments/cuda_case12_reducer_partial_b64_native_ldg_exp597.cpp:1242:40: warning: set minimum blocks' number is illegal in Maca and the value will be ignored [-Wmaca-min-blocks-per-multiprocessor]
solutions/archive/2026-08-18-experiments/cuda_case12_reducer_partial_b64_native_ldg_exp597.cpp:5550:21: note: in instantiation of function template specialization 'paged_decode_token_parallel_kernel<4, 8, false, false, false, false, false, true, false, false, false, false, false, true, false, false, false>' requested here
 5550 |                     paged_decode_token_parallel_kernel<
      |                     ^
solutions/archive/2026-08-18-experiments/cuda_case12_reducer_partial_b64_native_ldg_exp597.cpp:1242:40: warning: set minimum blocks' number is illegal in Maca and the value will be ignored [-Wmaca-min-blocks-per-multiprocessor]
 1242 | __global__ void __launch_bounds__(256, 6)
      |                                        ^
solutions/archive/2026-08-18-experiments/cuda_case12_reducer_partial_b64_native_ldg_exp597.cpp:5562:21: note: in instantiation of function template specialization 'paged_decode_token_parallel_kernel<4, 8, false, false, false, false, false, false, false, false, false, false, false, false, false, false, false>' requested here
 5562 |                     paged_decode_token_parallel_kernel<4, 8, false><<<
      |                     ^
solutions/archive/2026-08-18-experiments/cuda_case12_reducer_partial_b64_native_ldg_exp597.cpp:1242:40: warning: set minimum blocks' number is illegal in Maca and the value will be ignored [-Wmaca-min-blocks-per-multiprocessor]
 1242 | __global__ void __launch_bounds__(256, 6)
      |                                        ^
solutions/archive/2026-08-18-experiments/cuda_case12_reducer_partial_b64_native_ldg_exp597.cpp:5697:21: note: in instantiation of function template specialization 'paged_decode_token_parallel_kernel<8, 4, false, false, false, false, false, true, false, false, false, false, true, true, true, true, false>' requested here
 5697 |                     paged_decode_token_parallel_kernel<
      |                     ^
solutions/archive/2026-08-18-experiments/cuda_case12_reducer_partial_b64_native_ldg_exp597.cpp:1242:40: warning: set minimum blocks' number is illegal in Maca and the value will be ignored [-Wmaca-min-blocks-per-multiprocessor]
 1242 | __global__ void __launch_bounds__(256, 6)
      |                                        ^
solutions/archive/2026-08-18-experiments/cuda_case12_reducer_partial_b64_native_ldg_exp597.cpp:5719:21: note: in instantiation of function template specialization 'paged_decode_token_parallel_kernel<8, 4, true, false, false, false, false, true, false, false, true, false, true, true, false, false, true>' requested here
 5719 |                     paged_decode_token_parallel_kernel<
      |                     ^
solutions/archive/2026-08-18-experiments/cuda_case12_reducer_partial_b64_native_ldg_exp597.cpp:714:40: warning: set minimum blocks' number is illegal in Maca and the value will be ignored [-Wmaca-min-blocks-per-multiprocessor]
  714 | __global__ void __launch_bounds__(256, 6)
      |                                        ^
solutions/archive/2026-08-18-experiments/cuda_case12_reducer_partial_b64_native_ldg_exp597.cpp:5734:9: note: in instantiation of function template specialization 'paged_decode_split_qk_pair_kernel<8, 4>' requested here
 5734 |         paged_decode_split_qk_pair_kernel<8, 4><<<grid, 128>>>(
      |         ^
solutions/archive/2026-08-18-experiments/cuda_case12_reducer_partial_b64_native_ldg_exp597.cpp:348:40: warning: set minimum blocks' number is illegal in Maca and the value will be ignored [-Wmaca-min-blocks-per-multiprocessor]
  348 | __global__ void __launch_bounds__(256, 6)
      |                                        ^
solutions/archive/2026-08-18-experiments/cuda_case12_reducer_partial_b64_native_ldg_exp597.cpp:5741:13: note: in instantiation of function template specialization 'paged_decode_split_kernel<4, 8>' requested here
 5741 |             paged_decode_split_kernel<4, 8><<<grid, 256>>>(
      |             ^
solutions/archive/2026-08-18-experiments/cuda_case12_reducer_partial_b64_native_ldg_exp597.cpp:348:40: warning: set minimum blocks' number is illegal in Maca and the value will be ignored [-Wmaca-min-blocks-per-multiprocessor]
  348 | __global__ void __launch_bounds__(256, 6)
      |                                        ^
solutions/archive/2026-08-18-experiments/cuda_case12_reducer_partial_b64_native_ldg_exp597.cpp:5747:13: note: in instantiation of function template specialization 'paged_decode_split_kernel<8, 4>' requested here
 5747 |             paged_decode_split_kernel<8, 4><<<grid, 128>>>(
      |             ^
10 warnings generated when compiling for xcore1000.
solutions/archive/2026-08-18-experiments/cuda_case12_reducer_partial_b64_native_ldg_exp597.cpp:348:40: warning: set minimum blocks' number is illegal in Maca and the value will be ignored [-Wmaca-min-blocks-per-multiprocessor]
  348 | __global__ void __launch_bounds__(256, 6)
      |                                        ^
solutions/archive/2026-08-18-experiments/cuda_case12_reducer_partial_b64_native_ldg_exp597.cpp:714:40: warning: set minimum blocks' number is illegal in Maca and the value will be ignored [-Wmaca-min-blocks-per-multiprocessor]
  714 | __global__ void __launch_bounds__(256, 6)
      |                                        ^
solutions/archive/2026-08-18-experiments/cuda_case12_reducer_partial_b64_native_ldg_exp597.cpp:1242:40: warning: set minimum blocks' number is illegal in Maca and the value will be ignored [-Wmaca-min-blocks-per-multiprocessor]
 1242 | __global__ void __launch_bounds__(256, 6)
      |                                        ^
solutions/archive/2026-08-18-experiments/cuda_case12_reducer_partial_b64_native_ldg_exp597.cpp:1242:40: warning: set minimum blocks' number is illegal in Maca and the value will be ignored [-Wmaca-min-blocks-per-multiprocessor]
solutions/archive/2026-08-18-experiments/cuda_case12_reducer_partial_b64_native_ldg_exp597.cpp:5550:21: note: in instantiation of function template specialization 'paged_decode_token_parallel_kernel<4, 8, false, false, false, false, false, true, false, false, false, false, false, true, false, false, false>' requested here
 5550 |                     paged_decode_token_parallel_kernel<
      |                     ^
solutions/archive/2026-08-18-experiments/cuda_case12_reducer_partial_b64_native_ldg_exp597.cpp:1242:40: warning: set minimum blocks' number is illegal in Maca and the value will be ignored [-Wmaca-min-blocks-per-multiprocessor]
 1242 | __global__ void __launch_bounds__(256, 6)
      |                                        ^
solutions/archive/2026-08-18-experiments/cuda_case12_reducer_partial_b64_native_ldg_exp597.cpp:5562:21: note: in instantiation of function template specialization 'paged_decode_token_parallel_kernel<4, 8, false, false, false, false, false, false, false, false, false, false, false, false, false, false, false>' requested here
 5562 |                     paged_decode_token_parallel_kernel<4, 8, false><<<
      |                     ^
solutions/archive/2026-08-18-experiments/cuda_case12_reducer_partial_b64_native_ldg_exp597.cpp:1242:40: warning: set minimum blocks' number is illegal in Maca and the value will be ignored [-Wmaca-min-blocks-per-multiprocessor]
 1242 | __global__ void __launch_bounds__(256, 6)
      |                                        ^
solutions/archive/2026-08-18-experiments/cuda_case12_reducer_partial_b64_native_ldg_exp597.cpp:5697:21: note: in instantiation of function template specialization 'paged_decode_token_parallel_kernel<8, 4, false, false, false, false, false, true, false, false, false, false, true, true, true, true, false>' requested here
 5697 |                     paged_decode_token_parallel_kernel<
      |                     ^
solutions/archive/2026-08-18-experiments/cuda_case12_reducer_partial_b64_native_ldg_exp597.cpp:1242:40: warning: set minimum blocks' number is illegal in Maca and the value will be ignored [-Wmaca-min-blocks-per-multiprocessor]
 1242 | __global__ void __launch_bounds__(256, 6)
      |                                        ^
solutions/archive/2026-08-18-experiments/cuda_case12_reducer_partial_b64_native_ldg_exp597.cpp:5719:21: note: in instantiation of function template specialization 'paged_decode_token_parallel_kernel<8, 4, true, false, false, false, false, true, false, false, true, false, true, true, false, false, true>' requested here
 5719 |                     paged_decode_token_parallel_kernel<
      |                     ^
solutions/archive/2026-08-18-experiments/cuda_case12_reducer_partial_b64_native_ldg_exp597.cpp:714:40: warning: set minimum blocks' number is illegal in Maca and the value will be ignored [-Wmaca-min-blocks-per-multiprocessor]
  714 | __global__ void __launch_bounds__(256, 6)
      |                                        ^
solutions/archive/2026-08-18-experiments/cuda_case12_reducer_partial_b64_native_ldg_exp597.cpp:5734:9: note: in instantiation of function template specialization 'paged_decode_split_qk_pair_kernel<8, 4>' requested here
 5734 |         paged_decode_split_qk_pair_kernel<8, 4><<<grid, 128>>>(
      |         ^
solutions/archive/2026-08-18-experiments/cuda_case12_reducer_partial_b64_native_ldg_exp597.cpp:348:40: warning: set minimum blocks' number is illegal in Maca and the value will be ignored [-Wmaca-min-blocks-per-multiprocessor]
  348 | __global__ void __launch_bounds__(256, 6)
      |                                        ^
solutions/archive/2026-08-18-experiments/cuda_case12_reducer_partial_b64_native_ldg_exp597.cpp:5741:13: note: in instantiation of function template specialization 'paged_decode_split_kernel<4, 8>' requested here
 5741 |             paged_decode_split_kernel<4, 8><<<grid, 256>>>(
      |             ^
solutions/archive/2026-08-18-experiments/cuda_case12_reducer_partial_b64_native_ldg_exp597.cpp:348:40: warning: set minimum blocks' number is illegal in Maca and the value will be ignored [-Wmaca-min-blocks-per-multiprocessor]
  348 | __global__ void __launch_bounds__(256, 6)
      |                                        ^
solutions/archive/2026-08-18-experiments/cuda_case12_reducer_partial_b64_native_ldg_exp597.cpp:5747:13: note: in instantiation of function template specialization 'paged_decode_split_kernel<8, 4>' requested here
 5747 |             paged_decode_split_kernel<8, 4><<<grid, 128>>>(
      |             ^
10 warnings generated when compiling for xcore1000.
solutions/archive/2026-08-18-experiments/cuda_case12_reducer_partial_b64_native_ldg_exp597.cpp:348:40: warning: set minimum blocks' number is illegal in Maca and the value will be ignored [-Wmaca-min-blocks-per-multiprocessor]
  348 | __global__ void __launch_bounds__(256, 6)
      |                                        ^
solutions/archive/2026-08-18-experiments/cuda_case12_reducer_partial_b64_native_ldg_exp597.cpp:714:40: warning: set minimum blocks' number is illegal in Maca and the value will be ignored [-Wmaca-min-blocks-per-multiprocessor]
  714 | __global__ void __launch_bounds__(256, 6)
      |                                        ^
solutions/archive/2026-08-18-experiments/cuda_case12_reducer_partial_b64_native_ldg_exp597.cpp:1242:40: warning: set minimum blocks' number is illegal in Maca and the value will be ignored [-Wmaca-min-blocks-per-multiprocessor]
 1242 | __global__ void __launch_bounds__(256, 6)
      |                                        ^
solutions/archive/2026-08-18-experiments/cuda_case12_reducer_partial_b64_native_ldg_exp597.cpp:1242:40: warning: set minimum blocks' number is illegal in Maca and the value will be ignored [-Wmaca-min-blocks-per-multiprocessor]
solutions/archive/2026-08-18-experiments/cuda_case12_reducer_partial_b64_native_ldg_exp597.cpp:5550:21: note: in instantiation of function template specialization 'paged_decode_token_parallel_kernel<4, 8, false, false, false, false, false, true, false, false, false, false, false, true, false, false, false>' requested here
 5550 |                     paged_decode_token_parallel_kernel<
      |                     ^
solutions/archive/2026-08-18-experiments/cuda_case12_reducer_partial_b64_native_ldg_exp597.cpp:1242:40: warning: set minimum blocks' number is illegal in Maca and the value will be ignored [-Wmaca-min-blocks-per-multiprocessor]
 1242 | __global__ void __launch_bounds__(256, 6)
      |                                        ^
solutions/archive/2026-08-18-experiments/cuda_case12_reducer_partial_b64_native_ldg_exp597.cpp:5562:21: note: in instantiation of function template specialization 'paged_decode_token_parallel_kernel<4, 8, false, false, false, false, false, false, false, false, false, false, false, false, false, false, false>' requested here
 5562 |                     paged_decode_token_parallel_kernel<4, 8, false><<<
      |                     ^
solutions/archive/2026-08-18-experiments/cuda_case12_reducer_partial_b64_native_ldg_exp597.cpp:1242:40: warning: set minimum blocks' number is illegal in Maca and the value will be ignored [-Wmaca-min-blocks-per-multiprocessor]
 1242 | __global__ void __launch_bounds__(256, 6)
      |                                        ^
solutions/archive/2026-08-18-experiments/cuda_case12_reducer_partial_b64_native_ldg_exp597.cpp:5697:21: note: in instantiation of function template specialization 'paged_decode_token_parallel_kernel<8, 4, false, false, false, false, false, true, false, false, false, false, true, true, true, true, false>' requested here
 5697 |                     paged_decode_token_parallel_kernel<
      |                     ^
solutions/archive/2026-08-18-experiments/cuda_case12_reducer_partial_b64_native_ldg_exp597.cpp:1242:40: warning: set minimum blocks' number is illegal in Maca and the value will be ignored [-Wmaca-min-blocks-per-multiprocessor]
 1242 | __global__ void __launch_bounds__(256, 6)
      |                                        ^
solutions/archive/2026-08-18-experiments/cuda_case12_reducer_partial_b64_native_ldg_exp597.cpp:5719:21: note: in instantiation of function template specialization 'paged_decode_token_parallel_kernel<8, 4, true, false, false, false, false, true, false, false, true, false, true, true, false, false, true>' requested here
 5719 |                     paged_decode_token_parallel_kernel<
      |                     ^
solutions/archive/2026-08-18-experiments/cuda_case12_reducer_partial_b64_native_ldg_exp597.cpp:714:40: warning: set minimum blocks' number is illegal in Maca and the value will be ignored [-Wmaca-min-blocks-per-multiprocessor]
  714 | __global__ void __launch_bounds__(256, 6)
      |                                        ^
solutions/archive/2026-08-18-experiments/cuda_case12_reducer_partial_b64_native_ldg_exp597.cpp:5734:9: note: in instantiation of function template specialization 'paged_decode_split_qk_pair_kernel<8, 4>' requested here
 5734 |         paged_decode_split_qk_pair_kernel<8, 4><<<grid, 128>>>(
      |         ^
solutions/archive/2026-08-18-experiments/cuda_case12_reducer_partial_b64_native_ldg_exp597.cpp:348:40: warning: set minimum blocks' number is illegal in Maca and the value will be ignored [-Wmaca-min-blocks-per-multiprocessor]
  348 | __global__ void __launch_bounds__(256, 6)
      |                                        ^
solutions/archive/2026-08-18-experiments/cuda_case12_reducer_partial_b64_native_ldg_exp597.cpp:5741:13: note: in instantiation of function template specialization 'paged_decode_split_kernel<4, 8>' requested here
 5741 |             paged_decode_split_kernel<4, 8><<<grid, 256>>>(
      |             ^
solutions/archive/2026-08-18-experiments/cuda_case12_reducer_partial_b64_native_ldg_exp597.cpp:348:40: warning: set minimum blocks' number is illegal in Maca and the value will be ignored [-Wmaca-min-blocks-per-multiprocessor]
  348 | __global__ void __launch_bounds__(256, 6)
      |                                        ^
solutions/archive/2026-08-18-experiments/cuda_case12_reducer_partial_b64_native_ldg_exp597.cpp:5747:13: note: in instantiation of function template specialization 'paged_decode_split_kernel<8, 4>' requested here
 5747 |             paged_decode_split_kernel<8, 4><<<grid, 128>>>(
      |             ^
10 warnings generated when compiling for host.
Built build/exp597_c500_candidate.so
binary SHA256:
14f12151eb94dd1ebdd4877489fbef5096e451758e9cf860e307df82a81e9b25  build/exp597_c500_candidate.so
build_exit_status=0
