exp599 C500 candidate case14 exact-length correctness
UTC 2026-08-18T15:09:41Z
candidate source SHA256:
35013de595b082974e0b59de7b87b1f9bfd3476afb2affae1c8aeb8d73635da7  solutions/archive/2026-08-18-experiments/cuda_case14_scalar_b16_stx_output_exp599.cpp
work/control source SHA256:
a92f74e6aae22bc8e9a0a08b627ee9441c014cce9d950cf984f23c8987840972  solutions/cuda_maca_optimized.cpp
candidate binary SHA256:
2b720311e9a25c7c850d858793884b5c682c58f57f14006fe1f442c4f9c48893  build/exp599_c500_candidate.so
exact_length_count=31
exact_lengths=1,2,15,16,17,239,240,241,255,256,257,479,480,481,495,496,497,3839,3840,3841,61439,61440,61441,61455,61456,61457,61503,61504,61505,61518,61519
active relevant processes before run:
3700541 /bin/bash -c set -o pipefail {   printf '%s\n' 'exp599 C500 candidate case14 exact-length correctness'   date -u '+UTC %Y-%m-%dT%H:%M:%SZ'   printf '%s\n' 'candidate source SHA256:'   sha256sum solutions/archive/2026-08-18-experiments/cuda_case14_scalar_b16_stx_output_exp599.cpp   printf '%s\n' 'work/control source SHA256:'   sha256sum solutions/cuda_maca_optimized.cpp   printf '%s\n' 'candidate binary SHA256:'   sha256sum build/exp599_c500_candidate.so   exact_lengths='1,2,15,16,17,239,240,241,255,256,257,479,480,481,495,496,497,3839,3840,3841,61439,61440,61441,61455,61456,61457,61503,61504,61505,61518,61519'   printf 'exact_length_count=%s\n' "$(awk -F, '{print NF}' <<< "$exact_lengths")"   printf 'exact_lengths=%s\n' "$exact_lengths"   printf '%s\n' 'active relevant processes before run:'   pgrep -af '[c]500|[m]aca|[x]puoj|[b]enchmark|[t]est_kernel' || true   printf '%s\n' 'command: python3 tests/c500_paged_decode_harness.py --library build/exp599_c500_candidate.so --cases 14 --length-values <31-length-spec> --seed 20260809'   python3 tests/c500_paged_decode_harness.py --library build/exp599_c500_candidate.so --cases 14 --length-values "$exact_lengths" --seed 20260809   printf '%s\n' 'active relevant processes after run:'   pgrep -af '[c]500|[m]aca|[x]puoj|[b]enchmark|[t]est_kernel' || true } 2>&1 | tee log/exp599_c500_case14_exact.log rc=${PIPESTATUS[0]} printf 'exit_status=%s\n' "$rc" >> log/exp599_c500_case14_exact.log exit "$rc"
3700542 /bin/bash -c set -o pipefail {   printf '%s\n' 'exp599 C500 candidate case14 exact-length correctness'   date -u '+UTC %Y-%m-%dT%H:%M:%SZ'   printf '%s\n' 'candidate source SHA256:'   sha256sum solutions/archive/2026-08-18-experiments/cuda_case14_scalar_b16_stx_output_exp599.cpp   printf '%s\n' 'work/control source SHA256:'   sha256sum solutions/cuda_maca_optimized.cpp   printf '%s\n' 'candidate binary SHA256:'   sha256sum build/exp599_c500_candidate.so   exact_lengths='1,2,15,16,17,239,240,241,255,256,257,479,480,481,495,496,497,3839,3840,3841,61439,61440,61441,61455,61456,61457,61503,61504,61505,61518,61519'   printf 'exact_length_count=%s\n' "$(awk -F, '{print NF}' <<< "$exact_lengths")"   printf 'exact_lengths=%s\n' "$exact_lengths"   printf '%s\n' 'active relevant processes before run:'   pgrep -af '[c]500|[m]aca|[x]puoj|[b]enchmark|[t]est_kernel' || true   printf '%s\n' 'command: python3 tests/c500_paged_decode_harness.py --library build/exp599_c500_candidate.so --cases 14 --length-values <31-length-spec> --seed 20260809'   python3 tests/c500_paged_decode_harness.py --library build/exp599_c500_candidate.so --cases 14 --length-values "$exact_lengths" --seed 20260809   printf '%s\n' 'active relevant processes after run:'   pgrep -af '[c]500|[m]aca|[x]puoj|[b]enchmark|[t]est_kernel' || true } 2>&1 | tee log/exp599_c500_case14_exact.log rc=${PIPESTATUS[0]} printf 'exit_status=%s\n' "$rc" >> log/exp599_c500_case14_exact.log exit "$rc"
3700543 tee log/exp599_c500_case14_exact.log
command: python3 tests/c500_paged_decode_harness.py --library build/exp599_c500_candidate.so --cases 14 --length-values <31-length-spec> --seed 20260809
GPU: MetaX C500 | torch=2.8.0+metax3.7.1.3
[PASS] case 14 B= 1 L=61519 KV=4 lengths=exact:1  match=1.000000 max_error=0.000000e+00 max_tol_ratio=0.000 finite=True
[PASS] case 14 B= 1 L=61519 KV=4 lengths=exact:2  match=1.000000 max_error=1.562500e-02 max_tol_ratio=0.316 finite=True
[PASS] case 14 B= 1 L=61519 KV=4 lengths=exact:15 match=1.000000 max_error=7.812500e-03 max_tol_ratio=0.223 finite=True
[PASS] case 14 B= 1 L=61519 KV=4 lengths=exact:16 match=1.000000 max_error=7.812500e-03 max_tol_ratio=0.231 finite=True
[PASS] case 14 B= 1 L=61519 KV=4 lengths=exact:17 match=1.000000 max_error=7.812500e-03 max_tol_ratio=0.239 finite=True
[PASS] case 14 B= 1 L=61519 KV=4 lengths=exact:239 match=1.000000 max_error=1.953125e-03 max_tol_ratio=0.098 finite=True
[PASS] case 14 B= 1 L=61519 KV=4 lengths=exact:240 match=1.000000 max_error=1.953125e-03 max_tol_ratio=0.095 finite=True
[PASS] case 14 B= 1 L=61519 KV=4 lengths=exact:241 match=1.000000 max_error=1.953125e-03 max_tol_ratio=0.097 finite=True
[PASS] case 14 B= 1 L=61519 KV=4 lengths=exact:255 match=1.000000 max_error=1.953125e-03 max_tol_ratio=0.096 finite=True
[PASS] case 14 B= 1 L=61519 KV=4 lengths=exact:256 match=1.000000 max_error=3.906250e-03 max_tol_ratio=0.160 finite=True
[PASS] case 14 B= 1 L=61519 KV=4 lengths=exact:257 match=1.000000 max_error=3.906250e-03 max_tol_ratio=0.160 finite=True
[PASS] case 14 B= 1 L=61519 KV=4 lengths=exact:479 match=1.000000 max_error=1.953125e-03 max_tol_ratio=0.096 finite=True
[PASS] case 14 B= 1 L=61519 KV=4 lengths=exact:480 match=1.000000 max_error=1.953125e-03 max_tol_ratio=0.095 finite=True
[PASS] case 14 B= 1 L=61519 KV=4 lengths=exact:481 match=1.000000 max_error=9.765625e-04 max_tol_ratio=0.054 finite=True
[PASS] case 14 B= 1 L=61519 KV=4 lengths=exact:495 match=1.000000 max_error=1.953125e-03 max_tol_ratio=0.096 finite=True
[PASS] case 14 B= 1 L=61519 KV=4 lengths=exact:496 match=1.000000 max_error=1.953125e-03 max_tol_ratio=0.094 finite=True
[PASS] case 14 B= 1 L=61519 KV=4 lengths=exact:497 match=1.000000 max_error=1.953125e-03 max_tol_ratio=0.097 finite=True
[PASS] case 14 B= 1 L=61519 KV=4 lengths=exact:3839 match=1.000000 max_error=4.882812e-04 max_tol_ratio=0.029 finite=True
[PASS] case 14 B= 1 L=61519 KV=4 lengths=exact:3840 match=1.000000 max_error=4.882812e-04 max_tol_ratio=0.029 finite=True
[PASS] case 14 B= 1 L=61519 KV=4 lengths=exact:3841 match=1.000000 max_error=4.882812e-04 max_tol_ratio=0.029 finite=True
[PASS] case 14 B= 1 L=61519 KV=4 lengths=exact:61439 match=1.000000 max_error=1.220703e-04 max_tol_ratio=0.007 finite=True
[PASS] case 14 B= 1 L=61519 KV=4 lengths=exact:61440 match=1.000000 max_error=1.220703e-04 max_tol_ratio=0.008 finite=True
[PASS] case 14 B= 1 L=61519 KV=4 lengths=exact:61441 match=1.000000 max_error=1.220703e-04 max_tol_ratio=0.008 finite=True
[PASS] case 14 B= 1 L=61519 KV=4 lengths=exact:61455 match=1.000000 max_error=1.220703e-04 max_tol_ratio=0.008 finite=True
[PASS] case 14 B= 1 L=61519 KV=4 lengths=exact:61456 match=1.000000 max_error=1.220703e-04 max_tol_ratio=0.008 finite=True
[PASS] case 14 B= 1 L=61519 KV=4 lengths=exact:61457 match=1.000000 max_error=1.220703e-04 max_tol_ratio=0.008 finite=True
[PASS] case 14 B= 1 L=61519 KV=4 lengths=exact:61503 match=1.000000 max_error=1.220703e-04 max_tol_ratio=0.008 finite=True
[PASS] case 14 B= 1 L=61519 KV=4 lengths=exact:61504 match=1.000000 max_error=1.220703e-04 max_tol_ratio=0.008 finite=True
[PASS] case 14 B= 1 L=61519 KV=4 lengths=exact:61505 match=1.000000 max_error=1.220703e-04 max_tol_ratio=0.008 finite=True
[PASS] case 14 B= 1 L=61519 KV=4 lengths=exact:61518 match=1.000000 max_error=1.220703e-04 max_tol_ratio=0.008 finite=True
[PASS] case 14 B= 1 L=61519 KV=4 lengths=exact:61519 match=1.000000 max_error=1.220703e-04 max_tol_ratio=0.008 finite=True
active relevant processes after run:
3700541 /bin/bash -c set -o pipefail {   printf '%s\n' 'exp599 C500 candidate case14 exact-length correctness'   date -u '+UTC %Y-%m-%dT%H:%M:%SZ'   printf '%s\n' 'candidate source SHA256:'   sha256sum solutions/archive/2026-08-18-experiments/cuda_case14_scalar_b16_stx_output_exp599.cpp   printf '%s\n' 'work/control source SHA256:'   sha256sum solutions/cuda_maca_optimized.cpp   printf '%s\n' 'candidate binary SHA256:'   sha256sum build/exp599_c500_candidate.so   exact_lengths='1,2,15,16,17,239,240,241,255,256,257,479,480,481,495,496,497,3839,3840,3841,61439,61440,61441,61455,61456,61457,61503,61504,61505,61518,61519'   printf 'exact_length_count=%s\n' "$(awk -F, '{print NF}' <<< "$exact_lengths")"   printf 'exact_lengths=%s\n' "$exact_lengths"   printf '%s\n' 'active relevant processes before run:'   pgrep -af '[c]500|[m]aca|[x]puoj|[b]enchmark|[t]est_kernel' || true   printf '%s\n' 'command: python3 tests/c500_paged_decode_harness.py --library build/exp599_c500_candidate.so --cases 14 --length-values <31-length-spec> --seed 20260809'   python3 tests/c500_paged_decode_harness.py --library build/exp599_c500_candidate.so --cases 14 --length-values "$exact_lengths" --seed 20260809   printf '%s\n' 'active relevant processes after run:'   pgrep -af '[c]500|[m]aca|[x]puoj|[b]enchmark|[t]est_kernel' || true } 2>&1 | tee log/exp599_c500_case14_exact.log rc=${PIPESTATUS[0]} printf 'exit_status=%s\n' "$rc" >> log/exp599_c500_case14_exact.log exit "$rc"
3700542 /bin/bash -c set -o pipefail {   printf '%s\n' 'exp599 C500 candidate case14 exact-length correctness'   date -u '+UTC %Y-%m-%dT%H:%M:%SZ'   printf '%s\n' 'candidate source SHA256:'   sha256sum solutions/archive/2026-08-18-experiments/cuda_case14_scalar_b16_stx_output_exp599.cpp   printf '%s\n' 'work/control source SHA256:'   sha256sum solutions/cuda_maca_optimized.cpp   printf '%s\n' 'candidate binary SHA256:'   sha256sum build/exp599_c500_candidate.so   exact_lengths='1,2,15,16,17,239,240,241,255,256,257,479,480,481,495,496,497,3839,3840,3841,61439,61440,61441,61455,61456,61457,61503,61504,61505,61518,61519'   printf 'exact_length_count=%s\n' "$(awk -F, '{print NF}' <<< "$exact_lengths")"   printf 'exact_lengths=%s\n' "$exact_lengths"   printf '%s\n' 'active relevant processes before run:'   pgrep -af '[c]500|[m]aca|[x]puoj|[b]enchmark|[t]est_kernel' || true   printf '%s\n' 'command: python3 tests/c500_paged_decode_harness.py --library build/exp599_c500_candidate.so --cases 14 --length-values <31-length-spec> --seed 20260809'   python3 tests/c500_paged_decode_harness.py --library build/exp599_c500_candidate.so --cases 14 --length-values "$exact_lengths" --seed 20260809   printf '%s\n' 'active relevant processes after run:'   pgrep -af '[c]500|[m]aca|[x]puoj|[b]enchmark|[t]est_kernel' || true } 2>&1 | tee log/exp599_c500_case14_exact.log rc=${PIPESTATUS[0]} printf 'exit_status=%s\n' "$rc" >> log/exp599_c500_case14_exact.log exit "$rc"
3700543 tee log/exp599_c500_case14_exact.log
exit_status=0
