4bbe97993b7ad219dc607e95a8a45a11c26c8c96042d857084f91098d00ea873  build/exp588_control.so
f55914a55b45ce5fcee0067f3488a369388245f4eed5613c34f9f234cedc5c9a  build/exp588_candidate.so
1b14b15f587bebdd81fd1f876f7f17821219222ffb4348fd8e1e8878d5d5fd9f  log/exp588_ab_case12_boundary.log
01a26a68d27d742c567bcae14b706a4688980e036d01d29f08191c0a5405ba79  log/exp588_ab_case12_full.log
7f2a4b58ba8fbe39086420cfdf7f4cd05353b2df0d38665b5206146b7fd53bd3  log/exp588_ab_case12_random.log
eb943fd1d30066850e805140c6e446c9e90ecda5ae2a473e8a855afd326619c8  log/exp588_build_candidate.log
e2a0c509d7915e9b76e87e97ab3e3d82b26059ab88a6d8879dcc29b9d16d570f  log/exp588_build_control.log
b4b0334f46a078602428e4fc1075af6b46626c254a01c9cd0c04c0725f7b61ac  log/exp588_candidate_boundary.log
e5a9ed58b00ed6b160eb6d5ca0325e3012ec5bfe7a0d222587921de801b3faf0  log/exp588_candidate_case12_exact_16383_16384_16385.log
bb799132080156743b7c5e7d329ddc7056368d1ccf2b84f0940025d68f1b350d  log/exp588_candidate_case12_exact_1_2_15_16_17.log
4e1d6c6fcdfc7d3dd3e36feba3b9c9c162ecf7f6aadff1459984c7e9c9b31449  log/exp588_candidate_case12_exact_32767_32768.log
541bb93818d525ea29adcde428ff1dee02cfb5cc41ca6e951fefc37568d99a8b  log/exp588_candidate_case12_exact_831_832_833_1663_1664_1665.log
61d02c9818b7bd57a16409127008581ee42cfecdbfcde67ee2490542713f83a6  log/exp588_candidate_case12_reuse_1_32768.log
afe7ce2593d42e3b1e887ed4733bc701930a5bd386a6ba42f853ac1cc4507433  log/exp588_candidate_case12_reuse_32768_1_32768.log
fabe69e2e2217066d2e9140e424644e733cc9e5de2b2bd4c0ebdd51e5c0c1dca  log/exp588_candidate_full.log
2acd3bc7d34a26c0842f7db83041feb9a8d5553cb32980bbd8f5c6aa1d01fcd9  log/exp588_candidate_random.log
2ca3ad3212e8f8c86bad3ad46106d950b4c72038888daad65041c95dafddfb89  log/exp588_cpu_logic.log
2f679513c44fdf3ba3ed6ed7a031f2414ca5f76fc125762384b6ef50692bfa17  log/exp588_cpu_manifest.log
5baa73831fdcb8874d52da0d3182f554b48fd6f0e1c86b09f87da9162ebee332  log/exp588_llvm.log
48f32f24f56ad3338cbe6f8d0dd9fc98230f058d56207845ca1abbc08469a231  log/exp588_normal.log
02c23c30ffe70cf2e32451f3626000bc83fa91985e02753d8a7be9a6b6ce7715  log/exp588_resource.log
a2f5908b32074a130d7a43e719b080d64d3d89f1eef51fed4d9944f25f100314  log/exp588_sha256.log
