Building solutions/archive/2026-08-18-experiments/cuda_case12_native_ldg_shared_q_exp588.cpp
Compiler: /opt/maca/mxgpu_llvm/bin/mxcc
MACA path: /opt/maca
CUDA bridge: /opt/maca-3.7.1/tools/cu-bridge
Target: xcore1000
Output: build/exp588_normal.so
solutions/archive/2026-08-18-experiments/cuda_case12_native_ldg_shared_q_exp588.cpp:348:40: warning: set minimum blocks' number is illegal in Maca and the value will be ignored [-Wmaca-min-blocks-per-multiprocessor]
  348 | __global__ void __launch_bounds__(256, 6)
      |                                        ^
solutions/archive/2026-08-18-experiments/cuda_case12_native_ldg_shared_q_exp588.cpp:714:40: warning: set minimum blocks' number is illegal in Maca and the value will be ignored [-Wmaca-min-blocks-per-multiprocessor]
  714 | __global__ void __launch_bounds__(256, 6)
      |                                        ^
solutions/archive/2026-08-18-experiments/cuda_case12_native_ldg_shared_q_exp588.cpp:1242:40: warning: set minimum blocks' number is illegal in Maca and the value will be ignored [-Wmaca-min-blocks-per-multiprocessor]
 1242 | __global__ void __launch_bounds__(256, 6)
      |                                        ^
solutions/archive/2026-08-18-experiments/cuda_case12_native_ldg_shared_q_exp588.cpp:1242:40: warning: set minimum blocks' number is illegal in Maca and the value will be ignored [-Wmaca-min-blocks-per-multiprocessor]
solutions/archive/2026-08-18-experiments/cuda_case12_native_ldg_shared_q_exp588.cpp:5564:21: note: in instantiation of function template specialization 'paged_decode_token_parallel_kernel<4, 8, false, false, false, false, false, true, false, false, false, false, false, true, false, false, false>' requested here
 5564 |                     paged_decode_token_parallel_kernel<
      |                     ^
solutions/archive/2026-08-18-experiments/cuda_case12_native_ldg_shared_q_exp588.cpp:1242:40: warning: set minimum blocks' number is illegal in Maca and the value will be ignored [-Wmaca-min-blocks-per-multiprocessor]
 1242 | __global__ void __launch_bounds__(256, 6)
      |                                        ^
solutions/archive/2026-08-18-experiments/cuda_case12_native_ldg_shared_q_exp588.cpp:5576:21: note: in instantiation of function template specialization 'paged_decode_token_parallel_kernel<4, 8, false, false, false, false, false, false, false, false, false, false, false, false, false, false, false>' requested here
 5576 |                     paged_decode_token_parallel_kernel<4, 8, false><<<
      |                     ^
solutions/archive/2026-08-18-experiments/cuda_case12_native_ldg_shared_q_exp588.cpp:1242:40: warning: set minimum blocks' number is illegal in Maca and the value will be ignored [-Wmaca-min-blocks-per-multiprocessor]
 1242 | __global__ void __launch_bounds__(256, 6)
      |                                        ^
solutions/archive/2026-08-18-experiments/cuda_case12_native_ldg_shared_q_exp588.cpp:5712:21: note: in instantiation of function template specialization 'paged_decode_token_parallel_kernel<8, 4, false, false, false, false, false, true, false, false, false, false, true, true, true, true, false>' requested here
 5712 |                     paged_decode_token_parallel_kernel<
      |                     ^
solutions/archive/2026-08-18-experiments/cuda_case12_native_ldg_shared_q_exp588.cpp:1242:40: warning: set minimum blocks' number is illegal in Maca and the value will be ignored [-Wmaca-min-blocks-per-multiprocessor]
 1242 | __global__ void __launch_bounds__(256, 6)
      |                                        ^
solutions/archive/2026-08-18-experiments/cuda_case12_native_ldg_shared_q_exp588.cpp:5734:21: note: in instantiation of function template specialization 'paged_decode_token_parallel_kernel<8, 4, true, false, false, false, false, true, false, false, true, false, true, true, false, false, true>' requested here
 5734 |                     paged_decode_token_parallel_kernel<
      |                     ^
solutions/archive/2026-08-18-experiments/cuda_case12_native_ldg_shared_q_exp588.cpp:714:40: warning: set minimum blocks' number is illegal in Maca and the value will be ignored [-Wmaca-min-blocks-per-multiprocessor]
  714 | __global__ void __launch_bounds__(256, 6)
      |                                        ^
solutions/archive/2026-08-18-experiments/cuda_case12_native_ldg_shared_q_exp588.cpp:5749:9: note: in instantiation of function template specialization 'paged_decode_split_qk_pair_kernel<8, 4>' requested here
 5749 |         paged_decode_split_qk_pair_kernel<8, 4><<<grid, 128>>>(
      |         ^
solutions/archive/2026-08-18-experiments/cuda_case12_native_ldg_shared_q_exp588.cpp:348:40: warning: set minimum blocks' number is illegal in Maca and the value will be ignored [-Wmaca-min-blocks-per-multiprocessor]
  348 | __global__ void __launch_bounds__(256, 6)
      |                                        ^
solutions/archive/2026-08-18-experiments/cuda_case12_native_ldg_shared_q_exp588.cpp:5756:13: note: in instantiation of function template specialization 'paged_decode_split_kernel<4, 8>' requested here
 5756 |             paged_decode_split_kernel<4, 8><<<grid, 256>>>(
      |             ^
solutions/archive/2026-08-18-experiments/cuda_case12_native_ldg_shared_q_exp588.cpp:348:40: warning: set minimum blocks' number is illegal in Maca and the value will be ignored [-Wmaca-min-blocks-per-multiprocessor]
  348 | __global__ void __launch_bounds__(256, 6)
      |                                        ^
solutions/archive/2026-08-18-experiments/cuda_case12_native_ldg_shared_q_exp588.cpp:5762:13: note: in instantiation of function template specialization 'paged_decode_split_kernel<8, 4>' requested here
 5762 |             paged_decode_split_kernel<8, 4><<<grid, 128>>>(
      |             ^
10 warnings generated when compiling for xcore1000.
solutions/archive/2026-08-18-experiments/cuda_case12_native_ldg_shared_q_exp588.cpp:348:40: warning: set minimum blocks' number is illegal in Maca and the value will be ignored [-Wmaca-min-blocks-per-multiprocessor]
  348 | __global__ void __launch_bounds__(256, 6)
      |                                        ^
solutions/archive/2026-08-18-experiments/cuda_case12_native_ldg_shared_q_exp588.cpp:714:40: warning: set minimum blocks' number is illegal in Maca and the value will be ignored [-Wmaca-min-blocks-per-multiprocessor]
  714 | __global__ void __launch_bounds__(256, 6)
      |                                        ^
solutions/archive/2026-08-18-experiments/cuda_case12_native_ldg_shared_q_exp588.cpp:1242:40: warning: set minimum blocks' number is illegal in Maca and the value will be ignored [-Wmaca-min-blocks-per-multiprocessor]
 1242 | __global__ void __launch_bounds__(256, 6)
      |                                        ^
solutions/archive/2026-08-18-experiments/cuda_case12_native_ldg_shared_q_exp588.cpp:1242:40: warning: set minimum blocks' number is illegal in Maca and the value will be ignored [-Wmaca-min-blocks-per-multiprocessor]
solutions/archive/2026-08-18-experiments/cuda_case12_native_ldg_shared_q_exp588.cpp:5564:21: note: in instantiation of function template specialization 'paged_decode_token_parallel_kernel<4, 8, false, false, false, false, false, true, false, false, false, false, false, true, false, false, false>' requested here
 5564 |                     paged_decode_token_parallel_kernel<
      |                     ^
solutions/archive/2026-08-18-experiments/cuda_case12_native_ldg_shared_q_exp588.cpp:1242:40: warning: set minimum blocks' number is illegal in Maca and the value will be ignored [-Wmaca-min-blocks-per-multiprocessor]
 1242 | __global__ void __launch_bounds__(256, 6)
      |                                        ^
solutions/archive/2026-08-18-experiments/cuda_case12_native_ldg_shared_q_exp588.cpp:5576:21: note: in instantiation of function template specialization 'paged_decode_token_parallel_kernel<4, 8, false, false, false, false, false, false, false, false, false, false, false, false, false, false, false>' requested here
 5576 |                     paged_decode_token_parallel_kernel<4, 8, false><<<
      |                     ^
solutions/archive/2026-08-18-experiments/cuda_case12_native_ldg_shared_q_exp588.cpp:1242:40: warning: set minimum blocks' number is illegal in Maca and the value will be ignored [-Wmaca-min-blocks-per-multiprocessor]
 1242 | __global__ void __launch_bounds__(256, 6)
      |                                        ^
solutions/archive/2026-08-18-experiments/cuda_case12_native_ldg_shared_q_exp588.cpp:5712:21: note: in instantiation of function template specialization 'paged_decode_token_parallel_kernel<8, 4, false, false, false, false, false, true, false, false, false, false, true, true, true, true, false>' requested here
 5712 |                     paged_decode_token_parallel_kernel<
      |                     ^
solutions/archive/2026-08-18-experiments/cuda_case12_native_ldg_shared_q_exp588.cpp:1242:40: warning: set minimum blocks' number is illegal in Maca and the value will be ignored [-Wmaca-min-blocks-per-multiprocessor]
 1242 | __global__ void __launch_bounds__(256, 6)
      |                                        ^
solutions/archive/2026-08-18-experiments/cuda_case12_native_ldg_shared_q_exp588.cpp:5734:21: note: in instantiation of function template specialization 'paged_decode_token_parallel_kernel<8, 4, true, false, false, false, false, true, false, false, true, false, true, true, false, false, true>' requested here
 5734 |                     paged_decode_token_parallel_kernel<
      |                     ^
solutions/archive/2026-08-18-experiments/cuda_case12_native_ldg_shared_q_exp588.cpp:714:40: warning: set minimum blocks' number is illegal in Maca and the value will be ignored [-Wmaca-min-blocks-per-multiprocessor]
  714 | __global__ void __launch_bounds__(256, 6)
      |                                        ^
solutions/archive/2026-08-18-experiments/cuda_case12_native_ldg_shared_q_exp588.cpp:5749:9: note: in instantiation of function template specialization 'paged_decode_split_qk_pair_kernel<8, 4>' requested here
 5749 |         paged_decode_split_qk_pair_kernel<8, 4><<<grid, 128>>>(
      |         ^
solutions/archive/2026-08-18-experiments/cuda_case12_native_ldg_shared_q_exp588.cpp:348:40: warning: set minimum blocks' number is illegal in Maca and the value will be ignored [-Wmaca-min-blocks-per-multiprocessor]
  348 | __global__ void __launch_bounds__(256, 6)
      |                                        ^
solutions/archive/2026-08-18-experiments/cuda_case12_native_ldg_shared_q_exp588.cpp:5756:13: note: in instantiation of function template specialization 'paged_decode_split_kernel<4, 8>' requested here
 5756 |             paged_decode_split_kernel<4, 8><<<grid, 256>>>(
      |             ^
solutions/archive/2026-08-18-experiments/cuda_case12_native_ldg_shared_q_exp588.cpp:348:40: warning: set minimum blocks' number is illegal in Maca and the value will be ignored [-Wmaca-min-blocks-per-multiprocessor]
  348 | __global__ void __launch_bounds__(256, 6)
      |                                        ^
solutions/archive/2026-08-18-experiments/cuda_case12_native_ldg_shared_q_exp588.cpp:5762:13: note: in instantiation of function template specialization 'paged_decode_split_kernel<8, 4>' requested here
 5762 |             paged_decode_split_kernel<8, 4><<<grid, 128>>>(
      |             ^
10 warnings generated when compiling for xcore1000.
solutions/archive/2026-08-18-experiments/cuda_case12_native_ldg_shared_q_exp588.cpp:348:40: warning: set minimum blocks' number is illegal in Maca and the value will be ignored [-Wmaca-min-blocks-per-multiprocessor]
  348 | __global__ void __launch_bounds__(256, 6)
      |                                        ^
solutions/archive/2026-08-18-experiments/cuda_case12_native_ldg_shared_q_exp588.cpp:714:40: warning: set minimum blocks' number is illegal in Maca and the value will be ignored [-Wmaca-min-blocks-per-multiprocessor]
  714 | __global__ void __launch_bounds__(256, 6)
      |                                        ^
solutions/archive/2026-08-18-experiments/cuda_case12_native_ldg_shared_q_exp588.cpp:1242:40: warning: set minimum blocks' number is illegal in Maca and the value will be ignored [-Wmaca-min-blocks-per-multiprocessor]
 1242 | __global__ void __launch_bounds__(256, 6)
      |                                        ^
solutions/archive/2026-08-18-experiments/cuda_case12_native_ldg_shared_q_exp588.cpp:1242:40: warning: set minimum blocks' number is illegal in Maca and the value will be ignored [-Wmaca-min-blocks-per-multiprocessor]
solutions/archive/2026-08-18-experiments/cuda_case12_native_ldg_shared_q_exp588.cpp:5564:21: note: in instantiation of function template specialization 'paged_decode_token_parallel_kernel<4, 8, false, false, false, false, false, true, false, false, false, false, false, true, false, false, false>' requested here
 5564 |                     paged_decode_token_parallel_kernel<
      |                     ^
solutions/archive/2026-08-18-experiments/cuda_case12_native_ldg_shared_q_exp588.cpp:1242:40: warning: set minimum blocks' number is illegal in Maca and the value will be ignored [-Wmaca-min-blocks-per-multiprocessor]
 1242 | __global__ void __launch_bounds__(256, 6)
      |                                        ^
solutions/archive/2026-08-18-experiments/cuda_case12_native_ldg_shared_q_exp588.cpp:5576:21: note: in instantiation of function template specialization 'paged_decode_token_parallel_kernel<4, 8, false, false, false, false, false, false, false, false, false, false, false, false, false, false, false>' requested here
 5576 |                     paged_decode_token_parallel_kernel<4, 8, false><<<
      |                     ^
solutions/archive/2026-08-18-experiments/cuda_case12_native_ldg_shared_q_exp588.cpp:1242:40: warning: set minimum blocks' number is illegal in Maca and the value will be ignored [-Wmaca-min-blocks-per-multiprocessor]
 1242 | __global__ void __launch_bounds__(256, 6)
      |                                        ^
solutions/archive/2026-08-18-experiments/cuda_case12_native_ldg_shared_q_exp588.cpp:5712:21: note: in instantiation of function template specialization 'paged_decode_token_parallel_kernel<8, 4, false, false, false, false, false, true, false, false, false, false, true, true, true, true, false>' requested here
 5712 |                     paged_decode_token_parallel_kernel<
      |                     ^
solutions/archive/2026-08-18-experiments/cuda_case12_native_ldg_shared_q_exp588.cpp:1242:40: warning: set minimum blocks' number is illegal in Maca and the value will be ignored [-Wmaca-min-blocks-per-multiprocessor]
 1242 | __global__ void __launch_bounds__(256, 6)
      |                                        ^
solutions/archive/2026-08-18-experiments/cuda_case12_native_ldg_shared_q_exp588.cpp:5734:21: note: in instantiation of function template specialization 'paged_decode_token_parallel_kernel<8, 4, true, false, false, false, false, true, false, false, true, false, true, true, false, false, true>' requested here
 5734 |                     paged_decode_token_parallel_kernel<
      |                     ^
solutions/archive/2026-08-18-experiments/cuda_case12_native_ldg_shared_q_exp588.cpp:714:40: warning: set minimum blocks' number is illegal in Maca and the value will be ignored [-Wmaca-min-blocks-per-multiprocessor]
  714 | __global__ void __launch_bounds__(256, 6)
      |                                        ^
solutions/archive/2026-08-18-experiments/cuda_case12_native_ldg_shared_q_exp588.cpp:5749:9: note: in instantiation of function template specialization 'paged_decode_split_qk_pair_kernel<8, 4>' requested here
 5749 |         paged_decode_split_qk_pair_kernel<8, 4><<<grid, 128>>>(
      |         ^
solutions/archive/2026-08-18-experiments/cuda_case12_native_ldg_shared_q_exp588.cpp:348:40: warning: set minimum blocks' number is illegal in Maca and the value will be ignored [-Wmaca-min-blocks-per-multiprocessor]
  348 | __global__ void __launch_bounds__(256, 6)
      |                                        ^
solutions/archive/2026-08-18-experiments/cuda_case12_native_ldg_shared_q_exp588.cpp:5756:13: note: in instantiation of function template specialization 'paged_decode_split_kernel<4, 8>' requested here
 5756 |             paged_decode_split_kernel<4, 8><<<grid, 256>>>(
      |             ^
solutions/archive/2026-08-18-experiments/cuda_case12_native_ldg_shared_q_exp588.cpp:348:40: warning: set minimum blocks' number is illegal in Maca and the value will be ignored [-Wmaca-min-blocks-per-multiprocessor]
  348 | __global__ void __launch_bounds__(256, 6)
      |                                        ^
solutions/archive/2026-08-18-experiments/cuda_case12_native_ldg_shared_q_exp588.cpp:5762:13: note: in instantiation of function template specialization 'paged_decode_split_kernel<8, 4>' requested here
 5762 |             paged_decode_split_kernel<8, 4><<<grid, 128>>>(
      |             ^
10 warnings generated when compiling for host.
Built build/exp588_normal.so
