exp599 C500 candidate full-length correctness
UTC 2026-08-18T15:07:09Z
candidate source SHA256:
35013de595b082974e0b59de7b87b1f9bfd3476afb2affae1c8aeb8d73635da7  solutions/archive/2026-08-18-experiments/cuda_case14_scalar_b16_stx_output_exp599.cpp
work/control source SHA256:
a92f74e6aae22bc8e9a0a08b627ee9441c014cce9d950cf984f23c8987840972  solutions/cuda_maca_optimized.cpp
candidate binary SHA256:
2b720311e9a25c7c850d858793884b5c682c58f57f14006fe1f442c4f9c48893  build/exp599_c500_candidate.so
active relevant processes before run:
3699895 /bin/bash -c set -o pipefail {   printf '%s\n' 'exp599 C500 candidate full-length correctness'   date -u '+UTC %Y-%m-%dT%H:%M:%SZ'   printf '%s\n' 'candidate source SHA256:'   sha256sum solutions/archive/2026-08-18-experiments/cuda_case14_scalar_b16_stx_output_exp599.cpp   printf '%s\n' 'work/control source SHA256:'   sha256sum solutions/cuda_maca_optimized.cpp   printf '%s\n' 'candidate binary SHA256:'   sha256sum build/exp599_c500_candidate.so   printf '%s\n' 'active relevant processes before run:'   pgrep -af '[c]500|[m]aca|[x]puoj|[b]enchmark|[t]est_kernel' || true   printf '%s\n' 'command: python3 tests/c500_paged_decode_harness.py --library build/exp599_c500_candidate.so --cases all --full-length --seed 20260809'   python3 tests/c500_paged_decode_harness.py --library build/exp599_c500_candidate.so --cases all --full-length --seed 20260809   printf '%s\n' 'active relevant processes after run:'   pgrep -af '[c]500|[m]aca|[x]puoj|[b]enchmark|[t]est_kernel' || true } 2>&1 | tee log/exp599_c500_full.log rc=${PIPESTATUS[0]} printf 'exit_status=%s\n' "$rc" >> log/exp599_c500_full.log exit "$rc"
3699896 /bin/bash -c set -o pipefail {   printf '%s\n' 'exp599 C500 candidate full-length correctness'   date -u '+UTC %Y-%m-%dT%H:%M:%SZ'   printf '%s\n' 'candidate source SHA256:'   sha256sum solutions/archive/2026-08-18-experiments/cuda_case14_scalar_b16_stx_output_exp599.cpp   printf '%s\n' 'work/control source SHA256:'   sha256sum solutions/cuda_maca_optimized.cpp   printf '%s\n' 'candidate binary SHA256:'   sha256sum build/exp599_c500_candidate.so   printf '%s\n' 'active relevant processes before run:'   pgrep -af '[c]500|[m]aca|[x]puoj|[b]enchmark|[t]est_kernel' || true   printf '%s\n' 'command: python3 tests/c500_paged_decode_harness.py --library build/exp599_c500_candidate.so --cases all --full-length --seed 20260809'   python3 tests/c500_paged_decode_harness.py --library build/exp599_c500_candidate.so --cases all --full-length --seed 20260809   printf '%s\n' 'active relevant processes after run:'   pgrep -af '[c]500|[m]aca|[x]puoj|[b]enchmark|[t]est_kernel' || true } 2>&1 | tee log/exp599_c500_full.log rc=${PIPESTATUS[0]} printf 'exit_status=%s\n' "$rc" >> log/exp599_c500_full.log exit "$rc"
3699897 tee log/exp599_c500_full.log
command: python3 tests/c500_paged_decode_harness.py --library build/exp599_c500_candidate.so --cases all --full-length --seed 20260809
GPU: MetaX C500 | torch=2.8.0+metax3.7.1.3
[PASS] case  1 B= 1 L=    1 KV=4 lengths=full     match=1.000000 max_error=0.000000e+00 max_tol_ratio=0.000 finite=True
[PASS] case  2 B= 4 L=    2 KV=8 lengths=full     match=1.000000 max_error=1.562500e-02 max_tol_ratio=0.324 finite=True
[PASS] case  3 B=16 L=   17 KV=4 lengths=full     match=1.000000 max_error=7.812500e-03 max_tol_ratio=0.244 finite=True
[PASS] case  4 B=64 L=   64 KV=8 lengths=full     match=1.000000 max_error=7.812500e-03 max_tol_ratio=0.239 finite=True
[PASS] case  5 B=16 L=  141 KV=4 lengths=full     match=1.000000 max_error=3.906250e-03 max_tol_ratio=0.160 finite=True
[PASS] case  6 B=16 L=  362 KV=8 lengths=full     match=1.000000 max_error=1.953125e-03 max_tol_ratio=0.098 finite=True
[PASS] case  7 B=64 L= 2048 KV=8 lengths=full     match=1.000000 max_error=9.765625e-04 max_tol_ratio=0.054 finite=True
[PASS] case  8 B=16 L= 4096 KV=4 lengths=full     match=1.000000 max_error=4.882812e-04 max_tol_ratio=0.029 finite=True
[PASS] case  9 B=32 L= 4096 KV=8 lengths=full     match=1.000000 max_error=4.882812e-04 max_tol_ratio=0.029 finite=True
[PASS] case 10 B= 1 L= 8192 KV=4 lengths=full     match=1.000000 max_error=2.441406e-04 max_tol_ratio=0.015 finite=True
[PASS] case 11 B=16 L=12251 KV=4 lengths=full     match=1.000000 max_error=2.441406e-04 max_tol_ratio=0.015 finite=True
[PASS] case 12 B= 8 L=32768 KV=8 lengths=full     match=1.000000 max_error=2.441406e-04 max_tol_ratio=0.015 finite=True
[PASS] case 13 B= 1 L=58966 KV=8 lengths=full     match=1.000000 max_error=1.220703e-04 max_tol_ratio=0.008 finite=True
[PASS] case 14 B= 1 L=61519 KV=4 lengths=full     match=1.000000 max_error=1.220703e-04 max_tol_ratio=0.008 finite=True
active relevant processes after run:
3699895 /bin/bash -c set -o pipefail {   printf '%s\n' 'exp599 C500 candidate full-length correctness'   date -u '+UTC %Y-%m-%dT%H:%M:%SZ'   printf '%s\n' 'candidate source SHA256:'   sha256sum solutions/archive/2026-08-18-experiments/cuda_case14_scalar_b16_stx_output_exp599.cpp   printf '%s\n' 'work/control source SHA256:'   sha256sum solutions/cuda_maca_optimized.cpp   printf '%s\n' 'candidate binary SHA256:'   sha256sum build/exp599_c500_candidate.so   printf '%s\n' 'active relevant processes before run:'   pgrep -af '[c]500|[m]aca|[x]puoj|[b]enchmark|[t]est_kernel' || true   printf '%s\n' 'command: python3 tests/c500_paged_decode_harness.py --library build/exp599_c500_candidate.so --cases all --full-length --seed 20260809'   python3 tests/c500_paged_decode_harness.py --library build/exp599_c500_candidate.so --cases all --full-length --seed 20260809   printf '%s\n' 'active relevant processes after run:'   pgrep -af '[c]500|[m]aca|[x]puoj|[b]enchmark|[t]est_kernel' || true } 2>&1 | tee log/exp599_c500_full.log rc=${PIPESTATUS[0]} printf 'exit_status=%s\n' "$rc" >> log/exp599_c500_full.log exit "$rc"
3699896 /bin/bash -c set -o pipefail {   printf '%s\n' 'exp599 C500 candidate full-length correctness'   date -u '+UTC %Y-%m-%dT%H:%M:%SZ'   printf '%s\n' 'candidate source SHA256:'   sha256sum solutions/archive/2026-08-18-experiments/cuda_case14_scalar_b16_stx_output_exp599.cpp   printf '%s\n' 'work/control source SHA256:'   sha256sum solutions/cuda_maca_optimized.cpp   printf '%s\n' 'candidate binary SHA256:'   sha256sum build/exp599_c500_candidate.so   printf '%s\n' 'active relevant processes before run:'   pgrep -af '[c]500|[m]aca|[x]puoj|[b]enchmark|[t]est_kernel' || true   printf '%s\n' 'command: python3 tests/c500_paged_decode_harness.py --library build/exp599_c500_candidate.so --cases all --full-length --seed 20260809'   python3 tests/c500_paged_decode_harness.py --library build/exp599_c500_candidate.so --cases all --full-length --seed 20260809   printf '%s\n' 'active relevant processes after run:'   pgrep -af '[c]500|[m]aca|[x]puoj|[b]enchmark|[t]est_kernel' || true } 2>&1 | tee log/exp599_c500_full.log rc=${PIPESTATUS[0]} printf 'exit_status=%s\n' "$rc" >> log/exp599_c500_full.log exit "$rc"
3699897 tee log/exp599_c500_full.log
exit_status=0
