UTC 2026-08-23T13:28:08Z
exp580 relaxed concise identity audit
candidate:
67f1d6e2715903e6be58c17dd28442107351b287b038130176c1e000dad6fd26  solutions/archive/2026-08-17-experiments/cuda_case12_async_register_q_exp580.cpp
normal binary:
15f3a26d3d4a141be9cff44f189290ea8f0c96975cd3cfbcf1179b619c6d9515  build/exp580_relaxed_normal.so
resource binary:
86f3780eaff0ad04c76975a1a3524beb5ef465521f9ab7950f13a300ef5d6a40  build/exp580_relaxed_resource.so
device LLVM:
586e86d403e045a275f9f1358d6c05ea62f4d27d1c6e1f8eb5a52a8b99e1658e  build/exp580_relaxed_device.ll
target source dispatch:
                        tail_grid, dim3(16, 4, 4)>>>(
                        q, k_cache_paged, v_cache_paged, output,
                        cache_seqlens, block_table,
                        s_partial_m, s_partial_l, s_partial_acc,
                        (int)batch_size, (int)pages_per_batch,
                        (int)pages_per_split, partial_split_count,
                        sm_scale * 1.4426950408889634f);
                }
#endif
            } else {
                if (batch_size == 8 && seqlen_k == 32768) {
                    // exp387: extend exp386's head-pair/z8 producer ownership
                    // only to case12. exp414 uses split40/52 pages per partial,
                    // fused-tail ownership, synchronous K+V-over-PV, Q
                    // prescale, packed metadata, global partial count and vec2
                    // reducer unchanged. exp428 changes only this z8
                    // producer's QK exchange to the all-native row network.
                    paged_decode_case13_kv8_headpair_z8_kernel<
                        true, false, false, true><<<
                        grid, dim3(16, 2, 8)>>>(
                        q, k_cache_paged, v_cache_paged, output,
                        cache_seqlens, block_table,
                        s_partial_m, s_partial_l, s_partial_acc,
                        (int)batch_size, (int)pages_per_batch,
                        (int)pages_per_split, n_split,
                        sm_scale * 1.4426950408889634f);
                } else if (batch_size == 64 && seqlen_k == 2048) {
                    // exp390: extend the case13/12/9 head-pair/z8 producer
                    // ownership only to case7. Keep split14, ten
                    // pages/partial, fused-tail ownership, synchronous
                    // K+V-over-PV, Q prescale and the global partial count;
                    // pair its packed metadata with the packed-aware group8
                    // reducer below so the B64 reducer grid remains fixed.
target resource record:
157- maca info  : staticMaxWarps/PEU : 5
158: maca info  : Function properties for  _Z42paged_decode_case13_kv8_headpair_z8_kernelILb1ELb0ELb0ELb1EEvPK15__maca_bfloat16S2_S2_PS0_PKiS5_PfS6_S6_iiiif 
159-  0 bytes stack frame 
160- maca info  : Used  90 MTregisters, 54 STregisters, 8448 bytes shared mem  
161- maca info  : staticMaxWarps/PEU : 5
162- maca info  : Function properties for  _Z42paged_decode_case13_kv8_headpair_z8_kernelILb1ELb0ELb1ELb0EEvPK15__maca_bfloat16S2_S2_PS0_PKiS5_PfS6_S6_iiiif 
target LLVM definition and async calls:
18046-
18047-; Function Attrs: convergent mustprogress norecurse nounwind
18048:define protected metaxgpu_kernel void @_Z42paged_decode_case13_kv8_headpair_z8_kernelILb1ELb0ELb0ELb1EEvPK15__maca_bfloat16S2_S2_PS0_PKiS5_PfS6_S6_iiiif(ptr addrspace(4) noalias nocapture noundef %q.coerce, ptr addrspace(4) noalias nocapture noundef readonly %k_cache.coerce, ptr addrspace(4) noalias nocapture noundef readonly %v_cache.coerce, ptr addrspace(1) noalias nocapture noundef readnone %out.coerce, ptr addrspace(1) noalias nocapture noundef readonly %cache_seqlens.coerce, ptr addrspace(1) noalias nocapture noundef readonly %block_table.coerce, ptr addrspace(1) noalias nocapture noundef writeonly %partial_m.coerce, ptr addrspace(1) noalias nocapture noundef readnone %partial_l.coerce, ptr addrspace(1) noalias nocapture noundef writeonly %partial_acc.coerce, i32 noundef %batch_size, i32 noundef %pages_per_batch, i32 noundef %pages_per_split, i32 noundef %n_split, float noundef %sm_scale) local_unnamed_addr #11 comdat {
18049-entry:
18050-  %0 = tail call noundef range(i32 0, 1024) i32 @llvm.mxc.thread.id.x(), !range !26
18051-  %1 = tail call noundef range(i32 0, 1024) i32 @llvm.mxc.thread.id.y(), !range !26
--
18105-  %add.ptr39 = getelementptr inbounds i32, ptr addrspace(4) %add.ptr36, i64 %idx.ext30
18106-  %7 = addrspacecast ptr addrspace(4) %add.ptr31 to ptr addrspace(1)
18107:  %8 = tail call <4 x i32> @llvm.mxc.load.global.async.v4i32(ptr addrspace(1) %7) #24, !call_argsrelate !28
18108-  %retval.sroa.0.0.vec.extract.i1630 = extractelement <4 x i32> %8, i64 0
18109-  %retval.sroa.0.8.vec.extract.i1634 = extractelement <4 x i32> %8, i64 2
18110-  %9 = addrspacecast ptr addrspace(4) %add.ptr39 to ptr addrspace(1)
18111:  %10 = tail call <4 x i32> @llvm.mxc.load.global.async.v4i32(ptr addrspace(1) %9) #24, !call_argsrelate !28
18112-  %retval.sroa.0.0.vec.extract.i = extractelement <4 x i32> %10, i64 0
18113-  %retval.sroa.0.8.vec.extract.i = extractelement <4 x i32> %10, i64 2
18114-  %retval.sroa.0.4.vec.extract.i1632 = extractelement <4 x i32> %8, i64 1
--
19877-
19878-; Function Attrs: mustprogress nounwind willreturn memory(argmem: readwrite)
19879:declare <4 x i32> @llvm.mxc.load.global.async.v4i32(ptr addrspace(1) noalias nocapture) #14
19880-
19881-; Function Attrs: convergent mustprogress norecurse nounwind
19882-define protected metaxgpu_kernel void @_Z42paged_decode_case13_kv8_headpair_z8_kernelILb1ELb0ELb1ELb0EEvPK15__maca_bfloat16S2_S2_PS0_PKiS5_PfS6_S6_iiiif(ptr addrspace(4) noalias nocapture noundef readonly %q.coerce, ptr addrspace(4) noalias nocapture noundef readonly %k_cache.coerce, ptr addrspace(4) noalias nocapture noundef readonly %v_cache.coerce, ptr addrspace(1) noalias nocapture noundef readnone %out.coerce, ptr addrspace(1) noalias nocapture noundef readonly %cache_seqlens.coerce, ptr addrspace(1) noalias nocapture noundef readonly %block_table.coerce, ptr addrspace(1) noalias nocapture noundef writeonly %partial_m.coerce, ptr addrspace(1) noalias nocapture noundef readnone %partial_l.coerce, ptr addrspace(1) noalias nocapture noundef writeonly %partial_acc.coerce, i32 noundef %batch_size, i32 noundef %pages_per_batch, i32 noundef %pages_per_split, i32 noundef %n_split, float noundef %sm_scale) local_unnamed_addr #11 comdat {
target alloca/stack markers:
27460:  %logits = alloca [16 x float], align 4, addrspace(5)
42787:attributes #0 = { mustprogress noreturn nounwind "disable-promote-alloca-to-bsm"="true" "disable-promote-alloca-to-vector"="false" "enable-ldg-bsm-opt"="false" "fixed-function-abi"="true" "metaxgpu-bsm-direct-address"="true" "metaxgpu-inline-scope"="11" "metaxgpu-max-block-size"="512" "metaxgpu-new-streg-abi"="false" "metaxgpu-pk-fma"="false" "metaxgpu-resource-usage"="false" "metaxgpu-sched-select"="default" "metaxgpu-use-dim-intrinsic"="false" "no-trapping-math"="true" "scalarize-global-loads"="true" "shfl-combine"="true" "stack-protector-buffer-size"="8" "target-cpu"="xcore1000" "target-features"="+xcore1000" }
42789:attributes #2 = { nounwind "disable-promote-alloca-to-bsm"="true" "disable-promote-alloca-to-vector"="false" "enable-ldg-bsm-opt"="false" "fixed-function-abi"="true" "metaxgpu-bsm-direct-address"="true" "metaxgpu-inline-scope"="11" "metaxgpu-max-block-size"="512" "metaxgpu-new-streg-abi"="false" "metaxgpu-pk-fma"="false" "metaxgpu-resource-usage"="false" "metaxgpu-sched-select"="default" "metaxgpu-use-dim-intrinsic"="false" "no-trapping-math"="true" "scalarize-global-loads"="true" "shfl-combine"="true" "stack-protector-buffer-size"="8" "target-cpu"="xcore1000" "target-features"="+xcore1000" }
42790:attributes #3 = { mustprogress nofree norecurse nosync nounwind memory(argmem: readwrite) "disable-promote-alloca-to-bsm"="true" "disable-promote-alloca-to-vector"="false" "enable-ldg-bsm-opt"="false" "fixed-function-abi"="true" "metaxgpu-bsm-direct-address"="true" "metaxgpu-implicitarg-num-bytes"="80" "metaxgpu-inline-scope"="11" "metaxgpu-max-block-size"="512" "metaxgpu-new-streg-abi"="false" "metaxgpu-pk-fma"="false" "metaxgpu-resource-usage"="false" "metaxgpu-sched-select"="default" "metaxgpu-use-dim-intrinsic"="false" "no-trapping-math"="true" "scalarize-global-loads"="true" "shfl-combine"="true" "stack-protector-buffer-size"="8" "target-cpu"="xcore1000" "target-features"="+xcore1000" "uniform-work-group-size"="true" }
42794:attributes #7 = { mustprogress nofree norecurse nosync nounwind willreturn memory(argmem: readwrite) "disable-promote-alloca-to-bsm"="true" "disable-promote-alloca-to-vector"="false" "enable-ldg-bsm-opt"="false" "fixed-function-abi"="true" "metaxgpu-bsm-direct-address"="true" "metaxgpu-implicitarg-num-bytes"="80" "metaxgpu-inline-scope"="11" "metaxgpu-max-block-size"="128" "metaxgpu-new-streg-abi"="false" "metaxgpu-pk-fma"="false" "metaxgpu-resource-usage"="false" "metaxgpu-sched-select"="default" "metaxgpu-use-dim-intrinsic"="false" "no-trapping-math"="true" "scalarize-global-loads"="true" "shfl-combine"="true" "stack-protector-buffer-size"="8" "target-cpu"="xcore1000" "target-features"="+xcore1000" "uniform-work-group-size"="true" }
42795:attributes #8 = { convergent mustprogress nofree norecurse nounwind willreturn memory(argmem: readwrite) "disable-promote-alloca-to-bsm"="true" "disable-promote-alloca-to-vector"="false" "enable-ldg-bsm-opt"="false" "fixed-function-abi"="true" "metaxgpu-bsm-direct-address"="true" "metaxgpu-implicitarg-num-bytes"="80" "metaxgpu-inline-scope"="11" "metaxgpu-max-block-size"="256" "metaxgpu-new-streg-abi"="false" "metaxgpu-pk-fma"="false" "metaxgpu-resource-usage"="false" "metaxgpu-sched-select"="default" "metaxgpu-use-dim-intrinsic"="false" "no-trapping-math"="true" "scalarize-global-loads"="true" "shfl-combine"="true" "stack-protector-buffer-size"="8" "target-cpu"="xcore1000" "target-features"="+xcore1000" "uniform-work-group-size"="true" }
42797:attributes #10 = { convergent mustprogress nofree norecurse nounwind willreturn memory(argmem: readwrite) "disable-promote-alloca-to-bsm"="true" "disable-promote-alloca-to-vector"="false" "enable-ldg-bsm-opt"="false" "fixed-function-abi"="true" "metaxgpu-bsm-direct-address"="true" "metaxgpu-implicitarg-num-bytes"="80" "metaxgpu-inline-scope"="11" "metaxgpu-max-block-size"="128" "metaxgpu-new-streg-abi"="false" "metaxgpu-pk-fma"="false" "metaxgpu-resource-usage"="false" "metaxgpu-sched-select"="default" "metaxgpu-use-dim-intrinsic"="false" "no-trapping-math"="true" "scalarize-global-loads"="true" "shfl-combine"="true" "stack-protector-buffer-size"="8" "target-cpu"="xcore1000" "target-features"="+xcore1000" "uniform-work-group-size"="true" }
42798:attributes #11 = { convergent mustprogress norecurse nounwind "disable-promote-alloca-to-bsm"="true" "disable-promote-alloca-to-vector"="false" "enable-ldg-bsm-opt"="false" "fixed-function-abi"="true" "metaxgpu-bsm-direct-address"="true" "metaxgpu-implicitarg-num-bytes"="80" "metaxgpu-inline-scope"="11" "metaxgpu-max-block-size"="256" "metaxgpu-new-streg-abi"="false" "metaxgpu-pk-fma"="false" "metaxgpu-resource-usage"="false" "metaxgpu-sched-select"="default" "metaxgpu-use-dim-intrinsic"="false" "no-trapping-math"="true" "scalarize-global-loads"="true" "shfl-combine"="true" "stack-protector-buffer-size"="8" "target-cpu"="xcore1000" "target-features"="+xcore1000" "uniform-work-group-size"="true" }
42803:attributes #16 = { convergent mustprogress norecurse nounwind "disable-promote-alloca-to-bsm"="true" "disable-promote-alloca-to-vector"="false" "enable-ldg-bsm-opt"="false" "fixed-function-abi"="true" "metaxgpu-bsm-direct-address"="true" "metaxgpu-implicitarg-num-bytes"="80" "metaxgpu-inline-scope"="11" "metaxgpu-max-block-size"="256" "metaxgpu-min-blocks"="1" "metaxgpu-new-streg-abi"="false" "metaxgpu-pk-fma"="false" "metaxgpu-resource-usage"="false" "metaxgpu-sched-select"="default" "metaxgpu-use-dim-intrinsic"="false" "no-trapping-math"="true" "scalarize-global-loads"="true" "shfl-combine"="true" "stack-protector-buffer-size"="8" "target-cpu"="xcore1000" "target-features"="+xcore1000" "uniform-work-group-size"="true" }
42804:attributes #17 = { convergent mustprogress norecurse nounwind "disable-promote-alloca-to-bsm"="true" "disable-promote-alloca-to-vector"="false" "enable-ldg-bsm-opt"="false" "fixed-function-abi"="true" "metaxgpu-bsm-direct-address"="true" "metaxgpu-implicitarg-num-bytes"="80" "metaxgpu-inline-scope"="11" "metaxgpu-max-block-size"="64" "metaxgpu-new-streg-abi"="false" "metaxgpu-pk-fma"="false" "metaxgpu-resource-usage"="false" "metaxgpu-sched-select"="default" "metaxgpu-use-dim-intrinsic"="false" "no-trapping-math"="true" "scalarize-global-loads"="true" "shfl-combine"="true" "stack-protector-buffer-size"="8" "target-cpu"="xcore1000" "target-features"="+xcore1000" "uniform-work-group-size"="true" }
42805:attributes #18 = { convergent mustprogress nofree norecurse nounwind memory(argmem: readwrite) "disable-promote-alloca-to-bsm"="true" "disable-promote-alloca-to-vector"="false" "enable-ldg-bsm-opt"="false" "fixed-function-abi"="true" "metaxgpu-bsm-direct-address"="true" "metaxgpu-implicitarg-num-bytes"="80" "metaxgpu-inline-scope"="11" "metaxgpu-max-block-size"="128" "metaxgpu-new-streg-abi"="false" "metaxgpu-pk-fma"="false" "metaxgpu-resource-usage"="false" "metaxgpu-sched-select"="default" "metaxgpu-use-dim-intrinsic"="false" "no-trapping-math"="true" "scalarize-global-loads"="true" "shfl-combine"="true" "stack-protector-buffer-size"="8" "target-cpu"="xcore1000" "target-features"="+xcore1000" "uniform-work-group-size"="true" }
42806:attributes #19 = { convergent mustprogress norecurse nounwind "disable-promote-alloca-to-bsm"="true" "disable-promote-alloca-to-vector"="false" "enable-ldg-bsm-opt"="false" "fixed-function-abi"="true" "metaxgpu-bsm-direct-address"="true" "metaxgpu-implicitarg-num-bytes"="80" "metaxgpu-inline-scope"="11" "metaxgpu-max-block-size"="128" "metaxgpu-new-streg-abi"="false" "metaxgpu-pk-fma"="false" "metaxgpu-resource-usage"="false" "metaxgpu-sched-select"="default" "metaxgpu-use-dim-intrinsic"="false" "no-trapping-math"="true" "scalarize-global-loads"="true" "shfl-combine"="true" "stack-protector-buffer-size"="8" "target-cpu"="xcore1000" "target-features"="+xcore1000" "uniform-work-group-size"="true" }
42807:attributes #20 = { convergent mustprogress norecurse nounwind "disable-promote-alloca-to-bsm"="true" "disable-promote-alloca-to-vector"="false" "enable-ldg-bsm-opt"="false" "fixed-function-abi"="true" "metaxgpu-bsm-direct-address"="true" "metaxgpu-implicitarg-num-bytes"="80" "metaxgpu-inline-scope"="11" "metaxgpu-max-block-size"="32" "metaxgpu-new-streg-abi"="false" "metaxgpu-pk-fma"="false" "metaxgpu-resource-usage"="false" "metaxgpu-sched-select"="default" "metaxgpu-use-dim-intrinsic"="false" "no-trapping-math"="true" "scalarize-global-loads"="true" "shfl-combine"="true" "stack-protector-buffer-size"="8" "target-cpu"="xcore1000" "target-features"="+xcore1000" "uniform-work-group-size"="true" }
43290:  %q.addr = alloca ptr, align 8
43291:  %k_cache.addr = alloca ptr, align 8
43292:  %v_cache.addr = alloca ptr, align 8
43293:  %out.addr = alloca ptr, align 8
43294:  %cache_seqlens.addr = alloca ptr, align 8
43295:  %block_table.addr = alloca ptr, align 8
43296:  %batch_size.addr = alloca i64, align 8
43297:  %num_heads.addr = alloca i64, align 8
43298:  %num_heads_k.addr = alloca i64, align 8
43299:  %headdim.addr = alloca i64, align 8
43300:  %page_block_size.addr = alloca i64, align 8
43301:  %pages_per_batch.addr = alloca i64, align 8
43302:  %sm_scale.addr = alloca float, align 4
43303:  %grid_dim = alloca %struct.dim3, align 8
43304:  %block_dim = alloca %struct.dim3, align 8
43305:  %shmem_size = alloca i64, align 8
43306:  %stream = alloca ptr, align 8
43320:  %kernel_args1 = alloca [13 x ptr], align 16
43366:  %q.addr.i = alloca ptr, align 8
43367:  %k_cache.addr.i = alloca ptr, align 8
43368:  %v_cache.addr.i = alloca ptr, align 8
43369:  %out.addr.i = alloca ptr, align 8
43370:  %cache_seqlens.addr.i = alloca ptr, align 8
43371:  %block_table.addr.i = alloca ptr, align 8
43372:  %batch_size.addr.i = alloca i64, align 8
43373:  %num_heads.addr.i = alloca i64, align 8
43374:  %num_heads_k.addr.i = alloca i64, align 8
forbidden host synchronization marker count:
candidate source final SHA:
67f1d6e2715903e6be58c17dd28442107351b287b038130176c1e000dad6fd26  solutions/archive/2026-08-17-experiments/cuda_case12_async_register_q_exp580.cpp
