GPU: MetaX C500 | torch=2.8.0+metax3.7.1.3
candidate=/data/cuda-flash-attn/build/exp648_c500_candidate.so case=8 seed=20260823
[PASS] case8 mixed padding baseline lengths=1,15,16,17,303,304,305,607,608,609,1023,1024,1025,2047,2048,4095 match=1.000000 max_error=7.812500e-03 max_tol_ratio=0.243 finite=True inputs_untouched=True guards=True
[PASS] case8 mixed padding poison pages=3213 tail_tokens=81 match=1.000000 max_error=7.812500e-03 max_tol_ratio=0.243 finite=True inputs_untouched=True guards=True
[PASS] case8 padding poison invariance reference_same=True output_same=True
[PASS] case8 workspace full->short->full iter=1/3 step=1/3 length=4096 match=1.000000 max_error=4.882812e-04 max_tol_ratio=0.029 finite=True inputs_untouched=True guards=True
[PASS] case8 workspace full->short->full step=1 deterministic=True
[PASS] case8 workspace full->short->full iter=1/3 step=2/3 length=1 poison_pages=4080 tail_tokens=240 match=1.000000 max_error=0.000000e+00 max_tol_ratio=0.000 finite=True inputs_untouched=True guards=True
[PASS] case8 workspace full->short->full step=2 deterministic=True
[PASS] case8 workspace full->short->full iter=1/3 step=3/3 length=4096 match=1.000000 max_error=4.882812e-04 max_tol_ratio=0.029 finite=True inputs_untouched=True guards=True
[PASS] case8 workspace full->short->full step=3 deterministic=True
[PASS] case8 workspace full->short->full iter=2/3 step=1/3 length=4096 match=1.000000 max_error=4.882812e-04 max_tol_ratio=0.029 finite=True inputs_untouched=True guards=True
[PASS] case8 workspace full->short->full step=1 deterministic=True
[PASS] case8 workspace full->short->full iter=2/3 step=2/3 length=1 poison_pages=4080 tail_tokens=240 match=1.000000 max_error=0.000000e+00 max_tol_ratio=0.000 finite=True inputs_untouched=True guards=True
[PASS] case8 workspace full->short->full step=2 deterministic=True
[PASS] case8 workspace full->short->full iter=2/3 step=3/3 length=4096 match=1.000000 max_error=4.882812e-04 max_tol_ratio=0.029 finite=True inputs_untouched=True guards=True
[PASS] case8 workspace full->short->full step=3 deterministic=True
[PASS] case8 workspace full->short->full iter=3/3 step=1/3 length=4096 match=1.000000 max_error=4.882812e-04 max_tol_ratio=0.029 finite=True inputs_untouched=True guards=True
[PASS] case8 workspace full->short->full step=1 deterministic=True
[PASS] case8 workspace full->short->full iter=3/3 step=2/3 length=1 poison_pages=4080 tail_tokens=240 match=1.000000 max_error=0.000000e+00 max_tol_ratio=0.000 finite=True inputs_untouched=True guards=True
[PASS] case8 workspace full->short->full step=2 deterministic=True
[PASS] case8 workspace full->short->full iter=3/3 step=3/3 length=4096 match=1.000000 max_error=4.882812e-04 max_tol_ratio=0.029 finite=True inputs_untouched=True guards=True
[PASS] case8 workspace full->short->full step=3 deterministic=True
[PASS] case8 workspace sequence full->short->full
[PASS] case8 workspace short->full iter=1/3 step=1/2 length=1 poison_pages=4080 tail_tokens=240 match=1.000000 max_error=0.000000e+00 max_tol_ratio=0.000 finite=True inputs_untouched=True guards=True
[PASS] case8 workspace short->full step=1 deterministic=True
[PASS] case8 workspace short->full iter=1/3 step=2/2 length=4096 match=1.000000 max_error=4.882812e-04 max_tol_ratio=0.029 finite=True inputs_untouched=True guards=True
[PASS] case8 workspace short->full step=2 deterministic=True
[PASS] case8 workspace short->full iter=2/3 step=1/2 length=1 poison_pages=4080 tail_tokens=240 match=1.000000 max_error=0.000000e+00 max_tol_ratio=0.000 finite=True inputs_untouched=True guards=True
[PASS] case8 workspace short->full step=1 deterministic=True
[PASS] case8 workspace short->full iter=2/3 step=2/2 length=4096 match=1.000000 max_error=4.882812e-04 max_tol_ratio=0.029 finite=True inputs_untouched=True guards=True
[PASS] case8 workspace short->full step=2 deterministic=True
[PASS] case8 workspace short->full iter=3/3 step=1/2 length=1 poison_pages=4080 tail_tokens=240 match=1.000000 max_error=0.000000e+00 max_tol_ratio=0.000 finite=True inputs_untouched=True guards=True
[PASS] case8 workspace short->full step=1 deterministic=True
[PASS] case8 workspace short->full iter=3/3 step=2/2 length=4096 match=1.000000 max_error=4.882812e-04 max_tol_ratio=0.029 finite=True inputs_untouched=True guards=True
[PASS] case8 workspace short->full step=2 deterministic=True
[PASS] case8 workspace sequence short->full
case8 exp648 padding/reuse correctness: PASS finite=True no_nan=True no_inf=True guards=True
