Building solutions/archive/2026-08-20-experiments/cuda_case12_full_direct_v_bsm_exp605.cpp
Compiler: /opt/maca/mxgpu_llvm/bin/mxcc
MACA path: /opt/maca
CUDA bridge: /opt/maca-3.7.1/tools/cu-bridge
Target: xcore1000
Output: build/exp605_relaxed_c500_normal.so
solutions/archive/2026-08-20-experiments/cuda_case12_full_direct_v_bsm_exp605.cpp:335:40: warning: set minimum blocks' number is illegal in Maca and the value will be ignored [-Wmaca-min-blocks-per-multiprocessor]
  335 | __global__ void __launch_bounds__(256, 6)
      |                                        ^
solutions/archive/2026-08-20-experiments/cuda_case12_full_direct_v_bsm_exp605.cpp:701:40: warning: set minimum blocks' number is illegal in Maca and the value will be ignored [-Wmaca-min-blocks-per-multiprocessor]
  701 | __global__ void __launch_bounds__(256, 6)
      |                                        ^
solutions/archive/2026-08-20-experiments/cuda_case12_full_direct_v_bsm_exp605.cpp:1229:40: warning: set minimum blocks' number is illegal in Maca and the value will be ignored [-Wmaca-min-blocks-per-multiprocessor]
 1229 | __global__ void __launch_bounds__(256, 6)
      |                                        ^
solutions/archive/2026-08-20-experiments/cuda_case12_full_direct_v_bsm_exp605.cpp:1229:40: warning: set minimum blocks' number is illegal in Maca and the value will be ignored [-Wmaca-min-blocks-per-multiprocessor]
solutions/archive/2026-08-20-experiments/cuda_case12_full_direct_v_bsm_exp605.cpp:5645:21: note: in instantiation of function template specialization 'paged_decode_token_parallel_kernel<4, 8, false, false, false, false, false, true, false, false, false, false, false, true, false, false, false>' requested here
 5645 |                     paged_decode_token_parallel_kernel<
      |                     ^
solutions/archive/2026-08-20-experiments/cuda_case12_full_direct_v_bsm_exp605.cpp:1229:40: warning: set minimum blocks' number is illegal in Maca and the value will be ignored [-Wmaca-min-blocks-per-multiprocessor]
 1229 | __global__ void __launch_bounds__(256, 6)
      |                                        ^
solutions/archive/2026-08-20-experiments/cuda_case12_full_direct_v_bsm_exp605.cpp:5657:21: note: in instantiation of function template specialization 'paged_decode_token_parallel_kernel<4, 8, false, false, false, false, false, false, false, false, false, false, false, false, false, false, false>' requested here
 5657 |                     paged_decode_token_parallel_kernel<4, 8, false><<<
      |                     ^
solutions/archive/2026-08-20-experiments/cuda_case12_full_direct_v_bsm_exp605.cpp:1229:40: warning: set minimum blocks' number is illegal in Maca and the value will be ignored [-Wmaca-min-blocks-per-multiprocessor]
 1229 | __global__ void __launch_bounds__(256, 6)
      |                                        ^
solutions/archive/2026-08-20-experiments/cuda_case12_full_direct_v_bsm_exp605.cpp:5793:21: note: in instantiation of function template specialization 'paged_decode_token_parallel_kernel<8, 4, false, false, false, false, false, true, false, false, false, false, true, true, true, true, false>' requested here
 5793 |                     paged_decode_token_parallel_kernel<
      |                     ^
solutions/archive/2026-08-20-experiments/cuda_case12_full_direct_v_bsm_exp605.cpp:1229:40: warning: set minimum blocks' number is illegal in Maca and the value will be ignored [-Wmaca-min-blocks-per-multiprocessor]
 1229 | __global__ void __launch_bounds__(256, 6)
      |                                        ^
solutions/archive/2026-08-20-experiments/cuda_case12_full_direct_v_bsm_exp605.cpp:5815:21: note: in instantiation of function template specialization 'paged_decode_token_parallel_kernel<8, 4, true, false, false, false, false, true, false, false, true, false, true, true, false, false, true>' requested here
 5815 |                     paged_decode_token_parallel_kernel<
      |                     ^
solutions/archive/2026-08-20-experiments/cuda_case12_full_direct_v_bsm_exp605.cpp:701:40: warning: set minimum blocks' number is illegal in Maca and the value will be ignored [-Wmaca-min-blocks-per-multiprocessor]
  701 | __global__ void __launch_bounds__(256, 6)
      |                                        ^
solutions/archive/2026-08-20-experiments/cuda_case12_full_direct_v_bsm_exp605.cpp:5830:9: note: in instantiation of function template specialization 'paged_decode_split_qk_pair_kernel<8, 4>' requested here
 5830 |         paged_decode_split_qk_pair_kernel<8, 4><<<grid, 128>>>(
      |         ^
solutions/archive/2026-08-20-experiments/cuda_case12_full_direct_v_bsm_exp605.cpp:335:40: warning: set minimum blocks' number is illegal in Maca and the value will be ignored [-Wmaca-min-blocks-per-multiprocessor]
  335 | __global__ void __launch_bounds__(256, 6)
      |                                        ^
solutions/archive/2026-08-20-experiments/cuda_case12_full_direct_v_bsm_exp605.cpp:5837:13: note: in instantiation of function template specialization 'paged_decode_split_kernel<4, 8>' requested here
 5837 |             paged_decode_split_kernel<4, 8><<<grid, 256>>>(
      |             ^
solutions/archive/2026-08-20-experiments/cuda_case12_full_direct_v_bsm_exp605.cpp:335:40: warning: set minimum blocks' number is illegal in Maca and the value will be ignored [-Wmaca-min-blocks-per-multiprocessor]
  335 | __global__ void __launch_bounds__(256, 6)
      |                                        ^
solutions/archive/2026-08-20-experiments/cuda_case12_full_direct_v_bsm_exp605.cpp:5843:13: note: in instantiation of function template specialization 'paged_decode_split_kernel<8, 4>' requested here
 5843 |             paged_decode_split_kernel<8, 4><<<grid, 128>>>(
      |             ^
10 warnings generated when compiling for xcore1000.
solutions/archive/2026-08-20-experiments/cuda_case12_full_direct_v_bsm_exp605.cpp:335:40: warning: set minimum blocks' number is illegal in Maca and the value will be ignored [-Wmaca-min-blocks-per-multiprocessor]
  335 | __global__ void __launch_bounds__(256, 6)
      |                                        ^
solutions/archive/2026-08-20-experiments/cuda_case12_full_direct_v_bsm_exp605.cpp:701:40: warning: set minimum blocks' number is illegal in Maca and the value will be ignored [-Wmaca-min-blocks-per-multiprocessor]
  701 | __global__ void __launch_bounds__(256, 6)
      |                                        ^
solutions/archive/2026-08-20-experiments/cuda_case12_full_direct_v_bsm_exp605.cpp:1229:40: warning: set minimum blocks' number is illegal in Maca and the value will be ignored [-Wmaca-min-blocks-per-multiprocessor]
 1229 | __global__ void __launch_bounds__(256, 6)
      |                                        ^
solutions/archive/2026-08-20-experiments/cuda_case12_full_direct_v_bsm_exp605.cpp:1229:40: warning: set minimum blocks' number is illegal in Maca and the value will be ignored [-Wmaca-min-blocks-per-multiprocessor]
solutions/archive/2026-08-20-experiments/cuda_case12_full_direct_v_bsm_exp605.cpp:5645:21: note: in instantiation of function template specialization 'paged_decode_token_parallel_kernel<4, 8, false, false, false, false, false, true, false, false, false, false, false, true, false, false, false>' requested here
 5645 |                     paged_decode_token_parallel_kernel<
      |                     ^
solutions/archive/2026-08-20-experiments/cuda_case12_full_direct_v_bsm_exp605.cpp:1229:40: warning: set minimum blocks' number is illegal in Maca and the value will be ignored [-Wmaca-min-blocks-per-multiprocessor]
 1229 | __global__ void __launch_bounds__(256, 6)
      |                                        ^
solutions/archive/2026-08-20-experiments/cuda_case12_full_direct_v_bsm_exp605.cpp:5657:21: note: in instantiation of function template specialization 'paged_decode_token_parallel_kernel<4, 8, false, false, false, false, false, false, false, false, false, false, false, false, false, false, false>' requested here
 5657 |                     paged_decode_token_parallel_kernel<4, 8, false><<<
      |                     ^
solutions/archive/2026-08-20-experiments/cuda_case12_full_direct_v_bsm_exp605.cpp:1229:40: warning: set minimum blocks' number is illegal in Maca and the value will be ignored [-Wmaca-min-blocks-per-multiprocessor]
 1229 | __global__ void __launch_bounds__(256, 6)
      |                                        ^
solutions/archive/2026-08-20-experiments/cuda_case12_full_direct_v_bsm_exp605.cpp:5793:21: note: in instantiation of function template specialization 'paged_decode_token_parallel_kernel<8, 4, false, false, false, false, false, true, false, false, false, false, true, true, true, true, false>' requested here
 5793 |                     paged_decode_token_parallel_kernel<
      |                     ^
solutions/archive/2026-08-20-experiments/cuda_case12_full_direct_v_bsm_exp605.cpp:1229:40: warning: set minimum blocks' number is illegal in Maca and the value will be ignored [-Wmaca-min-blocks-per-multiprocessor]
 1229 | __global__ void __launch_bounds__(256, 6)
      |                                        ^
solutions/archive/2026-08-20-experiments/cuda_case12_full_direct_v_bsm_exp605.cpp:5815:21: note: in instantiation of function template specialization 'paged_decode_token_parallel_kernel<8, 4, true, false, false, false, false, true, false, false, true, false, true, true, false, false, true>' requested here
 5815 |                     paged_decode_token_parallel_kernel<
      |                     ^
solutions/archive/2026-08-20-experiments/cuda_case12_full_direct_v_bsm_exp605.cpp:701:40: warning: set minimum blocks' number is illegal in Maca and the value will be ignored [-Wmaca-min-blocks-per-multiprocessor]
  701 | __global__ void __launch_bounds__(256, 6)
      |                                        ^
solutions/archive/2026-08-20-experiments/cuda_case12_full_direct_v_bsm_exp605.cpp:5830:9: note: in instantiation of function template specialization 'paged_decode_split_qk_pair_kernel<8, 4>' requested here
 5830 |         paged_decode_split_qk_pair_kernel<8, 4><<<grid, 128>>>(
      |         ^
solutions/archive/2026-08-20-experiments/cuda_case12_full_direct_v_bsm_exp605.cpp:335:40: warning: set minimum blocks' number is illegal in Maca and the value will be ignored [-Wmaca-min-blocks-per-multiprocessor]
  335 | __global__ void __launch_bounds__(256, 6)
      |                                        ^
solutions/archive/2026-08-20-experiments/cuda_case12_full_direct_v_bsm_exp605.cpp:5837:13: note: in instantiation of function template specialization 'paged_decode_split_kernel<4, 8>' requested here
 5837 |             paged_decode_split_kernel<4, 8><<<grid, 256>>>(
      |             ^
solutions/archive/2026-08-20-experiments/cuda_case12_full_direct_v_bsm_exp605.cpp:335:40: warning: set minimum blocks' number is illegal in Maca and the value will be ignored [-Wmaca-min-blocks-per-multiprocessor]
  335 | __global__ void __launch_bounds__(256, 6)
      |                                        ^
solutions/archive/2026-08-20-experiments/cuda_case12_full_direct_v_bsm_exp605.cpp:5843:13: note: in instantiation of function template specialization 'paged_decode_split_kernel<8, 4>' requested here
 5843 |             paged_decode_split_kernel<8, 4><<<grid, 128>>>(
      |             ^
10 warnings generated when compiling for xcore1000.
solutions/archive/2026-08-20-experiments/cuda_case12_full_direct_v_bsm_exp605.cpp:335:40: warning: set minimum blocks' number is illegal in Maca and the value will be ignored [-Wmaca-min-blocks-per-multiprocessor]
  335 | __global__ void __launch_bounds__(256, 6)
      |                                        ^
solutions/archive/2026-08-20-experiments/cuda_case12_full_direct_v_bsm_exp605.cpp:701:40: warning: set minimum blocks' number is illegal in Maca and the value will be ignored [-Wmaca-min-blocks-per-multiprocessor]
  701 | __global__ void __launch_bounds__(256, 6)
      |                                        ^
solutions/archive/2026-08-20-experiments/cuda_case12_full_direct_v_bsm_exp605.cpp:1229:40: warning: set minimum blocks' number is illegal in Maca and the value will be ignored [-Wmaca-min-blocks-per-multiprocessor]
 1229 | __global__ void __launch_bounds__(256, 6)
      |                                        ^
solutions/archive/2026-08-20-experiments/cuda_case12_full_direct_v_bsm_exp605.cpp:1229:40: warning: set minimum blocks' number is illegal in Maca and the value will be ignored [-Wmaca-min-blocks-per-multiprocessor]
solutions/archive/2026-08-20-experiments/cuda_case12_full_direct_v_bsm_exp605.cpp:5645:21: note: in instantiation of function template specialization 'paged_decode_token_parallel_kernel<4, 8, false, false, false, false, false, true, false, false, false, false, false, true, false, false, false>' requested here
 5645 |                     paged_decode_token_parallel_kernel<
      |                     ^
solutions/archive/2026-08-20-experiments/cuda_case12_full_direct_v_bsm_exp605.cpp:1229:40: warning: set minimum blocks' number is illegal in Maca and the value will be ignored [-Wmaca-min-blocks-per-multiprocessor]
 1229 | __global__ void __launch_bounds__(256, 6)
      |                                        ^
solutions/archive/2026-08-20-experiments/cuda_case12_full_direct_v_bsm_exp605.cpp:5657:21: note: in instantiation of function template specialization 'paged_decode_token_parallel_kernel<4, 8, false, false, false, false, false, false, false, false, false, false, false, false, false, false, false>' requested here
 5657 |                     paged_decode_token_parallel_kernel<4, 8, false><<<
      |                     ^
solutions/archive/2026-08-20-experiments/cuda_case12_full_direct_v_bsm_exp605.cpp:1229:40: warning: set minimum blocks' number is illegal in Maca and the value will be ignored [-Wmaca-min-blocks-per-multiprocessor]
 1229 | __global__ void __launch_bounds__(256, 6)
      |                                        ^
solutions/archive/2026-08-20-experiments/cuda_case12_full_direct_v_bsm_exp605.cpp:5793:21: note: in instantiation of function template specialization 'paged_decode_token_parallel_kernel<8, 4, false, false, false, false, false, true, false, false, false, false, true, true, true, true, false>' requested here
 5793 |                     paged_decode_token_parallel_kernel<
      |                     ^
solutions/archive/2026-08-20-experiments/cuda_case12_full_direct_v_bsm_exp605.cpp:1229:40: warning: set minimum blocks' number is illegal in Maca and the value will be ignored [-Wmaca-min-blocks-per-multiprocessor]
 1229 | __global__ void __launch_bounds__(256, 6)
      |                                        ^
solutions/archive/2026-08-20-experiments/cuda_case12_full_direct_v_bsm_exp605.cpp:5815:21: note: in instantiation of function template specialization 'paged_decode_token_parallel_kernel<8, 4, true, false, false, false, false, true, false, false, true, false, true, true, false, false, true>' requested here
 5815 |                     paged_decode_token_parallel_kernel<
      |                     ^
solutions/archive/2026-08-20-experiments/cuda_case12_full_direct_v_bsm_exp605.cpp:701:40: warning: set minimum blocks' number is illegal in Maca and the value will be ignored [-Wmaca-min-blocks-per-multiprocessor]
  701 | __global__ void __launch_bounds__(256, 6)
      |                                        ^
solutions/archive/2026-08-20-experiments/cuda_case12_full_direct_v_bsm_exp605.cpp:5830:9: note: in instantiation of function template specialization 'paged_decode_split_qk_pair_kernel<8, 4>' requested here
 5830 |         paged_decode_split_qk_pair_kernel<8, 4><<<grid, 128>>>(
      |         ^
solutions/archive/2026-08-20-experiments/cuda_case12_full_direct_v_bsm_exp605.cpp:335:40: warning: set minimum blocks' number is illegal in Maca and the value will be ignored [-Wmaca-min-blocks-per-multiprocessor]
  335 | __global__ void __launch_bounds__(256, 6)
      |                                        ^
solutions/archive/2026-08-20-experiments/cuda_case12_full_direct_v_bsm_exp605.cpp:5837:13: note: in instantiation of function template specialization 'paged_decode_split_kernel<4, 8>' requested here
 5837 |             paged_decode_split_kernel<4, 8><<<grid, 256>>>(
      |             ^
solutions/archive/2026-08-20-experiments/cuda_case12_full_direct_v_bsm_exp605.cpp:335:40: warning: set minimum blocks' number is illegal in Maca and the value will be ignored [-Wmaca-min-blocks-per-multiprocessor]
  335 | __global__ void __launch_bounds__(256, 6)
      |                                        ^
solutions/archive/2026-08-20-experiments/cuda_case12_full_direct_v_bsm_exp605.cpp:5843:13: note: in instantiation of function template specialization 'paged_decode_split_kernel<8, 4>' requested here
 5843 |             paged_decode_split_kernel<8, 4><<<grid, 128>>>(
      |             ^
10 warnings generated when compiling for host.
Built build/exp605_relaxed_c500_normal.so
e4b76402fc5345c8088e9cecb8e77cf5128385ce06139c58d4e163e917c7a61b  solutions/archive/2026-08-20-experiments/cuda_case12_full_direct_v_bsm_exp605.cpp
6bf81ecee91e0e3dbce8762a0b598f57101be4a49ead9560d221e311369e3041  build/exp605_relaxed_c500_normal.so
