exp619 candidate resource build
UTC 2026-08-21T11:36:35Z
source: solutions/cuda_maca_optimized.cpp
source SHA-256:
4740515a16d64cf559c90b7eec029cb59daf3cc7910f8d410c87bccf97a4f038  solutions/cuda_maca_optimized.cpp
command: tools/build_local_maca.sh solutions/cuda_maca_optimized.cpp build/exp619_candidate_resource.so -resource-usage
Building solutions/cuda_maca_optimized.cpp
Compiler: /opt/maca/mxgpu_llvm/bin/mxcc
MACA path: /opt/maca
CUDA bridge: /opt/maca-3.7.1/tools/cu-bridge
Target: xcore1000
Output: build/exp619_candidate_resource.so
solutions/cuda_maca_optimized.cpp:357:40: warning: set minimum blocks' number is illegal in Maca and the value will be ignored [-Wmaca-min-blocks-per-multiprocessor]
  357 | __global__ void __launch_bounds__(256, 6)
      |                                        ^
solutions/cuda_maca_optimized.cpp:723:40: warning: set minimum blocks' number is illegal in Maca and the value will be ignored [-Wmaca-min-blocks-per-multiprocessor]
  723 | __global__ void __launch_bounds__(256, 6)
      |                                        ^
solutions/cuda_maca_optimized.cpp:1251:40: warning: set minimum blocks' number is illegal in Maca and the value will be ignored [-Wmaca-min-blocks-per-multiprocessor]
 1251 | __global__ void __launch_bounds__(256, 6)
      |                                        ^
solutions/cuda_maca_optimized.cpp:1251:40: warning: set minimum blocks' number is illegal in Maca and the value will be ignored [-Wmaca-min-blocks-per-multiprocessor]
solutions/cuda_maca_optimized.cpp:5559:21: note: in instantiation of function template specialization 'paged_decode_token_parallel_kernel<4, 8, false, false, false, false, false, true, false, false, false, false, false, true, false, false, false>' requested here
 5559 |                     paged_decode_token_parallel_kernel<
      |                     ^
solutions/cuda_maca_optimized.cpp:1251:40: warning: set minimum blocks' number is illegal in Maca and the value will be ignored [-Wmaca-min-blocks-per-multiprocessor]
 1251 | __global__ void __launch_bounds__(256, 6)
      |                                        ^
solutions/cuda_maca_optimized.cpp:5571:21: note: in instantiation of function template specialization 'paged_decode_token_parallel_kernel<4, 8, false, false, false, false, false, false, false, false, false, false, false, false, false, false, false>' requested here
 5571 |                     paged_decode_token_parallel_kernel<4, 8, false><<<
      |                     ^
solutions/cuda_maca_optimized.cpp:1251:40: warning: set minimum blocks' number is illegal in Maca and the value will be ignored [-Wmaca-min-blocks-per-multiprocessor]
 1251 | __global__ void __launch_bounds__(256, 6)
      |                                        ^
solutions/cuda_maca_optimized.cpp:5706:21: note: in instantiation of function template specialization 'paged_decode_token_parallel_kernel<8, 4, false, false, false, false, false, true, false, false, false, false, true, true, true, true, false>' requested here
 5706 |                     paged_decode_token_parallel_kernel<
      |                     ^
solutions/cuda_maca_optimized.cpp:1251:40: warning: set minimum blocks' number is illegal in Maca and the value will be ignored [-Wmaca-min-blocks-per-multiprocessor]
 1251 | __global__ void __launch_bounds__(256, 6)
      |                                        ^
solutions/cuda_maca_optimized.cpp:5728:21: note: in instantiation of function template specialization 'paged_decode_token_parallel_kernel<8, 4, true, false, false, false, false, true, false, false, true, false, true, true, false, false, true>' requested here
 5728 |                     paged_decode_token_parallel_kernel<
      |                     ^
solutions/cuda_maca_optimized.cpp:723:40: warning: set minimum blocks' number is illegal in Maca and the value will be ignored [-Wmaca-min-blocks-per-multiprocessor]
  723 | __global__ void __launch_bounds__(256, 6)
      |                                        ^
solutions/cuda_maca_optimized.cpp:5743:9: note: in instantiation of function template specialization 'paged_decode_split_qk_pair_kernel<8, 4>' requested here
 5743 |         paged_decode_split_qk_pair_kernel<8, 4><<<grid, 128>>>(
      |         ^
solutions/cuda_maca_optimized.cpp:357:40: warning: set minimum blocks' number is illegal in Maca and the value will be ignored [-Wmaca-min-blocks-per-multiprocessor]
  357 | __global__ void __launch_bounds__(256, 6)
      |                                        ^
solutions/cuda_maca_optimized.cpp:5750:13: note: in instantiation of function template specialization 'paged_decode_split_kernel<4, 8>' requested here
 5750 |             paged_decode_split_kernel<4, 8><<<grid, 256>>>(
      |             ^
solutions/cuda_maca_optimized.cpp:357:40: warning: set minimum blocks' number is illegal in Maca and the value will be ignored [-Wmaca-min-blocks-per-multiprocessor]
  357 | __global__ void __launch_bounds__(256, 6)
      |                                        ^
solutions/cuda_maca_optimized.cpp:5756:13: note: in instantiation of function template specialization 'paged_decode_split_kernel<8, 4>' requested here
 5756 |             paged_decode_split_kernel<8, 4><<<grid, 128>>>(
      |             ^
10 warnings generated when compiling for xcore1000.
solutions/cuda_maca_optimized.cpp:357:40: warning: set minimum blocks' number is illegal in Maca and the value will be ignored [-Wmaca-min-blocks-per-multiprocessor]
  357 | __global__ void __launch_bounds__(256, 6)
      |                                        ^
solutions/cuda_maca_optimized.cpp:723:40: warning: set minimum blocks' number is illegal in Maca and the value will be ignored [-Wmaca-min-blocks-per-multiprocessor]
  723 | __global__ void __launch_bounds__(256, 6)
      |                                        ^
solutions/cuda_maca_optimized.cpp:1251:40: warning: set minimum blocks' number is illegal in Maca and the value will be ignored [-Wmaca-min-blocks-per-multiprocessor]
 1251 | __global__ void __launch_bounds__(256, 6)
      |                                        ^
solutions/cuda_maca_optimized.cpp:1251:40: warning: set minimum blocks' number is illegal in Maca and the value will be ignored [-Wmaca-min-blocks-per-multiprocessor]
solutions/cuda_maca_optimized.cpp:5559:21: note: in instantiation of function template specialization 'paged_decode_token_parallel_kernel<4, 8, false, false, false, false, false, true, false, false, false, false, false, true, false, false, false>' requested here
 5559 |                     paged_decode_token_parallel_kernel<
      |                     ^
solutions/cuda_maca_optimized.cpp:1251:40: warning: set minimum blocks' number is illegal in Maca and the value will be ignored [-Wmaca-min-blocks-per-multiprocessor]
 1251 | __global__ void __launch_bounds__(256, 6)
      |                                        ^
solutions/cuda_maca_optimized.cpp:5571:21: note: in instantiation of function template specialization 'paged_decode_token_parallel_kernel<4, 8, false, false, false, false, false, false, false, false, false, false, false, false, false, false, false>' requested here
 5571 |                     paged_decode_token_parallel_kernel<4, 8, false><<<
      |                     ^
solutions/cuda_maca_optimized.cpp:1251:40: warning: set minimum blocks' number is illegal in Maca and the value will be ignored [-Wmaca-min-blocks-per-multiprocessor]
 1251 | __global__ void __launch_bounds__(256, 6)
      |                                        ^
solutions/cuda_maca_optimized.cpp:5706:21: note: in instantiation of function template specialization 'paged_decode_token_parallel_kernel<8, 4, false, false, false, false, false, true, false, false, false, false, true, true, true, true, false>' requested here
 5706 |                     paged_decode_token_parallel_kernel<
      |                     ^
solutions/cuda_maca_optimized.cpp:1251:40: warning: set minimum blocks' number is illegal in Maca and the value will be ignored [-Wmaca-min-blocks-per-multiprocessor]
 1251 | __global__ void __launch_bounds__(256, 6)
      |                                        ^
solutions/cuda_maca_optimized.cpp:5728:21: note: in instantiation of function template specialization 'paged_decode_token_parallel_kernel<8, 4, true, false, false, false, false, true, false, false, true, false, true, true, false, false, true>' requested here
 5728 |                     paged_decode_token_parallel_kernel<
      |                     ^
solutions/cuda_maca_optimized.cpp:723:40: warning: set minimum blocks' number is illegal in Maca and the value will be ignored [-Wmaca-min-blocks-per-multiprocessor]
  723 | __global__ void __launch_bounds__(256, 6)
      |                                        ^
solutions/cuda_maca_optimized.cpp:5743:9: note: in instantiation of function template specialization 'paged_decode_split_qk_pair_kernel<8, 4>' requested here
 5743 |         paged_decode_split_qk_pair_kernel<8, 4><<<grid, 128>>>(
      |         ^
solutions/cuda_maca_optimized.cpp:357:40: warning: set minimum blocks' number is illegal in Maca and the value will be ignored [-Wmaca-min-blocks-per-multiprocessor]
  357 | __global__ void __launch_bounds__(256, 6)
      |                                        ^
solutions/cuda_maca_optimized.cpp:5750:13: note: in instantiation of function template specialization 'paged_decode_split_kernel<4, 8>' requested here
 5750 |             paged_decode_split_kernel<4, 8><<<grid, 256>>>(
      |             ^
solutions/cuda_maca_optimized.cpp:357:40: warning: set minimum blocks' number is illegal in Maca and the value will be ignored [-Wmaca-min-blocks-per-multiprocessor]
  357 | __global__ void __launch_bounds__(256, 6)
      |                                        ^
solutions/cuda_maca_optimized.cpp:5756:13: note: in instantiation of function template specialization 'paged_decode_split_kernel<8, 4>' requested here
 5756 |             paged_decode_split_kernel<8, 4><<<grid, 128>>>(
      |             ^
 maca info  : Function properties for  _Z27paged_decode_generic_kernelPK15__maca_bfloat16S1_S1_PS_PKiS4_llllllf 
  0 bytes stack frame 
 maca info  : Used  28 MTregisters, 50 STregisters, 0 bytes shared mem  
 maca info  : staticMaxWarps/PEU : 8
 maca info  : Function properties for  _Z32paged_decode_single_token_kernelILi4ELi8EEvPK15__maca_bfloat16PS0_PKii 
  0 bytes stack frame 
 maca info  : Used  6 MTregisters, 18 STregisters, 0 bytes shared mem  
 maca info  : staticMaxWarps/PEU : 8
 maca info  : Function properties for  _Z32paged_decode_single_token_kernelILi8ELi4EEvPK15__maca_bfloat16PS0_PKii 
  0 bytes stack frame 
 maca info  : Used  6 MTregisters, 18 STregisters, 0 bytes shared mem  
 maca info  : staticMaxWarps/PEU : 8
 maca info  : Function properties for  _Z29paged_decode_two_token_kernelILi4ELi8ELb0EEvPK15__maca_bfloat16S2_S2_PS0_PKiS5_if 
  0 bytes stack frame 
 maca info  : Used  22 MTregisters, 24 STregisters, 0 bytes shared mem  
 maca info  : staticMaxWarps/PEU : 8
 maca info  : Function properties for  _Z29paged_decode_two_token_kernelILi8ELi4ELb1EEvPK15__maca_bfloat16S2_S2_PS0_PKiS5_if 
  0 bytes stack frame 
 maca info  : Used  24 MTregisters, 30 STregisters, 0 bytes shared mem  
 maca info  : staticMaxWarps/PEU : 8
 maca info  : Function properties for  _Z29paged_decode_two_token_kernelILi8ELi4ELb0EEvPK15__maca_bfloat16S2_S2_PS0_PKiS5_if 
  0 bytes stack frame 
 maca info  : Used  22 MTregisters, 24 STregisters, 0 bytes shared mem  
 maca info  : staticMaxWarps/PEU : 8
 maca info  : Function properties for  _Z38paged_decode_case11_headpair_z4_kernelILb1ELb1ELb0ELb1ELb1ELb1ELb1ELb1ELb0ELb1ELb1ELb0ELb0ELb1ELb1ELb1ELb0ELb0ELb0EEvPK15__maca_bfloat16S2_S2_PS0_PKiS5_PfS6_S6_iiiif 
  0 bytes stack frame 
 maca info  : Used  86 MTregisters, 70 STregisters, 8320 bytes shared mem  
 maca info  : staticMaxWarps/PEU : 5
 maca info  : Function properties for  _Z38paged_decode_case11_headpair_z4_kernelILb1ELb1ELb0ELb1ELb1ELb1ELb1ELb1ELb0ELb1ELb0ELb0ELb0ELb1ELb1ELb1ELb1ELb1ELb1EEvPK15__maca_bfloat16S2_S2_PS0_PKiS5_PfS6_S6_iiiif 
  0 bytes stack frame 
 maca info  : Used  80 MTregisters, 58 STregisters, 8320 bytes shared mem  
 maca info  : staticMaxWarps/PEU : 6
 maca info  : Function properties for  _Z38paged_decode_case11_headpair_z4_kernelILb1ELb1ELb0ELb1ELb1ELb1ELb0ELb1ELb1ELb1ELb0ELb1ELb1ELb0ELb0ELb0ELb0ELb1ELb1EEvPK15__maca_bfloat16S2_S2_PS0_PKiS5_PfS6_S6_iiiif 
  0 bytes stack frame 
 maca info  : Used  82 MTregisters, 66 STregisters, 8320 bytes shared mem  
 maca info  : staticMaxWarps/PEU : 5
 maca info  : Function properties for  _Z38paged_decode_case11_headpair_z4_kernelILb1ELb1ELb0ELb1ELb1ELb1ELb1ELb1ELb0ELb1ELb0ELb0ELb1ELb1ELb1ELb1ELb1ELb1ELb0EEvPK15__maca_bfloat16S2_S2_PS0_PKiS5_PfS6_S6_iiiif 
  0 bytes stack frame 
 maca info  : Used  80 MTregisters, 58 STregisters, 8320 bytes shared mem  
 maca info  : staticMaxWarps/PEU : 6
 maca info  : Function properties for  _Z38paged_decode_case11_headpair_z4_kernelILb0ELb0ELb0ELb0ELb0ELb0ELb0ELb0ELb0ELb1ELb0ELb0ELb0ELb1ELb1ELb1ELb0ELb1ELb0EEvPK15__maca_bfloat16S2_S2_PS0_PKiS5_PfS6_S6_iiiif 
  0 bytes stack frame 
 maca info  : Used  74 MTregisters, 52 STregisters, 8320 bytes shared mem  
 maca info  : staticMaxWarps/PEU : 6
 maca info  : Function properties for  _Z34paged_decode_token_parallel_kernelILi4ELi8ELb0ELb0ELb0ELb0ELb0ELb1ELb0ELb0ELb0ELb0ELb0ELb1ELb0ELb0ELb0EEvPK15__maca_bfloat16S2_S2_PS0_PKiS5_PfS6_S6_iiiif 
  0 bytes stack frame 
 maca info  : Used  92 MTregisters, 48 STregisters, 8320 bytes shared mem  
 maca info  : staticMaxWarps/PEU : 5
 maca info  : Function properties for  _Z34paged_decode_token_parallel_kernelILi4ELi8ELb0ELb0ELb0ELb0ELb0ELb0ELb0ELb0ELb0ELb0ELb0ELb0ELb0ELb0ELb0EEvPK15__maca_bfloat16S2_S2_PS0_PKiS5_PfS6_S6_iiiif 
  0 bytes stack frame 
 maca info  : Used  92 MTregisters, 48 STregisters, 8320 bytes shared mem  
 maca info  : staticMaxWarps/PEU : 5
 maca info  : Function properties for  _Z42paged_decode_case13_kv8_headpair_z8_kernelILb1ELb0ELb0EEvPK15__maca_bfloat16S2_S2_PS0_PKiS5_PfS6_S6_iiiif 
  0 bytes stack frame 
 maca info  : Used  82 MTregisters, 50 STregisters, 8448 bytes shared mem  
 maca info  : staticMaxWarps/PEU : 5
 maca info  : Function properties for  _Z42paged_decode_case13_kv8_headpair_z8_kernelILb1ELb0ELb1EEvPK15__maca_bfloat16S2_S2_PS0_PKiS5_PfS6_S6_iiiif 
  0 bytes stack frame 
 maca info  : Used  82 MTregisters, 50 STregisters, 8448 bytes shared mem  
 maca info  : staticMaxWarps/PEU : 5
 maca info  : Function properties for  _Z42paged_decode_case13_kv8_headpair_z8_kernelILb1ELb1ELb0EEvPK15__maca_bfloat16S2_S2_PS0_PKiS5_PfS6_S6_iiiif 
  0 bytes stack frame 
 maca info  : Used  82 MTregisters, 48 STregisters, 8448 bytes shared mem  
 maca info  : staticMaxWarps/PEU : 5
 maca info  : Function properties for  _Z34paged_decode_token_parallel_kernelILi8ELi4ELb0ELb0ELb0ELb0ELb0ELb1ELb0ELb0ELb0ELb0ELb1ELb1ELb1ELb1ELb0EEvPK15__maca_bfloat16S2_S2_PS0_PKiS5_PfS6_S6_iiiif 
  0 bytes stack frame 
 maca info  : Used  74 MTregisters, 44 STregisters, 8320 bytes shared mem  
 maca info  : staticMaxWarps/PEU : 6
 maca info  : Function properties for  _Z34paged_decode_token_parallel_kernelILi8ELi4ELb1ELb0ELb0ELb0ELb0ELb1ELb0ELb0ELb1ELb0ELb1ELb1ELb0ELb0ELb1EEvPK15__maca_bfloat16S2_S2_PS0_PKiS5_PfS6_S6_iiiif 
  0 bytes stack frame 
 maca info  : Used  80 MTregisters, 44 STregisters, 8320 bytes shared mem  
 maca info  : staticMaxWarps/PEU : 6
 maca info  : Function properties for  _Z33paged_decode_split_qk_pair_kernelILi8ELi4EEvPK15__maca_bfloat16S2_S2_PS0_PKiS5_PfS6_S6_iiiif 
  0 bytes stack frame 
 maca info  : Used  118 MTregisters, 50 STregisters, 8192 bytes shared mem  
 maca info  : staticMaxWarps/PEU : 4
 maca info  : Function properties for  _Z25paged_decode_split_kernelILi4ELi8EEvPK15__maca_bfloat16S2_S2_PS0_PKiS5_PfS6_S6_iiiif 
  0 bytes stack frame 
 maca info  : Used  104 MTregisters, 74 STregisters, 8192 bytes shared mem  
 maca info  : staticMaxWarps/PEU : 4
 maca info  : Function properties for  _Z25paged_decode_split_kernelILi8ELi4EEvPK15__maca_bfloat16S2_S2_PS0_PKiS5_PfS6_S6_iiiif 
  0 bytes stack frame 
 maca info  : Used  104 MTregisters, 74 STregisters, 8192 bytes shared mem  
 maca info  : staticMaxWarps/PEU : 4
 maca info  : Function properties for  _Z31paged_decode_reduce_vec2_kernelILb1ELb0ELb1ELb0ELb0EEvPKfS1_S1_P15__maca_bfloat16PKiiii 
  0 bytes stack frame 
 maca info  : Used  38 MTregisters, 39 STregisters, 0 bytes shared mem  
 maca info  : staticMaxWarps/PEU : 8
 maca info  : Function properties for  _Z33paged_decode_reduce_group8_kernelILb1ELb0ELb1ELb1ELb1ELb0ELi0EEvPKfS1_S1_P15__maca_bfloat16PKiiii 
  0 bytes stack frame 
 maca info  : Used  66 MTregisters, 24 STregisters, 0 bytes shared mem  
 maca info  : staticMaxWarps/PEU : 7
 maca info  : Function properties for  _Z33paged_decode_reduce_group8_kernelILb1ELb0ELb1ELb1ELb0ELb1ELi3EEvPKfS1_S1_P15__maca_bfloat16PKiiii 
  0 bytes stack frame 
 maca info  : Used  54 MTregisters, 25 STregisters, 0 bytes shared mem  
 maca info  : staticMaxWarps/PEU : 8
 maca info  : Function properties for  _Z33paged_decode_reduce_group8_kernelILb1ELb0ELb1ELb0ELb1ELb0ELi0EEvPKfS1_S1_P15__maca_bfloat16PKiiii 
  0 bytes stack frame 
 maca info  : Used  66 MTregisters, 26 STregisters, 0 bytes shared mem  
 maca info  : staticMaxWarps/PEU : 7
 maca info  : Function properties for  _Z33paged_decode_reduce_group8_kernelILb1ELb0ELb1ELb0ELb0ELb0ELi0EEvPKfS1_S1_P15__maca_bfloat16PKiiii 
  0 bytes stack frame 
 maca info  : Used  66 MTregisters, 26 STregisters, 0 bytes shared mem  
 maca info  : staticMaxWarps/PEU : 7
 maca info  : Function properties for  _Z33paged_decode_reduce_group8_kernelILb1ELb0ELb0ELb0ELb0ELb0ELi0EEvPKfS1_S1_P15__maca_bfloat16PKiiii 
  0 bytes stack frame 
 maca info  : Used  66 MTregisters, 26 STregisters, 0 bytes shared mem  
 maca info  : staticMaxWarps/PEU : 7
 maca info  : Function properties for  _Z31paged_decode_reduce_vec2_kernelILb1ELb0ELb1ELb1ELb1EEvPKfS1_S1_P15__maca_bfloat16PKiiii 
  0 bytes stack frame 
 maca info  : Used  38 MTregisters, 36 STregisters, 0 bytes shared mem  
 maca info  : staticMaxWarps/PEU : 8
 maca info  : Function properties for  _10 warnings generated when compiling for xcore1000.
Z31paged_decode_reduce_vec4_kernelILb1ELb0ELb1EEvPKfS1_S1_P15__maca_bfloat16PKiiii 
  0 bytes stack frame 
 maca info  : Used  64 MTregisters, 35 STregisters, 0 bytes shared mem  
 maca info  : staticMaxWarps/PEU : 8
 maca info  : Function properties for  _Z26paged_decode_reduce_kernelILb1ELb0ELb1ELb1ELb1ELb1ELb1EEvPKfS1_S1_P15__maca_bfloat16PKiiii 
  0 bytes stack frame 
 maca info  : Used  40 MTregisters, 28 STregisters, 0 bytes shared mem  
 maca info  : staticMaxWarps/PEU : 8
 maca info  : Function properties for  _Z26paged_decode_reduce_kernelILb1ELb0ELb0ELb0ELb0ELb0ELb0EEvPKfS1_S1_P15__maca_bfloat16PKiiii 
  0 bytes stack frame 
 maca info  : Used  40 MTregisters, 36 STregisters, 0 bytes shared mem  
 maca info  : staticMaxWarps/PEU : 8
 maca info  : Function properties for  _Z38paged_decode_case11_headpair_z4_kernelILb1ELb1ELb0ELb1ELb1ELb1ELb1ELb1ELb0ELb1ELb1ELb0ELb0ELb1ELb1ELb1ELb1ELb1ELb1EEvPK15__maca_bfloat16S2_S2_PS0_PKiS5_PfS6_S6_iiiif 
  0 bytes stack frame 
 maca info  : Used  82 MTregisters, 64 STregisters, 8320 bytes shared mem  
 maca info  : staticMaxWarps/PEU : 5
solutions/cuda_maca_optimized.cpp:357:40: warning: set minimum blocks' number is illegal in Maca and the value will be ignored [-Wmaca-min-blocks-per-multiprocessor]
  357 | __global__ void __launch_bounds__(256, 6)
      |                                        ^
solutions/cuda_maca_optimized.cpp:723:40: warning: set minimum blocks' number is illegal in Maca and the value will be ignored [-Wmaca-min-blocks-per-multiprocessor]
  723 | __global__ void __launch_bounds__(256, 6)
      |                                        ^
solutions/cuda_maca_optimized.cpp:1251:40: warning: set minimum blocks' number is illegal in Maca and the value will be ignored [-Wmaca-min-blocks-per-multiprocessor]
 1251 | __global__ void __launch_bounds__(256, 6)
      |                                        ^
solutions/cuda_maca_optimized.cpp:1251:40: warning: set minimum blocks' number is illegal in Maca and the value will be ignored [-Wmaca-min-blocks-per-multiprocessor]
solutions/cuda_maca_optimized.cpp:5559:21: note: in instantiation of function template specialization 'paged_decode_token_parallel_kernel<4, 8, false, false, false, false, false, true, false, false, false, false, false, true, false, false, false>' requested here
 5559 |                     paged_decode_token_parallel_kernel<
      |                     ^
solutions/cuda_maca_optimized.cpp:1251:40: warning: set minimum blocks' number is illegal in Maca and the value will be ignored [-Wmaca-min-blocks-per-multiprocessor]
 1251 | __global__ void __launch_bounds__(256, 6)
      |                                        ^
solutions/cuda_maca_optimized.cpp:5571:21: note: in instantiation of function template specialization 'paged_decode_token_parallel_kernel<4, 8, false, false, false, false, false, false, false, false, false, false, false, false, false, false, false>' requested here
 5571 |                     paged_decode_token_parallel_kernel<4, 8, false><<<
      |                     ^
solutions/cuda_maca_optimized.cpp:1251:40: warning: set minimum blocks' number is illegal in Maca and the value will be ignored [-Wmaca-min-blocks-per-multiprocessor]
 1251 | __global__ void __launch_bounds__(256, 6)
      |                                        ^
solutions/cuda_maca_optimized.cpp:5706:21: note: in instantiation of function template specialization 'paged_decode_token_parallel_kernel<8, 4, false, false, false, false, false, true, false, false, false, false, true, true, true, true, false>' requested here
 5706 |                     paged_decode_token_parallel_kernel<
      |                     ^
solutions/cuda_maca_optimized.cpp:1251:40: warning: set minimum blocks' number is illegal in Maca and the value will be ignored [-Wmaca-min-blocks-per-multiprocessor]
 1251 | __global__ void __launch_bounds__(256, 6)
      |                                        ^
solutions/cuda_maca_optimized.cpp:5728:21: note: in instantiation of function template specialization 'paged_decode_token_parallel_kernel<8, 4, true, false, false, false, false, true, false, false, true, false, true, true, false, false, true>' requested here
 5728 |                     paged_decode_token_parallel_kernel<
      |                     ^
solutions/cuda_maca_optimized.cpp:723:40: warning: set minimum blocks' number is illegal in Maca and the value will be ignored [-Wmaca-min-blocks-per-multiprocessor]
  723 | __global__ void __launch_bounds__(256, 6)
      |                                        ^
solutions/cuda_maca_optimized.cpp:5743:9: note: in instantiation of function template specialization 'paged_decode_split_qk_pair_kernel<8, 4>' requested here
 5743 |         paged_decode_split_qk_pair_kernel<8, 4><<<grid, 128>>>(
      |         ^
solutions/cuda_maca_optimized.cpp:357:40: warning: set minimum blocks' number is illegal in Maca and the value will be ignored [-Wmaca-min-blocks-per-multiprocessor]
  357 | __global__ void __launch_bounds__(256, 6)
      |                                        ^
solutions/cuda_maca_optimized.cpp:5750:13: note: in instantiation of function template specialization 'paged_decode_split_kernel<4, 8>' requested here
 5750 |             paged_decode_split_kernel<4, 8><<<grid, 256>>>(
      |             ^
solutions/cuda_maca_optimized.cpp:357:40: warning: set minimum blocks' number is illegal in Maca and the value will be ignored [-Wmaca-min-blocks-per-multiprocessor]
  357 | __global__ void __launch_bounds__(256, 6)
      |                                        ^
solutions/cuda_maca_optimized.cpp:5756:13: note: in instantiation of function template specialization 'paged_decode_split_kernel<8, 4>' requested here
 5756 |             paged_decode_split_kernel<8, 4><<<grid, 128>>>(
      |             ^
10 warnings generated when compiling for host.
Built build/exp619_candidate_resource.so
exit: 0
artifact: build/exp619_candidate_resource.so
a2ed7528db797f68f1b560a0bd77a957766541e8f874c860064e079ff110e53e  build/exp619_candidate_resource.so
