Building solutions/archive/2026-08-22-experiments/cuda_case12_native_ldg_wave_bsm_exp635.cpp
Compiler: /opt/maca/mxgpu_llvm/bin/mxcc
MACA path: /opt/maca
CUDA bridge: /opt/maca-3.7.1/tools/cu-bridge
Target: xcore1000
Output: build/exp635_candidate.ll
mxcc: warning: argument unused during compilation: '-shared' [-Wunused-command-line-argument]
solutions/archive/2026-08-22-experiments/cuda_case12_native_ldg_wave_bsm_exp635.cpp:349:40: warning: set minimum blocks' number is illegal in Maca and the value will be ignored [-Wmaca-min-blocks-per-multiprocessor]
  349 | __global__ void __launch_bounds__(256, 6)
      |                                        ^
solutions/archive/2026-08-22-experiments/cuda_case12_native_ldg_wave_bsm_exp635.cpp:715:40: warning: set minimum blocks' number is illegal in Maca and the value will be ignored [-Wmaca-min-blocks-per-multiprocessor]
  715 | __global__ void __launch_bounds__(256, 6)
      |                                        ^
solutions/archive/2026-08-22-experiments/cuda_case12_native_ldg_wave_bsm_exp635.cpp:1243:40: warning: set minimum blocks' number is illegal in Maca and the value will be ignored [-Wmaca-min-blocks-per-multiprocessor]
 1243 | __global__ void __launch_bounds__(256, 6)
      |                                        ^
solutions/archive/2026-08-22-experiments/cuda_case12_native_ldg_wave_bsm_exp635.cpp:1243:40: warning: set minimum blocks' number is illegal in Maca and the value will be ignored [-Wmaca-min-blocks-per-multiprocessor]
solutions/archive/2026-08-22-experiments/cuda_case12_native_ldg_wave_bsm_exp635.cpp:5600:21: note: in instantiation of function template specialization 'paged_decode_token_parallel_kernel<4, 8, false, false, false, false, false, true, false, false, false, false, false, true, false, false, false>' requested here
 5600 |                     paged_decode_token_parallel_kernel<
      |                     ^
solutions/archive/2026-08-22-experiments/cuda_case12_native_ldg_wave_bsm_exp635.cpp:1243:40: warning: set minimum blocks' number is illegal in Maca and the value will be ignored [-Wmaca-min-blocks-per-multiprocessor]
 1243 | __global__ void __launch_bounds__(256, 6)
      |                                        ^
solutions/archive/2026-08-22-experiments/cuda_case12_native_ldg_wave_bsm_exp635.cpp:5612:21: note: in instantiation of function template specialization 'paged_decode_token_parallel_kernel<4, 8, false, false, false, false, false, false, false, false, false, false, false, false, false, false, false>' requested here
 5612 |                     paged_decode_token_parallel_kernel<4, 8, false><<<
      |                     ^
solutions/archive/2026-08-22-experiments/cuda_case12_native_ldg_wave_bsm_exp635.cpp:1243:40: warning: set minimum blocks' number is illegal in Maca and the value will be ignored [-Wmaca-min-blocks-per-multiprocessor]
 1243 | __global__ void __launch_bounds__(256, 6)
      |                                        ^
solutions/archive/2026-08-22-experiments/cuda_case12_native_ldg_wave_bsm_exp635.cpp:5753:21: note: in instantiation of function template specialization 'paged_decode_token_parallel_kernel<8, 4, false, false, false, false, false, true, false, false, false, false, true, true, true, true, false>' requested here
 5753 |                     paged_decode_token_parallel_kernel<
      |                     ^
solutions/archive/2026-08-22-experiments/cuda_case12_native_ldg_wave_bsm_exp635.cpp:1243:40: warning: set minimum blocks' number is illegal in Maca and the value will be ignored [-Wmaca-min-blocks-per-multiprocessor]
 1243 | __global__ void __launch_bounds__(256, 6)
      |                                        ^
solutions/archive/2026-08-22-experiments/cuda_case12_native_ldg_wave_bsm_exp635.cpp:5775:21: note: in instantiation of function template specialization 'paged_decode_token_parallel_kernel<8, 4, true, false, false, false, false, true, false, false, true, false, true, true, false, false, true>' requested here
 5775 |                     paged_decode_token_parallel_kernel<
      |                     ^
solutions/archive/2026-08-22-experiments/cuda_case12_native_ldg_wave_bsm_exp635.cpp:715:40: warning: set minimum blocks' number is illegal in Maca and the value will be ignored [-Wmaca-min-blocks-per-multiprocessor]
  715 | __global__ void __launch_bounds__(256, 6)
      |                                        ^
solutions/archive/2026-08-22-experiments/cuda_case12_native_ldg_wave_bsm_exp635.cpp:5790:9: note: in instantiation of function template specialization 'paged_decode_split_qk_pair_kernel<8, 4>' requested here
 5790 |         paged_decode_split_qk_pair_kernel<8, 4><<<grid, 128>>>(
      |         ^
solutions/archive/2026-08-22-experiments/cuda_case12_native_ldg_wave_bsm_exp635.cpp:349:40: warning: set minimum blocks' number is illegal in Maca and the value will be ignored [-Wmaca-min-blocks-per-multiprocessor]
  349 | __global__ void __launch_bounds__(256, 6)
      |                                        ^
solutions/archive/2026-08-22-experiments/cuda_case12_native_ldg_wave_bsm_exp635.cpp:5797:13: note: in instantiation of function template specialization 'paged_decode_split_kernel<4, 8>' requested here
 5797 |             paged_decode_split_kernel<4, 8><<<grid, 256>>>(
      |             ^
solutions/archive/2026-08-22-experiments/cuda_case12_native_ldg_wave_bsm_exp635.cpp:349:40: warning: set minimum blocks' number is illegal in Maca and the value will be ignored [-Wmaca-min-blocks-per-multiprocessor]
  349 | __global__ void __launch_bounds__(256, 6)
      |                                        ^
solutions/archive/2026-08-22-experiments/cuda_case12_native_ldg_wave_bsm_exp635.cpp:5803:13: note: in instantiation of function template specialization 'paged_decode_split_kernel<8, 4>' requested here
 5803 |             paged_decode_split_kernel<8, 4><<<grid, 128>>>(
      |             ^
10 warnings generated when compiling for xcore1000.
solutions/archive/2026-08-22-experiments/cuda_case12_native_ldg_wave_bsm_exp635.cpp:349:40: warning: set minimum blocks' number is illegal in Maca and the value will be ignored [-Wmaca-min-blocks-per-multiprocessor]
  349 | __global__ void __launch_bounds__(256, 6)
      |                                        ^
solutions/archive/2026-08-22-experiments/cuda_case12_native_ldg_wave_bsm_exp635.cpp:715:40: warning: set minimum blocks' number is illegal in Maca and the value will be ignored [-Wmaca-min-blocks-per-multiprocessor]
  715 | __global__ void __launch_bounds__(256, 6)
      |                                        ^
solutions/archive/2026-08-22-experiments/cuda_case12_native_ldg_wave_bsm_exp635.cpp:1243:40: warning: set minimum blocks' number is illegal in Maca and the value will be ignored [-Wmaca-min-blocks-per-multiprocessor]
 1243 | __global__ void __launch_bounds__(256, 6)
      |                                        ^
solutions/archive/2026-08-22-experiments/cuda_case12_native_ldg_wave_bsm_exp635.cpp:1243:40: warning: set minimum blocks' number is illegal in Maca and the value will be ignored [-Wmaca-min-blocks-per-multiprocessor]
solutions/archive/2026-08-22-experiments/cuda_case12_native_ldg_wave_bsm_exp635.cpp:5600:21: note: in instantiation of function template specialization 'paged_decode_token_parallel_kernel<4, 8, false, false, false, false, false, true, false, false, false, false, false, true, false, false, false>' requested here
 5600 |                     paged_decode_token_parallel_kernel<
      |                     ^
solutions/archive/2026-08-22-experiments/cuda_case12_native_ldg_wave_bsm_exp635.cpp:1243:40: warning: set minimum blocks' number is illegal in Maca and the value will be ignored [-Wmaca-min-blocks-per-multiprocessor]
 1243 | __global__ void __launch_bounds__(256, 6)
      |                                        ^
solutions/archive/2026-08-22-experiments/cuda_case12_native_ldg_wave_bsm_exp635.cpp:5612:21: note: in instantiation of function template specialization 'paged_decode_token_parallel_kernel<4, 8, false, false, false, false, false, false, false, false, false, false, false, false, false, false, false>' requested here
 5612 |                     paged_decode_token_parallel_kernel<4, 8, false><<<
      |                     ^
solutions/archive/2026-08-22-experiments/cuda_case12_native_ldg_wave_bsm_exp635.cpp:1243:40: warning: set minimum blocks' number is illegal in Maca and the value will be ignored [-Wmaca-min-blocks-per-multiprocessor]
 1243 | __global__ void __launch_bounds__(256, 6)
      |                                        ^
solutions/archive/2026-08-22-experiments/cuda_case12_native_ldg_wave_bsm_exp635.cpp:5753:21: note: in instantiation of function template specialization 'paged_decode_token_parallel_kernel<8, 4, false, false, false, false, false, true, false, false, false, false, true, true, true, true, false>' requested here
 5753 |                     paged_decode_token_parallel_kernel<
      |                     ^
solutions/archive/2026-08-22-experiments/cuda_case12_native_ldg_wave_bsm_exp635.cpp:1243:40: warning: set minimum blocks' number is illegal in Maca and the value will be ignored [-Wmaca-min-blocks-per-multiprocessor]
 1243 | __global__ void __launch_bounds__(256, 6)
      |                                        ^
solutions/archive/2026-08-22-experiments/cuda_case12_native_ldg_wave_bsm_exp635.cpp:5775:21: note: in instantiation of function template specialization 'paged_decode_token_parallel_kernel<8, 4, true, false, false, false, false, true, false, false, true, false, true, true, false, false, true>' requested here
 5775 |                     paged_decode_token_parallel_kernel<
      |                     ^
solutions/archive/2026-08-22-experiments/cuda_case12_native_ldg_wave_bsm_exp635.cpp:715:40: warning: set minimum blocks' number is illegal in Maca and the value will be ignored [-Wmaca-min-blocks-per-multiprocessor]
  715 | __global__ void __launch_bounds__(256, 6)
      |                                        ^
solutions/archive/2026-08-22-experiments/cuda_case12_native_ldg_wave_bsm_exp635.cpp:5790:9: note: in instantiation of function template specialization 'paged_decode_split_qk_pair_kernel<8, 4>' requested here
 5790 |         paged_decode_split_qk_pair_kernel<8, 4><<<grid, 128>>>(
      |         ^
solutions/archive/2026-08-22-experiments/cuda_case12_native_ldg_wave_bsm_exp635.cpp:349:40: warning: set minimum blocks' number is illegal in Maca and the value will be ignored [-Wmaca-min-blocks-per-multiprocessor]
  349 | __global__ void __launch_bounds__(256, 6)
      |                                        ^
solutions/archive/2026-08-22-experiments/cuda_case12_native_ldg_wave_bsm_exp635.cpp:5797:13: note: in instantiation of function template specialization 'paged_decode_split_kernel<4, 8>' requested here
 5797 |             paged_decode_split_kernel<4, 8><<<grid, 256>>>(
      |             ^
solutions/archive/2026-08-22-experiments/cuda_case12_native_ldg_wave_bsm_exp635.cpp:349:40: warning: set minimum blocks' number is illegal in Maca and the value will be ignored [-Wmaca-min-blocks-per-multiprocessor]
  349 | __global__ void __launch_bounds__(256, 6)
      |                                        ^
solutions/archive/2026-08-22-experiments/cuda_case12_native_ldg_wave_bsm_exp635.cpp:5803:13: note: in instantiation of function template specialization 'paged_decode_split_kernel<8, 4>' requested here
 5803 |             paged_decode_split_kernel<8, 4><<<grid, 128>>>(
      |             ^
10 warnings generated when compiling for host.
Built build/exp635_candidate.ll
