__device_stub__paged_decode_generic_kernel(__maca_bfloat16 const*, __maca_bfloat16 const*, __maca_bfloat16 const*, __maca_bfloat16*, int const*, int const*, long, long, long, long, long, long, float)
run_kernel
run_kernel::s_capacity
run_kernel::s_partial_acc
run_kernel::s_partial_l
run_kernel::s_partial_m
void __device_stub__paged_decode_case11_headpair_z4_kernel<false, false, false, false, false, false, false, false, false, true, false, false, false, true, true, true, false, true, false>(__maca_bfloat16 const*, __maca_bfloat16 const*, __maca_bfloat16 const*, __maca_bfloat16*, int const*, int const*, float*, float*, float*, int, int, int, int, float)
void __device_stub__paged_decode_case11_headpair_z4_kernel<true, true, false, true, true, true, false, true, true, true, false, true, true, false, false, false, false, true, true>(__maca_bfloat16 const*, __maca_bfloat16 const*, __maca_bfloat16 const*, __maca_bfloat16*, int const*, int const*, float*, float*, float*, int, int, int, int, float)
void __device_stub__paged_decode_case11_headpair_z4_kernel<true, true, false, true, true, true, true, true, false, true, false, false, false, true, true, true, true, true, true>(__maca_bfloat16 const*, __maca_bfloat16 const*, __maca_bfloat16 const*, __maca_bfloat16*, int const*, int const*, float*, float*, float*, int, int, int, int, float)
void __device_stub__paged_decode_case11_headpair_z4_kernel<true, true, false, true, true, true, true, true, false, true, false, false, true, true, true, true, true, true, false>(__maca_bfloat16 const*, __maca_bfloat16 const*, __maca_bfloat16 const*, __maca_bfloat16*, int const*, int const*, float*, float*, float*, int, int, int, int, float)
void __device_stub__paged_decode_case11_headpair_z4_kernel<true, true, false, true, true, true, true, true, false, true, true, false, false, true, true, true, false, false, false>(__maca_bfloat16 const*, __maca_bfloat16 const*, __maca_bfloat16 const*, __maca_bfloat16*, int const*, int const*, float*, float*, float*, int, int, int, int, float)
void __device_stub__paged_decode_case11_headpair_z4_kernel<true, true, false, true, true, true, true, true, false, true, true, false, false, true, true, true, true, true, true>(__maca_bfloat16 const*, __maca_bfloat16 const*, __maca_bfloat16 const*, __maca_bfloat16*, int const*, int const*, float*, float*, float*, int, int, int, int, float)
void __device_stub__paged_decode_case13_kv8_headpair_z8_kernel<TARGET>(__maca_bfloat16 const*, __maca_bfloat16 const*, __maca_bfloat16 const*, __maca_bfloat16*, int const*, int const*, float*, float*, float*, int, int, int, int, float)
void __device_stub__paged_decode_case13_kv8_headpair_z8_kernel<TARGET>(__maca_bfloat16 const*, __maca_bfloat16 const*, __maca_bfloat16 const*, __maca_bfloat16*, int const*, int const*, float*, float*, float*, int, int, int, int, float)
void __device_stub__paged_decode_case13_kv8_headpair_z8_kernel<TARGET>(__maca_bfloat16 const*, __maca_bfloat16 const*, __maca_bfloat16 const*, __maca_bfloat16*, int const*, int const*, float*, float*, float*, int, int, int, int, float)
void __device_stub__paged_decode_reduce_group8_kernel<true, false, false, false, false, false, 0>(float const*, float const*, float const*, __maca_bfloat16*, int const*, int, int, int)
void __device_stub__paged_decode_reduce_group8_kernel<true, false, true, false, false, false, 0>(float const*, float const*, float const*, __maca_bfloat16*, int const*, int, int, int)
void __device_stub__paged_decode_reduce_group8_kernel<true, false, true, false, true, false, 0>(float const*, float const*, float const*, __maca_bfloat16*, int const*, int, int, int)
void __device_stub__paged_decode_reduce_group8_kernel<true, false, true, true, false, true, 3>(float const*, float const*, float const*, __maca_bfloat16*, int const*, int, int, int)
void __device_stub__paged_decode_reduce_group8_kernel<true, false, true, true, true, false, 0>(float const*, float const*, float const*, __maca_bfloat16*, int const*, int, int, int)
void __device_stub__paged_decode_reduce_kernel<true, false, false, false, false, false, false>(float const*, float const*, float const*, __maca_bfloat16*, int const*, int, int, int)
void __device_stub__paged_decode_reduce_kernel<true, false, true, true, true, true, true>(float const*, float const*, float const*, __maca_bfloat16*, int const*, int, int, int)
void __device_stub__paged_decode_reduce_vec2_kernel<true, false, true, false, false>(float const*, float const*, float const*, __maca_bfloat16*, int const*, int, int, int)
void __device_stub__paged_decode_reduce_vec2_kernel<true, false, true, true, true>(float const*, float const*, float const*, __maca_bfloat16*, int const*, int, int, int)
void __device_stub__paged_decode_reduce_vec4_kernel<true, false, true>(float const*, float const*, float const*, __maca_bfloat16*, int const*, int, int, int)
void __device_stub__paged_decode_single_token_kernel<4, 8>(__maca_bfloat16 const*, __maca_bfloat16*, int const*, int)
void __device_stub__paged_decode_single_token_kernel<8, 4>(__maca_bfloat16 const*, __maca_bfloat16*, int const*, int)
void __device_stub__paged_decode_split_kernel<4, 8>(__maca_bfloat16 const*, __maca_bfloat16 const*, __maca_bfloat16 const*, __maca_bfloat16*, int const*, int const*, float*, float*, float*, int, int, int, int, float)
void __device_stub__paged_decode_split_kernel<8, 4>(__maca_bfloat16 const*, __maca_bfloat16 const*, __maca_bfloat16 const*, __maca_bfloat16*, int const*, int const*, float*, float*, float*, int, int, int, int, float)
void __device_stub__paged_decode_split_qk_pair_kernel<8, 4>(__maca_bfloat16 const*, __maca_bfloat16 const*, __maca_bfloat16 const*, __maca_bfloat16*, int const*, int const*, float*, float*, float*, int, int, int, int, float)
void __device_stub__paged_decode_token_parallel_kernel<4, 8, false, false, false, false, false, false, false, false, false, false, false, false, false, false, false>(__maca_bfloat16 const*, __maca_bfloat16 const*, __maca_bfloat16 const*, __maca_bfloat16*, int const*, int const*, float*, float*, float*, int, int, int, int, float)
void __device_stub__paged_decode_token_parallel_kernel<4, 8, false, false, false, false, false, true, false, false, false, false, false, true, false, false, false>(__maca_bfloat16 const*, __maca_bfloat16 const*, __maca_bfloat16 const*, __maca_bfloat16*, int const*, int const*, float*, float*, float*, int, int, int, int, float)
void __device_stub__paged_decode_token_parallel_kernel<8, 4, false, false, false, false, false, true, false, false, false, false, true, true, true, true, false>(__maca_bfloat16 const*, __maca_bfloat16 const*, __maca_bfloat16 const*, __maca_bfloat16*, int const*, int const*, float*, float*, float*, int, int, int, int, float)
void __device_stub__paged_decode_token_parallel_kernel<8, 4, true, false, false, false, false, true, false, false, true, false, true, true, false, false, true>(__maca_bfloat16 const*, __maca_bfloat16 const*, __maca_bfloat16 const*, __maca_bfloat16*, int const*, int const*, float*, float*, float*, int, int, int, int, float)
void __device_stub__paged_decode_two_token_kernel<4, 8>(__maca_bfloat16 const*, __maca_bfloat16 const*, __maca_bfloat16 const*, __maca_bfloat16*, int const*, int const*, int, float)
void __device_stub__paged_decode_two_token_kernel<8, 4>(__maca_bfloat16 const*, __maca_bfloat16 const*, __maca_bfloat16 const*, __maca_bfloat16*, int const*, int const*, int, float)
