candidate_kernel_count=31
00 _Z27paged_decode_generic_kernelPK15__maca_bfloat16S1_S1_PS_PKiS4_llllllf sha256=b0e26cf7245baa6ce301564a33da9a0378dac9bbb5c9ab4ee9dfa3aa424a5e02 bytes=16465
01 _Z32paged_decode_single_token_kernelILi4ELi8EEvPK15__maca_bfloat16PS0_PKii sha256=8bd4bc1648187416bc298cdfab9cd39e4a9aa9b7a7f9478bb426b5aa78cecc11 bytes=2086
02 _Z32paged_decode_single_token_kernelILi8ELi4EEvPK15__maca_bfloat16PS0_PKii sha256=3686e1353e4310aea33d4f6ea49fbf5a1a7f28c0b04f4d1bf8bec5d18ad2d0a3 bytes=2084
03 _Z29paged_decode_two_token_kernelILi4ELi8EEvPK15__maca_bfloat16S2_S2_PS0_PKiS5_if sha256=9f104515f3bca27f8cfec41c1ee2fd8c282a0cb2d678609bf2cc8bb7556f77fb bytes=18676
04 _Z29paged_decode_two_token_kernelILi8ELi4EEvPK15__maca_bfloat16S2_S2_PS0_PKiS5_if sha256=d9b21b7d349a971481711ed8862d7627349cd1e7ab1bb8654a373f8abbf9ad14 bytes=18678
05 _Z38paged_decode_case11_headpair_z4_kernelILb1ELb1ELb0ELb1ELb1ELb1ELb1ELb1ELb0ELb1ELb1ELb0ELb0ELb1ELb1ELb1ELb0ELb0ELb0EEvPK15__maca_bfloat16S2_S2_PS0_PKiS5_PfS6_S6_iiiif sha256=2d50953dc658680ffaf5cdc9f9845c4e4a30ca22c0261723ce95d3224bea707a bytes=308880
06 _Z38paged_decode_case11_headpair_z4_kernelILb1ELb1ELb0ELb1ELb1ELb1ELb1ELb1ELb0ELb1ELb0ELb0ELb0ELb1ELb1ELb1ELb1ELb1ELb1EEvPK15__maca_bfloat16S2_S2_PS0_PKiS5_PfS6_S6_iiiif sha256=b9909e7ffc1b04adfd21457a943910a32c13c2bee5b87afe08abcb5f19504b74 bytes=143268
07 _Z38paged_decode_case11_headpair_z4_kernelILb1ELb1ELb0ELb1ELb1ELb1ELb0ELb1ELb1ELb1ELb0ELb1ELb1ELb0ELb0ELb0ELb0ELb1ELb1EEvPK15__maca_bfloat16S2_S2_PS0_PKiS5_PfS6_S6_iiiif sha256=34596da5ed5de07826199126eb6652d3c12732b1bfaf4a1a6cf79b98e6fcdc95 bytes=285711
08 _Z38paged_decode_case11_headpair_z4_kernelILb1ELb1ELb0ELb1ELb1ELb1ELb1ELb1ELb0ELb1ELb0ELb0ELb1ELb1ELb1ELb1ELb1ELb1ELb0EEvPK15__maca_bfloat16S2_S2_PS0_PKiS5_PfS6_S6_iiiif sha256=36667206f6923d8bcbac8d869bc0ac70646b05a30f1df76626bb3b5cbc9fc603 bytes=143090
09 _Z38paged_decode_case11_headpair_z4_kernelILb0ELb0ELb0ELb0ELb0ELb0ELb0ELb0ELb0ELb1ELb0ELb0ELb0ELb1ELb1ELb1ELb0ELb1ELb0EEvPK15__maca_bfloat16S2_S2_PS0_PKiS5_PfS6_S6_iiiif sha256=8740b4b99431c36272358dc574a31f0bfa770c8e9bcc79c0ff84f50408d1cbd4 bytes=99840
10 _Z34paged_decode_token_parallel_kernelILi4ELi8ELb0ELb0ELb0ELb0ELb0ELb1ELb0ELb0ELb0ELb0ELb0ELb1ELb0ELb0ELb0EEvPK15__maca_bfloat16S2_S2_PS0_PKiS5_PfS6_S6_iiiif sha256=6edaeeade495f96c69ca4d4704d9b52724c6b884cec99d81b25d28a52ff914e5 bytes=187112
11 _Z34paged_decode_token_parallel_kernelILi4ELi8ELb0ELb0ELb0ELb0ELb0ELb0ELb0ELb0ELb0ELb0ELb0ELb0ELb0ELb0ELb0EEvPK15__maca_bfloat16S2_S2_PS0_PKiS5_PfS6_S6_iiiif sha256=9948ad81844062f8b3b14e912b9f4024f5cfdd6c0d1d97e8b03d6cc92ddc93cb bytes=215158
12 _Z42paged_decode_case13_kv8_headpair_z8_kernelILb1ELb0ELb0EEvPK15__maca_bfloat16S2_S2_PS0_PKiS5_PfS6_S6_iiiif sha256=e732f1ca8c9af63bddeff46b2e9f21fd3602324110b7e36972028dd8380c0d2c bytes=140342
13 _Z42paged_decode_case13_kv8_headpair_z8_kernelILb1ELb0ELb1EEvPK15__maca_bfloat16S2_S2_PS0_PKiS5_PfS6_S6_iiiif sha256=1feeb37a13a0483d386ab32c05f39cc1d65a81dc92ba6170f9f9c8e55deea6c3 bytes=141160
14 _Z42paged_decode_case13_kv8_headpair_z8_kernelILb1ELb1ELb0EEvPK15__maca_bfloat16S2_S2_PS0_PKiS5_PfS6_S6_iiiif sha256=d0b8fe3c7783f8aeb3372e040c65cb9cedc0e0ebddee3a791012827ec3d62d0f bytes=140262
15 _Z34paged_decode_token_parallel_kernelILi8ELi4ELb0ELb0ELb0ELb0ELb0ELb1ELb0ELb0ELb0ELb0ELb1ELb1ELb1ELb1ELb0EEvPK15__maca_bfloat16S2_S2_PS0_PKiS5_PfS6_S6_iiiif sha256=3eac348b402a30ac2f339f80dc8c95d9b60edefa111304920d381f31860f3602 bytes=196403
16 _Z34paged_decode_token_parallel_kernelILi8ELi4ELb1ELb0ELb0ELb0ELb0ELb1ELb0ELb0ELb1ELb0ELb1ELb1ELb0ELb0ELb1EEvPK15__maca_bfloat16S2_S2_PS0_PKiS5_PfS6_S6_iiiif sha256=39dd05c3ed7fa59ad477846b3b00702873d1acb065061b2ce6c8fe8b54884e95 bytes=120491
17 _Z33paged_decode_split_qk_pair_kernelILi8ELi4EEvPK15__maca_bfloat16S2_S2_PS0_PKiS5_PfS6_S6_iiiif sha256=0f33f63f39258bec4301f8d2726495597c78d967ac915b89f24783d5bb4648be bytes=114380
18 _Z25paged_decode_split_kernelILi4ELi8EEvPK15__maca_bfloat16S2_S2_PS0_PKiS5_PfS6_S6_iiiif sha256=eec2ecd52b5940d7e314e8792ca20d8f97b8c798ec0da2ac88b913df0bf5958b bytes=132384
19 _Z25paged_decode_split_kernelILi8ELi4EEvPK15__maca_bfloat16S2_S2_PS0_PKiS5_PfS6_S6_iiiif sha256=963823bef10a725c96b66e27e7d19aca359eff211ac1521c80a7577430c9e1f1 bytes=132384
20 _Z31paged_decode_reduce_vec2_kernelILb1ELb0ELb1ELb0ELb0EEvPKfS1_S1_P15__maca_bfloat16PKiiii sha256=a3d27ca5289e0392bc84a1256b98d4de52389cb0caf4b44a0134e88f4b1a4741 bytes=38866
21 _Z33paged_decode_reduce_group8_kernelILb1ELb0ELb1ELb1ELb1ELb0ELi0EEvPKfS1_S1_P15__maca_bfloat16PKiiii sha256=2e18869a2a9fa08e7ff6be0550f2378908872ee07481e574ed24ca0ef414978e bytes=43316
22 _Z33paged_decode_reduce_group8_kernelILb1ELb0ELb1ELb1ELb0ELb1ELi3EEvPKfS1_S1_P15__maca_bfloat16PKiiii sha256=30b4c732edd6cad9ea32fb3c3bb1256758577ead55b81a7a42f7c65a15fdad72 bytes=48383
23 _Z33paged_decode_reduce_group8_kernelILb1ELb0ELb1ELb0ELb1ELb0ELi0EEvPKfS1_S1_P15__maca_bfloat16PKiiii sha256=b28d0d4dfb2be48f842f6c1ded7a1eac7fdd70fbab41e62479b054aa50b03e09 bytes=42822
24 _Z33paged_decode_reduce_group8_kernelILb1ELb0ELb1ELb0ELb0ELb0ELi0EEvPKfS1_S1_P15__maca_bfloat16PKiiii sha256=c0375a9a01709cdcfc8f5aa7f82a4e28521e33e490c177a1ad17c5b2eda570d6 bytes=46353
25 _Z33paged_decode_reduce_group8_kernelILb1ELb0ELb0ELb0ELb0ELb0ELi0EEvPKfS1_S1_P15__maca_bfloat16PKiiii sha256=244b4047c6a35a1b23f48797031be19bd96affea3de9e6ea21456788fbe3db8b bytes=47438
26 _Z31paged_decode_reduce_vec2_kernelILb1ELb0ELb1ELb1ELb1EEvPKfS1_S1_P15__maca_bfloat16PKiiii sha256=e0b8939415481f95214b1629d950056a6a31262ef9b735bf34d539c947a9dbcd bytes=27948
27 _Z31paged_decode_reduce_vec4_kernelILb1ELb0ELb1EEvPKfS1_S1_P15__maca_bfloat16PKiiii sha256=5f984c61acb6c6a70b1bd5b194d8803e5c90c11a8febf005393fa822240091d4 bytes=41642
28 _Z26paged_decode_reduce_kernelILb1ELb0ELb1ELb1ELb1ELb1ELb1EEvPKfS1_S1_P15__maca_bfloat16PKiiii sha256=1aa1b41f889c36f50135fae2da63e3b94c07ce8356233fc3e2e41164d72ad35c bytes=27992
29 _Z26paged_decode_reduce_kernelILb1ELb0ELb0ELb0ELb0ELb0ELb0EEvPKfS1_S1_P15__maca_bfloat16PKiiii sha256=fc13d6e2b36cc0b2c5ca496594857203e421ca06a11a70e01fc38aac510189a1 bytes=34382
30 _Z38paged_decode_case11_headpair_z4_kernelILb1ELb1ELb0ELb1ELb1ELb1ELb1ELb1ELb0ELb1ELb1ELb0ELb0ELb1ELb1ELb1ELb1ELb1ELb1EEvPK15__maca_bfloat16S2_S2_PS0_PKiS5_PfS6_S6_iiiif sha256=d49ddc7f41bf00a597b704d2d9ddc0106488a6c671762be62752a1d6ae1b9c03 bytes=246102

control_kernel_count=31
00 _Z27paged_decode_generic_kernelPK15__maca_bfloat16S1_S1_PS_PKiS4_llllllf sha256=b0e26cf7245baa6ce301564a33da9a0378dac9bbb5c9ab4ee9dfa3aa424a5e02 bytes=16465
01 _Z32paged_decode_single_token_kernelILi4ELi8EEvPK15__maca_bfloat16PS0_PKii sha256=8bd4bc1648187416bc298cdfab9cd39e4a9aa9b7a7f9478bb426b5aa78cecc11 bytes=2086
02 _Z32paged_decode_single_token_kernelILi8ELi4EEvPK15__maca_bfloat16PS0_PKii sha256=3686e1353e4310aea33d4f6ea49fbf5a1a7f28c0b04f4d1bf8bec5d18ad2d0a3 bytes=2084
03 _Z29paged_decode_two_token_kernelILi4ELi8EEvPK15__maca_bfloat16S2_S2_PS0_PKiS5_if sha256=9f104515f3bca27f8cfec41c1ee2fd8c282a0cb2d678609bf2cc8bb7556f77fb bytes=18676
04 _Z29paged_decode_two_token_kernelILi8ELi4EEvPK15__maca_bfloat16S2_S2_PS0_PKiS5_if sha256=d9b21b7d349a971481711ed8862d7627349cd1e7ab1bb8654a373f8abbf9ad14 bytes=18678
05 _Z38paged_decode_case11_headpair_z4_kernelILb1ELb1ELb0ELb1ELb1ELb1ELb1ELb1ELb0ELb1ELb1ELb0ELb0ELb1ELb1ELb1ELb0ELb0ELb0EEvPK15__maca_bfloat16S2_S2_PS0_PKiS5_PfS6_S6_iiiif sha256=2d50953dc658680ffaf5cdc9f9845c4e4a30ca22c0261723ce95d3224bea707a bytes=308880
06 _Z38paged_decode_case11_headpair_z4_kernelILb1ELb1ELb0ELb1ELb1ELb1ELb1ELb1ELb0ELb1ELb0ELb0ELb0ELb1ELb1ELb1ELb1ELb1ELb1EEvPK15__maca_bfloat16S2_S2_PS0_PKiS5_PfS6_S6_iiiif sha256=b9909e7ffc1b04adfd21457a943910a32c13c2bee5b87afe08abcb5f19504b74 bytes=143268
07 _Z38paged_decode_case11_headpair_z4_kernelILb1ELb1ELb0ELb1ELb1ELb1ELb0ELb1ELb1ELb1ELb0ELb1ELb1ELb0ELb0ELb0ELb0ELb1ELb1EEvPK15__maca_bfloat16S2_S2_PS0_PKiS5_PfS6_S6_iiiif sha256=da2c6a20c25e507c3881f4926802b8e8a51c34c1fa16d225fcb4ea52dbfd2de6 bytes=239130
08 _Z38paged_decode_case11_headpair_z4_kernelILb1ELb1ELb0ELb1ELb1ELb1ELb1ELb1ELb0ELb1ELb0ELb0ELb1ELb1ELb1ELb1ELb1ELb1ELb0EEvPK15__maca_bfloat16S2_S2_PS0_PKiS5_PfS6_S6_iiiif sha256=36667206f6923d8bcbac8d869bc0ac70646b05a30f1df76626bb3b5cbc9fc603 bytes=143090
09 _Z38paged_decode_case11_headpair_z4_kernelILb0ELb0ELb0ELb0ELb0ELb0ELb0ELb0ELb0ELb1ELb0ELb0ELb0ELb1ELb1ELb1ELb0ELb1ELb0EEvPK15__maca_bfloat16S2_S2_PS0_PKiS5_PfS6_S6_iiiif sha256=8740b4b99431c36272358dc574a31f0bfa770c8e9bcc79c0ff84f50408d1cbd4 bytes=99840
10 _Z34paged_decode_token_parallel_kernelILi4ELi8ELb0ELb0ELb0ELb0ELb0ELb1ELb0ELb0ELb0ELb0ELb0ELb1ELb0ELb0ELb0EEvPK15__maca_bfloat16S2_S2_PS0_PKiS5_PfS6_S6_iiiif sha256=6edaeeade495f96c69ca4d4704d9b52724c6b884cec99d81b25d28a52ff914e5 bytes=187112
11 _Z34paged_decode_token_parallel_kernelILi4ELi8ELb0ELb0ELb0ELb0ELb0ELb0ELb0ELb0ELb0ELb0ELb0ELb0ELb0ELb0ELb0EEvPK15__maca_bfloat16S2_S2_PS0_PKiS5_PfS6_S6_iiiif sha256=9948ad81844062f8b3b14e912b9f4024f5cfdd6c0d1d97e8b03d6cc92ddc93cb bytes=215158
12 _Z42paged_decode_case13_kv8_headpair_z8_kernelILb1ELb0ELb0EEvPK15__maca_bfloat16S2_S2_PS0_PKiS5_PfS6_S6_iiiif sha256=e732f1ca8c9af63bddeff46b2e9f21fd3602324110b7e36972028dd8380c0d2c bytes=140342
13 _Z42paged_decode_case13_kv8_headpair_z8_kernelILb1ELb0ELb1EEvPK15__maca_bfloat16S2_S2_PS0_PKiS5_PfS6_S6_iiiif sha256=1feeb37a13a0483d386ab32c05f39cc1d65a81dc92ba6170f9f9c8e55deea6c3 bytes=141160
14 _Z42paged_decode_case13_kv8_headpair_z8_kernelILb1ELb1ELb0EEvPK15__maca_bfloat16S2_S2_PS0_PKiS5_PfS6_S6_iiiif sha256=d0b8fe3c7783f8aeb3372e040c65cb9cedc0e0ebddee3a791012827ec3d62d0f bytes=140262
15 _Z34paged_decode_token_parallel_kernelILi8ELi4ELb0ELb0ELb0ELb0ELb0ELb1ELb0ELb0ELb0ELb0ELb1ELb1ELb1ELb1ELb0EEvPK15__maca_bfloat16S2_S2_PS0_PKiS5_PfS6_S6_iiiif sha256=3eac348b402a30ac2f339f80dc8c95d9b60edefa111304920d381f31860f3602 bytes=196403
16 _Z34paged_decode_token_parallel_kernelILi8ELi4ELb1ELb0ELb0ELb0ELb0ELb1ELb0ELb0ELb1ELb0ELb1ELb1ELb0ELb0ELb1EEvPK15__maca_bfloat16S2_S2_PS0_PKiS5_PfS6_S6_iiiif sha256=39dd05c3ed7fa59ad477846b3b00702873d1acb065061b2ce6c8fe8b54884e95 bytes=120491
17 _Z33paged_decode_split_qk_pair_kernelILi8ELi4EEvPK15__maca_bfloat16S2_S2_PS0_PKiS5_PfS6_S6_iiiif sha256=0f33f63f39258bec4301f8d2726495597c78d967ac915b89f24783d5bb4648be bytes=114380
18 _Z25paged_decode_split_kernelILi4ELi8EEvPK15__maca_bfloat16S2_S2_PS0_PKiS5_PfS6_S6_iiiif sha256=eec2ecd52b5940d7e314e8792ca20d8f97b8c798ec0da2ac88b913df0bf5958b bytes=132384
19 _Z25paged_decode_split_kernelILi8ELi4EEvPK15__maca_bfloat16S2_S2_PS0_PKiS5_PfS6_S6_iiiif sha256=963823bef10a725c96b66e27e7d19aca359eff211ac1521c80a7577430c9e1f1 bytes=132384
20 _Z31paged_decode_reduce_vec2_kernelILb1ELb0ELb1ELb0ELb0EEvPKfS1_S1_P15__maca_bfloat16PKiiii sha256=a3d27ca5289e0392bc84a1256b98d4de52389cb0caf4b44a0134e88f4b1a4741 bytes=38866
21 _Z33paged_decode_reduce_group8_kernelILb1ELb0ELb1ELb1ELb1ELb0ELi0EEvPKfS1_S1_P15__maca_bfloat16PKiiii sha256=2e18869a2a9fa08e7ff6be0550f2378908872ee07481e574ed24ca0ef414978e bytes=43316
22 _Z33paged_decode_reduce_group8_kernelILb1ELb0ELb1ELb1ELb0ELb1ELi3EEvPKfS1_S1_P15__maca_bfloat16PKiiii sha256=30b4c732edd6cad9ea32fb3c3bb1256758577ead55b81a7a42f7c65a15fdad72 bytes=48383
23 _Z33paged_decode_reduce_group8_kernelILb1ELb0ELb1ELb0ELb1ELb0ELi0EEvPKfS1_S1_P15__maca_bfloat16PKiiii sha256=b28d0d4dfb2be48f842f6c1ded7a1eac7fdd70fbab41e62479b054aa50b03e09 bytes=42822
24 _Z33paged_decode_reduce_group8_kernelILb1ELb0ELb1ELb0ELb0ELb0ELi0EEvPKfS1_S1_P15__maca_bfloat16PKiiii sha256=c0375a9a01709cdcfc8f5aa7f82a4e28521e33e490c177a1ad17c5b2eda570d6 bytes=46353
25 _Z33paged_decode_reduce_group8_kernelILb1ELb0ELb0ELb0ELb0ELb0ELi0EEvPKfS1_S1_P15__maca_bfloat16PKiiii sha256=244b4047c6a35a1b23f48797031be19bd96affea3de9e6ea21456788fbe3db8b bytes=47438
26 _Z31paged_decode_reduce_vec2_kernelILb1ELb0ELb1ELb1ELb1EEvPKfS1_S1_P15__maca_bfloat16PKiiii sha256=e0b8939415481f95214b1629d950056a6a31262ef9b735bf34d539c947a9dbcd bytes=27948
27 _Z31paged_decode_reduce_vec4_kernelILb1ELb0ELb1EEvPKfS1_S1_P15__maca_bfloat16PKiiii sha256=5f984c61acb6c6a70b1bd5b194d8803e5c90c11a8febf005393fa822240091d4 bytes=41642
28 _Z26paged_decode_reduce_kernelILb1ELb0ELb1ELb1ELb1ELb1ELb1EEvPKfS1_S1_P15__maca_bfloat16PKiiii sha256=1aa1b41f889c36f50135fae2da63e3b94c07ce8356233fc3e2e41164d72ad35c bytes=27992
29 _Z26paged_decode_reduce_kernelILb1ELb0ELb0ELb0ELb0ELb0ELb0EEvPKfS1_S1_P15__maca_bfloat16PKiiii sha256=fc13d6e2b36cc0b2c5ca496594857203e421ca06a11a70e01fc38aac510189a1 bytes=34382
30 _Z38paged_decode_case11_headpair_z4_kernelILb1ELb1ELb0ELb1ELb1ELb1ELb1ELb1ELb0ELb1ELb1ELb0ELb0ELb1ELb1ELb1ELb1ELb1ELb1EEvPK15__maca_bfloat16S2_S2_PS0_PKiS5_PfS6_S6_iiiif sha256=d49ddc7f41bf00a597b704d2d9ddc0106488a6c671762be62752a1d6ae1b9c03 bytes=246102

KERNEL_FUNCTION_COMPARISON
candidate_only []
control_only []
00 same=True candidate_sha=b0e26cf7245baa6ce301564a33da9a0378dac9bbb5c9ab4ee9dfa3aa424a5e02 control_sha=b0e26cf7245baa6ce301564a33da9a0378dac9bbb5c9ab4ee9dfa3aa424a5e02 bytes_candidate=16465 bytes_control=16465 _Z27paged_decode_generic_kernelPK15__maca_bfloat16S1_S1_PS_PKiS4_llllllf
01 same=True candidate_sha=8bd4bc1648187416bc298cdfab9cd39e4a9aa9b7a7f9478bb426b5aa78cecc11 control_sha=8bd4bc1648187416bc298cdfab9cd39e4a9aa9b7a7f9478bb426b5aa78cecc11 bytes_candidate=2086 bytes_control=2086 _Z32paged_decode_single_token_kernelILi4ELi8EEvPK15__maca_bfloat16PS0_PKii
02 same=True candidate_sha=3686e1353e4310aea33d4f6ea49fbf5a1a7f28c0b04f4d1bf8bec5d18ad2d0a3 control_sha=3686e1353e4310aea33d4f6ea49fbf5a1a7f28c0b04f4d1bf8bec5d18ad2d0a3 bytes_candidate=2084 bytes_control=2084 _Z32paged_decode_single_token_kernelILi8ELi4EEvPK15__maca_bfloat16PS0_PKii
03 same=True candidate_sha=9f104515f3bca27f8cfec41c1ee2fd8c282a0cb2d678609bf2cc8bb7556f77fb control_sha=9f104515f3bca27f8cfec41c1ee2fd8c282a0cb2d678609bf2cc8bb7556f77fb bytes_candidate=18676 bytes_control=18676 _Z29paged_decode_two_token_kernelILi4ELi8EEvPK15__maca_bfloat16S2_S2_PS0_PKiS5_if
04 same=True candidate_sha=d9b21b7d349a971481711ed8862d7627349cd1e7ab1bb8654a373f8abbf9ad14 control_sha=d9b21b7d349a971481711ed8862d7627349cd1e7ab1bb8654a373f8abbf9ad14 bytes_candidate=18678 bytes_control=18678 _Z29paged_decode_two_token_kernelILi8ELi4EEvPK15__maca_bfloat16S2_S2_PS0_PKiS5_if
05 same=True candidate_sha=2d50953dc658680ffaf5cdc9f9845c4e4a30ca22c0261723ce95d3224bea707a control_sha=2d50953dc658680ffaf5cdc9f9845c4e4a30ca22c0261723ce95d3224bea707a bytes_candidate=308880 bytes_control=308880 _Z38paged_decode_case11_headpair_z4_kernelILb1ELb1ELb0ELb1ELb1ELb1ELb1ELb1ELb0ELb1ELb1ELb0ELb0ELb1ELb1ELb1ELb0ELb0ELb0EEvPK15__maca_bfloat16S2_S2_PS0_PKiS5_PfS6_S6_iiiif
06 same=True candidate_sha=b9909e7ffc1b04adfd21457a943910a32c13c2bee5b87afe08abcb5f19504b74 control_sha=b9909e7ffc1b04adfd21457a943910a32c13c2bee5b87afe08abcb5f19504b74 bytes_candidate=143268 bytes_control=143268 _Z38paged_decode_case11_headpair_z4_kernelILb1ELb1ELb0ELb1ELb1ELb1ELb1ELb1ELb0ELb1ELb0ELb0ELb0ELb1ELb1ELb1ELb1ELb1ELb1EEvPK15__maca_bfloat16S2_S2_PS0_PKiS5_PfS6_S6_iiiif
07 same=False candidate_sha=34596da5ed5de07826199126eb6652d3c12732b1bfaf4a1a6cf79b98e6fcdc95 control_sha=da2c6a20c25e507c3881f4926802b8e8a51c34c1fa16d225fcb4ea52dbfd2de6 bytes_candidate=285711 bytes_control=239130 _Z38paged_decode_case11_headpair_z4_kernelILb1ELb1ELb0ELb1ELb1ELb1ELb0ELb1ELb1ELb1ELb0ELb1ELb1ELb0ELb0ELb0ELb0ELb1ELb1EEvPK15__maca_bfloat16S2_S2_PS0_PKiS5_PfS6_S6_iiiif
08 same=True candidate_sha=36667206f6923d8bcbac8d869bc0ac70646b05a30f1df76626bb3b5cbc9fc603 control_sha=36667206f6923d8bcbac8d869bc0ac70646b05a30f1df76626bb3b5cbc9fc603 bytes_candidate=143090 bytes_control=143090 _Z38paged_decode_case11_headpair_z4_kernelILb1ELb1ELb0ELb1ELb1ELb1ELb1ELb1ELb0ELb1ELb0ELb0ELb1ELb1ELb1ELb1ELb1ELb1ELb0EEvPK15__maca_bfloat16S2_S2_PS0_PKiS5_PfS6_S6_iiiif
09 same=True candidate_sha=8740b4b99431c36272358dc574a31f0bfa770c8e9bcc79c0ff84f50408d1cbd4 control_sha=8740b4b99431c36272358dc574a31f0bfa770c8e9bcc79c0ff84f50408d1cbd4 bytes_candidate=99840 bytes_control=99840 _Z38paged_decode_case11_headpair_z4_kernelILb0ELb0ELb0ELb0ELb0ELb0ELb0ELb0ELb0ELb1ELb0ELb0ELb0ELb1ELb1ELb1ELb0ELb1ELb0EEvPK15__maca_bfloat16S2_S2_PS0_PKiS5_PfS6_S6_iiiif
10 same=True candidate_sha=6edaeeade495f96c69ca4d4704d9b52724c6b884cec99d81b25d28a52ff914e5 control_sha=6edaeeade495f96c69ca4d4704d9b52724c6b884cec99d81b25d28a52ff914e5 bytes_candidate=187112 bytes_control=187112 _Z34paged_decode_token_parallel_kernelILi4ELi8ELb0ELb0ELb0ELb0ELb0ELb1ELb0ELb0ELb0ELb0ELb0ELb1ELb0ELb0ELb0EEvPK15__maca_bfloat16S2_S2_PS0_PKiS5_PfS6_S6_iiiif
11 same=True candidate_sha=9948ad81844062f8b3b14e912b9f4024f5cfdd6c0d1d97e8b03d6cc92ddc93cb control_sha=9948ad81844062f8b3b14e912b9f4024f5cfdd6c0d1d97e8b03d6cc92ddc93cb bytes_candidate=215158 bytes_control=215158 _Z34paged_decode_token_parallel_kernelILi4ELi8ELb0ELb0ELb0ELb0ELb0ELb0ELb0ELb0ELb0ELb0ELb0ELb0ELb0ELb0ELb0EEvPK15__maca_bfloat16S2_S2_PS0_PKiS5_PfS6_S6_iiiif
12 same=True candidate_sha=e732f1ca8c9af63bddeff46b2e9f21fd3602324110b7e36972028dd8380c0d2c control_sha=e732f1ca8c9af63bddeff46b2e9f21fd3602324110b7e36972028dd8380c0d2c bytes_candidate=140342 bytes_control=140342 _Z42paged_decode_case13_kv8_headpair_z8_kernelILb1ELb0ELb0EEvPK15__maca_bfloat16S2_S2_PS0_PKiS5_PfS6_S6_iiiif
13 same=True candidate_sha=1feeb37a13a0483d386ab32c05f39cc1d65a81dc92ba6170f9f9c8e55deea6c3 control_sha=1feeb37a13a0483d386ab32c05f39cc1d65a81dc92ba6170f9f9c8e55deea6c3 bytes_candidate=141160 bytes_control=141160 _Z42paged_decode_case13_kv8_headpair_z8_kernelILb1ELb0ELb1EEvPK15__maca_bfloat16S2_S2_PS0_PKiS5_PfS6_S6_iiiif
14 same=True candidate_sha=d0b8fe3c7783f8aeb3372e040c65cb9cedc0e0ebddee3a791012827ec3d62d0f control_sha=d0b8fe3c7783f8aeb3372e040c65cb9cedc0e0ebddee3a791012827ec3d62d0f bytes_candidate=140262 bytes_control=140262 _Z42paged_decode_case13_kv8_headpair_z8_kernelILb1ELb1ELb0EEvPK15__maca_bfloat16S2_S2_PS0_PKiS5_PfS6_S6_iiiif
15 same=True candidate_sha=3eac348b402a30ac2f339f80dc8c95d9b60edefa111304920d381f31860f3602 control_sha=3eac348b402a30ac2f339f80dc8c95d9b60edefa111304920d381f31860f3602 bytes_candidate=196403 bytes_control=196403 _Z34paged_decode_token_parallel_kernelILi8ELi4ELb0ELb0ELb0ELb0ELb0ELb1ELb0ELb0ELb0ELb0ELb1ELb1ELb1ELb1ELb0EEvPK15__maca_bfloat16S2_S2_PS0_PKiS5_PfS6_S6_iiiif
16 same=True candidate_sha=39dd05c3ed7fa59ad477846b3b00702873d1acb065061b2ce6c8fe8b54884e95 control_sha=39dd05c3ed7fa59ad477846b3b00702873d1acb065061b2ce6c8fe8b54884e95 bytes_candidate=120491 bytes_control=120491 _Z34paged_decode_token_parallel_kernelILi8ELi4ELb1ELb0ELb0ELb0ELb0ELb1ELb0ELb0ELb1ELb0ELb1ELb1ELb0ELb0ELb1EEvPK15__maca_bfloat16S2_S2_PS0_PKiS5_PfS6_S6_iiiif
17 same=True candidate_sha=0f33f63f39258bec4301f8d2726495597c78d967ac915b89f24783d5bb4648be control_sha=0f33f63f39258bec4301f8d2726495597c78d967ac915b89f24783d5bb4648be bytes_candidate=114380 bytes_control=114380 _Z33paged_decode_split_qk_pair_kernelILi8ELi4EEvPK15__maca_bfloat16S2_S2_PS0_PKiS5_PfS6_S6_iiiif
18 same=True candidate_sha=eec2ecd52b5940d7e314e8792ca20d8f97b8c798ec0da2ac88b913df0bf5958b control_sha=eec2ecd52b5940d7e314e8792ca20d8f97b8c798ec0da2ac88b913df0bf5958b bytes_candidate=132384 bytes_control=132384 _Z25paged_decode_split_kernelILi4ELi8EEvPK15__maca_bfloat16S2_S2_PS0_PKiS5_PfS6_S6_iiiif
19 same=True candidate_sha=963823bef10a725c96b66e27e7d19aca359eff211ac1521c80a7577430c9e1f1 control_sha=963823bef10a725c96b66e27e7d19aca359eff211ac1521c80a7577430c9e1f1 bytes_candidate=132384 bytes_control=132384 _Z25paged_decode_split_kernelILi8ELi4EEvPK15__maca_bfloat16S2_S2_PS0_PKiS5_PfS6_S6_iiiif
20 same=True candidate_sha=a3d27ca5289e0392bc84a1256b98d4de52389cb0caf4b44a0134e88f4b1a4741 control_sha=a3d27ca5289e0392bc84a1256b98d4de52389cb0caf4b44a0134e88f4b1a4741 bytes_candidate=38866 bytes_control=38866 _Z31paged_decode_reduce_vec2_kernelILb1ELb0ELb1ELb0ELb0EEvPKfS1_S1_P15__maca_bfloat16PKiiii
21 same=True candidate_sha=2e18869a2a9fa08e7ff6be0550f2378908872ee07481e574ed24ca0ef414978e control_sha=2e18869a2a9fa08e7ff6be0550f2378908872ee07481e574ed24ca0ef414978e bytes_candidate=43316 bytes_control=43316 _Z33paged_decode_reduce_group8_kernelILb1ELb0ELb1ELb1ELb1ELb0ELi0EEvPKfS1_S1_P15__maca_bfloat16PKiiii
22 same=True candidate_sha=30b4c732edd6cad9ea32fb3c3bb1256758577ead55b81a7a42f7c65a15fdad72 control_sha=30b4c732edd6cad9ea32fb3c3bb1256758577ead55b81a7a42f7c65a15fdad72 bytes_candidate=48383 bytes_control=48383 _Z33paged_decode_reduce_group8_kernelILb1ELb0ELb1ELb1ELb0ELb1ELi3EEvPKfS1_S1_P15__maca_bfloat16PKiiii
23 same=True candidate_sha=b28d0d4dfb2be48f842f6c1ded7a1eac7fdd70fbab41e62479b054aa50b03e09 control_sha=b28d0d4dfb2be48f842f6c1ded7a1eac7fdd70fbab41e62479b054aa50b03e09 bytes_candidate=42822 bytes_control=42822 _Z33paged_decode_reduce_group8_kernelILb1ELb0ELb1ELb0ELb1ELb0ELi0EEvPKfS1_S1_P15__maca_bfloat16PKiiii
24 same=True candidate_sha=c0375a9a01709cdcfc8f5aa7f82a4e28521e33e490c177a1ad17c5b2eda570d6 control_sha=c0375a9a01709cdcfc8f5aa7f82a4e28521e33e490c177a1ad17c5b2eda570d6 bytes_candidate=46353 bytes_control=46353 _Z33paged_decode_reduce_group8_kernelILb1ELb0ELb1ELb0ELb0ELb0ELi0EEvPKfS1_S1_P15__maca_bfloat16PKiiii
25 same=True candidate_sha=244b4047c6a35a1b23f48797031be19bd96affea3de9e6ea21456788fbe3db8b control_sha=244b4047c6a35a1b23f48797031be19bd96affea3de9e6ea21456788fbe3db8b bytes_candidate=47438 bytes_control=47438 _Z33paged_decode_reduce_group8_kernelILb1ELb0ELb0ELb0ELb0ELb0ELi0EEvPKfS1_S1_P15__maca_bfloat16PKiiii
26 same=True candidate_sha=e0b8939415481f95214b1629d950056a6a31262ef9b735bf34d539c947a9dbcd control_sha=e0b8939415481f95214b1629d950056a6a31262ef9b735bf34d539c947a9dbcd bytes_candidate=27948 bytes_control=27948 _Z31paged_decode_reduce_vec2_kernelILb1ELb0ELb1ELb1ELb1EEvPKfS1_S1_P15__maca_bfloat16PKiiii
27 same=True candidate_sha=5f984c61acb6c6a70b1bd5b194d8803e5c90c11a8febf005393fa822240091d4 control_sha=5f984c61acb6c6a70b1bd5b194d8803e5c90c11a8febf005393fa822240091d4 bytes_candidate=41642 bytes_control=41642 _Z31paged_decode_reduce_vec4_kernelILb1ELb0ELb1EEvPKfS1_S1_P15__maca_bfloat16PKiiii
28 same=True candidate_sha=1aa1b41f889c36f50135fae2da63e3b94c07ce8356233fc3e2e41164d72ad35c control_sha=1aa1b41f889c36f50135fae2da63e3b94c07ce8356233fc3e2e41164d72ad35c bytes_candidate=27992 bytes_control=27992 _Z26paged_decode_reduce_kernelILb1ELb0ELb1ELb1ELb1ELb1ELb1EEvPKfS1_S1_P15__maca_bfloat16PKiiii
29 same=True candidate_sha=fc13d6e2b36cc0b2c5ca496594857203e421ca06a11a70e01fc38aac510189a1 control_sha=fc13d6e2b36cc0b2c5ca496594857203e421ca06a11a70e01fc38aac510189a1 bytes_candidate=34382 bytes_control=34382 _Z26paged_decode_reduce_kernelILb1ELb0ELb0ELb0ELb0ELb0ELb0EEvPKfS1_S1_P15__maca_bfloat16PKiiii
30 same=True candidate_sha=d49ddc7f41bf00a597b704d2d9ddc0106488a6c671762be62752a1d6ae1b9c03 control_sha=d49ddc7f41bf00a597b704d2d9ddc0106488a6c671762be62752a1d6ae1b9c03 bytes_candidate=246102 bytes_control=246102 _Z38paged_decode_case11_headpair_z4_kernelILb1ELb1ELb0ELb1ELb1ELb1ELb1ELb1ELb0ELb1ELb1ELb0ELb0ELb1ELb1ELb1ELb1ELb1ELb1EEvPK15__maca_bfloat16S2_S2_PS0_PKiS5_PfS6_S6_iiiif
candidate_all_decl_or_def_count=123
control_all_decl_or_def_count=123
