exp657 C500 case6 special correctness gate (mechanical fixture fix rerun)
UTC 2026-08-23T19:56:45Z
candidate source SHA256:
b658d566d67a9822dcf8256eece1666c61f9f63858bb6bc5e0b348254aa0befc  solutions/archive/2026-08-24-experiments/cuda_case6_separate_shortrow_owner_exp657.cpp
runner SHA256 after mechanical fix:
3f4eaa6ae7d509865ed18cfe0b7b2ecdda23aad2377430c1e5106f7391f3ca3e  tests/exp657_case6_shortrow_owner_special.py
control and work source SHA256:
a92f74e6aae22bc8e9a0a08b627ee9441c014cce9d950cf984f23c8987840972  solutions/archive/2026-08-16-submissions/cuda_113889.cpp
a92f74e6aae22bc8e9a0a08b627ee9441c014cce9d950cf984f23c8987840972  solutions/cuda_maca_optimized.cpp
library metadata:
build/exp657_candidate_normal.so size=792240 mtime=2026-08-23 19:44:28.004593667 +0000 mode=-rwxr-xr-x
build/cuda_113889.so size=746656 mtime=2026-08-23 16:11:45.453081135 +0000 mode=-rwxr-xr-x
runner checks:
mechanical fix: _set_lengths now returns a CUDA Tensor so cache_seqlens restore and byte checks use the same ABI type; no acceptance predicate changed.
active relevant processes before gate:
1144576 /bin/bash -c set -o pipefail {   printf '%s\n' 'exp657 C500 case6 special correctness gate (mechanical fixture fix rerun)'   date -u '+UTC %Y-%m-%dT%H:%M:%SZ'   printf '%s\n' 'candidate source SHA256:'   sha256sum solutions/archive/2026-08-24-experiments/cuda_case6_separate_shortrow_owner_exp657.cpp   printf '%s\n' 'runner SHA256 after mechanical fix:'   sha256sum tests/exp657_case6_shortrow_owner_special.py   printf '%s\n' 'control and work source SHA256:'   sha256sum solutions/archive/2026-08-16-submissions/cuda_113889.cpp solutions/cuda_maca_optimized.cpp   printf '%s\n' 'library metadata:'   stat -c '%n size=%s mtime=%y mode=%A' build/exp657_candidate_normal.so build/cuda_113889.so   printf '%s\n' 'runner checks:'   python3 -m py_compile tests/exp657_case6_shortrow_owner_special.py   git diff --check -- tests/exp657_case6_shortrow_owner_special.py   printf '%s\n' 'mechanical fix: _set_lengths now returns a CUDA Tensor so cache_seqlens restore and byte checks use the same ABI type; no acceptance predicate changed.'   printf '%s\n' 'active relevant processes before gate:'   pgrep -af '[c]500|[m]aca|[x]puoj|[b]enchmark|[t]est_kernel|[p]ython.*exp657_case6' || true   printf '%s\n' 'command: python3 tests/exp657_case6_shortrow_owner_special.py --candidate-library build/exp657_candidate_normal.so --control-library build/cuda_113889.so --seed 20260823'   python3 tests/exp657_case6_shortrow_owner_special.py --candidate-library build/exp657_candidate_normal.so --control-library build/cuda_113889.so --seed 20260823   gate_rc=$?   printf 'gate_exit_status=%s\n' "$gate_rc"   printf '%s\n' 'active relevant processes after gate:'   pgrep -af '[c]500|[m]aca|[x]puoj|[b]enchmark|[t]est_kernel|[p]ython.*exp657_case6' || true   exit "$gate_rc" } 2>&1 | tee log/exp657_c500_special_fixed.log rc=${PIPESTATUS[0]} printf 'wrapper_exit_status=%s\n' "$rc" >> log/exp657_c500_special_fixed.log exit "$rc"
1144577 /bin/bash -c set -o pipefail {   printf '%s\n' 'exp657 C500 case6 special correctness gate (mechanical fixture fix rerun)'   date -u '+UTC %Y-%m-%dT%H:%M:%SZ'   printf '%s\n' 'candidate source SHA256:'   sha256sum solutions/archive/2026-08-24-experiments/cuda_case6_separate_shortrow_owner_exp657.cpp   printf '%s\n' 'runner SHA256 after mechanical fix:'   sha256sum tests/exp657_case6_shortrow_owner_special.py   printf '%s\n' 'control and work source SHA256:'   sha256sum solutions/archive/2026-08-16-submissions/cuda_113889.cpp solutions/cuda_maca_optimized.cpp   printf '%s\n' 'library metadata:'   stat -c '%n size=%s mtime=%y mode=%A' build/exp657_candidate_normal.so build/cuda_113889.so   printf '%s\n' 'runner checks:'   python3 -m py_compile tests/exp657_case6_shortrow_owner_special.py   git diff --check -- tests/exp657_case6_shortrow_owner_special.py   printf '%s\n' 'mechanical fix: _set_lengths now returns a CUDA Tensor so cache_seqlens restore and byte checks use the same ABI type; no acceptance predicate changed.'   printf '%s\n' 'active relevant processes before gate:'   pgrep -af '[c]500|[m]aca|[x]puoj|[b]enchmark|[t]est_kernel|[p]ython.*exp657_case6' || true   printf '%s\n' 'command: python3 tests/exp657_case6_shortrow_owner_special.py --candidate-library build/exp657_candidate_normal.so --control-library build/cuda_113889.so --seed 20260823'   python3 tests/exp657_case6_shortrow_owner_special.py --candidate-library build/exp657_candidate_normal.so --control-library build/cuda_113889.so --seed 20260823   gate_rc=$?   printf 'gate_exit_status=%s\n' "$gate_rc"   printf '%s\n' 'active relevant processes after gate:'   pgrep -af '[c]500|[m]aca|[x]puoj|[b]enchmark|[t]est_kernel|[p]ython.*exp657_case6' || true   exit "$gate_rc" } 2>&1 | tee log/exp657_c500_special_fixed.log rc=${PIPESTATUS[0]} printf 'wrapper_exit_status=%s\n' "$rc" >> log/exp657_c500_special_fixed.log exit "$rc"
1144578 tee log/exp657_c500_special_fixed.log
command: python3 tests/exp657_case6_shortrow_owner_special.py --candidate-library build/exp657_candidate_normal.so --control-library build/cuda_113889.so --seed 20260823
GPU: MetaX C500 | torch=2.8.0+metax3.7.1.3 | candidate=build/exp657_candidate_normal.so | control=build/cuda_113889.so | seed=20260823
[INFO] case6 exact all-row lengths (17): 0,1,2,15,16,17,31,32,33,47,48,49,95,96,97,361,362
[PASS] case6 exact-01/17 length=0 candidate finite=True reference_finite=True within_tolerance=True max_error=0.000000e+00 max_tol_ratio=0.000 inputs_untouched=True guards=True
[PASS] case6 exact-01/17 length=0 control finite=True reference_finite=True within_tolerance=True max_error=0.000000e+00 max_tol_ratio=0.000 inputs_untouched=True guards=True
[PASS] case6 exact-01/17 length=0 require_control=True candidate_finite=True control_finite=True candidate_control_within_tolerance=True
[PASS] case6 exact-02/17 length=1 candidate finite=True reference_finite=True within_tolerance=True max_error=0.000000e+00 max_tol_ratio=0.000 inputs_untouched=True guards=True
[PASS] case6 exact-02/17 length=1 control finite=True reference_finite=True within_tolerance=True max_error=0.000000e+00 max_tol_ratio=0.000 inputs_untouched=True guards=True
[PASS] case6 exact-02/17 length=1 require_control=True candidate_finite=True control_finite=True candidate_control_within_tolerance=True
[PASS] case6 exact-03/17 length=2 candidate finite=True reference_finite=True within_tolerance=True max_error=1.562500e-02 max_tol_ratio=0.324 inputs_untouched=True guards=True
[PASS] case6 exact-03/17 length=2 control finite=True reference_finite=True within_tolerance=True max_error=1.562500e-02 max_tol_ratio=0.324 inputs_untouched=True guards=True
[PASS] case6 exact-03/17 length=2 require_control=True candidate_finite=True control_finite=True candidate_control_within_tolerance=True
[PASS] case6 exact-04/17 length=15 candidate finite=True reference_finite=True within_tolerance=True max_error=7.812500e-03 max_tol_ratio=0.244 inputs_untouched=True guards=True
[PASS] case6 exact-04/17 length=15 control finite=True reference_finite=True within_tolerance=True max_error=7.812500e-03 max_tol_ratio=0.244 inputs_untouched=True guards=True
[PASS] case6 exact-04/17 length=15 require_control=True candidate_finite=True control_finite=True candidate_control_within_tolerance=True
[PASS] case6 exact-05/17 length=16 candidate finite=True reference_finite=True within_tolerance=True max_error=7.812500e-03 max_tol_ratio=0.243 inputs_untouched=True guards=True
[PASS] case6 exact-05/17 length=16 control finite=True reference_finite=True within_tolerance=True max_error=7.812500e-03 max_tol_ratio=0.243 inputs_untouched=True guards=True
[PASS] case6 exact-05/17 length=16 require_control=True candidate_finite=True control_finite=True candidate_control_within_tolerance=True
[PASS] case6 exact-06/17 length=17 candidate finite=True reference_finite=True within_tolerance=True max_error=7.812500e-03 max_tol_ratio=0.243 inputs_untouched=True guards=True
[PASS] case6 exact-06/17 length=17 control finite=True reference_finite=True within_tolerance=True max_error=7.812500e-03 max_tol_ratio=0.243 inputs_untouched=True guards=True
[PASS] case6 exact-06/17 length=17 require_control=True candidate_finite=True control_finite=True candidate_control_within_tolerance=True
[PASS] case6 exact-07/17 length=31 candidate finite=True reference_finite=True within_tolerance=True max_error=7.812500e-03 max_tol_ratio=0.239 inputs_untouched=True guards=True
[PASS] case6 exact-07/17 length=31 control finite=True reference_finite=True within_tolerance=True max_error=7.812500e-03 max_tol_ratio=0.239 inputs_untouched=True guards=True
[PASS] case6 exact-07/17 length=31 require_control=True candidate_finite=True control_finite=True candidate_control_within_tolerance=True
[PASS] case6 exact-08/17 length=32 candidate finite=True reference_finite=True within_tolerance=True max_error=7.812500e-03 max_tol_ratio=0.241 inputs_untouched=True guards=True
[PASS] case6 exact-08/17 length=32 control finite=True reference_finite=True within_tolerance=True max_error=7.812500e-03 max_tol_ratio=0.241 inputs_untouched=True guards=True
[PASS] case6 exact-08/17 length=32 require_control=True candidate_finite=True control_finite=True candidate_control_within_tolerance=True
[PASS] case6 exact-09/17 length=33 candidate finite=True reference_finite=True within_tolerance=True max_error=7.812500e-03 max_tol_ratio=0.236 inputs_untouched=True guards=True
[PASS] case6 exact-09/17 length=33 control finite=True reference_finite=True within_tolerance=True max_error=7.812500e-03 max_tol_ratio=0.236 inputs_untouched=True guards=True
[PASS] case6 exact-09/17 length=33 require_control=True candidate_finite=True control_finite=True candidate_control_within_tolerance=True
[PASS] case6 exact-10/17 length=47 candidate finite=True reference_finite=True within_tolerance=True max_error=7.812500e-03 max_tol_ratio=0.239 inputs_untouched=True guards=True
[PASS] case6 exact-10/17 length=47 control finite=True reference_finite=True within_tolerance=True max_error=7.812500e-03 max_tol_ratio=0.239 inputs_untouched=True guards=True
[PASS] case6 exact-10/17 length=47 require_control=True candidate_finite=True control_finite=True candidate_control_within_tolerance=True
[PASS] case6 exact-11/17 length=48 candidate finite=True reference_finite=True within_tolerance=True max_error=3.906250e-03 max_tol_ratio=0.163 inputs_untouched=True guards=True
[PASS] case6 exact-11/17 length=48 control finite=True reference_finite=True within_tolerance=True max_error=3.906250e-03 max_tol_ratio=0.163 inputs_untouched=True guards=True
[PASS] case6 exact-11/17 length=48 require_control=True candidate_finite=True control_finite=True candidate_control_within_tolerance=True
[PASS] case6 exact-12/17 length=49 candidate finite=True reference_finite=True within_tolerance=True max_error=7.812500e-03 max_tol_ratio=0.182 inputs_untouched=True guards=True
[PASS] case6 exact-12/17 length=49 control finite=True reference_finite=True within_tolerance=True max_error=7.812500e-03 max_tol_ratio=0.182 inputs_untouched=True guards=True
[PASS] case6 exact-12/17 length=49 require_control=True candidate_finite=True control_finite=True candidate_control_within_tolerance=True
[PASS] case6 exact-13/17 length=95 candidate finite=True reference_finite=True within_tolerance=True max_error=3.906250e-03 max_tol_ratio=0.161 inputs_untouched=True guards=True
[PASS] case6 exact-13/17 length=95 control finite=True reference_finite=True within_tolerance=True max_error=3.906250e-03 max_tol_ratio=0.161 inputs_untouched=True guards=True
[PASS] case6 exact-13/17 length=95 require_control=True candidate_finite=True control_finite=True candidate_control_within_tolerance=True
[PASS] case6 exact-14/17 length=96 candidate finite=True reference_finite=True within_tolerance=True max_error=3.906250e-03 max_tol_ratio=0.159 inputs_untouched=True guards=True
[PASS] case6 exact-14/17 length=96 control finite=True reference_finite=True within_tolerance=True max_error=3.906250e-03 max_tol_ratio=0.159 inputs_untouched=True guards=True
[PASS] case6 exact-14/17 length=96 require_control=True candidate_finite=True control_finite=True candidate_control_within_tolerance=True
[PASS] case6 exact-15/17 length=97 candidate finite=True reference_finite=True within_tolerance=True max_error=3.906250e-03 max_tol_ratio=0.163 inputs_untouched=True guards=True
[PASS] case6 exact-15/17 length=97 control finite=True reference_finite=True within_tolerance=True max_error=3.906250e-03 max_tol_ratio=0.163 inputs_untouched=True guards=True
[PASS] case6 exact-15/17 length=97 require_control=True candidate_finite=True control_finite=True candidate_control_within_tolerance=True
[PASS] case6 exact-16/17 length=361 candidate finite=True reference_finite=True within_tolerance=True max_error=1.953125e-03 max_tol_ratio=0.098 inputs_untouched=True guards=True
[PASS] case6 exact-16/17 length=361 control finite=True reference_finite=True within_tolerance=True max_error=1.953125e-03 max_tol_ratio=0.098 inputs_untouched=True guards=True
[PASS] case6 exact-16/17 length=361 require_control=True candidate_finite=True control_finite=True candidate_control_within_tolerance=True
[PASS] case6 exact-17/17 length=362 candidate finite=True reference_finite=True within_tolerance=True max_error=1.953125e-03 max_tol_ratio=0.098 inputs_untouched=True guards=True
[PASS] case6 exact-17/17 length=362 control finite=True reference_finite=True within_tolerance=True max_error=1.953125e-03 max_tol_ratio=0.098 inputs_untouched=True guards=True
[PASS] case6 exact-17/17 length=362 require_control=True candidate_finite=True control_finite=True candidate_control_within_tolerance=True
[PASS] case6 exact all-row coverage checks=17
[INFO] case6 mixed-B16 rows=16 short_owner=11 long_control=5 lengths=0,1,2,15,16,17,31,32,33,47,48,49,95,96,97,362
[PASS] case6 mixed-B16 baseline candidate finite=True reference_finite=True within_tolerance=True max_error=1.562500e-02 max_tol_ratio=0.324 inputs_untouched=True guards=True
[PASS] case6 mixed-B16 baseline control finite=True reference_finite=True within_tolerance=True max_error=1.562500e-02 max_tol_ratio=0.324 inputs_untouched=True guards=True
[PASS] case6 mixed-B16 baseline require_control=True candidate_finite=True control_finite=True candidate_control_within_tolerance=True
[PASS] case6 mixed-B16 NaN pages-only pages=303 tails=0 candidate finite=True reference_finite=True within_tolerance=True max_error=1.562500e-02 max_tol_ratio=0.324 inputs_untouched=True guards=True
[PASS] case6 mixed-B16 NaN pages-only pages=303 tails=0 control finite=True reference_finite=True within_tolerance=True max_error=1.562500e-02 max_tol_ratio=0.324 inputs_untouched=True guards=True
[PASS] case6 mixed-B16 NaN pages-only pages=303 tails=0 require_control=True candidate_finite=True control_finite=True candidate_control_within_tolerance=True
[PASS] case6 mixed-B16 NaN pages-only reference_unchanged=True candidate_unchanged=True control_unchanged=True control_required=True control_pass=True
[PASS] case6 mixed-B16 NaN tails-only pages=0 tails=99 candidate finite=True reference_finite=True within_tolerance=True max_error=1.562500e-02 max_tol_ratio=0.324 inputs_untouched=True guards=True
[PASS] case6 mixed-B16 NaN tails-only pages=0 tails=99 control finite=True reference_finite=True within_tolerance=True max_error=1.562500e-02 max_tol_ratio=0.324 inputs_untouched=True guards=True
[PASS] case6 mixed-B16 NaN tails-only pages=0 tails=99 require_control=False candidate_finite=True control_finite=True candidate_control_within_tolerance=True
[INFO] case6 mixed-B16 NaN tails-only pages=0 tails=99 control_diagnostic_tail_nonfinite=False control_pass=True
[PASS] case6 mixed-B16 NaN tails-only reference_unchanged=True candidate_unchanged=True control_unchanged=True control_required=False control_pass=True
[PASS] case6 mixed-B16 NaN pages+tails pages=303 tails=99 candidate finite=True reference_finite=True within_tolerance=True max_error=1.562500e-02 max_tol_ratio=0.324 inputs_untouched=True guards=True
[PASS] case6 mixed-B16 NaN pages+tails pages=303 tails=99 control finite=True reference_finite=True within_tolerance=True max_error=1.562500e-02 max_tol_ratio=0.324 inputs_untouched=True guards=True
[PASS] case6 mixed-B16 NaN pages+tails pages=303 tails=99 require_control=False candidate_finite=True control_finite=True candidate_control_within_tolerance=True
[INFO] case6 mixed-B16 NaN pages+tails pages=303 tails=99 control_diagnostic_tail_nonfinite=False control_pass=True
[PASS] case6 mixed-B16 NaN pages+tails reference_unchanged=True candidate_unchanged=True control_unchanged=True control_required=False control_pass=True
[PASS] case6 mixed-B16 reference/candidate padding-page, tail-row, and combined NaN invariance
[PASS] case6 workspace 362->mixed-short->362 step=1/3 candidate finite=True reference_finite=True within_tolerance=True max_error=1.953125e-03 max_tol_ratio=0.098 inputs_untouched=True guards=True
[PASS] case6 workspace 362->mixed-short->362 step=1/3 control finite=True reference_finite=True within_tolerance=True max_error=1.953125e-03 max_tol_ratio=0.098 inputs_untouched=True guards=True
[PASS] case6 workspace 362->mixed-short->362 step=1/3 require_control=True candidate_finite=True control_finite=True candidate_control_within_tolerance=True
[PASS] case6 workspace 362->mixed-short->362 step=1 deterministic=True
[PASS] case6 workspace 362->mixed-short->362 step=2/3 candidate finite=True reference_finite=True within_tolerance=True max_error=1.562500e-02 max_tol_ratio=0.302 inputs_untouched=True guards=True
[PASS] case6 workspace 362->mixed-short->362 step=2/3 control finite=True reference_finite=True within_tolerance=True max_error=1.562500e-02 max_tol_ratio=0.302 inputs_untouched=True guards=True
[PASS] case6 workspace 362->mixed-short->362 step=2/3 require_control=True candidate_finite=True control_finite=True candidate_control_within_tolerance=True
[PASS] case6 workspace 362->mixed-short->362 step=2 deterministic=True
[PASS] case6 workspace 362->mixed-short->362 step=3/3 candidate finite=True reference_finite=True within_tolerance=True max_error=1.953125e-03 max_tol_ratio=0.098 inputs_untouched=True guards=True
[PASS] case6 workspace 362->mixed-short->362 step=3/3 control finite=True reference_finite=True within_tolerance=True max_error=1.953125e-03 max_tol_ratio=0.098 inputs_untouched=True guards=True
[PASS] case6 workspace 362->mixed-short->362 step=3/3 require_control=True candidate_finite=True control_finite=True candidate_control_within_tolerance=True
[PASS] case6 workspace 362->mixed-short->362 step=3 deterministic=True
[PASS] case6 workspace sequence 362->mixed-short->362
[PASS] case6 workspace mixed-short->362 step=1/2 candidate finite=True reference_finite=True within_tolerance=True max_error=1.562500e-02 max_tol_ratio=0.302 inputs_untouched=True guards=True
[PASS] case6 workspace mixed-short->362 step=1/2 control finite=True reference_finite=True within_tolerance=True max_error=1.562500e-02 max_tol_ratio=0.302 inputs_untouched=True guards=True
[PASS] case6 workspace mixed-short->362 step=1/2 require_control=True candidate_finite=True control_finite=True candidate_control_within_tolerance=True
[PASS] case6 workspace mixed-short->362 step=1 deterministic=True
[PASS] case6 workspace mixed-short->362 step=2/2 candidate finite=True reference_finite=True within_tolerance=True max_error=1.953125e-03 max_tol_ratio=0.098 inputs_untouched=True guards=True
[PASS] case6 workspace mixed-short->362 step=2/2 control finite=True reference_finite=True within_tolerance=True max_error=1.953125e-03 max_tol_ratio=0.098 inputs_untouched=True guards=True
[PASS] case6 workspace mixed-short->362 step=2/2 require_control=True candidate_finite=True control_finite=True candidate_control_within_tolerance=True
[PASS] case6 workspace mixed-short->362 step=2 deterministic=True
[PASS] case6 workspace sequence mixed-short->362
[PASS] case6 workspace reuse 362->mixed-short->362 and mixed-short->362
case6 exp657 special correctness: PASS finite=True no_nan=True no_inf=True guards=True input_immutability=True lengths=0,1,2,15,16,17,31,32,33,47,48,49,95,96,97,361,362 reuse=362->mixed-short->362,mixed-short->362
gate_exit_status=0
active relevant processes after gate:
1144576 /bin/bash -c set -o pipefail {   printf '%s\n' 'exp657 C500 case6 special correctness gate (mechanical fixture fix rerun)'   date -u '+UTC %Y-%m-%dT%H:%M:%SZ'   printf '%s\n' 'candidate source SHA256:'   sha256sum solutions/archive/2026-08-24-experiments/cuda_case6_separate_shortrow_owner_exp657.cpp   printf '%s\n' 'runner SHA256 after mechanical fix:'   sha256sum tests/exp657_case6_shortrow_owner_special.py   printf '%s\n' 'control and work source SHA256:'   sha256sum solutions/archive/2026-08-16-submissions/cuda_113889.cpp solutions/cuda_maca_optimized.cpp   printf '%s\n' 'library metadata:'   stat -c '%n size=%s mtime=%y mode=%A' build/exp657_candidate_normal.so build/cuda_113889.so   printf '%s\n' 'runner checks:'   python3 -m py_compile tests/exp657_case6_shortrow_owner_special.py   git diff --check -- tests/exp657_case6_shortrow_owner_special.py   printf '%s\n' 'mechanical fix: _set_lengths now returns a CUDA Tensor so cache_seqlens restore and byte checks use the same ABI type; no acceptance predicate changed.'   printf '%s\n' 'active relevant processes before gate:'   pgrep -af '[c]500|[m]aca|[x]puoj|[b]enchmark|[t]est_kernel|[p]ython.*exp657_case6' || true   printf '%s\n' 'command: python3 tests/exp657_case6_shortrow_owner_special.py --candidate-library build/exp657_candidate_normal.so --control-library build/cuda_113889.so --seed 20260823'   python3 tests/exp657_case6_shortrow_owner_special.py --candidate-library build/exp657_candidate_normal.so --control-library build/cuda_113889.so --seed 20260823   gate_rc=$?   printf 'gate_exit_status=%s\n' "$gate_rc"   printf '%s\n' 'active relevant processes after gate:'   pgrep -af '[c]500|[m]aca|[x]puoj|[b]enchmark|[t]est_kernel|[p]ython.*exp657_case6' || true   exit "$gate_rc" } 2>&1 | tee log/exp657_c500_special_fixed.log rc=${PIPESTATUS[0]} printf 'wrapper_exit_status=%s\n' "$rc" >> log/exp657_c500_special_fixed.log exit "$rc"
1144577 /bin/bash -c set -o pipefail {   printf '%s\n' 'exp657 C500 case6 special correctness gate (mechanical fixture fix rerun)'   date -u '+UTC %Y-%m-%dT%H:%M:%SZ'   printf '%s\n' 'candidate source SHA256:'   sha256sum solutions/archive/2026-08-24-experiments/cuda_case6_separate_shortrow_owner_exp657.cpp   printf '%s\n' 'runner SHA256 after mechanical fix:'   sha256sum tests/exp657_case6_shortrow_owner_special.py   printf '%s\n' 'control and work source SHA256:'   sha256sum solutions/archive/2026-08-16-submissions/cuda_113889.cpp solutions/cuda_maca_optimized.cpp   printf '%s\n' 'library metadata:'   stat -c '%n size=%s mtime=%y mode=%A' build/exp657_candidate_normal.so build/cuda_113889.so   printf '%s\n' 'runner checks:'   python3 -m py_compile tests/exp657_case6_shortrow_owner_special.py   git diff --check -- tests/exp657_case6_shortrow_owner_special.py   printf '%s\n' 'mechanical fix: _set_lengths now returns a CUDA Tensor so cache_seqlens restore and byte checks use the same ABI type; no acceptance predicate changed.'   printf '%s\n' 'active relevant processes before gate:'   pgrep -af '[c]500|[m]aca|[x]puoj|[b]enchmark|[t]est_kernel|[p]ython.*exp657_case6' || true   printf '%s\n' 'command: python3 tests/exp657_case6_shortrow_owner_special.py --candidate-library build/exp657_candidate_normal.so --control-library build/cuda_113889.so --seed 20260823'   python3 tests/exp657_case6_shortrow_owner_special.py --candidate-library build/exp657_candidate_normal.so --control-library build/cuda_113889.so --seed 20260823   gate_rc=$?   printf 'gate_exit_status=%s\n' "$gate_rc"   printf '%s\n' 'active relevant processes after gate:'   pgrep -af '[c]500|[m]aca|[x]puoj|[b]enchmark|[t]est_kernel|[p]ython.*exp657_case6' || true   exit "$gate_rc" } 2>&1 | tee log/exp657_c500_special_fixed.log rc=${PIPESTATUS[0]} printf 'wrapper_exit_status=%s\n' "$rc" >> log/exp657_c500_special_fixed.log exit "$rc"
1144578 tee log/exp657_c500_special_fixed.log
wrapper_exit_status=0
