exp631 relaxed case2 C500 special gate
2026-08-23T20:04:20Z
a61ef873b62fe81fa96b714d1a4ce44cb10c9a7e0ade61d4487e23697dd222af  solutions/archive/2026-08-22-experiments/cuda_case2_source_owner_native_b128_single_launch_exp631.cpp
4772a72d7d6acc211e024b9c980bdbd76f3642ab117fe0c432537649fa9b45a3  build/exp631_relaxed_candidate_normal.so
a92f74e6aae22bc8e9a0a08b627ee9441c014cce9d950cf984f23c8987840972  solutions/archive/2026-08-16-submissions/cuda_113889.cpp
process_snapshot_before:
1147639 /bin/bash -c set -o pipefail; { printf 'exp631 relaxed case2 C500 special gate\n'; date -u +%FT%TZ; sha256sum solutions/archive/2026-08-22-experiments/cuda_case2_source_owner_native_b128_single_launch_exp631.cpp build/exp631_relaxed_candidate_normal.so solutions/archive/2026-08-16-submissions/cuda_113889.cpp; printf 'process_snapshot_before:\n'; pgrep -af 'mxcc|build_local_maca|exp641_case2|torchrun|python.*tests' || true; python3 tests/exp641_case2_shared_kv_special.py --candidate build/exp631_relaxed_candidate_normal.so --control build/cuda_113889.so --seed 20260823; status=$?; printf 'gate_exit_status=%s\n' "$status"; printf 'process_snapshot_after:\n'; pgrep -af 'mxcc|build_local_maca|exp641_case2|torchrun|python.*tests' || true; exit "$status"; } > log/exp631_relaxed_c500_special.log 2>&1
GPU: MetaX C500 | torch=2.8.0+metax3.7.1.3
candidate: build/exp631_relaxed_candidate_normal.so | control: build/cuda_113889.so | seed: 20260823
[INFO] distinct raw BF16 groups q=128 k=64 v=64 GQA=4
[PASS] all-one token1 poison/tail padding trap candidate_error=0.000000e+00 control_error=0.000000e+00 candidate_tol_ratio=0.000 control_tol_ratio=0.000 bit_equal=True deterministic=True candidate_untouched=True control_untouched=True guards=True
[PASS] all-two full token range candidate_error=7.812500e-03 control_error=7.812500e-03 candidate_tol_ratio=0.236 control_tol_ratio=0.236 bit_equal=True deterministic=True candidate_untouched=True control_untouched=True guards=True
[PASS] mixed [1,2,1,2] GQA/page ownership candidate_error=7.812500e-03 control_error=7.812500e-03 candidate_tol_ratio=0.236 control_tol_ratio=0.236 bit_equal=True deterministic=True candidate_untouched=True control_untouched=True guards=True
[PASS] reverse [2,1,2,1] GQA/page ownership candidate_error=3.906250e-03 control_error=3.906250e-03 candidate_tol_ratio=0.155 control_tol_ratio=0.155 bit_equal=True deterministic=True candidate_untouched=True control_untouched=True guards=True
[PASS] workspace reuse full->short->full iter=1/100 step=1/3 lengths=(2, 2, 2, 2) candidate_error=7.812500e-03 control_error=7.812500e-03 candidate_tol_ratio=0.236 control_tol_ratio=0.236 bit_equal=True deterministic=True candidate_untouched=True control_untouched=True guards=True
[PASS] workspace reuse full->short->full iter=1/100 step=2/3 lengths=(1, 1, 1, 1) candidate_error=0.000000e+00 control_error=0.000000e+00 candidate_tol_ratio=0.000 control_tol_ratio=0.000 bit_equal=True deterministic=True candidate_untouched=True control_untouched=True guards=True
[PASS] workspace reuse full->short->full iter=1/100 step=3/3 lengths=(2, 2, 2, 2) candidate_error=7.812500e-03 control_error=7.812500e-03 candidate_tol_ratio=0.236 control_tol_ratio=0.236 bit_equal=True deterministic=True candidate_untouched=True control_untouched=True guards=True
[PASS] workspace reuse full->short->full iter=100/100 step=1/3 lengths=(2, 2, 2, 2) candidate_error=7.812500e-03 control_error=7.812500e-03 candidate_tol_ratio=0.236 control_tol_ratio=0.236 bit_equal=True deterministic=True candidate_untouched=True control_untouched=True guards=True
[PASS] workspace reuse full->short->full iter=100/100 step=2/3 lengths=(1, 1, 1, 1) candidate_error=0.000000e+00 control_error=0.000000e+00 candidate_tol_ratio=0.000 control_tol_ratio=0.000 bit_equal=True deterministic=True candidate_untouched=True control_untouched=True guards=True
[PASS] workspace reuse full->short->full iter=100/100 step=3/3 lengths=(2, 2, 2, 2) candidate_error=7.812500e-03 control_error=7.812500e-03 candidate_tol_ratio=0.236 control_tol_ratio=0.236 bit_equal=True deterministic=True candidate_untouched=True control_untouched=True guards=True
[PASS] workspace reuse full->short->full deterministic checks=100
[PASS] workspace reuse short->full iter=1/100 step=1/2 lengths=(1, 1, 1, 1) candidate_error=0.000000e+00 control_error=0.000000e+00 candidate_tol_ratio=0.000 control_tol_ratio=0.000 bit_equal=True deterministic=True candidate_untouched=True control_untouched=True guards=True
[PASS] workspace reuse short->full iter=1/100 step=2/2 lengths=(2, 2, 2, 2) candidate_error=7.812500e-03 control_error=7.812500e-03 candidate_tol_ratio=0.236 control_tol_ratio=0.236 bit_equal=True deterministic=True candidate_untouched=True control_untouched=True guards=True
[PASS] workspace reuse short->full iter=100/100 step=1/2 lengths=(1, 1, 1, 1) candidate_error=0.000000e+00 control_error=0.000000e+00 candidate_tol_ratio=0.000 control_tol_ratio=0.000 bit_equal=True deterministic=True candidate_untouched=True control_untouched=True guards=True
[PASS] workspace reuse short->full iter=100/100 step=2/2 lengths=(2, 2, 2, 2) candidate_error=7.812500e-03 control_error=7.812500e-03 candidate_tol_ratio=0.236 control_tol_ratio=0.236 bit_equal=True deterministic=True candidate_untouched=True control_untouched=True guards=True
[PASS] workspace reuse short->full deterministic checks=100
[PASS] workspace reuse full->short->full and short->full
[PASS] determinism all-one candidate repetitions=100 mismatches=0 max_tol_ratio=0.000
[PASS] determinism all-one control repetitions=100 mismatches=0 max_tol_ratio=0.000
[PASS] determinism all-two candidate repetitions=100 mismatches=0 max_tol_ratio=0.236
[PASS] determinism all-two control repetitions=100 mismatches=0 max_tol_ratio=0.236
case2 exp641 special correctness: PASS checks=9
gate_exit_status=0
process_snapshot_after:
1147639 /bin/bash -c set -o pipefail; { printf 'exp631 relaxed case2 C500 special gate\n'; date -u +%FT%TZ; sha256sum solutions/archive/2026-08-22-experiments/cuda_case2_source_owner_native_b128_single_launch_exp631.cpp build/exp631_relaxed_candidate_normal.so solutions/archive/2026-08-16-submissions/cuda_113889.cpp; printf 'process_snapshot_before:\n'; pgrep -af 'mxcc|build_local_maca|exp641_case2|torchrun|python.*tests' || true; python3 tests/exp641_case2_shared_kv_special.py --candidate build/exp631_relaxed_candidate_normal.so --control build/cuda_113889.so --seed 20260823; status=$?; printf 'gate_exit_status=%s\n' "$status"; printf 'process_snapshot_after:\n'; pgrep -af 'mxcc|build_local_maca|exp641_case2|torchrun|python.*tests' || true; exit "$status"; } > log/exp631_relaxed_c500_special.log 2>&1
