Building /data/cuda-flash-attn/solutions/archive/2026-08-22-experiments/cuda_case14_direct_fanin_normalized_bf16_exp639.cpp
Compiler: /opt/maca/mxgpu_llvm/bin/mxcc
MACA path: /opt/maca
CUDA bridge: /opt/maca-3.7.1/tools/cu-bridge
Target: xcore1000
Output: /data/cuda-flash-attn/build/exp639_candidate_device.ll
mxcc: warning: argument unused during compilation: '-shared' [-Wunused-command-line-argument]
/data/cuda-flash-attn/solutions/archive/2026-08-22-experiments/cuda_case14_direct_fanin_normalized_bf16_exp639.cpp:335:40: warning: set minimum blocks' number is illegal in Maca and the value will be ignored [-Wmaca-min-blocks-per-multiprocessor]
  335 | __global__ void __launch_bounds__(256, 6)
      |                                        ^
/data/cuda-flash-attn/solutions/archive/2026-08-22-experiments/cuda_case14_direct_fanin_normalized_bf16_exp639.cpp:701:40: warning: set minimum blocks' number is illegal in Maca and the value will be ignored [-Wmaca-min-blocks-per-multiprocessor]
  701 | __global__ void __launch_bounds__(256, 6)
      |                                        ^
/data/cuda-flash-attn/solutions/archive/2026-08-22-experiments/cuda_case14_direct_fanin_normalized_bf16_exp639.cpp:1229:40: warning: set minimum blocks' number is illegal in Maca and the value will be ignored [-Wmaca-min-blocks-per-multiprocessor]
 1229 | __global__ void __launch_bounds__(256, 6)
      |                                        ^
/data/cuda-flash-attn/solutions/archive/2026-08-22-experiments/cuda_case14_direct_fanin_normalized_bf16_exp639.cpp:1229:40: warning: set minimum blocks' number is illegal in Maca and the value will be ignored [-Wmaca-min-blocks-per-multiprocessor]
/data/cuda-flash-attn/solutions/archive/2026-08-22-experiments/cuda_case14_direct_fanin_normalized_bf16_exp639.cpp:5761:21: note: in instantiation of function template specialization 'paged_decode_token_parallel_kernel<4, 8, false, false, false, false, false, true, false, false, false, false, false, true, false, false, false>' requested here
 5761 |                     paged_decode_token_parallel_kernel<
      |                     ^
/data/cuda-flash-attn/solutions/archive/2026-08-22-experiments/cuda_case14_direct_fanin_normalized_bf16_exp639.cpp:1229:40: warning: set minimum blocks' number is illegal in Maca and the value will be ignored [-Wmaca-min-blocks-per-multiprocessor]
 1229 | __global__ void __launch_bounds__(256, 6)
      |                                        ^
/data/cuda-flash-attn/solutions/archive/2026-08-22-experiments/cuda_case14_direct_fanin_normalized_bf16_exp639.cpp:5773:21: note: in instantiation of function template specialization 'paged_decode_token_parallel_kernel<4, 8, false, false, false, false, false, false, false, false, false, false, false, false, false, false, false>' requested here
 5773 |                     paged_decode_token_parallel_kernel<4, 8, false><<<
      |                     ^
/data/cuda-flash-attn/solutions/archive/2026-08-22-experiments/cuda_case14_direct_fanin_normalized_bf16_exp639.cpp:1229:40: warning: set minimum blocks' number is illegal in Maca and the value will be ignored [-Wmaca-min-blocks-per-multiprocessor]
 1229 | __global__ void __launch_bounds__(256, 6)
      |                                        ^
/data/cuda-flash-attn/solutions/archive/2026-08-22-experiments/cuda_case14_direct_fanin_normalized_bf16_exp639.cpp:5908:21: note: in instantiation of function template specialization 'paged_decode_token_parallel_kernel<8, 4, false, false, false, false, false, true, false, false, false, false, true, true, true, true, false>' requested here
 5908 |                     paged_decode_token_parallel_kernel<
      |                     ^
/data/cuda-flash-attn/solutions/archive/2026-08-22-experiments/cuda_case14_direct_fanin_normalized_bf16_exp639.cpp:1229:40: warning: set minimum blocks' number is illegal in Maca and the value will be ignored [-Wmaca-min-blocks-per-multiprocessor]
 1229 | __global__ void __launch_bounds__(256, 6)
      |                                        ^
/data/cuda-flash-attn/solutions/archive/2026-08-22-experiments/cuda_case14_direct_fanin_normalized_bf16_exp639.cpp:5930:21: note: in instantiation of function template specialization 'paged_decode_token_parallel_kernel<8, 4, true, false, false, false, false, true, false, false, true, false, true, true, false, false, true>' requested here
 5930 |                     paged_decode_token_parallel_kernel<
      |                     ^
/data/cuda-flash-attn/solutions/archive/2026-08-22-experiments/cuda_case14_direct_fanin_normalized_bf16_exp639.cpp:701:40: warning: set minimum blocks' number is illegal in Maca and the value will be ignored [-Wmaca-min-blocks-per-multiprocessor]
  701 | __global__ void __launch_bounds__(256, 6)
      |                                        ^
/data/cuda-flash-attn/solutions/archive/2026-08-22-experiments/cuda_case14_direct_fanin_normalized_bf16_exp639.cpp:5945:9: note: in instantiation of function template specialization 'paged_decode_split_qk_pair_kernel<8, 4>' requested here
 5945 |         paged_decode_split_qk_pair_kernel<8, 4><<<grid, 128>>>(
      |         ^
/data/cuda-flash-attn/solutions/archive/2026-08-22-experiments/cuda_case14_direct_fanin_normalized_bf16_exp639.cpp:335:40: warning: set minimum blocks' number is illegal in Maca and the value will be ignored [-Wmaca-min-blocks-per-multiprocessor]
  335 | __global__ void __launch_bounds__(256, 6)
      |                                        ^
/data/cuda-flash-attn/solutions/archive/2026-08-22-experiments/cuda_case14_direct_fanin_normalized_bf16_exp639.cpp:5952:13: note: in instantiation of function template specialization 'paged_decode_split_kernel<4, 8>' requested here
 5952 |             paged_decode_split_kernel<4, 8><<<grid, 256>>>(
      |             ^
/data/cuda-flash-attn/solutions/archive/2026-08-22-experiments/cuda_case14_direct_fanin_normalized_bf16_exp639.cpp:335:40: warning: set minimum blocks' number is illegal in Maca and the value will be ignored [-Wmaca-min-blocks-per-multiprocessor]
  335 | __global__ void __launch_bounds__(256, 6)
      |                                        ^
/data/cuda-flash-attn/solutions/archive/2026-08-22-experiments/cuda_case14_direct_fanin_normalized_bf16_exp639.cpp:5958:13: note: in instantiation of function template specialization 'paged_decode_split_kernel<8, 4>' requested here
 5958 |             paged_decode_split_kernel<8, 4><<<grid, 128>>>(
      |             ^
10 warnings generated when compiling for xcore1000.
/data/cuda-flash-attn/solutions/archive/2026-08-22-experiments/cuda_case14_direct_fanin_normalized_bf16_exp639.cpp:335:40: warning: set minimum blocks' number is illegal in Maca and the value will be ignored [-Wmaca-min-blocks-per-multiprocessor]
  335 | __global__ void __launch_bounds__(256, 6)
      |                                        ^
/data/cuda-flash-attn/solutions/archive/2026-08-22-experiments/cuda_case14_direct_fanin_normalized_bf16_exp639.cpp:701:40: warning: set minimum blocks' number is illegal in Maca and the value will be ignored [-Wmaca-min-blocks-per-multiprocessor]
  701 | __global__ void __launch_bounds__(256, 6)
      |                                        ^
/data/cuda-flash-attn/solutions/archive/2026-08-22-experiments/cuda_case14_direct_fanin_normalized_bf16_exp639.cpp:1229:40: warning: set minimum blocks' number is illegal in Maca and the value will be ignored [-Wmaca-min-blocks-per-multiprocessor]
 1229 | __global__ void __launch_bounds__(256, 6)
      |                                        ^
/data/cuda-flash-attn/solutions/archive/2026-08-22-experiments/cuda_case14_direct_fanin_normalized_bf16_exp639.cpp:1229:40: warning: set minimum blocks' number is illegal in Maca and the value will be ignored [-Wmaca-min-blocks-per-multiprocessor]
/data/cuda-flash-attn/solutions/archive/2026-08-22-experiments/cuda_case14_direct_fanin_normalized_bf16_exp639.cpp:5761:21: note: in instantiation of function template specialization 'paged_decode_token_parallel_kernel<4, 8, false, false, false, false, false, true, false, false, false, false, false, true, false, false, false>' requested here
 5761 |                     paged_decode_token_parallel_kernel<
      |                     ^
/data/cuda-flash-attn/solutions/archive/2026-08-22-experiments/cuda_case14_direct_fanin_normalized_bf16_exp639.cpp:1229:40: warning: set minimum blocks' number is illegal in Maca and the value will be ignored [-Wmaca-min-blocks-per-multiprocessor]
 1229 | __global__ void __launch_bounds__(256, 6)
      |                                        ^
/data/cuda-flash-attn/solutions/archive/2026-08-22-experiments/cuda_case14_direct_fanin_normalized_bf16_exp639.cpp:5773:21: note: in instantiation of function template specialization 'paged_decode_token_parallel_kernel<4, 8, false, false, false, false, false, false, false, false, false, false, false, false, false, false, false>' requested here
 5773 |                     paged_decode_token_parallel_kernel<4, 8, false><<<
      |                     ^
/data/cuda-flash-attn/solutions/archive/2026-08-22-experiments/cuda_case14_direct_fanin_normalized_bf16_exp639.cpp:1229:40: warning: set minimum blocks' number is illegal in Maca and the value will be ignored [-Wmaca-min-blocks-per-multiprocessor]
 1229 | __global__ void __launch_bounds__(256, 6)
      |                                        ^
/data/cuda-flash-attn/solutions/archive/2026-08-22-experiments/cuda_case14_direct_fanin_normalized_bf16_exp639.cpp:5908:21: note: in instantiation of function template specialization 'paged_decode_token_parallel_kernel<8, 4, false, false, false, false, false, true, false, false, false, false, true, true, true, true, false>' requested here
 5908 |                     paged_decode_token_parallel_kernel<
      |                     ^
/data/cuda-flash-attn/solutions/archive/2026-08-22-experiments/cuda_case14_direct_fanin_normalized_bf16_exp639.cpp:1229:40: warning: set minimum blocks' number is illegal in Maca and the value will be ignored [-Wmaca-min-blocks-per-multiprocessor]
 1229 | __global__ void __launch_bounds__(256, 6)
      |                                        ^
/data/cuda-flash-attn/solutions/archive/2026-08-22-experiments/cuda_case14_direct_fanin_normalized_bf16_exp639.cpp:5930:21: note: in instantiation of function template specialization 'paged_decode_token_parallel_kernel<8, 4, true, false, false, false, false, true, false, false, true, false, true, true, false, false, true>' requested here
 5930 |                     paged_decode_token_parallel_kernel<
      |                     ^
/data/cuda-flash-attn/solutions/archive/2026-08-22-experiments/cuda_case14_direct_fanin_normalized_bf16_exp639.cpp:701:40: warning: set minimum blocks' number is illegal in Maca and the value will be ignored [-Wmaca-min-blocks-per-multiprocessor]
  701 | __global__ void __launch_bounds__(256, 6)
      |                                        ^
/data/cuda-flash-attn/solutions/archive/2026-08-22-experiments/cuda_case14_direct_fanin_normalized_bf16_exp639.cpp:5945:9: note: in instantiation of function template specialization 'paged_decode_split_qk_pair_kernel<8, 4>' requested here
 5945 |         paged_decode_split_qk_pair_kernel<8, 4><<<grid, 128>>>(
      |         ^
/data/cuda-flash-attn/solutions/archive/2026-08-22-experiments/cuda_case14_direct_fanin_normalized_bf16_exp639.cpp:335:40: warning: set minimum blocks' number is illegal in Maca and the value will be ignored [-Wmaca-min-blocks-per-multiprocessor]
  335 | __global__ void __launch_bounds__(256, 6)
      |                                        ^
/data/cuda-flash-attn/solutions/archive/2026-08-22-experiments/cuda_case14_direct_fanin_normalized_bf16_exp639.cpp:5952:13: note: in instantiation of function template specialization 'paged_decode_split_kernel<4, 8>' requested here
 5952 |             paged_decode_split_kernel<4, 8><<<grid, 256>>>(
      |             ^
/data/cuda-flash-attn/solutions/archive/2026-08-22-experiments/cuda_case14_direct_fanin_normalized_bf16_exp639.cpp:335:40: warning: set minimum blocks' number is illegal in Maca and the value will be ignored [-Wmaca-min-blocks-per-multiprocessor]
  335 | __global__ void __launch_bounds__(256, 6)
      |                                        ^
/data/cuda-flash-attn/solutions/archive/2026-08-22-experiments/cuda_case14_direct_fanin_normalized_bf16_exp639.cpp:5958:13: note: in instantiation of function template specialization 'paged_decode_split_kernel<8, 4>' requested here
 5958 |             paged_decode_split_kernel<8, 4><<<grid, 128>>>(
      |             ^
10 warnings generated when compiling for host.
Built /data/cuda-flash-attn/build/exp639_candidate_device.ll
