candidate_tuple_count=33
control_tuple_count=33
canonical_diff:
--- /tmp/exp699_control_canonical.txt	2026-08-24 14:38:08.133982987 +0000
+++ /tmp/exp699_candidate_canonical.txt	2026-08-24 14:38:08.133982987 +0000
@@ -18,16 +18,16 @@
 void paged_decode_reduce_kernel<true, false, true, true, true, true, true>(float const*, float const*, float const*, __maca_bfloat16*, int const*, int, int, int)	  0 bytes stack frame | maca info  : Used  40 MTregisters, 28 STregisters, 0 bytes shared mem  | maca info  : staticMaxWarps/PEU : 8
 void paged_decode_reduce_vec2_kernel<true, false, true, false, false, false>(float const*, float const*, float const*, __maca_bfloat16*, int const*, int, int, int)	  0 bytes stack frame | maca info  : Used  38 MTregisters, 39 STregisters, 0 bytes shared mem  | maca info  : staticMaxWarps/PEU : 8
 void paged_decode_reduce_vec2_kernel<true, false, true, false, true, true>(float const*, float const*, float const*, __maca_bfloat16*, int const*, int, int, int)	  0 bytes stack frame | maca info  : Used  36 MTregisters, 33 STregisters, 0 bytes shared mem  | maca info  : staticMaxWarps/PEU : 8
-void paged_decode_reduce_vec2_kernel<true, false, true, true, true, false>(float const*, float const*, float const*, __maca_bfloat16*, int const*, int, int, int)	  0 bytes stack frame | maca info  : Used  38 MTregisters, 36 STregisters, 0 bytes shared mem  | maca info  : staticMaxWarps/PEU :10 warnings generated when compiling for xcore1000.
+void paged_decode_reduce_vec2_kernel<true, false, true, true, true, false>(float const*, float const*, float const*, __maca_bfloat16*, int const*, int, int, int)	  0 bytes stack frame | maca info  : Used  38 MTregisters, 36 STregisters, 0 bytes shared mem  | maca info  : stat10 warnings generated when compiling for xcore1000.
 void paged_decode_reduce_vec4_kernel<true, false, true>(float const*, float const*, float const*, __maca_bfloat16*, int const*, int, int, int)	  0 bytes stack frame | maca info  : Used  64 MTregisters, 35 STregisters, 0 bytes shared mem  | maca info  : staticMaxWarps/PEU : 8
 void paged_decode_single_token_kernel<4, 8>(__maca_bfloat16 const*, __maca_bfloat16*, int const*, int)	  0 bytes stack frame | maca info  : Used  6 MTregisters, 18 STregisters, 0 bytes shared mem  | maca info  : staticMaxWarps/PEU : 8
 void paged_decode_single_token_kernel<8, 4>(__maca_bfloat16 const*, __maca_bfloat16*, int const*, int)	  0 bytes stack frame | maca info  : Used  6 MTregisters, 18 STregisters, 0 bytes shared mem  | maca info  : staticMaxWarps/PEU : 8
 void paged_decode_split_kernel<4, 8>(__maca_bfloat16 const*, __maca_bfloat16 const*, __maca_bfloat16 const*, __maca_bfloat16*, int const*, int const*, float*, float*, float*, int, int, int, int, float)	  0 bytes stack frame | maca info  : Used  104 MTregisters, 74 STregisters, 8192 bytes shared mem  | maca info  : staticMaxWarps/PEU : 4
 void paged_decode_split_kernel<8, 4>(__maca_bfloat16 const*, __maca_bfloat16 const*, __maca_bfloat16 const*, __maca_bfloat16*, int const*, int const*, float*, float*, float*, int, int, int, int, float)	  0 bytes stack frame | maca info  : Used  104 MTregisters, 74 STregisters, 8192 bytes shared mem  | maca info  : staticMaxWarps/PEU : 4
 void paged_decode_split_qk_pair_kernel<8, 4>(__maca_bfloat16 const*, __maca_bfloat16 const*, __maca_bfloat16 const*, __maca_bfloat16*, int const*, int const*, float*, float*, float*, int, int, int, int, float)	  0 bytes stack frame | maca info  : Used  118 MTregisters, 50 STregisters, 8192 bytes shared mem  | maca info  : staticMaxWarps/PEU : 4
-void paged_decode_token_parallel_kernel<4, 8, false, false, false, false, false, false, false, false, false, false, false, false, false, false>(__maca_bfloat16 const*, __maca_bfloat16 const*, __maca_bfloat16 const*, __maca_bfloat16*, int const*, int const*, float*, float*, float*, int, int, int, int, float)	  0 bytes stack frame | maca info  : Used  92 MTregisters, 48 STregisters, 8320 bytes shared mem  | maca info  : staticMaxWarps/PEU : 5
-void paged_decode_token_parallel_kernel<4, 8, false, false, false, false, false, true, false, false, false, false, false, true, false, false>(__maca_bfloat16 const*, __maca_bfloat16 const*, __maca_bfloat16 const*, __maca_bfloat16*, int const*, int const*, float*, float*, float*, int, int, int, int, float)	  0 bytes stack frame | maca info  : Used  92 MTregisters, 48 STregisters, 8320 bytes shared mem  | maca info  : staticMaxWarps/PEU : 5
-void paged_decode_token_parallel_kernel<8, 4, false, false, false, false, false, true, false, false, false, false, true, true, true, true>(__maca_bfloat16 const*, __maca_bfloat16 const*, __maca_bfloat16 const*, __maca_bfloat16*, int const*, int const*, float*, float*, float*, int, int, int, int, float)	  0 bytes stack frame | maca info  : Used  74 MTregisters, 44 STregisters, 8320 bytes shared mem  | maca info  : staticMaxWarps/PEU : 6
-void paged_decode_token_parallel_kernel<8, 4, true, false, false, false, false, true, false, false, true, false, true, true, false, false>(__maca_bfloat16 const*, __maca_bfloat16 const*, __maca_bfloat16 const*, __maca_bfloat16*, int const*, int const*, float*, float*, float*, int, int, int, int, float)	  0 bytes stack frame | maca info  : Used  80 MTregisters, 44 STregisters, 8320 bytes shared mem  | maca info  : staticMaxWarps/PEU : 6
+void paged_decode_token_parallel_kernel<4, 8, false, false, false, false, false, false, false, false, false, false, false, false, false, false, false>(__maca_bfloat16 const*, __maca_bfloat16 const*, __maca_bfloat16 const*, __maca_bfloat16*, int const*, int const*, float*, float*, float*, int, int, int, int, float)	  0 bytes stack frame | maca info  : Used  92 MTregisters, 48 STregisters, 8320 bytes shared mem  | maca info  : staticMaxWarps/PEU : 5
+void paged_decode_token_parallel_kernel<4, 8, false, false, false, false, false, true, false, false, false, false, false, true, false, false, false>(__maca_bfloat16 const*, __maca_bfloat16 const*, __maca_bfloat16 const*, __maca_bfloat16*, int const*, int const*, float*, float*, float*, int, int, int, int, float)	  0 bytes stack frame | maca info  : Used  98 MTregisters, 54 STregisters, 8320 bytes shared mem  | maca info  : staticMaxWarps/PEU : 4
+void paged_decode_token_parallel_kernel<8, 4, false, false, false, false, false, true, false, false, false, false, true, true, true, true, false>(__maca_bfloat16 const*, __maca_bfloat16 const*, __maca_bfloat16 const*, __maca_bfloat16*, int const*, int const*, float*, float*, float*, int, int, int, int, float)	  0 bytes stack frame | maca info  : Used  74 MTregisters, 44 STregisters, 8320 bytes shared mem  | maca info  : staticMaxWarps/PEU : 6
+void paged_decode_token_parallel_kernel<8, 4, true, false, false, false, false, true, false, false, true, false, true, true, false, false, true>(__maca_bfloat16 const*, __maca_bfloat16 const*, __maca_bfloat16 const*, __maca_bfloat16*, int const*, int const*, float*, float*, float*, int, int, int, int, float)	  0 bytes stack frame | maca info  : Used  80 MTregisters, 44 STregisters, 8320 bytes shared mem  | maca info  : staticMaxWarps/PEU : 6
 void paged_decode_two_token_kernel<4, 8>(__maca_bfloat16 const*, __maca_bfloat16 const*, __maca_bfloat16 const*, __maca_bfloat16*, int const*, int const*, int, float)	  0 bytes stack frame | maca info  : Used  22 MTregisters, 26 STregisters, 0 bytes shared mem  | maca info  : staticMaxWarps/PEU : 8
 void paged_decode_two_token_kernel<8, 4>(__maca_bfloat16 const*, __maca_bfloat16 const*, __maca_bfloat16 const*, __maca_bfloat16*, int const*, int const*, int, float)	  0 bytes stack frame | maca info  : Used  22 MTregisters, 26 STregisters, 0 bytes shared mem  | maca info  : staticMaxWarps/PEU : 8
