Building solutions/archive/2026-08-24-experiments/cuda_control124611_case11_fixed20_mma_exp693.cpp
Compiler: /opt/maca/mxgpu_llvm/bin/mxcc
MACA path: /opt/maca
CUDA bridge: /opt/maca-3.7.1/tools/cu-bridge
Target: xcore1000
Output: build/exp693_normal.so
solutions/archive/2026-08-24-experiments/cuda_control124611_case11_fixed20_mma_exp693.cpp:335:40: warning: set minimum blocks' number is illegal in Maca and the value will be ignored [-Wmaca-min-blocks-per-multiprocessor]
  335 | __global__ void __launch_bounds__(256, 6)
      |                                        ^
solutions/archive/2026-08-24-experiments/cuda_control124611_case11_fixed20_mma_exp693.cpp:701:40: warning: set minimum blocks' number is illegal in Maca and the value will be ignored [-Wmaca-min-blocks-per-multiprocessor]
  701 | __global__ void __launch_bounds__(256, 6)
      |                                        ^
solutions/archive/2026-08-24-experiments/cuda_control124611_case11_fixed20_mma_exp693.cpp:1229:40: warning: set minimum blocks' number is illegal in Maca and the value will be ignored [-Wmaca-min-blocks-per-multiprocessor]
 1229 | __global__ void __launch_bounds__(256, 6)
      |                                        ^
solutions/archive/2026-08-24-experiments/cuda_control124611_case11_fixed20_mma_exp693.cpp:1229:40: warning: set minimum blocks' number is illegal in Maca and the value will be ignored [-Wmaca-min-blocks-per-multiprocessor]
solutions/archive/2026-08-24-experiments/cuda_control124611_case11_fixed20_mma_exp693.cpp:5690:21: note: in instantiation of function template specialization 'paged_decode_token_parallel_kernel<4, 8, false, false, false, false, false, true, false, false, false, false, false, true, false, false, false>' requested here
 5690 |                     paged_decode_token_parallel_kernel<
      |                     ^
solutions/archive/2026-08-24-experiments/cuda_control124611_case11_fixed20_mma_exp693.cpp:1229:40: warning: set minimum blocks' number is illegal in Maca and the value will be ignored [-Wmaca-min-blocks-per-multiprocessor]
 1229 | __global__ void __launch_bounds__(256, 6)
      |                                        ^
solutions/archive/2026-08-24-experiments/cuda_control124611_case11_fixed20_mma_exp693.cpp:5702:21: note: in instantiation of function template specialization 'paged_decode_token_parallel_kernel<4, 8, false, false, false, false, false, false, false, false, false, false, false, false, false, false, false>' requested here
 5702 |                     paged_decode_token_parallel_kernel<4, 8, false><<<
      |                     ^
solutions/archive/2026-08-24-experiments/cuda_control124611_case11_fixed20_mma_exp693.cpp:1229:40: warning: set minimum blocks' number is illegal in Maca and the value will be ignored [-Wmaca-min-blocks-per-multiprocessor]
 1229 | __global__ void __launch_bounds__(256, 6)
      |                                        ^
solutions/archive/2026-08-24-experiments/cuda_control124611_case11_fixed20_mma_exp693.cpp:5838:21: note: in instantiation of function template specialization 'paged_decode_token_parallel_kernel<8, 4, false, false, false, false, false, true, false, false, false, false, true, true, true, true, false>' requested here
 5838 |                     paged_decode_token_parallel_kernel<
      |                     ^
solutions/archive/2026-08-24-experiments/cuda_control124611_case11_fixed20_mma_exp693.cpp:1229:40: warning: set minimum blocks' number is illegal in Maca and the value will be ignored [-Wmaca-min-blocks-per-multiprocessor]
 1229 | __global__ void __launch_bounds__(256, 6)
      |                                        ^
solutions/archive/2026-08-24-experiments/cuda_control124611_case11_fixed20_mma_exp693.cpp:5860:21: note: in instantiation of function template specialization 'paged_decode_token_parallel_kernel<8, 4, true, false, false, false, false, true, false, false, true, false, true, true, false, false, true>' requested here
 5860 |                     paged_decode_token_parallel_kernel<
      |                     ^
solutions/archive/2026-08-24-experiments/cuda_control124611_case11_fixed20_mma_exp693.cpp:701:40: warning: set minimum blocks' number is illegal in Maca and the value will be ignored [-Wmaca-min-blocks-per-multiprocessor]
  701 | __global__ void __launch_bounds__(256, 6)
      |                                        ^
solutions/archive/2026-08-24-experiments/cuda_control124611_case11_fixed20_mma_exp693.cpp:5875:9: note: in instantiation of function template specialization 'paged_decode_split_qk_pair_kernel<8, 4>' requested here
 5875 |         paged_decode_split_qk_pair_kernel<8, 4><<<grid, 128>>>(
      |         ^
solutions/archive/2026-08-24-experiments/cuda_control124611_case11_fixed20_mma_exp693.cpp:335:40: warning: set minimum blocks' number is illegal in Maca and the value will be ignored [-Wmaca-min-blocks-per-multiprocessor]
  335 | __global__ void __launch_bounds__(256, 6)
      |                                        ^
solutions/archive/2026-08-24-experiments/cuda_control124611_case11_fixed20_mma_exp693.cpp:5882:13: note: in instantiation of function template specialization 'paged_decode_split_kernel<4, 8>' requested here
 5882 |             paged_decode_split_kernel<4, 8><<<grid, 256>>>(
      |             ^
solutions/archive/2026-08-24-experiments/cuda_control124611_case11_fixed20_mma_exp693.cpp:335:40: warning: set minimum blocks' number is illegal in Maca and the value will be ignored [-Wmaca-min-blocks-per-multiprocessor]
  335 | __global__ void __launch_bounds__(256, 6)
      |                                        ^
solutions/archive/2026-08-24-experiments/cuda_control124611_case11_fixed20_mma_exp693.cpp:5888:13: note: in instantiation of function template specialization 'paged_decode_split_kernel<8, 4>' requested here
 5888 |             paged_decode_split_kernel<8, 4><<<grid, 128>>>(
      |             ^
10 warnings generated when compiling for xcore1000.
solutions/archive/2026-08-24-experiments/cuda_control124611_case11_fixed20_mma_exp693.cpp:335:40: warning: set minimum blocks' number is illegal in Maca and the value will be ignored [-Wmaca-min-blocks-per-multiprocessor]
  335 | __global__ void __launch_bounds__(256, 6)
      |                                        ^
solutions/archive/2026-08-24-experiments/cuda_control124611_case11_fixed20_mma_exp693.cpp:701:40: warning: set minimum blocks' number is illegal in Maca and the value will be ignored [-Wmaca-min-blocks-per-multiprocessor]
  701 | __global__ void __launch_bounds__(256, 6)
      |                                        ^
solutions/archive/2026-08-24-experiments/cuda_control124611_case11_fixed20_mma_exp693.cpp:1229:40: warning: set minimum blocks' number is illegal in Maca and the value will be ignored [-Wmaca-min-blocks-per-multiprocessor]
 1229 | __global__ void __launch_bounds__(256, 6)
      |                                        ^
solutions/archive/2026-08-24-experiments/cuda_control124611_case11_fixed20_mma_exp693.cpp:1229:40: warning: set minimum blocks' number is illegal in Maca and the value will be ignored [-Wmaca-min-blocks-per-multiprocessor]
solutions/archive/2026-08-24-experiments/cuda_control124611_case11_fixed20_mma_exp693.cpp:5690:21: note: in instantiation of function template specialization 'paged_decode_token_parallel_kernel<4, 8, false, false, false, false, false, true, false, false, false, false, false, true, false, false, false>' requested here
 5690 |                     paged_decode_token_parallel_kernel<
      |                     ^
solutions/archive/2026-08-24-experiments/cuda_control124611_case11_fixed20_mma_exp693.cpp:1229:40: warning: set minimum blocks' number is illegal in Maca and the value will be ignored [-Wmaca-min-blocks-per-multiprocessor]
 1229 | __global__ void __launch_bounds__(256, 6)
      |                                        ^
solutions/archive/2026-08-24-experiments/cuda_control124611_case11_fixed20_mma_exp693.cpp:5702:21: note: in instantiation of function template specialization 'paged_decode_token_parallel_kernel<4, 8, false, false, false, false, false, false, false, false, false, false, false, false, false, false, false>' requested here
 5702 |                     paged_decode_token_parallel_kernel<4, 8, false><<<
      |                     ^
solutions/archive/2026-08-24-experiments/cuda_control124611_case11_fixed20_mma_exp693.cpp:1229:40: warning: set minimum blocks' number is illegal in Maca and the value will be ignored [-Wmaca-min-blocks-per-multiprocessor]
 1229 | __global__ void __launch_bounds__(256, 6)
      |                                        ^
solutions/archive/2026-08-24-experiments/cuda_control124611_case11_fixed20_mma_exp693.cpp:5838:21: note: in instantiation of function template specialization 'paged_decode_token_parallel_kernel<8, 4, false, false, false, false, false, true, false, false, false, false, true, true, true, true, false>' requested here
 5838 |                     paged_decode_token_parallel_kernel<
      |                     ^
solutions/archive/2026-08-24-experiments/cuda_control124611_case11_fixed20_mma_exp693.cpp:1229:40: warning: set minimum blocks' number is illegal in Maca and the value will be ignored [-Wmaca-min-blocks-per-multiprocessor]
 1229 | __global__ void __launch_bounds__(256, 6)
      |                                        ^
solutions/archive/2026-08-24-experiments/cuda_control124611_case11_fixed20_mma_exp693.cpp:5860:21: note: in instantiation of function template specialization 'paged_decode_token_parallel_kernel<8, 4, true, false, false, false, false, true, false, false, true, false, true, true, false, false, true>' requested here
 5860 |                     paged_decode_token_parallel_kernel<
      |                     ^
solutions/archive/2026-08-24-experiments/cuda_control124611_case11_fixed20_mma_exp693.cpp:701:40: warning: set minimum blocks' number is illegal in Maca and the value will be ignored [-Wmaca-min-blocks-per-multiprocessor]
  701 | __global__ void __launch_bounds__(256, 6)
      |                                        ^
solutions/archive/2026-08-24-experiments/cuda_control124611_case11_fixed20_mma_exp693.cpp:5875:9: note: in instantiation of function template specialization 'paged_decode_split_qk_pair_kernel<8, 4>' requested here
 5875 |         paged_decode_split_qk_pair_kernel<8, 4><<<grid, 128>>>(
      |         ^
solutions/archive/2026-08-24-experiments/cuda_control124611_case11_fixed20_mma_exp693.cpp:335:40: warning: set minimum blocks' number is illegal in Maca and the value will be ignored [-Wmaca-min-blocks-per-multiprocessor]
  335 | __global__ void __launch_bounds__(256, 6)
      |                                        ^
solutions/archive/2026-08-24-experiments/cuda_control124611_case11_fixed20_mma_exp693.cpp:5882:13: note: in instantiation of function template specialization 'paged_decode_split_kernel<4, 8>' requested here
 5882 |             paged_decode_split_kernel<4, 8><<<grid, 256>>>(
      |             ^
solutions/archive/2026-08-24-experiments/cuda_control124611_case11_fixed20_mma_exp693.cpp:335:40: warning: set minimum blocks' number is illegal in Maca and the value will be ignored [-Wmaca-min-blocks-per-multiprocessor]
  335 | __global__ void __launch_bounds__(256, 6)
      |                                        ^
solutions/archive/2026-08-24-experiments/cuda_control124611_case11_fixed20_mma_exp693.cpp:5888:13: note: in instantiation of function template specialization 'paged_decode_split_kernel<8, 4>' requested here
 5888 |             paged_decode_split_kernel<8, 4><<<grid, 128>>>(
      |             ^
10 warnings generated when compiling for xcore1000.
solutions/archive/2026-08-24-experiments/cuda_control124611_case11_fixed20_mma_exp693.cpp:335:40: warning: set minimum blocks' number is illegal in Maca and the value will be ignored [-Wmaca-min-blocks-per-multiprocessor]
  335 | __global__ void __launch_bounds__(256, 6)
      |                                        ^
solutions/archive/2026-08-24-experiments/cuda_control124611_case11_fixed20_mma_exp693.cpp:701:40: warning: set minimum blocks' number is illegal in Maca and the value will be ignored [-Wmaca-min-blocks-per-multiprocessor]
  701 | __global__ void __launch_bounds__(256, 6)
      |                                        ^
solutions/archive/2026-08-24-experiments/cuda_control124611_case11_fixed20_mma_exp693.cpp:1229:40: warning: set minimum blocks' number is illegal in Maca and the value will be ignored [-Wmaca-min-blocks-per-multiprocessor]
 1229 | __global__ void __launch_bounds__(256, 6)
      |                                        ^
solutions/archive/2026-08-24-experiments/cuda_control124611_case11_fixed20_mma_exp693.cpp:1229:40: warning: set minimum blocks' number is illegal in Maca and the value will be ignored [-Wmaca-min-blocks-per-multiprocessor]
solutions/archive/2026-08-24-experiments/cuda_control124611_case11_fixed20_mma_exp693.cpp:5690:21: note: in instantiation of function template specialization 'paged_decode_token_parallel_kernel<4, 8, false, false, false, false, false, true, false, false, false, false, false, true, false, false, false>' requested here
 5690 |                     paged_decode_token_parallel_kernel<
      |                     ^
solutions/archive/2026-08-24-experiments/cuda_control124611_case11_fixed20_mma_exp693.cpp:1229:40: warning: set minimum blocks' number is illegal in Maca and the value will be ignored [-Wmaca-min-blocks-per-multiprocessor]
 1229 | __global__ void __launch_bounds__(256, 6)
      |                                        ^
solutions/archive/2026-08-24-experiments/cuda_control124611_case11_fixed20_mma_exp693.cpp:5702:21: note: in instantiation of function template specialization 'paged_decode_token_parallel_kernel<4, 8, false, false, false, false, false, false, false, false, false, false, false, false, false, false, false>' requested here
 5702 |                     paged_decode_token_parallel_kernel<4, 8, false><<<
      |                     ^
solutions/archive/2026-08-24-experiments/cuda_control124611_case11_fixed20_mma_exp693.cpp:1229:40: warning: set minimum blocks' number is illegal in Maca and the value will be ignored [-Wmaca-min-blocks-per-multiprocessor]
 1229 | __global__ void __launch_bounds__(256, 6)
      |                                        ^
solutions/archive/2026-08-24-experiments/cuda_control124611_case11_fixed20_mma_exp693.cpp:5838:21: note: in instantiation of function template specialization 'paged_decode_token_parallel_kernel<8, 4, false, false, false, false, false, true, false, false, false, false, true, true, true, true, false>' requested here
 5838 |                     paged_decode_token_parallel_kernel<
      |                     ^
solutions/archive/2026-08-24-experiments/cuda_control124611_case11_fixed20_mma_exp693.cpp:1229:40: warning: set minimum blocks' number is illegal in Maca and the value will be ignored [-Wmaca-min-blocks-per-multiprocessor]
 1229 | __global__ void __launch_bounds__(256, 6)
      |                                        ^
solutions/archive/2026-08-24-experiments/cuda_control124611_case11_fixed20_mma_exp693.cpp:5860:21: note: in instantiation of function template specialization 'paged_decode_token_parallel_kernel<8, 4, true, false, false, false, false, true, false, false, true, false, true, true, false, false, true>' requested here
 5860 |                     paged_decode_token_parallel_kernel<
      |                     ^
solutions/archive/2026-08-24-experiments/cuda_control124611_case11_fixed20_mma_exp693.cpp:701:40: warning: set minimum blocks' number is illegal in Maca and the value will be ignored [-Wmaca-min-blocks-per-multiprocessor]
  701 | __global__ void __launch_bounds__(256, 6)
      |                                        ^
solutions/archive/2026-08-24-experiments/cuda_control124611_case11_fixed20_mma_exp693.cpp:5875:9: note: in instantiation of function template specialization 'paged_decode_split_qk_pair_kernel<8, 4>' requested here
 5875 |         paged_decode_split_qk_pair_kernel<8, 4><<<grid, 128>>>(
      |         ^
solutions/archive/2026-08-24-experiments/cuda_control124611_case11_fixed20_mma_exp693.cpp:335:40: warning: set minimum blocks' number is illegal in Maca and the value will be ignored [-Wmaca-min-blocks-per-multiprocessor]
  335 | __global__ void __launch_bounds__(256, 6)
      |                                        ^
solutions/archive/2026-08-24-experiments/cuda_control124611_case11_fixed20_mma_exp693.cpp:5882:13: note: in instantiation of function template specialization 'paged_decode_split_kernel<4, 8>' requested here
 5882 |             paged_decode_split_kernel<4, 8><<<grid, 256>>>(
      |             ^
solutions/archive/2026-08-24-experiments/cuda_control124611_case11_fixed20_mma_exp693.cpp:335:40: warning: set minimum blocks' number is illegal in Maca and the value will be ignored [-Wmaca-min-blocks-per-multiprocessor]
  335 | __global__ void __launch_bounds__(256, 6)
      |                                        ^
solutions/archive/2026-08-24-experiments/cuda_control124611_case11_fixed20_mma_exp693.cpp:5888:13: note: in instantiation of function template specialization 'paged_decode_split_kernel<8, 4>' requested here
 5888 |             paged_decode_split_kernel<8, 4><<<grid, 128>>>(
      |             ^
10 warnings generated when compiling for host.
Built build/exp693_normal.so
exit=0
