--- normalized false <4,8> body identity ---
PASS
--- normalized false <8,4> body identity ---
PASS
--- false specialization seqlen load location ---
1:define protected metaxgpu_kernel void @_Z29paged_decode_two_token_kernelILi8ELi4ELb0EEvPK15__maca_bfloat16S2_S2_PS0_PKiS5_if(ptr addrspace(4) noalias nocapture noundef readonly %q.coerce, ptr addrspace(4) noalias nocapture noundef readonly %k_cache.coerce, ptr addrspace(4) noalias nocapture noundef readonly %v_cache.coerce, ptr addrspace(1) noalias nocapture noundef writeonly %out.coerce, ptr addrspace(1) noalias nocapture noundef readonly %cache_seqlens.coerce, ptr addrspace(1) noalias nocapture noundef readonly %block_table.coerce, i32 noundef %pages_per_batch, float noundef %sm_scale) local_unnamed_addr #12 comdat {
2-entry:
3-  %0 = tail call noundef range(i32 0, 1024) i32 @llvm.mxc.thread.id.x(), !range !26
--
21-  %mul14 = or disjoint i32 %7, %3
22-  %idx.ext = sext i32 %mul14 to i64
23:  %add.ptr = getelementptr inbounds %struct.__maca_bfloat16.1, ptr addrspace(4) %q.coerce, i64 %idx.ext
24-  %idxprom15 = zext nneg i32 %and9 to i64
25-  %arrayidx16 = getelementptr inbounds i32, ptr addrspace(4) %add.ptr, i64 %idxprom15
--
41-  %mul29 = shl nsw i32 %2, 14
42-  %idx.ext30 = sext i32 %mul29 to i64
43:  %add.ptr31 = getelementptr inbounds %struct.__maca_bfloat16.1, ptr addrspace(4) %k_cache.coerce, i64 %idx.ext30
44-  %14 = shl nuw nsw i32 %and, 7
45-  %15 = zext nneg i32 %14 to i64
