Building solutions/archive/2026-08-23-experiments/cuda_case1_per_word_raw_bsm_v_fanout_exp646.cpp
Compiler: /opt/maca/mxgpu_llvm/bin/mxcc
MACA path: /opt/maca
CUDA bridge: /opt/maca-3.7.1/tools/cu-bridge
Target: xcore1000
Output: build/exp646_candidate_normal.so
solutions/archive/2026-08-23-experiments/cuda_case1_per_word_raw_bsm_v_fanout_exp646.cpp:399:40: warning: set minimum blocks' number is illegal in Maca and the value will be ignored [-Wmaca-min-blocks-per-multiprocessor]
  399 | __global__ void __launch_bounds__(256, 6)
      |                                        ^
solutions/archive/2026-08-23-experiments/cuda_case1_per_word_raw_bsm_v_fanout_exp646.cpp:765:40: warning: set minimum blocks' number is illegal in Maca and the value will be ignored [-Wmaca-min-blocks-per-multiprocessor]
  765 | __global__ void __launch_bounds__(256, 6)
      |                                        ^
solutions/archive/2026-08-23-experiments/cuda_case1_per_word_raw_bsm_v_fanout_exp646.cpp:1293:40: warning: set minimum blocks' number is illegal in Maca and the value will be ignored [-Wmaca-min-blocks-per-multiprocessor]
 1293 | __global__ void __launch_bounds__(256, 6)
      |                                        ^
solutions/archive/2026-08-23-experiments/cuda_case1_per_word_raw_bsm_v_fanout_exp646.cpp:1293:40: warning: set minimum blocks' number is illegal in Maca and the value will be ignored [-Wmaca-min-blocks-per-multiprocessor]
solutions/archive/2026-08-23-experiments/cuda_case1_per_word_raw_bsm_v_fanout_exp646.cpp:5605:21: note: in instantiation of function template specialization 'paged_decode_token_parallel_kernel<4, 8, false, false, false, false, false, true, false, false, false, false, false, true, false, false, false>' requested here
 5605 |                     paged_decode_token_parallel_kernel<
      |                     ^
solutions/archive/2026-08-23-experiments/cuda_case1_per_word_raw_bsm_v_fanout_exp646.cpp:1293:40: warning: set minimum blocks' number is illegal in Maca and the value will be ignored [-Wmaca-min-blocks-per-multiprocessor]
 1293 | __global__ void __launch_bounds__(256, 6)
      |                                        ^
solutions/archive/2026-08-23-experiments/cuda_case1_per_word_raw_bsm_v_fanout_exp646.cpp:5617:21: note: in instantiation of function template specialization 'paged_decode_token_parallel_kernel<4, 8, false, false, false, false, false, false, false, false, false, false, false, false, false, false, false>' requested here
 5617 |                     paged_decode_token_parallel_kernel<4, 8, false><<<
      |                     ^
solutions/archive/2026-08-23-experiments/cuda_case1_per_word_raw_bsm_v_fanout_exp646.cpp:1293:40: warning: set minimum blocks' number is illegal in Maca and the value will be ignored [-Wmaca-min-blocks-per-multiprocessor]
 1293 | __global__ void __launch_bounds__(256, 6)
      |                                        ^
solutions/archive/2026-08-23-experiments/cuda_case1_per_word_raw_bsm_v_fanout_exp646.cpp:5752:21: note: in instantiation of function template specialization 'paged_decode_token_parallel_kernel<8, 4, false, false, false, false, false, true, false, false, false, false, true, true, true, true, false>' requested here
 5752 |                     paged_decode_token_parallel_kernel<
      |                     ^
solutions/archive/2026-08-23-experiments/cuda_case1_per_word_raw_bsm_v_fanout_exp646.cpp:1293:40: warning: set minimum blocks' number is illegal in Maca and the value will be ignored [-Wmaca-min-blocks-per-multiprocessor]
 1293 | __global__ void __launch_bounds__(256, 6)
      |                                        ^
solutions/archive/2026-08-23-experiments/cuda_case1_per_word_raw_bsm_v_fanout_exp646.cpp:5774:21: note: in instantiation of function template specialization 'paged_decode_token_parallel_kernel<8, 4, true, false, false, false, false, true, false, false, true, false, true, true, false, false, true>' requested here
 5774 |                     paged_decode_token_parallel_kernel<
      |                     ^
solutions/archive/2026-08-23-experiments/cuda_case1_per_word_raw_bsm_v_fanout_exp646.cpp:765:40: warning: set minimum blocks' number is illegal in Maca and the value will be ignored [-Wmaca-min-blocks-per-multiprocessor]
  765 | __global__ void __launch_bounds__(256, 6)
      |                                        ^
solutions/archive/2026-08-23-experiments/cuda_case1_per_word_raw_bsm_v_fanout_exp646.cpp:5789:9: note: in instantiation of function template specialization 'paged_decode_split_qk_pair_kernel<8, 4>' requested here
 5789 |         paged_decode_split_qk_pair_kernel<8, 4><<<grid, 128>>>(
      |         ^
solutions/archive/2026-08-23-experiments/cuda_case1_per_word_raw_bsm_v_fanout_exp646.cpp:399:40: warning: set minimum blocks' number is illegal in Maca and the value will be ignored [-Wmaca-min-blocks-per-multiprocessor]
  399 | __global__ void __launch_bounds__(256, 6)
      |                                        ^
solutions/archive/2026-08-23-experiments/cuda_case1_per_word_raw_bsm_v_fanout_exp646.cpp:5796:13: note: in instantiation of function template specialization 'paged_decode_split_kernel<4, 8>' requested here
 5796 |             paged_decode_split_kernel<4, 8><<<grid, 256>>>(
      |             ^
solutions/archive/2026-08-23-experiments/cuda_case1_per_word_raw_bsm_v_fanout_exp646.cpp:399:40: warning: set minimum blocks' number is illegal in Maca and the value will be ignored [-Wmaca-min-blocks-per-multiprocessor]
  399 | __global__ void __launch_bounds__(256, 6)
      |                                        ^
solutions/archive/2026-08-23-experiments/cuda_case1_per_word_raw_bsm_v_fanout_exp646.cpp:5802:13: note: in instantiation of function template specialization 'paged_decode_split_kernel<8, 4>' requested here
 5802 |             paged_decode_split_kernel<8, 4><<<grid, 128>>>(
      |             ^
10 warnings generated when compiling for xcore1000.
solutions/archive/2026-08-23-experiments/cuda_case1_per_word_raw_bsm_v_fanout_exp646.cpp:399:40: warning: set minimum blocks' number is illegal in Maca and the value will be ignored [-Wmaca-min-blocks-per-multiprocessor]
  399 | __global__ void __launch_bounds__(256, 6)
      |                                        ^
solutions/archive/2026-08-23-experiments/cuda_case1_per_word_raw_bsm_v_fanout_exp646.cpp:765:40: warning: set minimum blocks' number is illegal in Maca and the value will be ignored [-Wmaca-min-blocks-per-multiprocessor]
  765 | __global__ void __launch_bounds__(256, 6)
      |                                        ^
solutions/archive/2026-08-23-experiments/cuda_case1_per_word_raw_bsm_v_fanout_exp646.cpp:1293:40: warning: set minimum blocks' number is illegal in Maca and the value will be ignored [-Wmaca-min-blocks-per-multiprocessor]
 1293 | __global__ void __launch_bounds__(256, 6)
      |                                        ^
solutions/archive/2026-08-23-experiments/cuda_case1_per_word_raw_bsm_v_fanout_exp646.cpp:1293:40: warning: set minimum blocks' number is illegal in Maca and the value will be ignored [-Wmaca-min-blocks-per-multiprocessor]
solutions/archive/2026-08-23-experiments/cuda_case1_per_word_raw_bsm_v_fanout_exp646.cpp:5605:21: note: in instantiation of function template specialization 'paged_decode_token_parallel_kernel<4, 8, false, false, false, false, false, true, false, false, false, false, false, true, false, false, false>' requested here
 5605 |                     paged_decode_token_parallel_kernel<
      |                     ^
solutions/archive/2026-08-23-experiments/cuda_case1_per_word_raw_bsm_v_fanout_exp646.cpp:1293:40: warning: set minimum blocks' number is illegal in Maca and the value will be ignored [-Wmaca-min-blocks-per-multiprocessor]
 1293 | __global__ void __launch_bounds__(256, 6)
      |                                        ^
solutions/archive/2026-08-23-experiments/cuda_case1_per_word_raw_bsm_v_fanout_exp646.cpp:5617:21: note: in instantiation of function template specialization 'paged_decode_token_parallel_kernel<4, 8, false, false, false, false, false, false, false, false, false, false, false, false, false, false, false>' requested here
 5617 |                     paged_decode_token_parallel_kernel<4, 8, false><<<
      |                     ^
solutions/archive/2026-08-23-experiments/cuda_case1_per_word_raw_bsm_v_fanout_exp646.cpp:1293:40: warning: set minimum blocks' number is illegal in Maca and the value will be ignored [-Wmaca-min-blocks-per-multiprocessor]
 1293 | __global__ void __launch_bounds__(256, 6)
      |                                        ^
solutions/archive/2026-08-23-experiments/cuda_case1_per_word_raw_bsm_v_fanout_exp646.cpp:5752:21: note: in instantiation of function template specialization 'paged_decode_token_parallel_kernel<8, 4, false, false, false, false, false, true, false, false, false, false, true, true, true, true, false>' requested here
 5752 |                     paged_decode_token_parallel_kernel<
      |                     ^
solutions/archive/2026-08-23-experiments/cuda_case1_per_word_raw_bsm_v_fanout_exp646.cpp:1293:40: warning: set minimum blocks' number is illegal in Maca and the value will be ignored [-Wmaca-min-blocks-per-multiprocessor]
 1293 | __global__ void __launch_bounds__(256, 6)
      |                                        ^
solutions/archive/2026-08-23-experiments/cuda_case1_per_word_raw_bsm_v_fanout_exp646.cpp:5774:21: note: in instantiation of function template specialization 'paged_decode_token_parallel_kernel<8, 4, true, false, false, false, false, true, false, false, true, false, true, true, false, false, true>' requested here
 5774 |                     paged_decode_token_parallel_kernel<
      |                     ^
solutions/archive/2026-08-23-experiments/cuda_case1_per_word_raw_bsm_v_fanout_exp646.cpp:765:40: warning: set minimum blocks' number is illegal in Maca and the value will be ignored [-Wmaca-min-blocks-per-multiprocessor]
  765 | __global__ void __launch_bounds__(256, 6)
      |                                        ^
solutions/archive/2026-08-23-experiments/cuda_case1_per_word_raw_bsm_v_fanout_exp646.cpp:5789:9: note: in instantiation of function template specialization 'paged_decode_split_qk_pair_kernel<8, 4>' requested here
 5789 |         paged_decode_split_qk_pair_kernel<8, 4><<<grid, 128>>>(
      |         ^
solutions/archive/2026-08-23-experiments/cuda_case1_per_word_raw_bsm_v_fanout_exp646.cpp:399:40: warning: set minimum blocks' number is illegal in Maca and the value will be ignored [-Wmaca-min-blocks-per-multiprocessor]
  399 | __global__ void __launch_bounds__(256, 6)
      |                                        ^
solutions/archive/2026-08-23-experiments/cuda_case1_per_word_raw_bsm_v_fanout_exp646.cpp:5796:13: note: in instantiation of function template specialization 'paged_decode_split_kernel<4, 8>' requested here
 5796 |             paged_decode_split_kernel<4, 8><<<grid, 256>>>(
      |             ^
solutions/archive/2026-08-23-experiments/cuda_case1_per_word_raw_bsm_v_fanout_exp646.cpp:399:40: warning: set minimum blocks' number is illegal in Maca and the value will be ignored [-Wmaca-min-blocks-per-multiprocessor]
  399 | __global__ void __launch_bounds__(256, 6)
      |                                        ^
solutions/archive/2026-08-23-experiments/cuda_case1_per_word_raw_bsm_v_fanout_exp646.cpp:5802:13: note: in instantiation of function template specialization 'paged_decode_split_kernel<8, 4>' requested here
 5802 |             paged_decode_split_kernel<8, 4><<<grid, 128>>>(
      |             ^
10 warnings generated when compiling for xcore1000.
solutions/archive/2026-08-23-experiments/cuda_case1_per_word_raw_bsm_v_fanout_exp646.cpp:399:40: warning: set minimum blocks' number is illegal in Maca and the value will be ignored [-Wmaca-min-blocks-per-multiprocessor]
  399 | __global__ void __launch_bounds__(256, 6)
      |                                        ^
solutions/archive/2026-08-23-experiments/cuda_case1_per_word_raw_bsm_v_fanout_exp646.cpp:765:40: warning: set minimum blocks' number is illegal in Maca and the value will be ignored [-Wmaca-min-blocks-per-multiprocessor]
  765 | __global__ void __launch_bounds__(256, 6)
      |                                        ^
solutions/archive/2026-08-23-experiments/cuda_case1_per_word_raw_bsm_v_fanout_exp646.cpp:1293:40: warning: set minimum blocks' number is illegal in Maca and the value will be ignored [-Wmaca-min-blocks-per-multiprocessor]
 1293 | __global__ void __launch_bounds__(256, 6)
      |                                        ^
solutions/archive/2026-08-23-experiments/cuda_case1_per_word_raw_bsm_v_fanout_exp646.cpp:1293:40: warning: set minimum blocks' number is illegal in Maca and the value will be ignored [-Wmaca-min-blocks-per-multiprocessor]
solutions/archive/2026-08-23-experiments/cuda_case1_per_word_raw_bsm_v_fanout_exp646.cpp:5605:21: note: in instantiation of function template specialization 'paged_decode_token_parallel_kernel<4, 8, false, false, false, false, false, true, false, false, false, false, false, true, false, false, false>' requested here
 5605 |                     paged_decode_token_parallel_kernel<
      |                     ^
solutions/archive/2026-08-23-experiments/cuda_case1_per_word_raw_bsm_v_fanout_exp646.cpp:1293:40: warning: set minimum blocks' number is illegal in Maca and the value will be ignored [-Wmaca-min-blocks-per-multiprocessor]
 1293 | __global__ void __launch_bounds__(256, 6)
      |                                        ^
solutions/archive/2026-08-23-experiments/cuda_case1_per_word_raw_bsm_v_fanout_exp646.cpp:5617:21: note: in instantiation of function template specialization 'paged_decode_token_parallel_kernel<4, 8, false, false, false, false, false, false, false, false, false, false, false, false, false, false, false>' requested here
 5617 |                     paged_decode_token_parallel_kernel<4, 8, false><<<
      |                     ^
solutions/archive/2026-08-23-experiments/cuda_case1_per_word_raw_bsm_v_fanout_exp646.cpp:1293:40: warning: set minimum blocks' number is illegal in Maca and the value will be ignored [-Wmaca-min-blocks-per-multiprocessor]
 1293 | __global__ void __launch_bounds__(256, 6)
      |                                        ^
solutions/archive/2026-08-23-experiments/cuda_case1_per_word_raw_bsm_v_fanout_exp646.cpp:5752:21: note: in instantiation of function template specialization 'paged_decode_token_parallel_kernel<8, 4, false, false, false, false, false, true, false, false, false, false, true, true, true, true, false>' requested here
 5752 |                     paged_decode_token_parallel_kernel<
      |                     ^
solutions/archive/2026-08-23-experiments/cuda_case1_per_word_raw_bsm_v_fanout_exp646.cpp:1293:40: warning: set minimum blocks' number is illegal in Maca and the value will be ignored [-Wmaca-min-blocks-per-multiprocessor]
 1293 | __global__ void __launch_bounds__(256, 6)
      |                                        ^
solutions/archive/2026-08-23-experiments/cuda_case1_per_word_raw_bsm_v_fanout_exp646.cpp:5774:21: note: in instantiation of function template specialization 'paged_decode_token_parallel_kernel<8, 4, true, false, false, false, false, true, false, false, true, false, true, true, false, false, true>' requested here
 5774 |                     paged_decode_token_parallel_kernel<
      |                     ^
solutions/archive/2026-08-23-experiments/cuda_case1_per_word_raw_bsm_v_fanout_exp646.cpp:765:40: warning: set minimum blocks' number is illegal in Maca and the value will be ignored [-Wmaca-min-blocks-per-multiprocessor]
  765 | __global__ void __launch_bounds__(256, 6)
      |                                        ^
solutions/archive/2026-08-23-experiments/cuda_case1_per_word_raw_bsm_v_fanout_exp646.cpp:5789:9: note: in instantiation of function template specialization 'paged_decode_split_qk_pair_kernel<8, 4>' requested here
 5789 |         paged_decode_split_qk_pair_kernel<8, 4><<<grid, 128>>>(
      |         ^
solutions/archive/2026-08-23-experiments/cuda_case1_per_word_raw_bsm_v_fanout_exp646.cpp:399:40: warning: set minimum blocks' number is illegal in Maca and the value will be ignored [-Wmaca-min-blocks-per-multiprocessor]
  399 | __global__ void __launch_bounds__(256, 6)
      |                                        ^
solutions/archive/2026-08-23-experiments/cuda_case1_per_word_raw_bsm_v_fanout_exp646.cpp:5796:13: note: in instantiation of function template specialization 'paged_decode_split_kernel<4, 8>' requested here
 5796 |             paged_decode_split_kernel<4, 8><<<grid, 256>>>(
      |             ^
solutions/archive/2026-08-23-experiments/cuda_case1_per_word_raw_bsm_v_fanout_exp646.cpp:399:40: warning: set minimum blocks' number is illegal in Maca and the value will be ignored [-Wmaca-min-blocks-per-multiprocessor]
  399 | __global__ void __launch_bounds__(256, 6)
      |                                        ^
solutions/archive/2026-08-23-experiments/cuda_case1_per_word_raw_bsm_v_fanout_exp646.cpp:5802:13: note: in instantiation of function template specialization 'paged_decode_split_kernel<8, 4>' requested here
 5802 |             paged_decode_split_kernel<8, 4><<<grid, 128>>>(
      |             ^
10 warnings generated when compiling for host.
Built build/exp646_candidate_normal.so
