Building solutions/archive/2026-08-22-experiments/cuda_case1_native_bsm_shared_v_exp643.cpp
Compiler: /opt/maca/mxgpu_llvm/bin/mxcc
MACA path: /opt/maca
CUDA bridge: /opt/maca-3.7.1/tools/cu-bridge
Target: xcore1000
Output: build/exp643_candidate_normal.so
solutions/archive/2026-08-22-experiments/cuda_case1_native_bsm_shared_v_exp643.cpp:404:40: warning: set minimum blocks' number is illegal in Maca and the value will be ignored [-Wmaca-min-blocks-per-multiprocessor]
  404 | __global__ void __launch_bounds__(256, 6)
      |                                        ^
solutions/archive/2026-08-22-experiments/cuda_case1_native_bsm_shared_v_exp643.cpp:770:40: warning: set minimum blocks' number is illegal in Maca and the value will be ignored [-Wmaca-min-blocks-per-multiprocessor]
  770 | __global__ void __launch_bounds__(256, 6)
      |                                        ^
solutions/archive/2026-08-22-experiments/cuda_case1_native_bsm_shared_v_exp643.cpp:1298:40: warning: set minimum blocks' number is illegal in Maca and the value will be ignored [-Wmaca-min-blocks-per-multiprocessor]
 1298 | __global__ void __launch_bounds__(256, 6)
      |                                        ^
solutions/archive/2026-08-22-experiments/cuda_case1_native_bsm_shared_v_exp643.cpp:1298:40: warning: set minimum blocks' number is illegal in Maca and the value will be ignored [-Wmaca-min-blocks-per-multiprocessor]
solutions/archive/2026-08-22-experiments/cuda_case1_native_bsm_shared_v_exp643.cpp:5609:21: note: in instantiation of function template specialization 'paged_decode_token_parallel_kernel<4, 8, false, false, false, false, false, true, false, false, false, false, false, true, false, false, false>' requested here
 5609 |                     paged_decode_token_parallel_kernel<
      |                     ^
solutions/archive/2026-08-22-experiments/cuda_case1_native_bsm_shared_v_exp643.cpp:1298:40: warning: set minimum blocks' number is illegal in Maca and the value will be ignored [-Wmaca-min-blocks-per-multiprocessor]
 1298 | __global__ void __launch_bounds__(256, 6)
      |                                        ^
solutions/archive/2026-08-22-experiments/cuda_case1_native_bsm_shared_v_exp643.cpp:5621:21: note: in instantiation of function template specialization 'paged_decode_token_parallel_kernel<4, 8, false, false, false, false, false, false, false, false, false, false, false, false, false, false, false>' requested here
 5621 |                     paged_decode_token_parallel_kernel<4, 8, false><<<
      |                     ^
solutions/archive/2026-08-22-experiments/cuda_case1_native_bsm_shared_v_exp643.cpp:1298:40: warning: set minimum blocks' number is illegal in Maca and the value will be ignored [-Wmaca-min-blocks-per-multiprocessor]
 1298 | __global__ void __launch_bounds__(256, 6)
      |                                        ^
solutions/archive/2026-08-22-experiments/cuda_case1_native_bsm_shared_v_exp643.cpp:5756:21: note: in instantiation of function template specialization 'paged_decode_token_parallel_kernel<8, 4, false, false, false, false, false, true, false, false, false, false, true, true, true, true, false>' requested here
 5756 |                     paged_decode_token_parallel_kernel<
      |                     ^
solutions/archive/2026-08-22-experiments/cuda_case1_native_bsm_shared_v_exp643.cpp:1298:40: warning: set minimum blocks' number is illegal in Maca and the value will be ignored [-Wmaca-min-blocks-per-multiprocessor]
 1298 | __global__ void __launch_bounds__(256, 6)
      |                                        ^
solutions/archive/2026-08-22-experiments/cuda_case1_native_bsm_shared_v_exp643.cpp:5778:21: note: in instantiation of function template specialization 'paged_decode_token_parallel_kernel<8, 4, true, false, false, false, false, true, false, false, true, false, true, true, false, false, true>' requested here
 5778 |                     paged_decode_token_parallel_kernel<
      |                     ^
solutions/archive/2026-08-22-experiments/cuda_case1_native_bsm_shared_v_exp643.cpp:770:40: warning: set minimum blocks' number is illegal in Maca and the value will be ignored [-Wmaca-min-blocks-per-multiprocessor]
  770 | __global__ void __launch_bounds__(256, 6)
      |                                        ^
solutions/archive/2026-08-22-experiments/cuda_case1_native_bsm_shared_v_exp643.cpp:5793:9: note: in instantiation of function template specialization 'paged_decode_split_qk_pair_kernel<8, 4>' requested here
 5793 |         paged_decode_split_qk_pair_kernel<8, 4><<<grid, 128>>>(
      |         ^
solutions/archive/2026-08-22-experiments/cuda_case1_native_bsm_shared_v_exp643.cpp:404:40: warning: set minimum blocks' number is illegal in Maca and the value will be ignored [-Wmaca-min-blocks-per-multiprocessor]
  404 | __global__ void __launch_bounds__(256, 6)
      |                                        ^
solutions/archive/2026-08-22-experiments/cuda_case1_native_bsm_shared_v_exp643.cpp:5800:13: note: in instantiation of function template specialization 'paged_decode_split_kernel<4, 8>' requested here
 5800 |             paged_decode_split_kernel<4, 8><<<grid, 256>>>(
      |             ^
solutions/archive/2026-08-22-experiments/cuda_case1_native_bsm_shared_v_exp643.cpp:404:40: warning: set minimum blocks' number is illegal in Maca and the value will be ignored [-Wmaca-min-blocks-per-multiprocessor]
  404 | __global__ void __launch_bounds__(256, 6)
      |                                        ^
solutions/archive/2026-08-22-experiments/cuda_case1_native_bsm_shared_v_exp643.cpp:5806:13: note: in instantiation of function template specialization 'paged_decode_split_kernel<8, 4>' requested here
 5806 |             paged_decode_split_kernel<8, 4><<<grid, 128>>>(
      |             ^
10 warnings generated when compiling for xcore1000.
solutions/archive/2026-08-22-experiments/cuda_case1_native_bsm_shared_v_exp643.cpp:404:40: warning: set minimum blocks' number is illegal in Maca and the value will be ignored [-Wmaca-min-blocks-per-multiprocessor]
  404 | __global__ void __launch_bounds__(256, 6)
      |                                        ^
solutions/archive/2026-08-22-experiments/cuda_case1_native_bsm_shared_v_exp643.cpp:770:40: warning: set minimum blocks' number is illegal in Maca and the value will be ignored [-Wmaca-min-blocks-per-multiprocessor]
  770 | __global__ void __launch_bounds__(256, 6)
      |                                        ^
solutions/archive/2026-08-22-experiments/cuda_case1_native_bsm_shared_v_exp643.cpp:1298:40: warning: set minimum blocks' number is illegal in Maca and the value will be ignored [-Wmaca-min-blocks-per-multiprocessor]
 1298 | __global__ void __launch_bounds__(256, 6)
      |                                        ^
solutions/archive/2026-08-22-experiments/cuda_case1_native_bsm_shared_v_exp643.cpp:1298:40: warning: set minimum blocks' number is illegal in Maca and the value will be ignored [-Wmaca-min-blocks-per-multiprocessor]
solutions/archive/2026-08-22-experiments/cuda_case1_native_bsm_shared_v_exp643.cpp:5609:21: note: in instantiation of function template specialization 'paged_decode_token_parallel_kernel<4, 8, false, false, false, false, false, true, false, false, false, false, false, true, false, false, false>' requested here
 5609 |                     paged_decode_token_parallel_kernel<
      |                     ^
solutions/archive/2026-08-22-experiments/cuda_case1_native_bsm_shared_v_exp643.cpp:1298:40: warning: set minimum blocks' number is illegal in Maca and the value will be ignored [-Wmaca-min-blocks-per-multiprocessor]
 1298 | __global__ void __launch_bounds__(256, 6)
      |                                        ^
solutions/archive/2026-08-22-experiments/cuda_case1_native_bsm_shared_v_exp643.cpp:5621:21: note: in instantiation of function template specialization 'paged_decode_token_parallel_kernel<4, 8, false, false, false, false, false, false, false, false, false, false, false, false, false, false, false>' requested here
 5621 |                     paged_decode_token_parallel_kernel<4, 8, false><<<
      |                     ^
solutions/archive/2026-08-22-experiments/cuda_case1_native_bsm_shared_v_exp643.cpp:1298:40: warning: set minimum blocks' number is illegal in Maca and the value will be ignored [-Wmaca-min-blocks-per-multiprocessor]
 1298 | __global__ void __launch_bounds__(256, 6)
      |                                        ^
solutions/archive/2026-08-22-experiments/cuda_case1_native_bsm_shared_v_exp643.cpp:5756:21: note: in instantiation of function template specialization 'paged_decode_token_parallel_kernel<8, 4, false, false, false, false, false, true, false, false, false, false, true, true, true, true, false>' requested here
 5756 |                     paged_decode_token_parallel_kernel<
      |                     ^
solutions/archive/2026-08-22-experiments/cuda_case1_native_bsm_shared_v_exp643.cpp:1298:40: warning: set minimum blocks' number is illegal in Maca and the value will be ignored [-Wmaca-min-blocks-per-multiprocessor]
 1298 | __global__ void __launch_bounds__(256, 6)
      |                                        ^
solutions/archive/2026-08-22-experiments/cuda_case1_native_bsm_shared_v_exp643.cpp:5778:21: note: in instantiation of function template specialization 'paged_decode_token_parallel_kernel<8, 4, true, false, false, false, false, true, false, false, true, false, true, true, false, false, true>' requested here
 5778 |                     paged_decode_token_parallel_kernel<
      |                     ^
solutions/archive/2026-08-22-experiments/cuda_case1_native_bsm_shared_v_exp643.cpp:770:40: warning: set minimum blocks' number is illegal in Maca and the value will be ignored [-Wmaca-min-blocks-per-multiprocessor]
  770 | __global__ void __launch_bounds__(256, 6)
      |                                        ^
solutions/archive/2026-08-22-experiments/cuda_case1_native_bsm_shared_v_exp643.cpp:5793:9: note: in instantiation of function template specialization 'paged_decode_split_qk_pair_kernel<8, 4>' requested here
 5793 |         paged_decode_split_qk_pair_kernel<8, 4><<<grid, 128>>>(
      |         ^
solutions/archive/2026-08-22-experiments/cuda_case1_native_bsm_shared_v_exp643.cpp:404:40: warning: set minimum blocks' number is illegal in Maca and the value will be ignored [-Wmaca-min-blocks-per-multiprocessor]
  404 | __global__ void __launch_bounds__(256, 6)
      |                                        ^
solutions/archive/2026-08-22-experiments/cuda_case1_native_bsm_shared_v_exp643.cpp:5800:13: note: in instantiation of function template specialization 'paged_decode_split_kernel<4, 8>' requested here
 5800 |             paged_decode_split_kernel<4, 8><<<grid, 256>>>(
      |             ^
solutions/archive/2026-08-22-experiments/cuda_case1_native_bsm_shared_v_exp643.cpp:404:40: warning: set minimum blocks' number is illegal in Maca and the value will be ignored [-Wmaca-min-blocks-per-multiprocessor]
  404 | __global__ void __launch_bounds__(256, 6)
      |                                        ^
solutions/archive/2026-08-22-experiments/cuda_case1_native_bsm_shared_v_exp643.cpp:5806:13: note: in instantiation of function template specialization 'paged_decode_split_kernel<8, 4>' requested here
 5806 |             paged_decode_split_kernel<8, 4><<<grid, 128>>>(
      |             ^
10 warnings generated when compiling for xcore1000.
solutions/archive/2026-08-22-experiments/cuda_case1_native_bsm_shared_v_exp643.cpp:404:40: warning: set minimum blocks' number is illegal in Maca and the value will be ignored [-Wmaca-min-blocks-per-multiprocessor]
  404 | __global__ void __launch_bounds__(256, 6)
      |                                        ^
solutions/archive/2026-08-22-experiments/cuda_case1_native_bsm_shared_v_exp643.cpp:770:40: warning: set minimum blocks' number is illegal in Maca and the value will be ignored [-Wmaca-min-blocks-per-multiprocessor]
  770 | __global__ void __launch_bounds__(256, 6)
      |                                        ^
solutions/archive/2026-08-22-experiments/cuda_case1_native_bsm_shared_v_exp643.cpp:1298:40: warning: set minimum blocks' number is illegal in Maca and the value will be ignored [-Wmaca-min-blocks-per-multiprocessor]
 1298 | __global__ void __launch_bounds__(256, 6)
      |                                        ^
solutions/archive/2026-08-22-experiments/cuda_case1_native_bsm_shared_v_exp643.cpp:1298:40: warning: set minimum blocks' number is illegal in Maca and the value will be ignored [-Wmaca-min-blocks-per-multiprocessor]
solutions/archive/2026-08-22-experiments/cuda_case1_native_bsm_shared_v_exp643.cpp:5609:21: note: in instantiation of function template specialization 'paged_decode_token_parallel_kernel<4, 8, false, false, false, false, false, true, false, false, false, false, false, true, false, false, false>' requested here
 5609 |                     paged_decode_token_parallel_kernel<
      |                     ^
solutions/archive/2026-08-22-experiments/cuda_case1_native_bsm_shared_v_exp643.cpp:1298:40: warning: set minimum blocks' number is illegal in Maca and the value will be ignored [-Wmaca-min-blocks-per-multiprocessor]
 1298 | __global__ void __launch_bounds__(256, 6)
      |                                        ^
solutions/archive/2026-08-22-experiments/cuda_case1_native_bsm_shared_v_exp643.cpp:5621:21: note: in instantiation of function template specialization 'paged_decode_token_parallel_kernel<4, 8, false, false, false, false, false, false, false, false, false, false, false, false, false, false, false>' requested here
 5621 |                     paged_decode_token_parallel_kernel<4, 8, false><<<
      |                     ^
solutions/archive/2026-08-22-experiments/cuda_case1_native_bsm_shared_v_exp643.cpp:1298:40: warning: set minimum blocks' number is illegal in Maca and the value will be ignored [-Wmaca-min-blocks-per-multiprocessor]
 1298 | __global__ void __launch_bounds__(256, 6)
      |                                        ^
solutions/archive/2026-08-22-experiments/cuda_case1_native_bsm_shared_v_exp643.cpp:5756:21: note: in instantiation of function template specialization 'paged_decode_token_parallel_kernel<8, 4, false, false, false, false, false, true, false, false, false, false, true, true, true, true, false>' requested here
 5756 |                     paged_decode_token_parallel_kernel<
      |                     ^
solutions/archive/2026-08-22-experiments/cuda_case1_native_bsm_shared_v_exp643.cpp:1298:40: warning: set minimum blocks' number is illegal in Maca and the value will be ignored [-Wmaca-min-blocks-per-multiprocessor]
 1298 | __global__ void __launch_bounds__(256, 6)
      |                                        ^
solutions/archive/2026-08-22-experiments/cuda_case1_native_bsm_shared_v_exp643.cpp:5778:21: note: in instantiation of function template specialization 'paged_decode_token_parallel_kernel<8, 4, true, false, false, false, false, true, false, false, true, false, true, true, false, false, true>' requested here
 5778 |                     paged_decode_token_parallel_kernel<
      |                     ^
solutions/archive/2026-08-22-experiments/cuda_case1_native_bsm_shared_v_exp643.cpp:770:40: warning: set minimum blocks' number is illegal in Maca and the value will be ignored [-Wmaca-min-blocks-per-multiprocessor]
  770 | __global__ void __launch_bounds__(256, 6)
      |                                        ^
solutions/archive/2026-08-22-experiments/cuda_case1_native_bsm_shared_v_exp643.cpp:5793:9: note: in instantiation of function template specialization 'paged_decode_split_qk_pair_kernel<8, 4>' requested here
 5793 |         paged_decode_split_qk_pair_kernel<8, 4><<<grid, 128>>>(
      |         ^
solutions/archive/2026-08-22-experiments/cuda_case1_native_bsm_shared_v_exp643.cpp:404:40: warning: set minimum blocks' number is illegal in Maca and the value will be ignored [-Wmaca-min-blocks-per-multiprocessor]
  404 | __global__ void __launch_bounds__(256, 6)
      |                                        ^
solutions/archive/2026-08-22-experiments/cuda_case1_native_bsm_shared_v_exp643.cpp:5800:13: note: in instantiation of function template specialization 'paged_decode_split_kernel<4, 8>' requested here
 5800 |             paged_decode_split_kernel<4, 8><<<grid, 256>>>(
      |             ^
solutions/archive/2026-08-22-experiments/cuda_case1_native_bsm_shared_v_exp643.cpp:404:40: warning: set minimum blocks' number is illegal in Maca and the value will be ignored [-Wmaca-min-blocks-per-multiprocessor]
  404 | __global__ void __launch_bounds__(256, 6)
      |                                        ^
solutions/archive/2026-08-22-experiments/cuda_case1_native_bsm_shared_v_exp643.cpp:5806:13: note: in instantiation of function template specialization 'paged_decode_split_kernel<8, 4>' requested here
 5806 |             paged_decode_split_kernel<8, 4><<<grid, 128>>>(
      |             ^
10 warnings generated when compiling for host.
Built build/exp643_candidate_normal.so
