exp696 C500 regular case12 correctness
UTC date: 2026-08-24
Artifacts:
  candidate=/tmp/exp696_static.202L9z/candidate_normal.so
  control=/tmp/exp696_static.202L9z/control_normal.so
  candidate_sha256=856ed68df58015ecbaab33606dff6484b658f368a280b79517b619ed3763dd75
  control_sha256=c9d643f25e0e15193820b4809f53ce32ebe8cdfabf91505143ec169c61de137b

Commands and results (all exit 0):

  python3 tests/c500_paged_decode_harness.py --library /tmp/exp696_static.202L9z/candidate_normal.so --cases 12 --full-length --seed 20260824
  GPU: MetaX C500 | torch=2.8.0+metax3.7.1.3
  [PASS] case 12 B=8 L=32768 KV=8 lengths=full match=1.000000 max_error=1.220703e-04 max_tol_ratio=0.008 finite=True

  python3 tests/c500_paged_decode_harness.py --library /tmp/exp696_static.202L9z/control_normal.so --cases 12 --full-length --seed 20260824
  GPU: MetaX C500 | torch=2.8.0+metax3.7.1.3
  [PASS] case 12 B=8 L=32768 KV=8 lengths=full match=1.000000 max_error=1.220703e-04 max_tol_ratio=0.008 finite=True

  python3 tests/c500_paged_decode_harness.py --library /tmp/exp696_static.202L9z/candidate_normal.so --cases 12 --lengths boundary --seed 20260824
  GPU: MetaX C500 | torch=2.8.0+metax3.7.1.3
  [PASS] case 12 B=8 L=32768 KV=8 lengths=boundary match=1.000000 max_error=7.812500e-03 max_tol_ratio=0.244 finite=True

  python3 tests/c500_paged_decode_harness.py --library /tmp/exp696_static.202L9z/control_normal.so --cases 12 --lengths boundary --seed 20260824
  GPU: MetaX C500 | torch=2.8.0+metax3.7.1.3
  [PASS] case 12 B=8 L=32768 KV=8 lengths=boundary match=1.000000 max_error=7.812500e-03 max_tol_ratio=0.244 finite=True

  python3 tests/c500_paged_decode_harness.py --library /tmp/exp696_static.202L9z/candidate_normal.so --cases 12 --lengths random --seed 20260824
  GPU: MetaX C500 | torch=2.8.0+metax3.7.1.3
  [PASS] case 12 B=8 L=32768 KV=8 lengths=random match=1.000000 max_error=4.882812e-04 max_tol_ratio=0.028 finite=True

  python3 tests/c500_paged_decode_harness.py --library /tmp/exp696_static.202L9z/control_normal.so --cases 12 --lengths random --seed 20260824
  GPU: MetaX C500 | torch=2.8.0+metax3.7.1.3
  [PASS] case 12 B=8 L=32768 KV=8 lengths=random match=1.000000 max_error=4.882812e-04 max_tol_ratio=0.028 finite=True

  python3 tests/c500_paged_decode_harness.py --library /tmp/exp696_static.202L9z/candidate_normal.so --cases 12 --length-values 1,2,15,16,17,831,832,833,16383,16384,16385,32767,32768 --seed 20260824
  [PASS] all 13 requested exact lengths; candidate finite=True, match=1.000000 for every length
  candidate max_tol_ratio by requested sequence: 0.000, 0.324, 0.243, 0.244, 0.240, 0.054, 0.097, 0.097, 0.015, 0.015, 0.015, 0.008, 0.008

  python3 tests/c500_paged_decode_harness.py --library /tmp/exp696_static.202L9z/control_normal.so --cases 12 --length-values 1,2,15,16,17,831,832,833,16383,16384,16385,32767,32768 --seed 20260824
  [PASS] all 13 requested exact lengths; control finite=True, match=1.000000 for every length
  control max_tol_ratio by requested sequence: 0.000, 0.324, 0.243, 0.244, 0.240, 0.054, 0.097, 0.097, 0.015, 0.015, 0.015, 0.008, 0.008

The regular harness covers the required case12 full/boundary/random paths
and all requested exact lengths independently for candidate and control.
