exp692 serialized OJ probe
candidate=solutions/archive/2026-08-24-experiments/cuda_control124611_case11_pair_output_b128_exp692.cpp
candidate_sha256=e0fbec43542bfc6a1c3b4980347d1eaab581086f34d24e26231a4fc8b881b167
parent_control_sha256=3ebd35f58147ccab4de6637f32689384dadc5a4cd68590fd1efd39e3f22bc1fe
pre_submit_queue=all listed submissions terminal; no Pending/Running
dry_run=python3 tools/xpuoj_submit.py solutions/archive/2026-08-24-experiments/cuda_control124611_case11_pair_output_b128_exp692.cpp
dry_run_result=no submission created
submit_command=python3 tools/xpuoj_submit.py solutions/archive/2026-08-24-experiments/cuda_control124611_case11_pair_output_b128_exp692.cpp --submit --poll-seconds 10 --timeout-seconds 3600
submission_id=125434
initial_status=Pending
submit_count=1
cancel_count=0
parallel_submit_count=0
initial_watch_result=error: Submission 125434 did not finish within 3600s
recovery_list=2026-08-24T14:11:30Z; #125434 Pending; no second submission
recovery_watch_command=python3 tools/xpuoj_submit.py --watch 125434 --poll-seconds 10 --timeout-seconds 3600
recovery_watch_progress=Pending -> Compiling -> Running -> Finished
terminal_status=Accepted
terminal_score=66.14
terminal_cases=14/14 Accepted
terminal_case_times_ms=3,4,9,22,17,28,226,93,231,38,223,377,181,139
terminal_case_scores=92,90,83,73,73,63,55,54,57,62,52,60,57,55
target_case11=223 us / score 52; target did not cross tier
raw=results/raw/cuda_125434_raw.json
raw_sha256=3af4acf615f43cb8b828e73981a10df46b09c00277eaa092f3964eba715e3e95
embedded_source_sha256=e0fbec43542bfc6a1c3b4980347d1eaab581086f34d24e26231a4fc8b881b167
embedded_source_bytes=271649
final_queue=#125434 Accepted; no Pending/Running entries in --list 20
