737:  %26 = tail call noundef i32 @llvm.mxc.bsm.bpermute(i32 %shl.i.i.i, i32 %22)
749:  %32 = tail call noundef i32 @llvm.mxc.bsm.bpermute(i32 %shl.i.i.i.1, i32 %28)
761:  %38 = tail call noundef i32 @llvm.mxc.bsm.bpermute(i32 %shl.i.i.i.2, i32 %34)
773:  %44 = tail call noundef i32 @llvm.mxc.bsm.bpermute(i32 %shl.i.i.i.3, i32 %40)
785:  %50 = tail call noundef i32 @llvm.mxc.bsm.bpermute(i32 %shl.i.i.i.4, i32 %46)
821:  %63 = tail call noundef i32 @llvm.mxc.bsm.bpermute(i32 %shl.i.i.i.1367, i32 %59)
833:  %69 = tail call noundef i32 @llvm.mxc.bsm.bpermute(i32 %shl.i.i.i.1.1, i32 %65)
845:  %75 = tail call noundef i32 @llvm.mxc.bsm.bpermute(i32 %shl.i.i.i.2.1, i32 %71)
857:  %81 = tail call noundef i32 @llvm.mxc.bsm.bpermute(i32 %shl.i.i.i.3.1, i32 %77)
869:  %87 = tail call noundef i32 @llvm.mxc.bsm.bpermute(i32 %shl.i.i.i.4.1, i32 %83)
998:declare i32 @llvm.mxc.bsm.bpermute(i32, i32) #9
1083:  %26 = tail call noundef i32 @llvm.mxc.bsm.bpermute(i32 %shl.i.i.i, i32 %22)
1095:  %32 = tail call noundef i32 @llvm.mxc.bsm.bpermute(i32 %shl.i.i.i.1, i32 %28)
1107:  %38 = tail call noundef i32 @llvm.mxc.bsm.bpermute(i32 %shl.i.i.i.2, i32 %34)
1119:  %44 = tail call noundef i32 @llvm.mxc.bsm.bpermute(i32 %shl.i.i.i.3, i32 %40)
1131:  %50 = tail call noundef i32 @llvm.mxc.bsm.bpermute(i32 %shl.i.i.i.4, i32 %46)
1167:  %63 = tail call noundef i32 @llvm.mxc.bsm.bpermute(i32 %shl.i.i.i.1367, i32 %59)
1179:  %69 = tail call noundef i32 @llvm.mxc.bsm.bpermute(i32 %shl.i.i.i.1.1, i32 %65)
1191:  %75 = tail call noundef i32 @llvm.mxc.bsm.bpermute(i32 %shl.i.i.i.2.1, i32 %71)
1203:  %81 = tail call noundef i32 @llvm.mxc.bsm.bpermute(i32 %shl.i.i.i.3.1, i32 %77)
1215:  %87 = tail call noundef i32 @llvm.mxc.bsm.bpermute(i32 %shl.i.i.i.4.1, i32 %83)
1592:  tail call void @llvm.mxc.barrier.warp(), !noalias !38
2176:  tail call void @llvm.mxc.barrier()
2196:  tail call void @llvm.mxc.barrier.warp(), !noalias !47
2801:  tail call void @llvm.mxc.barrier.warp(), !noalias !44
2940:  tail call void @llvm.mxc.barrier.warp()
3591:  tail call void @llvm.mxc.barrier.warp()
3605:  tail call void @llvm.mxc.barrier()
3649:  tail call void @llvm.mxc.barrier.warp()
4385:  tail call void @llvm.mxc.barrier()
4480:  tail call void @llvm.mxc.barrier()
4614:  tail call void @llvm.mxc.barrier()
4689:  tail call void @llvm.mxc.barrier()
5129:declare void @llvm.mxc.barrier.warp() #13
5132:declare void @llvm.mxc.barrier() #13
5371:  tail call void @llvm.mxc.barrier.warp()
5727:  tail call void @llvm.mxc.barrier.warp()
5741:  tail call void @llvm.mxc.barrier()
5787:  tail call void @llvm.mxc.barrier.warp()
6135:  tail call void @llvm.mxc.barrier()
6230:  tail call void @llvm.mxc.barrier()
6445:  tail call void @llvm.mxc.barrier()
7122:  tail call void @llvm.mxc.barrier.warp(), !noalias !88
7417:  tail call void @llvm.mxc.barrier(), !noalias !88
7439:  tail call void @llvm.mxc.barrier.warp(), !noalias !103
7755:  tail call void @llvm.mxc.barrier.warp(), !noalias !103
7770:  tail call void @llvm.mxc.barrier.warp(), !noalias !125
8086:  tail call void @llvm.mxc.barrier.warp(), !noalias !125
8203:  tail call void @llvm.mxc.barrier.warp()
8557:  tail call void @llvm.mxc.barrier.warp()
8571:  tail call void @llvm.mxc.barrier()
8617:  tail call void @llvm.mxc.barrier.warp()
8971:  tail call void @llvm.mxc.barrier()
9066:  tail call void @llvm.mxc.barrier()
9281:  tail call void @llvm.mxc.barrier()
9859:  tail call void @llvm.mxc.barrier.warp()
10215:  tail call void @llvm.mxc.barrier.warp()
10229:  tail call void @llvm.mxc.barrier()
10275:  tail call void @llvm.mxc.barrier.warp()
10623:  tail call void @llvm.mxc.barrier()
10718:  tail call void @llvm.mxc.barrier()
10852:  tail call void @llvm.mxc.barrier()
10927:  tail call void @llvm.mxc.barrier()
11570:  tail call void @llvm.mxc.arrive(i32 64)
11571:  tail call void @llvm.mxc.barrier.inst()
11619:  tail call void @llvm.mxc.barrier.warp()
11911:  tail call void @llvm.mxc.barrier.warp()
11926:  tail call void @llvm.mxc.barrier()
12013:  tail call void @llvm.mxc.barrier()
12147:  tail call void @llvm.mxc.barrier()
12222:  tail call void @llvm.mxc.barrier()
12656:declare void @llvm.mxc.arrive(i32 immarg) #15
12659:declare void @llvm.mxc.barrier.inst() #13
12704:  tail call void @llvm.mxc.barrier()
12966:  tail call void @llvm.mxc.arrive(i32 64)
12967:  tail call void @llvm.mxc.barrier.inst()
13973:  tail call void @llvm.mxc.barrier()
14747:  tail call void @llvm.mxc.barrier()
14808:  tail call void @llvm.mxc.barrier()
15141:  tail call void @llvm.mxc.barrier()
15403:  tail call void @llvm.mxc.arrive(i32 64)
15404:  tail call void @llvm.mxc.barrier.inst()
15458:  %58 = tail call noundef i32 @llvm.mxc.bsm.bpermute(i32 %shl.i.i.i, i32 %54)
15470:  %64 = tail call noundef i32 @llvm.mxc.bsm.bpermute(i32 %shl.i.i.i.1, i32 %60)
15482:  %70 = tail call noundef i32 @llvm.mxc.bsm.bpermute(i32 %shl.i.i.i.2, i32 %66)
15494:  %76 = tail call noundef i32 @llvm.mxc.bsm.bpermute(i32 %shl.i.i.i.3, i32 %72)
15547:  %96 = tail call noundef i32 @llvm.mxc.bsm.bpermute(i32 %shl.i.i.i.11477, i32 %92)
15559:  %102 = tail call noundef i32 @llvm.mxc.bsm.bpermute(i32 %shl.i.i.i.1.1, i32 %98)
15571:  %108 = tail call noundef i32 @llvm.mxc.bsm.bpermute(i32 %shl.i.i.i.2.1, i32 %104)
15583:  %114 = tail call noundef i32 @llvm.mxc.bsm.bpermute(i32 %shl.i.i.i.3.1, i32 %110)
15636:  %134 = tail call noundef i32 @llvm.mxc.bsm.bpermute(i32 %shl.i.i.i.21483, i32 %130)
15648:  %140 = tail call noundef i32 @llvm.mxc.bsm.bpermute(i32 %shl.i.i.i.1.2, i32 %136)
15660:  %146 = tail call noundef i32 @llvm.mxc.bsm.bpermute(i32 %shl.i.i.i.2.2, i32 %142)
15672:  %152 = tail call noundef i32 @llvm.mxc.bsm.bpermute(i32 %shl.i.i.i.3.2, i32 %148)
15725:  %172 = tail call noundef i32 @llvm.mxc.bsm.bpermute(i32 %shl.i.i.i.31489, i32 %168)
15737:  %178 = tail call noundef i32 @llvm.mxc.bsm.bpermute(i32 %shl.i.i.i.1.3, i32 %174)
15749:  %184 = tail call noundef i32 @llvm.mxc.bsm.bpermute(i32 %shl.i.i.i.2.3, i32 %180)
15761:  %190 = tail call noundef i32 @llvm.mxc.bsm.bpermute(i32 %shl.i.i.i.3.3, i32 %186)
15814:  %210 = tail call noundef i32 @llvm.mxc.bsm.bpermute(i32 %shl.i.i.i.4, i32 %206)
15826:  %216 = tail call noundef i32 @llvm.mxc.bsm.bpermute(i32 %shl.i.i.i.1.4, i32 %212)
15838:  %222 = tail call noundef i32 @llvm.mxc.bsm.bpermute(i32 %shl.i.i.i.2.4, i32 %218)
15850:  %228 = tail call noundef i32 @llvm.mxc.bsm.bpermute(i32 %shl.i.i.i.3.4, i32 %224)
15903:  %248 = tail call noundef i32 @llvm.mxc.bsm.bpermute(i32 %shl.i.i.i.5, i32 %244)
15915:  %254 = tail call noundef i32 @llvm.mxc.bsm.bpermute(i32 %shl.i.i.i.1.5, i32 %250)
15927:  %260 = tail call noundef i32 @llvm.mxc.bsm.bpermute(i32 %shl.i.i.i.2.5, i32 %256)
15939:  %266 = tail call noundef i32 @llvm.mxc.bsm.bpermute(i32 %shl.i.i.i.3.5, i32 %262)
15992:  %286 = tail call noundef i32 @llvm.mxc.bsm.bpermute(i32 %shl.i.i.i.6, i32 %282)
16004:  %292 = tail call noundef i32 @llvm.mxc.bsm.bpermute(i32 %shl.i.i.i.1.6, i32 %288)
16016:  %298 = tail call noundef i32 @llvm.mxc.bsm.bpermute(i32 %shl.i.i.i.2.6, i32 %294)
16028:  %304 = tail call noundef i32 @llvm.mxc.bsm.bpermute(i32 %shl.i.i.i.3.6, i32 %300)
16081:  %324 = tail call noundef i32 @llvm.mxc.bsm.bpermute(i32 %shl.i.i.i.7, i32 %320)
16093:  %330 = tail call noundef i32 @llvm.mxc.bsm.bpermute(i32 %shl.i.i.i.1.7, i32 %326)
16105:  %336 = tail call noundef i32 @llvm.mxc.bsm.bpermute(i32 %shl.i.i.i.2.7, i32 %332)
16117:  %342 = tail call noundef i32 @llvm.mxc.bsm.bpermute(i32 %shl.i.i.i.3.7, i32 %338)
16177:  %362 = tail call noundef i32 @llvm.mxc.bsm.bpermute(i32 %shl.i.i.i1299, i32 %358)
16189:  %368 = tail call noundef i32 @llvm.mxc.bsm.bpermute(i32 %shl.i.i.i1299.1, i32 %364)
16201:  %374 = tail call noundef i32 @llvm.mxc.bsm.bpermute(i32 %shl.i.i.i1299.2, i32 %370)
16213:  %380 = tail call noundef i32 @llvm.mxc.bsm.bpermute(i32 %shl.i.i.i1299.3, i32 %376)
16275:  %400 = tail call noundef i32 @llvm.mxc.bsm.bpermute(i32 %shl.i.i.i1299.11495, i32 %396)
16287:  %406 = tail call noundef i32 @llvm.mxc.bsm.bpermute(i32 %shl.i.i.i1299.1.1, i32 %402)
16299:  %412 = tail call noundef i32 @llvm.mxc.bsm.bpermute(i32 %shl.i.i.i1299.2.1, i32 %408)
16311:  %418 = tail call noundef i32 @llvm.mxc.bsm.bpermute(i32 %shl.i.i.i1299.3.1, i32 %414)
16373:  %438 = tail call noundef i32 @llvm.mxc.bsm.bpermute(i32 %shl.i.i.i1299.21501, i32 %434)
16385:  %444 = tail call noundef i32 @llvm.mxc.bsm.bpermute(i32 %shl.i.i.i1299.1.2, i32 %440)
16397:  %450 = tail call noundef i32 @llvm.mxc.bsm.bpermute(i32 %shl.i.i.i1299.2.2, i32 %446)
16409:  %456 = tail call noundef i32 @llvm.mxc.bsm.bpermute(i32 %shl.i.i.i1299.3.2, i32 %452)
16471:  %476 = tail call noundef i32 @llvm.mxc.bsm.bpermute(i32 %shl.i.i.i1299.31507, i32 %472)
16483:  %482 = tail call noundef i32 @llvm.mxc.bsm.bpermute(i32 %shl.i.i.i1299.1.3, i32 %478)
16495:  %488 = tail call noundef i32 @llvm.mxc.bsm.bpermute(i32 %shl.i.i.i1299.2.3, i32 %484)
16507:  %494 = tail call noundef i32 @llvm.mxc.bsm.bpermute(i32 %shl.i.i.i1299.3.3, i32 %490)
16569:  %514 = tail call noundef i32 @llvm.mxc.bsm.bpermute(i32 %shl.i.i.i1299.4, i32 %510)
16581:  %520 = tail call noundef i32 @llvm.mxc.bsm.bpermute(i32 %shl.i.i.i1299.1.4, i32 %516)
16593:  %526 = tail call noundef i32 @llvm.mxc.bsm.bpermute(i32 %shl.i.i.i1299.2.4, i32 %522)
16605:  %532 = tail call noundef i32 @llvm.mxc.bsm.bpermute(i32 %shl.i.i.i1299.3.4, i32 %528)
16667:  %552 = tail call noundef i32 @llvm.mxc.bsm.bpermute(i32 %shl.i.i.i1299.5, i32 %548)
16679:  %558 = tail call noundef i32 @llvm.mxc.bsm.bpermute(i32 %shl.i.i.i1299.1.5, i32 %554)
16691:  %564 = tail call noundef i32 @llvm.mxc.bsm.bpermute(i32 %shl.i.i.i1299.2.5, i32 %560)
16703:  %570 = tail call noundef i32 @llvm.mxc.bsm.bpermute(i32 %shl.i.i.i1299.3.5, i32 %566)
16765:  %590 = tail call noundef i32 @llvm.mxc.bsm.bpermute(i32 %shl.i.i.i1299.6, i32 %586)
16777:  %596 = tail call noundef i32 @llvm.mxc.bsm.bpermute(i32 %shl.i.i.i1299.1.6, i32 %592)
16789:  %602 = tail call noundef i32 @llvm.mxc.bsm.bpermute(i32 %shl.i.i.i1299.2.6, i32 %598)
16801:  %608 = tail call noundef i32 @llvm.mxc.bsm.bpermute(i32 %shl.i.i.i1299.3.6, i32 %604)
16863:  %628 = tail call noundef i32 @llvm.mxc.bsm.bpermute(i32 %shl.i.i.i1299.7, i32 %624)
16875:  %634 = tail call noundef i32 @llvm.mxc.bsm.bpermute(i32 %shl.i.i.i1299.1.7, i32 %630)
16887:  %640 = tail call noundef i32 @llvm.mxc.bsm.bpermute(i32 %shl.i.i.i1299.2.7, i32 %636)
16899:  %646 = tail call noundef i32 @llvm.mxc.bsm.bpermute(i32 %shl.i.i.i1299.3.7, i32 %642)
16922:  tail call void @llvm.mxc.barrier()
17696:  tail call void @llvm.mxc.barrier()
17757:  tail call void @llvm.mxc.barrier()
18048:define protected metaxgpu_kernel void @_Z42paged_decode_case13_kv8_headpair_z8_kernelILb1ELb0ELb0ELb1EEvPK15__maca_bfloat16S2_S2_PS0_PKiS5_PfS6_S6_iiiif(ptr addrspace(4) noalias nocapture noundef readonly %q.coerce, ptr addrspace(4) noalias nocapture noundef readonly %k_cache.coerce, ptr addrspace(4) noalias nocapture noundef readonly %v_cache.coerce, ptr addrspace(1) noalias nocapture noundef readnone %out.coerce, ptr addrspace(1) noalias nocapture noundef readonly %cache_seqlens.coerce, ptr addrspace(1) noalias nocapture noundef readonly %block_table.coerce, ptr addrspace(1) noalias nocapture noundef writeonly %partial_m.coerce, ptr addrspace(1) noalias nocapture noundef readnone %partial_l.coerce, ptr addrspace(1) noalias nocapture noundef writeonly %partial_acc.coerce, i32 noundef %batch_size, i32 noundef %pages_per_batch, i32 noundef %pages_per_split, i32 noundef %n_split, float noundef %sm_scale) local_unnamed_addr #11 comdat {
18274:  tail call void @llvm.mxc.barrier.warp()
18606:  tail call void @llvm.mxc.barrier.warp()
18620:  tail call void @llvm.mxc.barrier()
18664:  tail call void @llvm.mxc.barrier.warp()
19033:  tail call void @llvm.mxc.barrier()
19057:  %274 = tail call i32 @llvm.mxc.bsm.bpermute(i32 %shl.i2131, i32 %273)
19063:  %278 = tail call i32 @llvm.mxc.bsm.bpermute(i32 %shl.i, i32 %277)
19094:  %287 = tail call i32 @llvm.mxc.bsm.bpermute(i32 %shl.i19.i2179, i32 %286)
19101:  %291 = tail call i32 @llvm.mxc.bsm.bpermute(i32 %shl.i.i2183, i32 %290)
19126:  %300 = tail call i32 @llvm.mxc.bsm.bpermute(i32 %shl.i19.i2163, i32 %299)
19133:  %304 = tail call i32 @llvm.mxc.bsm.bpermute(i32 %shl.i.i2167, i32 %303)
19158:  %313 = tail call i32 @llvm.mxc.bsm.bpermute(i32 %shl.i19.i2147, i32 %312)
19165:  %317 = tail call i32 @llvm.mxc.bsm.bpermute(i32 %shl.i.i2151, i32 %316)
19190:  %326 = tail call i32 @llvm.mxc.bsm.bpermute(i32 %shl.i19.i, i32 %325)
19197:  %330 = tail call i32 @llvm.mxc.bsm.bpermute(i32 %shl.i.i, i32 %329)
19221:  %339 = tail call i32 @llvm.mxc.bsm.bpermute(i32 %shl.i2137, i32 %338)
19227:  %343 = tail call i32 @llvm.mxc.bsm.bpermute(i32 %shl.i2134, i32 %342)
19258:  %352 = tail call i32 @llvm.mxc.bsm.bpermute(i32 %shl.i19.i2243, i32 %351)
19265:  %356 = tail call i32 @llvm.mxc.bsm.bpermute(i32 %shl.i.i2247, i32 %355)
19290:  %365 = tail call i32 @llvm.mxc.bsm.bpermute(i32 %shl.i19.i2227, i32 %364)
19297:  %369 = tail call i32 @llvm.mxc.bsm.bpermute(i32 %shl.i.i2231, i32 %368)
19322:  %378 = tail call i32 @llvm.mxc.bsm.bpermute(i32 %shl.i19.i2211, i32 %377)
19329:  %382 = tail call i32 @llvm.mxc.bsm.bpermute(i32 %shl.i.i2215, i32 %381)
19354:  %391 = tail call i32 @llvm.mxc.bsm.bpermute(i32 %shl.i19.i2195, i32 %390)
19361:  %395 = tail call i32 @llvm.mxc.bsm.bpermute(i32 %shl.i.i2199, i32 %394)
19468:  tail call void @llvm.mxc.barrier()
20030:define protected metaxgpu_kernel void @_Z42paged_decode_case13_kv8_headpair_z8_kernelILb1ELb0ELb1ELb0EEvPK15__maca_bfloat16S2_S2_PS0_PKiS5_PfS6_S6_iiiif(ptr addrspace(4) noalias nocapture noundef readonly %q.coerce, ptr addrspace(4) noalias nocapture noundef readonly %k_cache.coerce, ptr addrspace(4) noalias nocapture noundef readonly %v_cache.coerce, ptr addrspace(1) noalias nocapture noundef readnone %out.coerce, ptr addrspace(1) noalias nocapture noundef readonly %cache_seqlens.coerce, ptr addrspace(1) noalias nocapture noundef readonly %block_table.coerce, ptr addrspace(1) noalias nocapture noundef writeonly %partial_m.coerce, ptr addrspace(1) noalias nocapture noundef readnone %partial_l.coerce, ptr addrspace(1) noalias nocapture noundef writeonly %partial_acc.coerce, i32 noundef %batch_size, i32 noundef %pages_per_batch, i32 noundef %pages_per_split, i32 noundef %n_split, float noundef %sm_scale) local_unnamed_addr #11 comdat {
20272:  tail call void @llvm.mxc.barrier.warp()
20604:  tail call void @llvm.mxc.barrier.warp()
20618:  tail call void @llvm.mxc.barrier()
20662:  tail call void @llvm.mxc.barrier.warp()
21031:  tail call void @llvm.mxc.barrier()
21131:  tail call void @llvm.mxc.barrier()
21265:  tail call void @llvm.mxc.barrier()
21351:  tail call void @llvm.mxc.barrier()
21485:  tail call void @llvm.mxc.barrier()
21566:  tail call void @llvm.mxc.barrier()
21908:define protected metaxgpu_kernel void @_Z42paged_decode_case13_kv8_headpair_z8_kernelILb1ELb1ELb0ELb0EEvPK15__maca_bfloat16S2_S2_PS0_PKiS5_PfS6_S6_iiiif(ptr addrspace(4) noalias nocapture noundef readonly %q.coerce, ptr addrspace(4) noalias nocapture noundef readonly %k_cache.coerce, ptr addrspace(4) noalias nocapture noundef readonly %v_cache.coerce, ptr addrspace(1) noalias nocapture noundef readnone %out.coerce, ptr addrspace(1) noalias nocapture noundef readonly %cache_seqlens.coerce, ptr addrspace(1) noalias nocapture noundef readonly %block_table.coerce, ptr addrspace(1) noalias nocapture noundef writeonly %partial_m.coerce, ptr addrspace(1) noalias nocapture noundef readnone %partial_l.coerce, ptr addrspace(1) noalias nocapture noundef writeonly %partial_acc.coerce, i32 noundef %batch_size, i32 noundef %pages_per_batch, i32 noundef %pages_per_split, i32 noundef %n_split, float noundef %sm_scale) local_unnamed_addr #11 comdat {
22133:  tail call void @llvm.mxc.barrier.warp()
22464:  tail call void @llvm.mxc.barrier.warp()
22478:  tail call void @llvm.mxc.barrier()
22522:  tail call void @llvm.mxc.barrier.warp()
22891:  tail call void @llvm.mxc.barrier()
22991:  tail call void @llvm.mxc.barrier()
23125:  tail call void @llvm.mxc.barrier()
23211:  tail call void @llvm.mxc.barrier()
23345:  tail call void @llvm.mxc.barrier()
23426:  tail call void @llvm.mxc.barrier()
23931:  tail call void @llvm.mxc.barrier.and.wait4(i32 0, <4 x i32> %292), !noalias !209
24156:  tail call void @llvm.mxc.barrier.and.wait4(i32 0, <4 x i32> %352), !noalias !209
24346:  tail call void @llvm.mxc.barrier(), !noalias !209
24361:  tail call void @llvm.mxc.barrier.and.wait4(i32 0, <4 x i32> %k_bsm_token.01585), !noalias !216
24586:  tail call void @llvm.mxc.barrier.and.wait4(i32 0, <4 x i32> %v_bsm_token.01584), !noalias !216
24588:  tail call void @llvm.mxc.barrier.warp(), !noalias !216
24790:  tail call void @llvm.mxc.barrier.warp(), !noalias !226
24908:  tail call void @llvm.mxc.barrier.and.wait4(i32 0, <4 x i32> %k_bsm_token68.01571)
25415:  tail call void @llvm.mxc.barrier.and.wait4(i32 0, <4 x i32> %v_bsm_token69.01570)
25420:  tail call void @llvm.mxc.barrier.warp()
25830:  tail call void @llvm.mxc.barrier.warp()
25845:  tail call void @llvm.mxc.barrier()
25901:  tail call void @llvm.mxc.barrier()
26262:declare void @llvm.mxc.barrier.and.wait4(i32, <4 x i32>) #13
26477:  tail call void @llvm.mxc.barrier.warp()
27384:  tail call void @llvm.mxc.barrier.warp()
27401:  tail call void @llvm.mxc.barrier()
27450:  tail call void @llvm.mxc.barrier()
28093:  tail call void @llvm.mxc.barrier()
28150:  %52 = tail call noundef i32 @llvm.mxc.bsm.bpermute(i32 %shl.i.i.i, i32 %48)
28162:  %58 = tail call noundef i32 @llvm.mxc.bsm.bpermute(i32 %shl.i.i.i.1, i32 %54)
28174:  %64 = tail call noundef i32 @llvm.mxc.bsm.bpermute(i32 %shl.i.i.i.2, i32 %60)
28186:  %70 = tail call noundef i32 @llvm.mxc.bsm.bpermute(i32 %shl.i.i.i.3, i32 %66)
28255:  %89 = tail call noundef i32 @llvm.mxc.bsm.bpermute(i32 %shl.i.i.i.1610, i32 %85)
28267:  %95 = tail call noundef i32 @llvm.mxc.bsm.bpermute(i32 %shl.i.i.i.1.1, i32 %91)
28279:  %101 = tail call noundef i32 @llvm.mxc.bsm.bpermute(i32 %shl.i.i.i.2.1, i32 %97)
28291:  %107 = tail call noundef i32 @llvm.mxc.bsm.bpermute(i32 %shl.i.i.i.3.1, i32 %103)
28356:  %126 = tail call noundef i32 @llvm.mxc.bsm.bpermute(i32 %shl.i.i.i.2616, i32 %122)
28368:  %132 = tail call noundef i32 @llvm.mxc.bsm.bpermute(i32 %shl.i.i.i.1.2, i32 %128)
28380:  %138 = tail call noundef i32 @llvm.mxc.bsm.bpermute(i32 %shl.i.i.i.2.2, i32 %134)
28392:  %144 = tail call noundef i32 @llvm.mxc.bsm.bpermute(i32 %shl.i.i.i.3.2, i32 %140)
28457:  %163 = tail call noundef i32 @llvm.mxc.bsm.bpermute(i32 %shl.i.i.i.3622, i32 %159)
28469:  %169 = tail call noundef i32 @llvm.mxc.bsm.bpermute(i32 %shl.i.i.i.1.3, i32 %165)
28481:  %175 = tail call noundef i32 @llvm.mxc.bsm.bpermute(i32 %shl.i.i.i.2.3, i32 %171)
28493:  %181 = tail call noundef i32 @llvm.mxc.bsm.bpermute(i32 %shl.i.i.i.3.3, i32 %177)
28558:  %200 = tail call noundef i32 @llvm.mxc.bsm.bpermute(i32 %shl.i.i.i.4, i32 %196)
28570:  %206 = tail call noundef i32 @llvm.mxc.bsm.bpermute(i32 %shl.i.i.i.1.4, i32 %202)
28582:  %212 = tail call noundef i32 @llvm.mxc.bsm.bpermute(i32 %shl.i.i.i.2.4, i32 %208)
28594:  %218 = tail call noundef i32 @llvm.mxc.bsm.bpermute(i32 %shl.i.i.i.3.4, i32 %214)
28659:  %237 = tail call noundef i32 @llvm.mxc.bsm.bpermute(i32 %shl.i.i.i.5, i32 %233)
28671:  %243 = tail call noundef i32 @llvm.mxc.bsm.bpermute(i32 %shl.i.i.i.1.5, i32 %239)
28683:  %249 = tail call noundef i32 @llvm.mxc.bsm.bpermute(i32 %shl.i.i.i.2.5, i32 %245)
28695:  %255 = tail call noundef i32 @llvm.mxc.bsm.bpermute(i32 %shl.i.i.i.3.5, i32 %251)
28760:  %274 = tail call noundef i32 @llvm.mxc.bsm.bpermute(i32 %shl.i.i.i.6, i32 %270)
28772:  %280 = tail call noundef i32 @llvm.mxc.bsm.bpermute(i32 %shl.i.i.i.1.6, i32 %276)
28784:  %286 = tail call noundef i32 @llvm.mxc.bsm.bpermute(i32 %shl.i.i.i.2.6, i32 %282)
28796:  %292 = tail call noundef i32 @llvm.mxc.bsm.bpermute(i32 %shl.i.i.i.3.6, i32 %288)
28861:  %311 = tail call noundef i32 @llvm.mxc.bsm.bpermute(i32 %shl.i.i.i.7, i32 %307)
28873:  %317 = tail call noundef i32 @llvm.mxc.bsm.bpermute(i32 %shl.i.i.i.1.7, i32 %313)
28885:  %323 = tail call noundef i32 @llvm.mxc.bsm.bpermute(i32 %shl.i.i.i.2.7, i32 %319)
28897:  %329 = tail call noundef i32 @llvm.mxc.bsm.bpermute(i32 %shl.i.i.i.3.7, i32 %325)
28910:  %334 = tail call noundef i32 @llvm.mxc.bsm.bpermute(i32 %shl.i.i.i581, i32 %331)
28918:  %338 = tail call noundef i32 @llvm.mxc.bsm.bpermute(i32 %shl.i.i.i581.1, i32 %335)
28925:  %342 = tail call noundef i32 @llvm.mxc.bsm.bpermute(i32 %shl.i.i.i581.2, i32 %339)
28933:  %346 = tail call noundef i32 @llvm.mxc.bsm.bpermute(i32 %shl.i.i.i581.3, i32 %343)
28940:  %350 = tail call noundef i32 @llvm.mxc.bsm.bpermute(i32 %shl.i.i.i581.4, i32 %347)
28948:  %354 = tail call noundef i32 @llvm.mxc.bsm.bpermute(i32 %shl.i.i.i581.5, i32 %351)
28955:  %358 = tail call noundef i32 @llvm.mxc.bsm.bpermute(i32 %shl.i.i.i581.6, i32 %355)
28963:  %362 = tail call noundef i32 @llvm.mxc.bsm.bpermute(i32 %shl.i.i.i581.7, i32 %359)
28970:  %366 = tail call noundef i32 @llvm.mxc.bsm.bpermute(i32 %shl.i.i.i581.8, i32 %363)
28978:  %370 = tail call noundef i32 @llvm.mxc.bsm.bpermute(i32 %shl.i.i.i581.9, i32 %367)
28985:  %374 = tail call noundef i32 @llvm.mxc.bsm.bpermute(i32 %shl.i.i.i581.10, i32 %371)
28993:  %378 = tail call noundef i32 @llvm.mxc.bsm.bpermute(i32 %shl.i.i.i581.11, i32 %375)
29000:  %382 = tail call noundef i32 @llvm.mxc.bsm.bpermute(i32 %shl.i.i.i581.12, i32 %379)
29008:  %386 = tail call noundef i32 @llvm.mxc.bsm.bpermute(i32 %shl.i.i.i581.13, i32 %383)
29015:  %390 = tail call noundef i32 @llvm.mxc.bsm.bpermute(i32 %shl.i.i.i581.14, i32 %387)
29023:  %394 = tail call noundef i32 @llvm.mxc.bsm.bpermute(i32 %shl.i.i.i581.15, i32 %391)
29647:  tail call void @llvm.mxc.barrier()
29885:  tail call void @llvm.mxc.barrier()
29920:  %31 = tail call noundef i32 @llvm.mxc.bsm.bpermute(i32 %shl.i.i.i, i32 %27)
29932:  %37 = tail call noundef i32 @llvm.mxc.bsm.bpermute(i32 %shl.i.i.i.1, i32 %33)
29944:  %43 = tail call noundef i32 @llvm.mxc.bsm.bpermute(i32 %shl.i.i.i.2, i32 %39)
29956:  %49 = tail call noundef i32 @llvm.mxc.bsm.bpermute(i32 %shl.i.i.i.3, i32 %45)
29968:  %55 = tail call noundef i32 @llvm.mxc.bsm.bpermute(i32 %shl.i.i.i.4, i32 %51)
30009:  %68 = tail call noundef i32 @llvm.mxc.bsm.bpermute(i32 %shl.i.i.i.1465, i32 %64)
30021:  %74 = tail call noundef i32 @llvm.mxc.bsm.bpermute(i32 %shl.i.i.i.1.1, i32 %70)
30033:  %80 = tail call noundef i32 @llvm.mxc.bsm.bpermute(i32 %shl.i.i.i.2.1, i32 %76)
30045:  %86 = tail call noundef i32 @llvm.mxc.bsm.bpermute(i32 %shl.i.i.i.3.1, i32 %82)
30057:  %92 = tail call noundef i32 @llvm.mxc.bsm.bpermute(i32 %shl.i.i.i.4.1, i32 %88)
30098:  %105 = tail call noundef i32 @llvm.mxc.bsm.bpermute(i32 %shl.i.i.i.2471, i32 %101)
30110:  %111 = tail call noundef i32 @llvm.mxc.bsm.bpermute(i32 %shl.i.i.i.1.2, i32 %107)
30122:  %117 = tail call noundef i32 @llvm.mxc.bsm.bpermute(i32 %shl.i.i.i.2.2, i32 %113)
30134:  %123 = tail call noundef i32 @llvm.mxc.bsm.bpermute(i32 %shl.i.i.i.3.2, i32 %119)
30146:  %129 = tail call noundef i32 @llvm.mxc.bsm.bpermute(i32 %shl.i.i.i.4.2, i32 %125)
30187:  %142 = tail call noundef i32 @llvm.mxc.bsm.bpermute(i32 %shl.i.i.i.3477, i32 %138)
30199:  %148 = tail call noundef i32 @llvm.mxc.bsm.bpermute(i32 %shl.i.i.i.1.3, i32 %144)
30211:  %154 = tail call noundef i32 @llvm.mxc.bsm.bpermute(i32 %shl.i.i.i.2.3, i32 %150)
30223:  %160 = tail call noundef i32 @llvm.mxc.bsm.bpermute(i32 %shl.i.i.i.3.3, i32 %156)
30235:  %166 = tail call noundef i32 @llvm.mxc.bsm.bpermute(i32 %shl.i.i.i.4.3, i32 %162)
30276:  %179 = tail call noundef i32 @llvm.mxc.bsm.bpermute(i32 %shl.i.i.i.4483, i32 %175)
30288:  %185 = tail call noundef i32 @llvm.mxc.bsm.bpermute(i32 %shl.i.i.i.1.4, i32 %181)
30300:  %191 = tail call noundef i32 @llvm.mxc.bsm.bpermute(i32 %shl.i.i.i.2.4, i32 %187)
30312:  %197 = tail call noundef i32 @llvm.mxc.bsm.bpermute(i32 %shl.i.i.i.3.4, i32 %193)
30324:  %203 = tail call noundef i32 @llvm.mxc.bsm.bpermute(i32 %shl.i.i.i.4.4, i32 %199)
30365:  %216 = tail call noundef i32 @llvm.mxc.bsm.bpermute(i32 %shl.i.i.i.5, i32 %212)
30377:  %222 = tail call noundef i32 @llvm.mxc.bsm.bpermute(i32 %shl.i.i.i.1.5, i32 %218)
30389:  %228 = tail call noundef i32 @llvm.mxc.bsm.bpermute(i32 %shl.i.i.i.2.5, i32 %224)
30401:  %234 = tail call noundef i32 @llvm.mxc.bsm.bpermute(i32 %shl.i.i.i.3.5, i32 %230)
30413:  %240 = tail call noundef i32 @llvm.mxc.bsm.bpermute(i32 %shl.i.i.i.4.5, i32 %236)
30454:  %253 = tail call noundef i32 @llvm.mxc.bsm.bpermute(i32 %shl.i.i.i.6, i32 %249)
30466:  %259 = tail call noundef i32 @llvm.mxc.bsm.bpermute(i32 %shl.i.i.i.1.6, i32 %255)
30478:  %265 = tail call noundef i32 @llvm.mxc.bsm.bpermute(i32 %shl.i.i.i.2.6, i32 %261)
30490:  %271 = tail call noundef i32 @llvm.mxc.bsm.bpermute(i32 %shl.i.i.i.3.6, i32 %267)
30502:  %277 = tail call noundef i32 @llvm.mxc.bsm.bpermute(i32 %shl.i.i.i.4.6, i32 %273)
30543:  %290 = tail call noundef i32 @llvm.mxc.bsm.bpermute(i32 %shl.i.i.i.7, i32 %286)
30555:  %296 = tail call noundef i32 @llvm.mxc.bsm.bpermute(i32 %shl.i.i.i.1.7, i32 %292)
30567:  %302 = tail call noundef i32 @llvm.mxc.bsm.bpermute(i32 %shl.i.i.i.2.7, i32 %298)
30579:  %308 = tail call noundef i32 @llvm.mxc.bsm.bpermute(i32 %shl.i.i.i.3.7, i32 %304)
30591:  %314 = tail call noundef i32 @llvm.mxc.bsm.bpermute(i32 %shl.i.i.i.4.7, i32 %310)
30632:  %327 = tail call noundef i32 @llvm.mxc.bsm.bpermute(i32 %shl.i.i.i.8, i32 %323)
30644:  %333 = tail call noundef i32 @llvm.mxc.bsm.bpermute(i32 %shl.i.i.i.1.8, i32 %329)
30656:  %339 = tail call noundef i32 @llvm.mxc.bsm.bpermute(i32 %shl.i.i.i.2.8, i32 %335)
30668:  %345 = tail call noundef i32 @llvm.mxc.bsm.bpermute(i32 %shl.i.i.i.3.8, i32 %341)
30680:  %351 = tail call noundef i32 @llvm.mxc.bsm.bpermute(i32 %shl.i.i.i.4.8, i32 %347)
30721:  %364 = tail call noundef i32 @llvm.mxc.bsm.bpermute(i32 %shl.i.i.i.9, i32 %360)
30733:  %370 = tail call noundef i32 @llvm.mxc.bsm.bpermute(i32 %shl.i.i.i.1.9, i32 %366)
30745:  %376 = tail call noundef i32 @llvm.mxc.bsm.bpermute(i32 %shl.i.i.i.2.9, i32 %372)
30757:  %382 = tail call noundef i32 @llvm.mxc.bsm.bpermute(i32 %shl.i.i.i.3.9, i32 %378)
30769:  %388 = tail call noundef i32 @llvm.mxc.bsm.bpermute(i32 %shl.i.i.i.4.9, i32 %384)
30810:  %401 = tail call noundef i32 @llvm.mxc.bsm.bpermute(i32 %shl.i.i.i.10, i32 %397)
30822:  %407 = tail call noundef i32 @llvm.mxc.bsm.bpermute(i32 %shl.i.i.i.1.10, i32 %403)
30834:  %413 = tail call noundef i32 @llvm.mxc.bsm.bpermute(i32 %shl.i.i.i.2.10, i32 %409)
30846:  %419 = tail call noundef i32 @llvm.mxc.bsm.bpermute(i32 %shl.i.i.i.3.10, i32 %415)
30858:  %425 = tail call noundef i32 @llvm.mxc.bsm.bpermute(i32 %shl.i.i.i.4.10, i32 %421)
30899:  %438 = tail call noundef i32 @llvm.mxc.bsm.bpermute(i32 %shl.i.i.i.11, i32 %434)
30911:  %444 = tail call noundef i32 @llvm.mxc.bsm.bpermute(i32 %shl.i.i.i.1.11, i32 %440)
30923:  %450 = tail call noundef i32 @llvm.mxc.bsm.bpermute(i32 %shl.i.i.i.2.11, i32 %446)
30935:  %456 = tail call noundef i32 @llvm.mxc.bsm.bpermute(i32 %shl.i.i.i.3.11, i32 %452)
30947:  %462 = tail call noundef i32 @llvm.mxc.bsm.bpermute(i32 %shl.i.i.i.4.11, i32 %458)
30988:  %475 = tail call noundef i32 @llvm.mxc.bsm.bpermute(i32 %shl.i.i.i.12, i32 %471)
31000:  %481 = tail call noundef i32 @llvm.mxc.bsm.bpermute(i32 %shl.i.i.i.1.12, i32 %477)
31012:  %487 = tail call noundef i32 @llvm.mxc.bsm.bpermute(i32 %shl.i.i.i.2.12, i32 %483)
31024:  %493 = tail call noundef i32 @llvm.mxc.bsm.bpermute(i32 %shl.i.i.i.3.12, i32 %489)
31036:  %499 = tail call noundef i32 @llvm.mxc.bsm.bpermute(i32 %shl.i.i.i.4.12, i32 %495)
31077:  %512 = tail call noundef i32 @llvm.mxc.bsm.bpermute(i32 %shl.i.i.i.13, i32 %508)
31089:  %518 = tail call noundef i32 @llvm.mxc.bsm.bpermute(i32 %shl.i.i.i.1.13, i32 %514)
31101:  %524 = tail call noundef i32 @llvm.mxc.bsm.bpermute(i32 %shl.i.i.i.2.13, i32 %520)
31113:  %530 = tail call noundef i32 @llvm.mxc.bsm.bpermute(i32 %shl.i.i.i.3.13, i32 %526)
31125:  %536 = tail call noundef i32 @llvm.mxc.bsm.bpermute(i32 %shl.i.i.i.4.13, i32 %532)
31166:  %549 = tail call noundef i32 @llvm.mxc.bsm.bpermute(i32 %shl.i.i.i.14, i32 %545)
31178:  %555 = tail call noundef i32 @llvm.mxc.bsm.bpermute(i32 %shl.i.i.i.1.14, i32 %551)
31190:  %561 = tail call noundef i32 @llvm.mxc.bsm.bpermute(i32 %shl.i.i.i.2.14, i32 %557)
31202:  %567 = tail call noundef i32 @llvm.mxc.bsm.bpermute(i32 %shl.i.i.i.3.14, i32 %563)
31214:  %573 = tail call noundef i32 @llvm.mxc.bsm.bpermute(i32 %shl.i.i.i.4.14, i32 %569)
31255:  %586 = tail call noundef i32 @llvm.mxc.bsm.bpermute(i32 %shl.i.i.i.15, i32 %582)
31267:  %592 = tail call noundef i32 @llvm.mxc.bsm.bpermute(i32 %shl.i.i.i.1.15, i32 %588)
31279:  %598 = tail call noundef i32 @llvm.mxc.bsm.bpermute(i32 %shl.i.i.i.2.15, i32 %594)
31291:  %604 = tail call noundef i32 @llvm.mxc.bsm.bpermute(i32 %shl.i.i.i.3.15, i32 %600)
31303:  %610 = tail call noundef i32 @llvm.mxc.bsm.bpermute(i32 %shl.i.i.i.4.15, i32 %606)
31883:  tail call void @llvm.mxc.barrier()
32120:  tail call void @llvm.mxc.barrier()
32155:  %31 = tail call noundef i32 @llvm.mxc.bsm.bpermute(i32 %shl.i.i.i, i32 %27)
32167:  %37 = tail call noundef i32 @llvm.mxc.bsm.bpermute(i32 %shl.i.i.i.1, i32 %33)
32179:  %43 = tail call noundef i32 @llvm.mxc.bsm.bpermute(i32 %shl.i.i.i.2, i32 %39)
32191:  %49 = tail call noundef i32 @llvm.mxc.bsm.bpermute(i32 %shl.i.i.i.3, i32 %45)
32203:  %55 = tail call noundef i32 @llvm.mxc.bsm.bpermute(i32 %shl.i.i.i.4, i32 %51)
32244:  %68 = tail call noundef i32 @llvm.mxc.bsm.bpermute(i32 %shl.i.i.i.1465, i32 %64)
32256:  %74 = tail call noundef i32 @llvm.mxc.bsm.bpermute(i32 %shl.i.i.i.1.1, i32 %70)
32268:  %80 = tail call noundef i32 @llvm.mxc.bsm.bpermute(i32 %shl.i.i.i.2.1, i32 %76)
32280:  %86 = tail call noundef i32 @llvm.mxc.bsm.bpermute(i32 %shl.i.i.i.3.1, i32 %82)
32292:  %92 = tail call noundef i32 @llvm.mxc.bsm.bpermute(i32 %shl.i.i.i.4.1, i32 %88)
32333:  %105 = tail call noundef i32 @llvm.mxc.bsm.bpermute(i32 %shl.i.i.i.2471, i32 %101)
32345:  %111 = tail call noundef i32 @llvm.mxc.bsm.bpermute(i32 %shl.i.i.i.1.2, i32 %107)
32357:  %117 = tail call noundef i32 @llvm.mxc.bsm.bpermute(i32 %shl.i.i.i.2.2, i32 %113)
32369:  %123 = tail call noundef i32 @llvm.mxc.bsm.bpermute(i32 %shl.i.i.i.3.2, i32 %119)
32381:  %129 = tail call noundef i32 @llvm.mxc.bsm.bpermute(i32 %shl.i.i.i.4.2, i32 %125)
32422:  %142 = tail call noundef i32 @llvm.mxc.bsm.bpermute(i32 %shl.i.i.i.3477, i32 %138)
32434:  %148 = tail call noundef i32 @llvm.mxc.bsm.bpermute(i32 %shl.i.i.i.1.3, i32 %144)
32446:  %154 = tail call noundef i32 @llvm.mxc.bsm.bpermute(i32 %shl.i.i.i.2.3, i32 %150)
32458:  %160 = tail call noundef i32 @llvm.mxc.bsm.bpermute(i32 %shl.i.i.i.3.3, i32 %156)
32470:  %166 = tail call noundef i32 @llvm.mxc.bsm.bpermute(i32 %shl.i.i.i.4.3, i32 %162)
32511:  %179 = tail call noundef i32 @llvm.mxc.bsm.bpermute(i32 %shl.i.i.i.4483, i32 %175)
32523:  %185 = tail call noundef i32 @llvm.mxc.bsm.bpermute(i32 %shl.i.i.i.1.4, i32 %181)
32535:  %191 = tail call noundef i32 @llvm.mxc.bsm.bpermute(i32 %shl.i.i.i.2.4, i32 %187)
32547:  %197 = tail call noundef i32 @llvm.mxc.bsm.bpermute(i32 %shl.i.i.i.3.4, i32 %193)
32559:  %203 = tail call noundef i32 @llvm.mxc.bsm.bpermute(i32 %shl.i.i.i.4.4, i32 %199)
32600:  %216 = tail call noundef i32 @llvm.mxc.bsm.bpermute(i32 %shl.i.i.i.5, i32 %212)
32612:  %222 = tail call noundef i32 @llvm.mxc.bsm.bpermute(i32 %shl.i.i.i.1.5, i32 %218)
32624:  %228 = tail call noundef i32 @llvm.mxc.bsm.bpermute(i32 %shl.i.i.i.2.5, i32 %224)
32636:  %234 = tail call noundef i32 @llvm.mxc.bsm.bpermute(i32 %shl.i.i.i.3.5, i32 %230)
32648:  %240 = tail call noundef i32 @llvm.mxc.bsm.bpermute(i32 %shl.i.i.i.4.5, i32 %236)
32689:  %253 = tail call noundef i32 @llvm.mxc.bsm.bpermute(i32 %shl.i.i.i.6, i32 %249)
32701:  %259 = tail call noundef i32 @llvm.mxc.bsm.bpermute(i32 %shl.i.i.i.1.6, i32 %255)
32713:  %265 = tail call noundef i32 @llvm.mxc.bsm.bpermute(i32 %shl.i.i.i.2.6, i32 %261)
32725:  %271 = tail call noundef i32 @llvm.mxc.bsm.bpermute(i32 %shl.i.i.i.3.6, i32 %267)
32737:  %277 = tail call noundef i32 @llvm.mxc.bsm.bpermute(i32 %shl.i.i.i.4.6, i32 %273)
32778:  %290 = tail call noundef i32 @llvm.mxc.bsm.bpermute(i32 %shl.i.i.i.7, i32 %286)
32790:  %296 = tail call noundef i32 @llvm.mxc.bsm.bpermute(i32 %shl.i.i.i.1.7, i32 %292)
32802:  %302 = tail call noundef i32 @llvm.mxc.bsm.bpermute(i32 %shl.i.i.i.2.7, i32 %298)
32814:  %308 = tail call noundef i32 @llvm.mxc.bsm.bpermute(i32 %shl.i.i.i.3.7, i32 %304)
32826:  %314 = tail call noundef i32 @llvm.mxc.bsm.bpermute(i32 %shl.i.i.i.4.7, i32 %310)
32867:  %327 = tail call noundef i32 @llvm.mxc.bsm.bpermute(i32 %shl.i.i.i.8, i32 %323)
32879:  %333 = tail call noundef i32 @llvm.mxc.bsm.bpermute(i32 %shl.i.i.i.1.8, i32 %329)
32891:  %339 = tail call noundef i32 @llvm.mxc.bsm.bpermute(i32 %shl.i.i.i.2.8, i32 %335)
32903:  %345 = tail call noundef i32 @llvm.mxc.bsm.bpermute(i32 %shl.i.i.i.3.8, i32 %341)
32915:  %351 = tail call noundef i32 @llvm.mxc.bsm.bpermute(i32 %shl.i.i.i.4.8, i32 %347)
32956:  %364 = tail call noundef i32 @llvm.mxc.bsm.bpermute(i32 %shl.i.i.i.9, i32 %360)
32968:  %370 = tail call noundef i32 @llvm.mxc.bsm.bpermute(i32 %shl.i.i.i.1.9, i32 %366)
32980:  %376 = tail call noundef i32 @llvm.mxc.bsm.bpermute(i32 %shl.i.i.i.2.9, i32 %372)
32992:  %382 = tail call noundef i32 @llvm.mxc.bsm.bpermute(i32 %shl.i.i.i.3.9, i32 %378)
33004:  %388 = tail call noundef i32 @llvm.mxc.bsm.bpermute(i32 %shl.i.i.i.4.9, i32 %384)
33045:  %401 = tail call noundef i32 @llvm.mxc.bsm.bpermute(i32 %shl.i.i.i.10, i32 %397)
33057:  %407 = tail call noundef i32 @llvm.mxc.bsm.bpermute(i32 %shl.i.i.i.1.10, i32 %403)
33069:  %413 = tail call noundef i32 @llvm.mxc.bsm.bpermute(i32 %shl.i.i.i.2.10, i32 %409)
33081:  %419 = tail call noundef i32 @llvm.mxc.bsm.bpermute(i32 %shl.i.i.i.3.10, i32 %415)
33093:  %425 = tail call noundef i32 @llvm.mxc.bsm.bpermute(i32 %shl.i.i.i.4.10, i32 %421)
33134:  %438 = tail call noundef i32 @llvm.mxc.bsm.bpermute(i32 %shl.i.i.i.11, i32 %434)
33146:  %444 = tail call noundef i32 @llvm.mxc.bsm.bpermute(i32 %shl.i.i.i.1.11, i32 %440)
33158:  %450 = tail call noundef i32 @llvm.mxc.bsm.bpermute(i32 %shl.i.i.i.2.11, i32 %446)
33170:  %456 = tail call noundef i32 @llvm.mxc.bsm.bpermute(i32 %shl.i.i.i.3.11, i32 %452)
33182:  %462 = tail call noundef i32 @llvm.mxc.bsm.bpermute(i32 %shl.i.i.i.4.11, i32 %458)
33223:  %475 = tail call noundef i32 @llvm.mxc.bsm.bpermute(i32 %shl.i.i.i.12, i32 %471)
33235:  %481 = tail call noundef i32 @llvm.mxc.bsm.bpermute(i32 %shl.i.i.i.1.12, i32 %477)
33247:  %487 = tail call noundef i32 @llvm.mxc.bsm.bpermute(i32 %shl.i.i.i.2.12, i32 %483)
33259:  %493 = tail call noundef i32 @llvm.mxc.bsm.bpermute(i32 %shl.i.i.i.3.12, i32 %489)
33271:  %499 = tail call noundef i32 @llvm.mxc.bsm.bpermute(i32 %shl.i.i.i.4.12, i32 %495)
33312:  %512 = tail call noundef i32 @llvm.mxc.bsm.bpermute(i32 %shl.i.i.i.13, i32 %508)
33324:  %518 = tail call noundef i32 @llvm.mxc.bsm.bpermute(i32 %shl.i.i.i.1.13, i32 %514)
33336:  %524 = tail call noundef i32 @llvm.mxc.bsm.bpermute(i32 %shl.i.i.i.2.13, i32 %520)
33348:  %530 = tail call noundef i32 @llvm.mxc.bsm.bpermute(i32 %shl.i.i.i.3.13, i32 %526)
33360:  %536 = tail call noundef i32 @llvm.mxc.bsm.bpermute(i32 %shl.i.i.i.4.13, i32 %532)
33401:  %549 = tail call noundef i32 @llvm.mxc.bsm.bpermute(i32 %shl.i.i.i.14, i32 %545)
33413:  %555 = tail call noundef i32 @llvm.mxc.bsm.bpermute(i32 %shl.i.i.i.1.14, i32 %551)
33425:  %561 = tail call noundef i32 @llvm.mxc.bsm.bpermute(i32 %shl.i.i.i.2.14, i32 %557)
33437:  %567 = tail call noundef i32 @llvm.mxc.bsm.bpermute(i32 %shl.i.i.i.3.14, i32 %563)
33449:  %573 = tail call noundef i32 @llvm.mxc.bsm.bpermute(i32 %shl.i.i.i.4.14, i32 %569)
33490:  %586 = tail call noundef i32 @llvm.mxc.bsm.bpermute(i32 %shl.i.i.i.15, i32 %582)
33502:  %592 = tail call noundef i32 @llvm.mxc.bsm.bpermute(i32 %shl.i.i.i.1.15, i32 %588)
33514:  %598 = tail call noundef i32 @llvm.mxc.bsm.bpermute(i32 %shl.i.i.i.2.15, i32 %594)
33526:  %604 = tail call noundef i32 @llvm.mxc.bsm.bpermute(i32 %shl.i.i.i.3.15, i32 %600)
33538:  %610 = tail call noundef i32 @llvm.mxc.bsm.bpermute(i32 %shl.i.i.i.4.15, i32 %606)
34118:  tail call void @llvm.mxc.barrier()
34191:define protected metaxgpu_kernel void @_Z31paged_decode_reduce_vec2_kernelILb1ELb0ELb1ELb0ELb0EEvPKfS1_S1_P15__maca_bfloat16PKiiii(ptr addrspace(1) noalias nocapture noundef readonly %partial_m.coerce, ptr addrspace(1) noalias nocapture noundef readnone %partial_l.coerce, ptr addrspace(1) noalias nocapture noundef readonly %partial_acc.coerce, ptr addrspace(1) noalias nocapture noundef writeonly %out.coerce, ptr addrspace(1) noalias nocapture noundef readonly %cache_seqlens.coerce, i32 noundef %batch_size, i32 noundef %pages_per_split, i32 noundef %n_split) local_unnamed_addr #17 comdat {
34277:  %14 = tail call noundef i32 @llvm.mxc.bsm.bpermute(i32 %shl.i.i.i, i32 %10)
34289:  %21 = tail call noundef i32 @llvm.mxc.bsm.bpermute(i32 %shl.i.i.i.1, i32 %17)
34301:  %28 = tail call noundef i32 @llvm.mxc.bsm.bpermute(i32 %shl.i.i.i.2, i32 %24)
34313:  %35 = tail call noundef i32 @llvm.mxc.bsm.bpermute(i32 %shl.i.i.i.3, i32 %31)
34325:  %42 = tail call noundef i32 @llvm.mxc.bsm.bpermute(i32 %shl.i.i.i.4, i32 %38)
34364:  tail call void @llvm.mxc.barrier()
34389:  %60 = tail call noundef i32 @llvm.mxc.bsm.bpermute(i32 %shl.i.i.i341, i32 %56)
34401:  %67 = tail call noundef i32 @llvm.mxc.bsm.bpermute(i32 %shl.i.i.i341.1, i32 %63)
34413:  %74 = tail call noundef i32 @llvm.mxc.bsm.bpermute(i32 %shl.i.i.i341.2, i32 %70)
34425:  %81 = tail call noundef i32 @llvm.mxc.bsm.bpermute(i32 %shl.i.i.i341.3, i32 %77)
34437:  %88 = tail call noundef i32 @llvm.mxc.bsm.bpermute(i32 %shl.i.i.i341.4, i32 %84)
34448:  tail call void @llvm.mxc.barrier()
34464:  %96 = tail call noundef i32 @llvm.mxc.bsm.bpermute(i32 %shl.i.i.i347, i32 %92)
34476:  %102 = tail call noundef i32 @llvm.mxc.bsm.bpermute(i32 %shl.i.i.i347.1, i32 %98)
34488:  %108 = tail call noundef i32 @llvm.mxc.bsm.bpermute(i32 %shl.i.i.i347.2, i32 %104)
34500:  %114 = tail call noundef i32 @llvm.mxc.bsm.bpermute(i32 %shl.i.i.i347.3, i32 %110)
34512:  %120 = tail call noundef i32 @llvm.mxc.bsm.bpermute(i32 %shl.i.i.i347.4, i32 %116)
34540:  tail call void @llvm.mxc.barrier()
34564:  %130 = tail call noundef i32 @llvm.mxc.bsm.bpermute(i32 %shl.i.i.i353, i32 %126)
34576:  %136 = tail call noundef i32 @llvm.mxc.bsm.bpermute(i32 %shl.i.i.i353.1, i32 %132)
34588:  %142 = tail call noundef i32 @llvm.mxc.bsm.bpermute(i32 %shl.i.i.i353.2, i32 %138)
34600:  %148 = tail call noundef i32 @llvm.mxc.bsm.bpermute(i32 %shl.i.i.i353.3, i32 %144)
34612:  %154 = tail call noundef i32 @llvm.mxc.bsm.bpermute(i32 %shl.i.i.i353.4, i32 %150)
34623:  tail call void @llvm.mxc.barrier()
35136:  %58 = tail call noundef i32 @llvm.mxc.bsm.bpermute(i32 %shl.i.i.i.epil, i32 %w_lane.0)
35284:  %83 = tail call noundef i32 @llvm.mxc.bsm.bpermute(i32 %shl.i.i.i, i32 %w_lane.0)
35330:  %96 = tail call noundef i32 @llvm.mxc.bsm.bpermute(i32 %shl.i.i.i.1, i32 %w_lane.0)
35376:  %109 = tail call noundef i32 @llvm.mxc.bsm.bpermute(i32 %shl.i.i.i.2, i32 %w_lane.0)
35422:  %122 = tail call noundef i32 @llvm.mxc.bsm.bpermute(i32 %shl.i.i.i.3, i32 %w_lane.0)
35665:  %26 = tail call noundef i32 @llvm.mxc.bsm.bpermute(i32 %shl.i.i.i, i32 %22)
35677:  %33 = tail call noundef i32 @llvm.mxc.bsm.bpermute(i32 %shl.i.i.i.1, i32 %29)
35689:  %40 = tail call noundef i32 @llvm.mxc.bsm.bpermute(i32 %shl.i.i.i.2, i32 %36)
35701:  %47 = tail call noundef i32 @llvm.mxc.bsm.bpermute(i32 %shl.i.i.i.3, i32 %43)
35717:  %55 = tail call noundef i32 @llvm.mxc.bsm.bpermute(i32 %shl.i.i.i380, i32 %51)
35729:  %61 = tail call noundef i32 @llvm.mxc.bsm.bpermute(i32 %shl.i.i.i380.1, i32 %57)
35741:  %67 = tail call noundef i32 @llvm.mxc.bsm.bpermute(i32 %shl.i.i.i380.2, i32 %63)
35753:  %73 = tail call noundef i32 @llvm.mxc.bsm.bpermute(i32 %shl.i.i.i380.3, i32 %69)
36436:  %58 = tail call noundef i32 @llvm.mxc.bsm.bpermute(i32 %shl.i.i.i.epil, i32 %w_lane.0)
36584:  %83 = tail call noundef i32 @llvm.mxc.bsm.bpermute(i32 %shl.i.i.i, i32 %w_lane.0)
36630:  %96 = tail call noundef i32 @llvm.mxc.bsm.bpermute(i32 %shl.i.i.i.1, i32 %w_lane.0)
36676:  %109 = tail call noundef i32 @llvm.mxc.bsm.bpermute(i32 %shl.i.i.i.2, i32 %w_lane.0)
36722:  %122 = tail call noundef i32 @llvm.mxc.bsm.bpermute(i32 %shl.i.i.i.3, i32 %w_lane.0)
36940:  %22 = tail call noundef i32 @llvm.mxc.bsm.bpermute(i32 %shl.i.i.i, i32 %18)
36952:  %29 = tail call noundef i32 @llvm.mxc.bsm.bpermute(i32 %shl.i.i.i.1, i32 %25)
36964:  %36 = tail call noundef i32 @llvm.mxc.bsm.bpermute(i32 %shl.i.i.i.2, i32 %32)
36976:  %43 = tail call noundef i32 @llvm.mxc.bsm.bpermute(i32 %shl.i.i.i.3, i32 %39)
37007:  %53 = tail call noundef i32 @llvm.mxc.bsm.bpermute(i32 %shl.i.i.i362, i32 %49)
37019:  %59 = tail call noundef i32 @llvm.mxc.bsm.bpermute(i32 %shl.i.i.i362.1, i32 %55)
37031:  %65 = tail call noundef i32 @llvm.mxc.bsm.bpermute(i32 %shl.i.i.i362.2, i32 %61)
37043:  %71 = tail call noundef i32 @llvm.mxc.bsm.bpermute(i32 %shl.i.i.i362.3, i32 %67)
37107:  %82 = tail call noundef i32 @llvm.mxc.bsm.bpermute(i32 %shl.i.i.i433.epil, i32 %w_lane.0)
37255:  %107 = tail call noundef i32 @llvm.mxc.bsm.bpermute(i32 %shl.i.i.i433, i32 %w_lane.0)
37301:  %120 = tail call noundef i32 @llvm.mxc.bsm.bpermute(i32 %shl.i.i.i433.1, i32 %w_lane.0)
37347:  %133 = tail call noundef i32 @llvm.mxc.bsm.bpermute(i32 %shl.i.i.i433.2, i32 %w_lane.0)
37393:  %146 = tail call noundef i32 @llvm.mxc.bsm.bpermute(i32 %shl.i.i.i433.3, i32 %w_lane.0)
37614:  %27 = tail call noundef i32 @llvm.mxc.bsm.bpermute(i32 %shl.i.i.i, i32 %23)
37626:  %34 = tail call noundef i32 @llvm.mxc.bsm.bpermute(i32 %shl.i.i.i.1, i32 %30)
37638:  %41 = tail call noundef i32 @llvm.mxc.bsm.bpermute(i32 %shl.i.i.i.2, i32 %37)
37650:  %48 = tail call noundef i32 @llvm.mxc.bsm.bpermute(i32 %shl.i.i.i.3, i32 %44)
37691:  %65 = tail call noundef i32 @llvm.mxc.bsm.bpermute(i32 %shl.i.i.i399, i32 %61)
37703:  %71 = tail call noundef i32 @llvm.mxc.bsm.bpermute(i32 %shl.i.i.i399.1, i32 %67)
37715:  %77 = tail call noundef i32 @llvm.mxc.bsm.bpermute(i32 %shl.i.i.i399.2, i32 %73)
37727:  %83 = tail call noundef i32 @llvm.mxc.bsm.bpermute(i32 %shl.i.i.i399.3, i32 %79)
37731:  tail call void @llvm.mxc.barrier()
38123:define protected metaxgpu_kernel void @_Z31paged_decode_reduce_vec2_kernelILb1ELb0ELb1ELb1ELb1EEvPKfS1_S1_P15__maca_bfloat16PKiiii(ptr addrspace(1) noalias nocapture noundef readonly %partial_m.coerce, ptr addrspace(1) noalias nocapture noundef readnone %partial_l.coerce, ptr addrspace(1) noalias nocapture noundef readonly %partial_acc.coerce, ptr addrspace(1) noalias nocapture noundef writeonly %out.coerce, ptr addrspace(1) noalias nocapture noundef readonly %cache_seqlens.coerce, i32 noundef %batch_size, i32 noundef %pages_per_split, i32 noundef %n_split) local_unnamed_addr #17 comdat {
38260:  tail call void @llvm.mxc.barrier()
38281:  tail call void @llvm.mxc.barrier()
38335:  tail call void @llvm.mxc.barrier()
38355:  tail call void @llvm.mxc.barrier()
38699:  %17 = tail call noundef i32 @llvm.mxc.bsm.bpermute(i32 %shl.i.i.i, i32 %13)
38711:  %24 = tail call noundef i32 @llvm.mxc.bsm.bpermute(i32 %shl.i.i.i.1, i32 %20)
38723:  %31 = tail call noundef i32 @llvm.mxc.bsm.bpermute(i32 %shl.i.i.i.2, i32 %27)
38735:  %38 = tail call noundef i32 @llvm.mxc.bsm.bpermute(i32 %shl.i.i.i.3, i32 %34)
38747:  %45 = tail call noundef i32 @llvm.mxc.bsm.bpermute(i32 %shl.i.i.i.4, i32 %41)
38788:  %64 = tail call noundef i32 @llvm.mxc.bsm.bpermute(i32 %shl.i.i.i271, i32 %60)
38800:  %70 = tail call noundef i32 @llvm.mxc.bsm.bpermute(i32 %shl.i.i.i271.1, i32 %66)
38812:  %76 = tail call noundef i32 @llvm.mxc.bsm.bpermute(i32 %shl.i.i.i271.2, i32 %72)
38824:  %82 = tail call noundef i32 @llvm.mxc.bsm.bpermute(i32 %shl.i.i.i271.3, i32 %78)
38836:  %88 = tail call noundef i32 @llvm.mxc.bsm.bpermute(i32 %shl.i.i.i271.4, i32 %84)
38840:  tail call void @llvm.mxc.barrier()
39364:  tail call void @llvm.mxc.barrier()
39398:  tail call void @llvm.mxc.barrier()
39465:  tail call void @llvm.mxc.barrier()
39498:  tail call void @llvm.mxc.barrier()
39785:  %20 = tail call noundef i32 @llvm.mxc.bsm.bpermute(i32 %shl.i.i.i, i32 %16)
39797:  %27 = tail call noundef i32 @llvm.mxc.bsm.bpermute(i32 %shl.i.i.i.1, i32 %23)
39809:  %34 = tail call noundef i32 @llvm.mxc.bsm.bpermute(i32 %shl.i.i.i.2, i32 %30)
39821:  %41 = tail call noundef i32 @llvm.mxc.bsm.bpermute(i32 %shl.i.i.i.3, i32 %37)
39833:  %48 = tail call noundef i32 @llvm.mxc.bsm.bpermute(i32 %shl.i.i.i.4, i32 %44)
39863:  tail call void @llvm.mxc.barrier()
39888:  %63 = tail call noundef i32 @llvm.mxc.bsm.bpermute(i32 %shl.i.i.i323, i32 %59)
39900:  %70 = tail call noundef i32 @llvm.mxc.bsm.bpermute(i32 %shl.i.i.i323.1, i32 %66)
39912:  %77 = tail call noundef i32 @llvm.mxc.bsm.bpermute(i32 %shl.i.i.i323.2, i32 %73)
39924:  %84 = tail call noundef i32 @llvm.mxc.bsm.bpermute(i32 %shl.i.i.i323.3, i32 %80)
39936:  %91 = tail call noundef i32 @llvm.mxc.bsm.bpermute(i32 %shl.i.i.i323.4, i32 %87)
39947:  tail call void @llvm.mxc.barrier()
39975:  %108 = tail call noundef i32 @llvm.mxc.bsm.bpermute(i32 %shl.i.i.i329, i32 %104)
39987:  %114 = tail call noundef i32 @llvm.mxc.bsm.bpermute(i32 %shl.i.i.i329.1, i32 %110)
39999:  %120 = tail call noundef i32 @llvm.mxc.bsm.bpermute(i32 %shl.i.i.i329.2, i32 %116)
40011:  %126 = tail call noundef i32 @llvm.mxc.bsm.bpermute(i32 %shl.i.i.i329.3, i32 %122)
40023:  %132 = tail call noundef i32 @llvm.mxc.bsm.bpermute(i32 %shl.i.i.i329.4, i32 %128)
40057:  tail call void @llvm.mxc.barrier()
40081:  %147 = tail call noundef i32 @llvm.mxc.bsm.bpermute(i32 %shl.i.i.i335, i32 %143)
40093:  %153 = tail call noundef i32 @llvm.mxc.bsm.bpermute(i32 %shl.i.i.i335.1, i32 %149)
40105:  %159 = tail call noundef i32 @llvm.mxc.bsm.bpermute(i32 %shl.i.i.i335.2, i32 %155)
40117:  %165 = tail call noundef i32 @llvm.mxc.bsm.bpermute(i32 %shl.i.i.i335.3, i32 %161)
40129:  %171 = tail call noundef i32 @llvm.mxc.bsm.bpermute(i32 %shl.i.i.i335.4, i32 %167)
40140:  tail call void @llvm.mxc.barrier()
40557:  tail call void @llvm.mxc.barrier.warp(), !noalias !288
40846:  tail call void @llvm.mxc.barrier(), !noalias !288
40868:  tail call void @llvm.mxc.barrier.warp(), !noalias !303
41178:  tail call void @llvm.mxc.barrier.warp(), !noalias !303
41193:  tail call void @llvm.mxc.barrier.warp(), !noalias !325
41503:  tail call void @llvm.mxc.barrier.warp(), !noalias !325
41621:  tail call void @llvm.mxc.barrier.warp()
41977:  tail call void @llvm.mxc.barrier.warp()
41991:  tail call void @llvm.mxc.barrier()
42037:  tail call void @llvm.mxc.barrier.warp()
42385:  tail call void @llvm.mxc.barrier()
42480:  tail call void @llvm.mxc.barrier()
42695:  tail call void @llvm.mxc.barrier()
45502:define linkonce_odr void @_Z57__device_stub__paged_decode_case13_kv8_headpair_z8_kernelILb1ELb0ELb0ELb1EEvPK15__maca_bfloat16S2_S2_PS0_PKiS5_PfS6_S6_iiiif(ptr noalias noundef %q, ptr noalias noundef %k_cache, ptr noalias noundef %v_cache, ptr noalias noundef %out, ptr noalias noundef %cache_seqlens, ptr noalias noundef %block_table, ptr noalias noundef %partial_m, ptr noalias noundef %partial_l, ptr noalias noundef %partial_acc, i32 noundef %batch_size, i32 noundef %pages_per_batch, i32 noundef %pages_per_split, i32 noundef %n_split, float noundef %sm_scale) #1 comdat {
45578:define linkonce_odr void @_Z57__device_stub__paged_decode_case13_kv8_headpair_z8_kernelILb1ELb0ELb1ELb0EEvPK15__maca_bfloat16S2_S2_PS0_PKiS5_PfS6_S6_iiiif(ptr noalias noundef %q, ptr noalias noundef %k_cache, ptr noalias noundef %v_cache, ptr noalias noundef %out, ptr noalias noundef %cache_seqlens, ptr noalias noundef %block_table, ptr noalias noundef %partial_m, ptr noalias noundef %partial_l, ptr noalias noundef %partial_acc, i32 noundef %batch_size, i32 noundef %pages_per_batch, i32 noundef %pages_per_split, i32 noundef %n_split, float noundef %sm_scale) #1 comdat {
45654:define linkonce_odr void @_Z57__device_stub__paged_decode_case13_kv8_headpair_z8_kernelILb1ELb1ELb0ELb0EEvPK15__maca_bfloat16S2_S2_PS0_PKiS5_PfS6_S6_iiiif(ptr noalias noundef %q, ptr noalias noundef %k_cache, ptr noalias noundef %v_cache, ptr noalias noundef %out, ptr noalias noundef %cache_seqlens, ptr noalias noundef %block_table, ptr noalias noundef %partial_m, ptr noalias noundef %partial_l, ptr noalias noundef %partial_acc, i32 noundef %batch_size, i32 noundef %pages_per_batch, i32 noundef %pages_per_split, i32 noundef %n_split, float noundef %sm_scale) #1 comdat {
46110:define linkonce_odr void @_Z46__device_stub__paged_decode_reduce_vec2_kernelILb1ELb0ELb1ELb0ELb0EEvPKfS1_S1_P15__maca_bfloat16PKiiii(ptr noalias noundef %partial_m, ptr noalias noundef %partial_l, ptr noalias noundef %partial_acc, ptr noalias noundef %out, ptr noalias noundef %cache_seqlens, i32 noundef %batch_size, i32 noundef %pages_per_split, i32 noundef %n_split) #1 comdat {
46422:define linkonce_odr void @_Z46__device_stub__paged_decode_reduce_vec2_kernelILb1ELb0ELb1ELb1ELb1EEvPKfS1_S1_P15__maca_bfloat16PKiiii(ptr noalias noundef %partial_m, ptr noalias noundef %partial_l, ptr noalias noundef %partial_acc, ptr noalias noundef %out, ptr noalias noundef %cache_seqlens, i32 noundef %batch_size, i32 noundef %pages_per_split, i32 noundef %n_split) #1 comdat {
