exp657 C500 case6 special correctness gate
UTC 2026-08-23T19:55:17Z
candidate source and runner SHA256:
b658d566d67a9822dcf8256eece1666c61f9f63858bb6bc5e0b348254aa0befc  solutions/archive/2026-08-24-experiments/cuda_case6_separate_shortrow_owner_exp657.cpp
9ce5c6d188748a2c7a1c8e2a9f5e28f3d7d0f949ddb6f414cb9017935f122a58  tests/exp657_case6_shortrow_owner_special.py
control and work source SHA256:
a92f74e6aae22bc8e9a0a08b627ee9441c014cce9d950cf984f23c8987840972  solutions/archive/2026-08-16-submissions/cuda_113889.cpp
a92f74e6aae22bc8e9a0a08b627ee9441c014cce9d950cf984f23c8987840972  solutions/cuda_maca_optimized.cpp
library metadata:
build/exp657_candidate_normal.so size=792240 mtime=2026-08-23 19:44:28.004593667 +0000 mode=-rwxr-xr-x
build/cuda_113889.so size=746656 mtime=2026-08-23 16:11:45.453081135 +0000 mode=-rwxr-xr-x
runner syntax and whitespace checks:
active relevant processes before gate:
1143961 /bin/bash -c set -o pipefail {   printf '%s\n' 'exp657 C500 case6 special correctness gate'   date -u '+UTC %Y-%m-%dT%H:%M:%SZ'   printf '%s\n' 'candidate source and runner SHA256:'   sha256sum solutions/archive/2026-08-24-experiments/cuda_case6_separate_shortrow_owner_exp657.cpp tests/exp657_case6_shortrow_owner_special.py   printf '%s\n' 'control and work source SHA256:'   sha256sum solutions/archive/2026-08-16-submissions/cuda_113889.cpp solutions/cuda_maca_optimized.cpp   printf '%s\n' 'library metadata:'   stat -c '%n size=%s mtime=%y mode=%A' build/exp657_candidate_normal.so build/cuda_113889.so   printf '%s\n' 'runner syntax and whitespace checks:'   python3 -m py_compile tests/exp657_case6_shortrow_owner_special.py   git diff --check -- tests/exp657_case6_shortrow_owner_special.py   printf '%s\n' 'active relevant processes before gate:'   pgrep -af '[c]500|[m]aca|[x]puoj|[b]enchmark|[t]est_kernel|[p]ython.*exp657_case6' || true   printf '%s\n' 'command: python3 tests/exp657_case6_shortrow_owner_special.py --candidate-library build/exp657_candidate_normal.so --control-library build/cuda_113889.so --seed 20260823'   python3 tests/exp657_case6_shortrow_owner_special.py --candidate-library build/exp657_candidate_normal.so --control-library build/cuda_113889.so --seed 20260823   gate_rc=$?   printf 'gate_exit_status=%s\n' "$gate_rc"   printf '%s\n' 'active relevant processes after gate:'   pgrep -af '[c]500|[m]aca|[x]puoj|[b]enchmark|[t]est_kernel|[p]ython.*exp657_case6' || true   exit "$gate_rc" } 2>&1 | tee log/exp657_c500_special.log rc=${PIPESTATUS[0]} printf 'wrapper_exit_status=%s\n' "$rc" >> log/exp657_c500_special.log exit "$rc"
1143962 /bin/bash -c set -o pipefail {   printf '%s\n' 'exp657 C500 case6 special correctness gate'   date -u '+UTC %Y-%m-%dT%H:%M:%SZ'   printf '%s\n' 'candidate source and runner SHA256:'   sha256sum solutions/archive/2026-08-24-experiments/cuda_case6_separate_shortrow_owner_exp657.cpp tests/exp657_case6_shortrow_owner_special.py   printf '%s\n' 'control and work source SHA256:'   sha256sum solutions/archive/2026-08-16-submissions/cuda_113889.cpp solutions/cuda_maca_optimized.cpp   printf '%s\n' 'library metadata:'   stat -c '%n size=%s mtime=%y mode=%A' build/exp657_candidate_normal.so build/cuda_113889.so   printf '%s\n' 'runner syntax and whitespace checks:'   python3 -m py_compile tests/exp657_case6_shortrow_owner_special.py   git diff --check -- tests/exp657_case6_shortrow_owner_special.py   printf '%s\n' 'active relevant processes before gate:'   pgrep -af '[c]500|[m]aca|[x]puoj|[b]enchmark|[t]est_kernel|[p]ython.*exp657_case6' || true   printf '%s\n' 'command: python3 tests/exp657_case6_shortrow_owner_special.py --candidate-library build/exp657_candidate_normal.so --control-library build/cuda_113889.so --seed 20260823'   python3 tests/exp657_case6_shortrow_owner_special.py --candidate-library build/exp657_candidate_normal.so --control-library build/cuda_113889.so --seed 20260823   gate_rc=$?   printf 'gate_exit_status=%s\n' "$gate_rc"   printf '%s\n' 'active relevant processes after gate:'   pgrep -af '[c]500|[m]aca|[x]puoj|[b]enchmark|[t]est_kernel|[p]ython.*exp657_case6' || true   exit "$gate_rc" } 2>&1 | tee log/exp657_c500_special.log rc=${PIPESTATUS[0]} printf 'wrapper_exit_status=%s\n' "$rc" >> log/exp657_c500_special.log exit "$rc"
1143963 tee log/exp657_c500_special.log
command: python3 tests/exp657_case6_shortrow_owner_special.py --candidate-library build/exp657_candidate_normal.so --control-library build/cuda_113889.so --seed 20260823
GPU: MetaX C500 | torch=2.8.0+metax3.7.1.3 | candidate=build/exp657_candidate_normal.so | control=build/cuda_113889.so | seed=20260823
[INFO] case6 exact all-row lengths (17): 0,1,2,15,16,17,31,32,33,47,48,49,95,96,97,361,362
Traceback (most recent call last):
  File "/data/cuda-flash-attn/tests/exp657_case6_shortrow_owner_special.py", line 750, in <module>
    raise SystemExit(main())
                     ^^^^^^
  File "/data/cuda-flash-attn/tests/exp657_case6_shortrow_owner_special.py", line 733, in main
    if not _run_exact_lengths(candidate, control, args.seed + 6570):
           ^^^^^^^^^^^^^^^^^^^^^^^^^^^^^^^^^^^^^^^^^^^^^^^^^^^^^^^^
  File "/data/cuda-flash-attn/tests/exp657_case6_shortrow_owner_special.py", line 498, in _run_exact_lengths
    _restore_inputs(inputs, q_base, k_base, v_base, lengths, table_base)
  File "/data/cuda-flash-attn/tests/exp657_case6_shortrow_owner_special.py", line 284, in _restore_inputs
    inputs.cache_seqlens.copy_(lengths_expected)
TypeError: copy_(): argument 'other' (position 1) must be Tensor, not tuple
gate_exit_status=1
active relevant processes after gate:
1143961 /bin/bash -c set -o pipefail {   printf '%s\n' 'exp657 C500 case6 special correctness gate'   date -u '+UTC %Y-%m-%dT%H:%M:%SZ'   printf '%s\n' 'candidate source and runner SHA256:'   sha256sum solutions/archive/2026-08-24-experiments/cuda_case6_separate_shortrow_owner_exp657.cpp tests/exp657_case6_shortrow_owner_special.py   printf '%s\n' 'control and work source SHA256:'   sha256sum solutions/archive/2026-08-16-submissions/cuda_113889.cpp solutions/cuda_maca_optimized.cpp   printf '%s\n' 'library metadata:'   stat -c '%n size=%s mtime=%y mode=%A' build/exp657_candidate_normal.so build/cuda_113889.so   printf '%s\n' 'runner syntax and whitespace checks:'   python3 -m py_compile tests/exp657_case6_shortrow_owner_special.py   git diff --check -- tests/exp657_case6_shortrow_owner_special.py   printf '%s\n' 'active relevant processes before gate:'   pgrep -af '[c]500|[m]aca|[x]puoj|[b]enchmark|[t]est_kernel|[p]ython.*exp657_case6' || true   printf '%s\n' 'command: python3 tests/exp657_case6_shortrow_owner_special.py --candidate-library build/exp657_candidate_normal.so --control-library build/cuda_113889.so --seed 20260823'   python3 tests/exp657_case6_shortrow_owner_special.py --candidate-library build/exp657_candidate_normal.so --control-library build/cuda_113889.so --seed 20260823   gate_rc=$?   printf 'gate_exit_status=%s\n' "$gate_rc"   printf '%s\n' 'active relevant processes after gate:'   pgrep -af '[c]500|[m]aca|[x]puoj|[b]enchmark|[t]est_kernel|[p]ython.*exp657_case6' || true   exit "$gate_rc" } 2>&1 | tee log/exp657_c500_special.log rc=${PIPESTATUS[0]} printf 'wrapper_exit_status=%s\n' "$rc" >> log/exp657_c500_special.log exit "$rc"
1143962 /bin/bash -c set -o pipefail {   printf '%s\n' 'exp657 C500 case6 special correctness gate'   date -u '+UTC %Y-%m-%dT%H:%M:%SZ'   printf '%s\n' 'candidate source and runner SHA256:'   sha256sum solutions/archive/2026-08-24-experiments/cuda_case6_separate_shortrow_owner_exp657.cpp tests/exp657_case6_shortrow_owner_special.py   printf '%s\n' 'control and work source SHA256:'   sha256sum solutions/archive/2026-08-16-submissions/cuda_113889.cpp solutions/cuda_maca_optimized.cpp   printf '%s\n' 'library metadata:'   stat -c '%n size=%s mtime=%y mode=%A' build/exp657_candidate_normal.so build/cuda_113889.so   printf '%s\n' 'runner syntax and whitespace checks:'   python3 -m py_compile tests/exp657_case6_shortrow_owner_special.py   git diff --check -- tests/exp657_case6_shortrow_owner_special.py   printf '%s\n' 'active relevant processes before gate:'   pgrep -af '[c]500|[m]aca|[x]puoj|[b]enchmark|[t]est_kernel|[p]ython.*exp657_case6' || true   printf '%s\n' 'command: python3 tests/exp657_case6_shortrow_owner_special.py --candidate-library build/exp657_candidate_normal.so --control-library build/cuda_113889.so --seed 20260823'   python3 tests/exp657_case6_shortrow_owner_special.py --candidate-library build/exp657_candidate_normal.so --control-library build/cuda_113889.so --seed 20260823   gate_rc=$?   printf 'gate_exit_status=%s\n' "$gate_rc"   printf '%s\n' 'active relevant processes after gate:'   pgrep -af '[c]500|[m]aca|[x]puoj|[b]enchmark|[t]est_kernel|[p]ython.*exp657_case6' || true   exit "$gate_rc" } 2>&1 | tee log/exp657_c500_special.log rc=${PIPESTATUS[0]} printf 'wrapper_exit_status=%s\n' "$rc" >> log/exp657_c500_special.log exit "$rc"
1143963 tee log/exp657_c500_special.log
wrapper_exit_status=1
