exp621 candidate device LLVM build
2026-08-21T12:24:49Z
source: solutions/archive/2026-08-21-experiments/cuda_case11_fused_tail_register_prefetch_exp621.cpp
30afeedb1e9c9aa0a82ac9da83b524c22c53c974860e60445560ec6714c6fca8  solutions/archive/2026-08-21-experiments/cuda_case11_fused_tail_register_prefetch_exp621.cpp
command: tools/build_local_maca.sh solutions/archive/2026-08-21-experiments/cuda_case11_fused_tail_register_prefetch_exp621.cpp build/exp621_candidate.ll -c -emit-llvm -S
Building solutions/archive/2026-08-21-experiments/cuda_case11_fused_tail_register_prefetch_exp621.cpp
Compiler: /opt/maca/mxgpu_llvm/bin/mxcc
MACA path: /opt/maca
CUDA bridge: /opt/maca-3.7.1/tools/cu-bridge
Target: xcore1000
Output: build/exp621_candidate.ll
mxcc: warning: argument unused during compilation: '-shared' [-Wunused-command-line-argument]
solutions/archive/2026-08-21-experiments/cuda_case11_fused_tail_register_prefetch_exp621.cpp:335:40: warning: set minimum blocks' number is illegal in Maca and the value will be ignored [-Wmaca-min-blocks-per-multiprocessor]
  335 | __global__ void __launch_bounds__(256, 6)
      |                                        ^
solutions/archive/2026-08-21-experiments/cuda_case11_fused_tail_register_prefetch_exp621.cpp:701:40: warning: set minimum blocks' number is illegal in Maca and the value will be ignored [-Wmaca-min-blocks-per-multiprocessor]
  701 | __global__ void __launch_bounds__(256, 6)
      |                                        ^
solutions/archive/2026-08-21-experiments/cuda_case11_fused_tail_register_prefetch_exp621.cpp:1229:40: warning: set minimum blocks' number is illegal in Maca and the value will be ignored [-Wmaca-min-blocks-per-multiprocessor]
 1229 | __global__ void __launch_bounds__(256, 6)
      |                                        ^
solutions/archive/2026-08-21-experiments/cuda_case11_fused_tail_register_prefetch_exp621.cpp:1229:40: warning: set minimum blocks' number is illegal in Maca and the value will be ignored [-Wmaca-min-blocks-per-multiprocessor]
solutions/archive/2026-08-21-experiments/cuda_case11_fused_tail_register_prefetch_exp621.cpp:5587:21: note: in instantiation of function template specialization 'paged_decode_token_parallel_kernel<4, 8, false, false, false, false, false, true, false, false, false, false, false, true, false, false, false>' requested here
 5587 |                     paged_decode_token_parallel_kernel<
      |                     ^
solutions/archive/2026-08-21-experiments/cuda_case11_fused_tail_register_prefetch_exp621.cpp:1229:40: warning: set minimum blocks' number is illegal in Maca and the value will be ignored [-Wmaca-min-blocks-per-multiprocessor]
 1229 | __global__ void __launch_bounds__(256, 6)
      |                                        ^
solutions/archive/2026-08-21-experiments/cuda_case11_fused_tail_register_prefetch_exp621.cpp:5599:21: note: in instantiation of function template specialization 'paged_decode_token_parallel_kernel<4, 8, false, false, false, false, false, false, false, false, false, false, false, false, false, false, false>' requested here
 5599 |                     paged_decode_token_parallel_kernel<4, 8, false><<<
      |                     ^
solutions/archive/2026-08-21-experiments/cuda_case11_fused_tail_register_prefetch_exp621.cpp:1229:40: warning: set minimum blocks' number is illegal in Maca and the value will be ignored [-Wmaca-min-blocks-per-multiprocessor]
 1229 | __global__ void __launch_bounds__(256, 6)
      |                                        ^
solutions/archive/2026-08-21-experiments/cuda_case11_fused_tail_register_prefetch_exp621.cpp:5734:21: note: in instantiation of function template specialization 'paged_decode_token_parallel_kernel<8, 4, false, false, false, false, false, true, false, false, false, false, true, true, true, true, false>' requested here
 5734 |                     paged_decode_token_parallel_kernel<
      |                     ^
solutions/archive/2026-08-21-experiments/cuda_case11_fused_tail_register_prefetch_exp621.cpp:1229:40: warning: set minimum blocks' number is illegal in Maca and the value will be ignored [-Wmaca-min-blocks-per-multiprocessor]
 1229 | __global__ void __launch_bounds__(256, 6)
      |                                        ^
solutions/archive/2026-08-21-experiments/cuda_case11_fused_tail_register_prefetch_exp621.cpp:5756:21: note: in instantiation of function template specialization 'paged_decode_token_parallel_kernel<8, 4, true, false, false, false, false, true, false, false, true, false, true, true, false, false, true>' requested here
 5756 |                     paged_decode_token_parallel_kernel<
      |                     ^
solutions/archive/2026-08-21-experiments/cuda_case11_fused_tail_register_prefetch_exp621.cpp:701:40: warning: set minimum blocks' number is illegal in Maca and the value will be ignored [-Wmaca-min-blocks-per-multiprocessor]
  701 | __global__ void __launch_bounds__(256, 6)
      |                                        ^
solutions/archive/2026-08-21-experiments/cuda_case11_fused_tail_register_prefetch_exp621.cpp:5771:9: note: in instantiation of function template specialization 'paged_decode_split_qk_pair_kernel<8, 4>' requested here
 5771 |         paged_decode_split_qk_pair_kernel<8, 4><<<grid, 128>>>(
      |         ^
solutions/archive/2026-08-21-experiments/cuda_case11_fused_tail_register_prefetch_exp621.cpp:335:40: warning: set minimum blocks' number is illegal in Maca and the value will be ignored [-Wmaca-min-blocks-per-multiprocessor]
  335 | __global__ void __launch_bounds__(256, 6)
      |                                        ^
solutions/archive/2026-08-21-experiments/cuda_case11_fused_tail_register_prefetch_exp621.cpp:5778:13: note: in instantiation of function template specialization 'paged_decode_split_kernel<4, 8>' requested here
 5778 |             paged_decode_split_kernel<4, 8><<<grid, 256>>>(
      |             ^
solutions/archive/2026-08-21-experiments/cuda_case11_fused_tail_register_prefetch_exp621.cpp:335:40: warning: set minimum blocks' number is illegal in Maca and the value will be ignored [-Wmaca-min-blocks-per-multiprocessor]
  335 | __global__ void __launch_bounds__(256, 6)
      |                                        ^
solutions/archive/2026-08-21-experiments/cuda_case11_fused_tail_register_prefetch_exp621.cpp:5784:13: note: in instantiation of function template specialization 'paged_decode_split_kernel<8, 4>' requested here
 5784 |             paged_decode_split_kernel<8, 4><<<grid, 128>>>(
      |             ^
10 warnings generated when compiling for xcore1000.
solutions/archive/2026-08-21-experiments/cuda_case11_fused_tail_register_prefetch_exp621.cpp:335:40: warning: set minimum blocks' number is illegal in Maca and the value will be ignored [-Wmaca-min-blocks-per-multiprocessor]
  335 | __global__ void __launch_bounds__(256, 6)
      |                                        ^
solutions/archive/2026-08-21-experiments/cuda_case11_fused_tail_register_prefetch_exp621.cpp:701:40: warning: set minimum blocks' number is illegal in Maca and the value will be ignored [-Wmaca-min-blocks-per-multiprocessor]
  701 | __global__ void __launch_bounds__(256, 6)
      |                                        ^
solutions/archive/2026-08-21-experiments/cuda_case11_fused_tail_register_prefetch_exp621.cpp:1229:40: warning: set minimum blocks' number is illegal in Maca and the value will be ignored [-Wmaca-min-blocks-per-multiprocessor]
 1229 | __global__ void __launch_bounds__(256, 6)
      |                                        ^
solutions/archive/2026-08-21-experiments/cuda_case11_fused_tail_register_prefetch_exp621.cpp:1229:40: warning: set minimum blocks' number is illegal in Maca and the value will be ignored [-Wmaca-min-blocks-per-multiprocessor]
solutions/archive/2026-08-21-experiments/cuda_case11_fused_tail_register_prefetch_exp621.cpp:5587:21: note: in instantiation of function template specialization 'paged_decode_token_parallel_kernel<4, 8, false, false, false, false, false, true, false, false, false, false, false, true, false, false, false>' requested here
 5587 |                     paged_decode_token_parallel_kernel<
      |                     ^
solutions/archive/2026-08-21-experiments/cuda_case11_fused_tail_register_prefetch_exp621.cpp:1229:40: warning: set minimum blocks' number is illegal in Maca and the value will be ignored [-Wmaca-min-blocks-per-multiprocessor]
 1229 | __global__ void __launch_bounds__(256, 6)
      |                                        ^
solutions/archive/2026-08-21-experiments/cuda_case11_fused_tail_register_prefetch_exp621.cpp:5599:21: note: in instantiation of function template specialization 'paged_decode_token_parallel_kernel<4, 8, false, false, false, false, false, false, false, false, false, false, false, false, false, false, false>' requested here
 5599 |                     paged_decode_token_parallel_kernel<4, 8, false><<<
      |                     ^
solutions/archive/2026-08-21-experiments/cuda_case11_fused_tail_register_prefetch_exp621.cpp:1229:40: warning: set minimum blocks' number is illegal in Maca and the value will be ignored [-Wmaca-min-blocks-per-multiprocessor]
 1229 | __global__ void __launch_bounds__(256, 6)
      |                                        ^
solutions/archive/2026-08-21-experiments/cuda_case11_fused_tail_register_prefetch_exp621.cpp:5734:21: note: in instantiation of function template specialization 'paged_decode_token_parallel_kernel<8, 4, false, false, false, false, false, true, false, false, false, false, true, true, true, true, false>' requested here
 5734 |                     paged_decode_token_parallel_kernel<
      |                     ^
solutions/archive/2026-08-21-experiments/cuda_case11_fused_tail_register_prefetch_exp621.cpp:1229:40: warning: set minimum blocks' number is illegal in Maca and the value will be ignored [-Wmaca-min-blocks-per-multiprocessor]
 1229 | __global__ void __launch_bounds__(256, 6)
      |                                        ^
solutions/archive/2026-08-21-experiments/cuda_case11_fused_tail_register_prefetch_exp621.cpp:5756:21: note: in instantiation of function template specialization 'paged_decode_token_parallel_kernel<8, 4, true, false, false, false, false, true, false, false, true, false, true, true, false, false, true>' requested here
 5756 |                     paged_decode_token_parallel_kernel<
      |                     ^
solutions/archive/2026-08-21-experiments/cuda_case11_fused_tail_register_prefetch_exp621.cpp:701:40: warning: set minimum blocks' number is illegal in Maca and the value will be ignored [-Wmaca-min-blocks-per-multiprocessor]
  701 | __global__ void __launch_bounds__(256, 6)
      |                                        ^
solutions/archive/2026-08-21-experiments/cuda_case11_fused_tail_register_prefetch_exp621.cpp:5771:9: note: in instantiation of function template specialization 'paged_decode_split_qk_pair_kernel<8, 4>' requested here
 5771 |         paged_decode_split_qk_pair_kernel<8, 4><<<grid, 128>>>(
      |         ^
solutions/archive/2026-08-21-experiments/cuda_case11_fused_tail_register_prefetch_exp621.cpp:335:40: warning: set minimum blocks' number is illegal in Maca and the value will be ignored [-Wmaca-min-blocks-per-multiprocessor]
  335 | __global__ void __launch_bounds__(256, 6)
      |                                        ^
solutions/archive/2026-08-21-experiments/cuda_case11_fused_tail_register_prefetch_exp621.cpp:5778:13: note: in instantiation of function template specialization 'paged_decode_split_kernel<4, 8>' requested here
 5778 |             paged_decode_split_kernel<4, 8><<<grid, 256>>>(
      |             ^
solutions/archive/2026-08-21-experiments/cuda_case11_fused_tail_register_prefetch_exp621.cpp:335:40: warning: set minimum blocks' number is illegal in Maca and the value will be ignored [-Wmaca-min-blocks-per-multiprocessor]
  335 | __global__ void __launch_bounds__(256, 6)
      |                                        ^
solutions/archive/2026-08-21-experiments/cuda_case11_fused_tail_register_prefetch_exp621.cpp:5784:13: note: in instantiation of function template specialization 'paged_decode_split_kernel<8, 4>' requested here
 5784 |             paged_decode_split_kernel<8, 4><<<grid, 128>>>(
      |             ^
10 warnings generated when compiling for host.
Built build/exp621_candidate.ll
