a40e04a96cf836c339e9a92a232b2ce79d26f7c7211fbce5d7a6248ec670e38f  solutions/archive/2026-08-18-experiments/cuda_case14_partial_b16_stx_exp600.cpp
3a660b08915262c672252edff3a4186a51bea672bfe598a25ed0438a0c5c593d  build/exp600_c500_candidate.so
GPU: MetaX C500 | torch=2.8.0+metax3.7.1.3
[PASS] case 14 B= 1 L=61519 KV=4 lengths=exact:1  match=1.000000 max_error=0.000000e+00 max_tol_ratio=0.000 finite=True
[PASS] case 14 B= 1 L=61519 KV=4 lengths=exact:2  match=1.000000 max_error=1.562500e-02 max_tol_ratio=0.316 finite=True
[PASS] case 14 B= 1 L=61519 KV=4 lengths=exact:15 match=1.000000 max_error=7.812500e-03 max_tol_ratio=0.223 finite=True
[PASS] case 14 B= 1 L=61519 KV=4 lengths=exact:16 match=1.000000 max_error=7.812500e-03 max_tol_ratio=0.231 finite=True
[PASS] case 14 B= 1 L=61519 KV=4 lengths=exact:17 match=1.000000 max_error=7.812500e-03 max_tol_ratio=0.239 finite=True
[PASS] case 14 B= 1 L=61519 KV=4 lengths=exact:239 match=1.000000 max_error=1.953125e-03 max_tol_ratio=0.098 finite=True
[PASS] case 14 B= 1 L=61519 KV=4 lengths=exact:240 match=1.000000 max_error=1.953125e-03 max_tol_ratio=0.095 finite=True
[PASS] case 14 B= 1 L=61519 KV=4 lengths=exact:241 match=1.000000 max_error=1.953125e-03 max_tol_ratio=0.097 finite=True
[PASS] case 14 B= 1 L=61519 KV=4 lengths=exact:255 match=1.000000 max_error=1.953125e-03 max_tol_ratio=0.096 finite=True
[PASS] case 14 B= 1 L=61519 KV=4 lengths=exact:256 match=1.000000 max_error=3.906250e-03 max_tol_ratio=0.160 finite=True
[PASS] case 14 B= 1 L=61519 KV=4 lengths=exact:257 match=1.000000 max_error=3.906250e-03 max_tol_ratio=0.160 finite=True
[PASS] case 14 B= 1 L=61519 KV=4 lengths=exact:479 match=1.000000 max_error=1.953125e-03 max_tol_ratio=0.096 finite=True
[PASS] case 14 B= 1 L=61519 KV=4 lengths=exact:480 match=1.000000 max_error=1.953125e-03 max_tol_ratio=0.095 finite=True
[PASS] case 14 B= 1 L=61519 KV=4 lengths=exact:481 match=1.000000 max_error=9.765625e-04 max_tol_ratio=0.054 finite=True
[PASS] case 14 B= 1 L=61519 KV=4 lengths=exact:495 match=1.000000 max_error=1.953125e-03 max_tol_ratio=0.096 finite=True
[PASS] case 14 B= 1 L=61519 KV=4 lengths=exact:496 match=1.000000 max_error=1.953125e-03 max_tol_ratio=0.094 finite=True
[PASS] case 14 B= 1 L=61519 KV=4 lengths=exact:497 match=1.000000 max_error=1.953125e-03 max_tol_ratio=0.097 finite=True
[PASS] case 14 B= 1 L=61519 KV=4 lengths=exact:3839 match=1.000000 max_error=4.882812e-04 max_tol_ratio=0.029 finite=True
[PASS] case 14 B= 1 L=61519 KV=4 lengths=exact:3840 match=1.000000 max_error=4.882812e-04 max_tol_ratio=0.029 finite=True
[PASS] case 14 B= 1 L=61519 KV=4 lengths=exact:3841 match=1.000000 max_error=4.882812e-04 max_tol_ratio=0.029 finite=True
[PASS] case 14 B= 1 L=61519 KV=4 lengths=exact:61439 match=1.000000 max_error=1.220703e-04 max_tol_ratio=0.007 finite=True
[PASS] case 14 B= 1 L=61519 KV=4 lengths=exact:61440 match=1.000000 max_error=1.220703e-04 max_tol_ratio=0.008 finite=True
[PASS] case 14 B= 1 L=61519 KV=4 lengths=exact:61441 match=1.000000 max_error=1.220703e-04 max_tol_ratio=0.008 finite=True
[PASS] case 14 B= 1 L=61519 KV=4 lengths=exact:61455 match=1.000000 max_error=1.220703e-04 max_tol_ratio=0.008 finite=True
[PASS] case 14 B= 1 L=61519 KV=4 lengths=exact:61456 match=1.000000 max_error=1.220703e-04 max_tol_ratio=0.008 finite=True
[PASS] case 14 B= 1 L=61519 KV=4 lengths=exact:61457 match=1.000000 max_error=1.220703e-04 max_tol_ratio=0.008 finite=True
[PASS] case 14 B= 1 L=61519 KV=4 lengths=exact:61503 match=1.000000 max_error=1.220703e-04 max_tol_ratio=0.008 finite=True
[PASS] case 14 B= 1 L=61519 KV=4 lengths=exact:61504 match=1.000000 max_error=1.220703e-04 max_tol_ratio=0.008 finite=True
[PASS] case 14 B= 1 L=61519 KV=4 lengths=exact:61505 match=1.000000 max_error=1.220703e-04 max_tol_ratio=0.008 finite=True
[PASS] case 14 B= 1 L=61519 KV=4 lengths=exact:61518 match=1.000000 max_error=1.220703e-04 max_tol_ratio=0.008 finite=True
[PASS] case 14 B= 1 L=61519 KV=4 lengths=exact:61519 match=1.000000 max_error=1.220703e-04 max_tol_ratio=0.008 finite=True
