2026-08-24T03:09:29Z
7d2e0f10e8808e9f338395c27601090e8d448a7e3b806f2dd43ce163a8938c4e  solutions/archive/2026-08-24-experiments/cuda_control124611_case11_regcoeff_exp677.cpp
command: /opt/maca/mxgpu_llvm/bin/mxcc -x maca -std=c++17 -O3 -fPIC -shared -offload-arch=xcore1000 --maca-path=/opt/maca -I/opt/maca-3.7.1/tools/cu-bridge/include -c -emit-llvm -S candidate -o build/exp677_candidate_device.ll
mxcc: warning: argument unused during compilation: '-shared' [-Wunused-command-line-argument]
solutions/archive/2026-08-24-experiments/cuda_control124611_case11_regcoeff_exp677.cpp:335:40: warning: set minimum blocks' number is illegal in Maca and the value will be ignored [-Wmaca-min-blocks-per-multiprocessor]
  335 | __global__ void __launch_bounds__(256, 6)
      |                                        ^
solutions/archive/2026-08-24-experiments/cuda_control124611_case11_regcoeff_exp677.cpp:701:40: warning: set minimum blocks' number is illegal in Maca and the value will be ignored [-Wmaca-min-blocks-per-multiprocessor]
  701 | __global__ void __launch_bounds__(256, 6)
      |                                        ^
solutions/archive/2026-08-24-experiments/cuda_control124611_case11_regcoeff_exp677.cpp:1229:40: warning: set minimum blocks' number is illegal in Maca and the value will be ignored [-Wmaca-min-blocks-per-multiprocessor]
 1229 | __global__ void __launch_bounds__(256, 6)
      |                                        ^
solutions/archive/2026-08-24-experiments/cuda_control124611_case11_regcoeff_exp677.cpp:1229:40: warning: set minimum blocks' number is illegal in Maca and the value will be ignored [-Wmaca-min-blocks-per-multiprocessor]
solutions/archive/2026-08-24-experiments/cuda_control124611_case11_regcoeff_exp677.cpp:5702:21: note: in instantiation of function template specialization 'paged_decode_token_parallel_kernel<4, 8, false, false, false, false, false, true, false, false, false, false, false, true, false, false, false>' requested here
 5702 |                     paged_decode_token_parallel_kernel<
      |                     ^
solutions/archive/2026-08-24-experiments/cuda_control124611_case11_regcoeff_exp677.cpp:1229:40: warning: set minimum blocks' number is illegal in Maca and the value will be ignored [-Wmaca-min-blocks-per-multiprocessor]
 1229 | __global__ void __launch_bounds__(256, 6)
      |                                        ^
solutions/archive/2026-08-24-experiments/cuda_control124611_case11_regcoeff_exp677.cpp:5714:21: note: in instantiation of function template specialization 'paged_decode_token_parallel_kernel<4, 8, false, false, false, false, false, false, false, false, false, false, false, false, false, false, false>' requested here
 5714 |                     paged_decode_token_parallel_kernel<4, 8, false><<<
      |                     ^
solutions/archive/2026-08-24-experiments/cuda_control124611_case11_regcoeff_exp677.cpp:1229:40: warning: set minimum blocks' number is illegal in Maca and the value will be ignored [-Wmaca-min-blocks-per-multiprocessor]
 1229 | __global__ void __launch_bounds__(256, 6)
      |                                        ^
solutions/archive/2026-08-24-experiments/cuda_control124611_case11_regcoeff_exp677.cpp:5850:21: note: in instantiation of function template specialization 'paged_decode_token_parallel_kernel<8, 4, false, false, false, false, false, true, false, false, false, false, true, true, true, true, false>' requested here
 5850 |                     paged_decode_token_parallel_kernel<
      |                     ^
solutions/archive/2026-08-24-experiments/cuda_control124611_case11_regcoeff_exp677.cpp:1229:40: warning: set minimum blocks' number is illegal in Maca and the value will be ignored [-Wmaca-min-blocks-per-multiprocessor]
 1229 | __global__ void __launch_bounds__(256, 6)
      |                                        ^
solutions/archive/2026-08-24-experiments/cuda_control124611_case11_regcoeff_exp677.cpp:5872:21: note: in instantiation of function template specialization 'paged_decode_token_parallel_kernel<8, 4, true, false, false, false, false, true, false, false, true, false, true, true, false, false, true>' requested here
 5872 |                     paged_decode_token_parallel_kernel<
      |                     ^
solutions/archive/2026-08-24-experiments/cuda_control124611_case11_regcoeff_exp677.cpp:701:40: warning: set minimum blocks' number is illegal in Maca and the value will be ignored [-Wmaca-min-blocks-per-multiprocessor]
  701 | __global__ void __launch_bounds__(256, 6)
      |                                        ^
solutions/archive/2026-08-24-experiments/cuda_control124611_case11_regcoeff_exp677.cpp:5887:9: note: in instantiation of function template specialization 'paged_decode_split_qk_pair_kernel<8, 4>' requested here
 5887 |         paged_decode_split_qk_pair_kernel<8, 4><<<grid, 128>>>(
      |         ^
solutions/archive/2026-08-24-experiments/cuda_control124611_case11_regcoeff_exp677.cpp:335:40: warning: set minimum blocks' number is illegal in Maca and the value will be ignored [-Wmaca-min-blocks-per-multiprocessor]
  335 | __global__ void __launch_bounds__(256, 6)
      |                                        ^
solutions/archive/2026-08-24-experiments/cuda_control124611_case11_regcoeff_exp677.cpp:5894:13: note: in instantiation of function template specialization 'paged_decode_split_kernel<4, 8>' requested here
 5894 |             paged_decode_split_kernel<4, 8><<<grid, 256>>>(
      |             ^
solutions/archive/2026-08-24-experiments/cuda_control124611_case11_regcoeff_exp677.cpp:335:40: warning: set minimum blocks' number is illegal in Maca and the value will be ignored [-Wmaca-min-blocks-per-multiprocessor]
  335 | __global__ void __launch_bounds__(256, 6)
      |                                        ^
solutions/archive/2026-08-24-experiments/cuda_control124611_case11_regcoeff_exp677.cpp:5900:13: note: in instantiation of function template specialization 'paged_decode_split_kernel<8, 4>' requested here
 5900 |             paged_decode_split_kernel<8, 4><<<grid, 128>>>(
      |             ^
10 warnings generated when compiling for xcore1000.
solutions/archive/2026-08-24-experiments/cuda_control124611_case11_regcoeff_exp677.cpp:335:40: warning: set minimum blocks' number is illegal in Maca and the value will be ignored [-Wmaca-min-blocks-per-multiprocessor]
  335 | __global__ void __launch_bounds__(256, 6)
      |                                        ^
solutions/archive/2026-08-24-experiments/cuda_control124611_case11_regcoeff_exp677.cpp:701:40: warning: set minimum blocks' number is illegal in Maca and the value will be ignored [-Wmaca-min-blocks-per-multiprocessor]
  701 | __global__ void __launch_bounds__(256, 6)
      |                                        ^
solutions/archive/2026-08-24-experiments/cuda_control124611_case11_regcoeff_exp677.cpp:1229:40: warning: set minimum blocks' number is illegal in Maca and the value will be ignored [-Wmaca-min-blocks-per-multiprocessor]
 1229 | __global__ void __launch_bounds__(256, 6)
      |                                        ^
solutions/archive/2026-08-24-experiments/cuda_control124611_case11_regcoeff_exp677.cpp:1229:40: warning: set minimum blocks' number is illegal in Maca and the value will be ignored [-Wmaca-min-blocks-per-multiprocessor]
solutions/archive/2026-08-24-experiments/cuda_control124611_case11_regcoeff_exp677.cpp:5702:21: note: in instantiation of function template specialization 'paged_decode_token_parallel_kernel<4, 8, false, false, false, false, false, true, false, false, false, false, false, true, false, false, false>' requested here
 5702 |                     paged_decode_token_parallel_kernel<
      |                     ^
solutions/archive/2026-08-24-experiments/cuda_control124611_case11_regcoeff_exp677.cpp:1229:40: warning: set minimum blocks' number is illegal in Maca and the value will be ignored [-Wmaca-min-blocks-per-multiprocessor]
 1229 | __global__ void __launch_bounds__(256, 6)
      |                                        ^
solutions/archive/2026-08-24-experiments/cuda_control124611_case11_regcoeff_exp677.cpp:5714:21: note: in instantiation of function template specialization 'paged_decode_token_parallel_kernel<4, 8, false, false, false, false, false, false, false, false, false, false, false, false, false, false, false>' requested here
 5714 |                     paged_decode_token_parallel_kernel<4, 8, false><<<
      |                     ^
solutions/archive/2026-08-24-experiments/cuda_control124611_case11_regcoeff_exp677.cpp:1229:40: warning: set minimum blocks' number is illegal in Maca and the value will be ignored [-Wmaca-min-blocks-per-multiprocessor]
 1229 | __global__ void __launch_bounds__(256, 6)
      |                                        ^
solutions/archive/2026-08-24-experiments/cuda_control124611_case11_regcoeff_exp677.cpp:5850:21: note: in instantiation of function template specialization 'paged_decode_token_parallel_kernel<8, 4, false, false, false, false, false, true, false, false, false, false, true, true, true, true, false>' requested here
 5850 |                     paged_decode_token_parallel_kernel<
      |                     ^
solutions/archive/2026-08-24-experiments/cuda_control124611_case11_regcoeff_exp677.cpp:1229:40: warning: set minimum blocks' number is illegal in Maca and the value will be ignored [-Wmaca-min-blocks-per-multiprocessor]
 1229 | __global__ void __launch_bounds__(256, 6)
      |                                        ^
solutions/archive/2026-08-24-experiments/cuda_control124611_case11_regcoeff_exp677.cpp:5872:21: note: in instantiation of function template specialization 'paged_decode_token_parallel_kernel<8, 4, true, false, false, false, false, true, false, false, true, false, true, true, false, false, true>' requested here
 5872 |                     paged_decode_token_parallel_kernel<
      |                     ^
solutions/archive/2026-08-24-experiments/cuda_control124611_case11_regcoeff_exp677.cpp:701:40: warning: set minimum blocks' number is illegal in Maca and the value will be ignored [-Wmaca-min-blocks-per-multiprocessor]
  701 | __global__ void __launch_bounds__(256, 6)
      |                                        ^
solutions/archive/2026-08-24-experiments/cuda_control124611_case11_regcoeff_exp677.cpp:5887:9: note: in instantiation of function template specialization 'paged_decode_split_qk_pair_kernel<8, 4>' requested here
 5887 |         paged_decode_split_qk_pair_kernel<8, 4><<<grid, 128>>>(
      |         ^
solutions/archive/2026-08-24-experiments/cuda_control124611_case11_regcoeff_exp677.cpp:335:40: warning: set minimum blocks' number is illegal in Maca and the value will be ignored [-Wmaca-min-blocks-per-multiprocessor]
  335 | __global__ void __launch_bounds__(256, 6)
      |                                        ^
solutions/archive/2026-08-24-experiments/cuda_control124611_case11_regcoeff_exp677.cpp:5894:13: note: in instantiation of function template specialization 'paged_decode_split_kernel<4, 8>' requested here
 5894 |             paged_decode_split_kernel<4, 8><<<grid, 256>>>(
      |             ^
solutions/archive/2026-08-24-experiments/cuda_control124611_case11_regcoeff_exp677.cpp:335:40: warning: set minimum blocks' number is illegal in Maca and the value will be ignored [-Wmaca-min-blocks-per-multiprocessor]
  335 | __global__ void __launch_bounds__(256, 6)
      |                                        ^
solutions/archive/2026-08-24-experiments/cuda_control124611_case11_regcoeff_exp677.cpp:5900:13: note: in instantiation of function template specialization 'paged_decode_split_kernel<8, 4>' requested here
 5900 |             paged_decode_split_kernel<8, 4><<<grid, 128>>>(
      |             ^
10 warnings generated when compiling for host.
