737:  %26 = tail call noundef i32 @llvm.mxc.bsm.bpermute(i32 %shl.i.i.i, i32 %22)
749:  %32 = tail call noundef i32 @llvm.mxc.bsm.bpermute(i32 %shl.i.i.i.1, i32 %28)
761:  %38 = tail call noundef i32 @llvm.mxc.bsm.bpermute(i32 %shl.i.i.i.2, i32 %34)
773:  %44 = tail call noundef i32 @llvm.mxc.bsm.bpermute(i32 %shl.i.i.i.3, i32 %40)
785:  %50 = tail call noundef i32 @llvm.mxc.bsm.bpermute(i32 %shl.i.i.i.4, i32 %46)
821:  %63 = tail call noundef i32 @llvm.mxc.bsm.bpermute(i32 %shl.i.i.i.1367, i32 %59)
833:  %69 = tail call noundef i32 @llvm.mxc.bsm.bpermute(i32 %shl.i.i.i.1.1, i32 %65)
845:  %75 = tail call noundef i32 @llvm.mxc.bsm.bpermute(i32 %shl.i.i.i.2.1, i32 %71)
857:  %81 = tail call noundef i32 @llvm.mxc.bsm.bpermute(i32 %shl.i.i.i.3.1, i32 %77)
869:  %87 = tail call noundef i32 @llvm.mxc.bsm.bpermute(i32 %shl.i.i.i.4.1, i32 %83)
998:declare i32 @llvm.mxc.bsm.bpermute(i32, i32) #9
1083:  %26 = tail call noundef i32 @llvm.mxc.bsm.bpermute(i32 %shl.i.i.i, i32 %22)
1095:  %32 = tail call noundef i32 @llvm.mxc.bsm.bpermute(i32 %shl.i.i.i.1, i32 %28)
1107:  %38 = tail call noundef i32 @llvm.mxc.bsm.bpermute(i32 %shl.i.i.i.2, i32 %34)
1119:  %44 = tail call noundef i32 @llvm.mxc.bsm.bpermute(i32 %shl.i.i.i.3, i32 %40)
1131:  %50 = tail call noundef i32 @llvm.mxc.bsm.bpermute(i32 %shl.i.i.i.4, i32 %46)
1167:  %63 = tail call noundef i32 @llvm.mxc.bsm.bpermute(i32 %shl.i.i.i.1367, i32 %59)
1179:  %69 = tail call noundef i32 @llvm.mxc.bsm.bpermute(i32 %shl.i.i.i.1.1, i32 %65)
1191:  %75 = tail call noundef i32 @llvm.mxc.bsm.bpermute(i32 %shl.i.i.i.2.1, i32 %71)
1203:  %81 = tail call noundef i32 @llvm.mxc.bsm.bpermute(i32 %shl.i.i.i.3.1, i32 %77)
1215:  %87 = tail call noundef i32 @llvm.mxc.bsm.bpermute(i32 %shl.i.i.i.4.1, i32 %83)
1592:  tail call void @llvm.mxc.barrier.warp(), !noalias !38
2176:  tail call void @llvm.mxc.barrier()
2196:  tail call void @llvm.mxc.barrier.warp(), !noalias !47
2801:  tail call void @llvm.mxc.barrier.warp(), !noalias !44
2940:  tail call void @llvm.mxc.barrier.warp()
3591:  tail call void @llvm.mxc.barrier.warp()
3605:  tail call void @llvm.mxc.barrier()
3649:  tail call void @llvm.mxc.barrier.warp()
4385:  tail call void @llvm.mxc.barrier()
4480:  tail call void @llvm.mxc.barrier()
4614:  tail call void @llvm.mxc.barrier()
4689:  tail call void @llvm.mxc.barrier()
5129:declare void @llvm.mxc.barrier.warp() #13
5132:declare void @llvm.mxc.barrier() #13
5371:  tail call void @llvm.mxc.barrier.warp()
5727:  tail call void @llvm.mxc.barrier.warp()
5741:  tail call void @llvm.mxc.barrier()
5787:  tail call void @llvm.mxc.barrier.warp()
6135:  tail call void @llvm.mxc.barrier()
6230:  tail call void @llvm.mxc.barrier()
6445:  tail call void @llvm.mxc.barrier()
7122:  tail call void @llvm.mxc.barrier.warp(), !noalias !88
7417:  tail call void @llvm.mxc.barrier(), !noalias !88
7439:  tail call void @llvm.mxc.barrier.warp(), !noalias !103
7755:  tail call void @llvm.mxc.barrier.warp(), !noalias !103
7770:  tail call void @llvm.mxc.barrier.warp(), !noalias !125
8086:  tail call void @llvm.mxc.barrier.warp(), !noalias !125
8203:  tail call void @llvm.mxc.barrier.warp()
8557:  tail call void @llvm.mxc.barrier.warp()
8571:  tail call void @llvm.mxc.barrier()
8617:  tail call void @llvm.mxc.barrier.warp()
8971:  tail call void @llvm.mxc.barrier()
9066:  tail call void @llvm.mxc.barrier()
9281:  tail call void @llvm.mxc.barrier()
9859:  tail call void @llvm.mxc.barrier.warp()
10215:  tail call void @llvm.mxc.barrier.warp()
10229:  tail call void @llvm.mxc.barrier()
10275:  tail call void @llvm.mxc.barrier.warp()
10623:  tail call void @llvm.mxc.barrier()
10718:  tail call void @llvm.mxc.barrier()
10852:  tail call void @llvm.mxc.barrier()
10927:  tail call void @llvm.mxc.barrier()
11570:  tail call void @llvm.mxc.arrive(i32 64)
11571:  tail call void @llvm.mxc.barrier.inst()
11619:  tail call void @llvm.mxc.barrier.warp()
11911:  tail call void @llvm.mxc.barrier.warp()
11926:  tail call void @llvm.mxc.barrier()
12013:  tail call void @llvm.mxc.barrier()
12147:  tail call void @llvm.mxc.barrier()
12222:  tail call void @llvm.mxc.barrier()
12656:declare void @llvm.mxc.arrive(i32 immarg) #15
12659:declare void @llvm.mxc.barrier.inst() #13
12704:  tail call void @llvm.mxc.barrier()
12966:  tail call void @llvm.mxc.arrive(i32 64)
12967:  tail call void @llvm.mxc.barrier.inst()
13973:  tail call void @llvm.mxc.barrier()
14747:  tail call void @llvm.mxc.barrier()
14808:  tail call void @llvm.mxc.barrier()
15141:  tail call void @llvm.mxc.barrier()
15403:  tail call void @llvm.mxc.arrive(i32 64)
15404:  tail call void @llvm.mxc.barrier.inst()
15458:  %58 = tail call noundef i32 @llvm.mxc.bsm.bpermute(i32 %shl.i.i.i, i32 %54)
15470:  %64 = tail call noundef i32 @llvm.mxc.bsm.bpermute(i32 %shl.i.i.i.1, i32 %60)
15482:  %70 = tail call noundef i32 @llvm.mxc.bsm.bpermute(i32 %shl.i.i.i.2, i32 %66)
15494:  %76 = tail call noundef i32 @llvm.mxc.bsm.bpermute(i32 %shl.i.i.i.3, i32 %72)
15547:  %96 = tail call noundef i32 @llvm.mxc.bsm.bpermute(i32 %shl.i.i.i.11477, i32 %92)
15559:  %102 = tail call noundef i32 @llvm.mxc.bsm.bpermute(i32 %shl.i.i.i.1.1, i32 %98)
15571:  %108 = tail call noundef i32 @llvm.mxc.bsm.bpermute(i32 %shl.i.i.i.2.1, i32 %104)
15583:  %114 = tail call noundef i32 @llvm.mxc.bsm.bpermute(i32 %shl.i.i.i.3.1, i32 %110)
15636:  %134 = tail call noundef i32 @llvm.mxc.bsm.bpermute(i32 %shl.i.i.i.21483, i32 %130)
15648:  %140 = tail call noundef i32 @llvm.mxc.bsm.bpermute(i32 %shl.i.i.i.1.2, i32 %136)
15660:  %146 = tail call noundef i32 @llvm.mxc.bsm.bpermute(i32 %shl.i.i.i.2.2, i32 %142)
15672:  %152 = tail call noundef i32 @llvm.mxc.bsm.bpermute(i32 %shl.i.i.i.3.2, i32 %148)
15725:  %172 = tail call noundef i32 @llvm.mxc.bsm.bpermute(i32 %shl.i.i.i.31489, i32 %168)
15737:  %178 = tail call noundef i32 @llvm.mxc.bsm.bpermute(i32 %shl.i.i.i.1.3, i32 %174)
15749:  %184 = tail call noundef i32 @llvm.mxc.bsm.bpermute(i32 %shl.i.i.i.2.3, i32 %180)
15761:  %190 = tail call noundef i32 @llvm.mxc.bsm.bpermute(i32 %shl.i.i.i.3.3, i32 %186)
15814:  %210 = tail call noundef i32 @llvm.mxc.bsm.bpermute(i32 %shl.i.i.i.4, i32 %206)
15826:  %216 = tail call noundef i32 @llvm.mxc.bsm.bpermute(i32 %shl.i.i.i.1.4, i32 %212)
15838:  %222 = tail call noundef i32 @llvm.mxc.bsm.bpermute(i32 %shl.i.i.i.2.4, i32 %218)
15850:  %228 = tail call noundef i32 @llvm.mxc.bsm.bpermute(i32 %shl.i.i.i.3.4, i32 %224)
15903:  %248 = tail call noundef i32 @llvm.mxc.bsm.bpermute(i32 %shl.i.i.i.5, i32 %244)
15915:  %254 = tail call noundef i32 @llvm.mxc.bsm.bpermute(i32 %shl.i.i.i.1.5, i32 %250)
15927:  %260 = tail call noundef i32 @llvm.mxc.bsm.bpermute(i32 %shl.i.i.i.2.5, i32 %256)
15939:  %266 = tail call noundef i32 @llvm.mxc.bsm.bpermute(i32 %shl.i.i.i.3.5, i32 %262)
15992:  %286 = tail call noundef i32 @llvm.mxc.bsm.bpermute(i32 %shl.i.i.i.6, i32 %282)
16004:  %292 = tail call noundef i32 @llvm.mxc.bsm.bpermute(i32 %shl.i.i.i.1.6, i32 %288)
16016:  %298 = tail call noundef i32 @llvm.mxc.bsm.bpermute(i32 %shl.i.i.i.2.6, i32 %294)
16028:  %304 = tail call noundef i32 @llvm.mxc.bsm.bpermute(i32 %shl.i.i.i.3.6, i32 %300)
16081:  %324 = tail call noundef i32 @llvm.mxc.bsm.bpermute(i32 %shl.i.i.i.7, i32 %320)
16093:  %330 = tail call noundef i32 @llvm.mxc.bsm.bpermute(i32 %shl.i.i.i.1.7, i32 %326)
16105:  %336 = tail call noundef i32 @llvm.mxc.bsm.bpermute(i32 %shl.i.i.i.2.7, i32 %332)
16117:  %342 = tail call noundef i32 @llvm.mxc.bsm.bpermute(i32 %shl.i.i.i.3.7, i32 %338)
16177:  %362 = tail call noundef i32 @llvm.mxc.bsm.bpermute(i32 %shl.i.i.i1299, i32 %358)
16189:  %368 = tail call noundef i32 @llvm.mxc.bsm.bpermute(i32 %shl.i.i.i1299.1, i32 %364)
16201:  %374 = tail call noundef i32 @llvm.mxc.bsm.bpermute(i32 %shl.i.i.i1299.2, i32 %370)
16213:  %380 = tail call noundef i32 @llvm.mxc.bsm.bpermute(i32 %shl.i.i.i1299.3, i32 %376)
16275:  %400 = tail call noundef i32 @llvm.mxc.bsm.bpermute(i32 %shl.i.i.i1299.11495, i32 %396)
16287:  %406 = tail call noundef i32 @llvm.mxc.bsm.bpermute(i32 %shl.i.i.i1299.1.1, i32 %402)
16299:  %412 = tail call noundef i32 @llvm.mxc.bsm.bpermute(i32 %shl.i.i.i1299.2.1, i32 %408)
16311:  %418 = tail call noundef i32 @llvm.mxc.bsm.bpermute(i32 %shl.i.i.i1299.3.1, i32 %414)
16373:  %438 = tail call noundef i32 @llvm.mxc.bsm.bpermute(i32 %shl.i.i.i1299.21501, i32 %434)
16385:  %444 = tail call noundef i32 @llvm.mxc.bsm.bpermute(i32 %shl.i.i.i1299.1.2, i32 %440)
16397:  %450 = tail call noundef i32 @llvm.mxc.bsm.bpermute(i32 %shl.i.i.i1299.2.2, i32 %446)
16409:  %456 = tail call noundef i32 @llvm.mxc.bsm.bpermute(i32 %shl.i.i.i1299.3.2, i32 %452)
16471:  %476 = tail call noundef i32 @llvm.mxc.bsm.bpermute(i32 %shl.i.i.i1299.31507, i32 %472)
16483:  %482 = tail call noundef i32 @llvm.mxc.bsm.bpermute(i32 %shl.i.i.i1299.1.3, i32 %478)
16495:  %488 = tail call noundef i32 @llvm.mxc.bsm.bpermute(i32 %shl.i.i.i1299.2.3, i32 %484)
16507:  %494 = tail call noundef i32 @llvm.mxc.bsm.bpermute(i32 %shl.i.i.i1299.3.3, i32 %490)
16569:  %514 = tail call noundef i32 @llvm.mxc.bsm.bpermute(i32 %shl.i.i.i1299.4, i32 %510)
16581:  %520 = tail call noundef i32 @llvm.mxc.bsm.bpermute(i32 %shl.i.i.i1299.1.4, i32 %516)
16593:  %526 = tail call noundef i32 @llvm.mxc.bsm.bpermute(i32 %shl.i.i.i1299.2.4, i32 %522)
16605:  %532 = tail call noundef i32 @llvm.mxc.bsm.bpermute(i32 %shl.i.i.i1299.3.4, i32 %528)
16667:  %552 = tail call noundef i32 @llvm.mxc.bsm.bpermute(i32 %shl.i.i.i1299.5, i32 %548)
16679:  %558 = tail call noundef i32 @llvm.mxc.bsm.bpermute(i32 %shl.i.i.i1299.1.5, i32 %554)
16691:  %564 = tail call noundef i32 @llvm.mxc.bsm.bpermute(i32 %shl.i.i.i1299.2.5, i32 %560)
16703:  %570 = tail call noundef i32 @llvm.mxc.bsm.bpermute(i32 %shl.i.i.i1299.3.5, i32 %566)
16765:  %590 = tail call noundef i32 @llvm.mxc.bsm.bpermute(i32 %shl.i.i.i1299.6, i32 %586)
16777:  %596 = tail call noundef i32 @llvm.mxc.bsm.bpermute(i32 %shl.i.i.i1299.1.6, i32 %592)
16789:  %602 = tail call noundef i32 @llvm.mxc.bsm.bpermute(i32 %shl.i.i.i1299.2.6, i32 %598)
16801:  %608 = tail call noundef i32 @llvm.mxc.bsm.bpermute(i32 %shl.i.i.i1299.3.6, i32 %604)
16863:  %628 = tail call noundef i32 @llvm.mxc.bsm.bpermute(i32 %shl.i.i.i1299.7, i32 %624)
16875:  %634 = tail call noundef i32 @llvm.mxc.bsm.bpermute(i32 %shl.i.i.i1299.1.7, i32 %630)
16887:  %640 = tail call noundef i32 @llvm.mxc.bsm.bpermute(i32 %shl.i.i.i1299.2.7, i32 %636)
16899:  %646 = tail call noundef i32 @llvm.mxc.bsm.bpermute(i32 %shl.i.i.i1299.3.7, i32 %642)
16922:  tail call void @llvm.mxc.barrier()
17696:  tail call void @llvm.mxc.barrier()
17757:  tail call void @llvm.mxc.barrier()
18048:define protected metaxgpu_kernel void @_Z42paged_decode_case13_kv8_headpair_z8_kernelILb1ELb0ELb0EEvPK15__maca_bfloat16S2_S2_PS0_PKiS5_PfS6_S6_iiiif(ptr addrspace(4) noalias nocapture noundef readonly %q.coerce, ptr addrspace(4) noalias nocapture noundef readonly %k_cache.coerce, ptr addrspace(4) noalias nocapture noundef readonly %v_cache.coerce, ptr addrspace(1) noalias nocapture noundef readnone %out.coerce, ptr addrspace(1) noalias nocapture noundef readonly %cache_seqlens.coerce, ptr addrspace(1) noalias nocapture noundef readonly %block_table.coerce, ptr addrspace(1) noalias nocapture noundef writeonly %partial_m.coerce, ptr addrspace(1) noalias nocapture noundef readnone %partial_l.coerce, ptr addrspace(1) noalias nocapture noundef writeonly %partial_acc.coerce, i32 noundef %batch_size, i32 noundef %pages_per_batch, i32 noundef %pages_per_split, i32 noundef %n_split, float noundef %sm_scale) local_unnamed_addr #11 comdat {
18274:  tail call void @llvm.mxc.barrier.warp()
18606:  tail call void @llvm.mxc.barrier.warp()
18620:  tail call void @llvm.mxc.barrier()
18664:  tail call void @llvm.mxc.barrier.warp()
19033:  tail call void @llvm.mxc.barrier()
19133:  tail call void @llvm.mxc.barrier()
19267:  tail call void @llvm.mxc.barrier()
19353:  tail call void @llvm.mxc.barrier()
19487:  tail call void @llvm.mxc.barrier()
19568:  tail call void @llvm.mxc.barrier()
19783:define protected metaxgpu_kernel void @_Z42paged_decode_case13_kv8_headpair_z8_kernelILb1ELb0ELb1EEvPK15__maca_bfloat16S2_S2_PS0_PKiS5_PfS6_S6_iiiif(ptr addrspace(4) noalias nocapture noundef readonly %q.coerce, ptr addrspace(4) noalias nocapture noundef readonly %k_cache.coerce, ptr addrspace(4) noalias nocapture noundef readonly %v_cache.coerce, ptr addrspace(1) noalias nocapture noundef readnone %out.coerce, ptr addrspace(1) noalias nocapture noundef readonly %cache_seqlens.coerce, ptr addrspace(1) noalias nocapture noundef readonly %block_table.coerce, ptr addrspace(1) noalias nocapture noundef writeonly %partial_m.coerce, ptr addrspace(1) noalias nocapture noundef readnone %partial_l.coerce, ptr addrspace(1) noalias nocapture noundef writeonly %partial_acc.coerce, i32 noundef %batch_size, i32 noundef %pages_per_batch, i32 noundef %pages_per_split, i32 noundef %n_split, float noundef %sm_scale) local_unnamed_addr #11 comdat {
20025:  tail call void @llvm.mxc.barrier.warp()
20357:  tail call void @llvm.mxc.barrier.warp()
20371:  tail call void @llvm.mxc.barrier()
20415:  tail call void @llvm.mxc.barrier.warp()
20784:  tail call void @llvm.mxc.barrier()
20884:  tail call void @llvm.mxc.barrier()
21018:  tail call void @llvm.mxc.barrier()
21104:  tail call void @llvm.mxc.barrier()
21238:  tail call void @llvm.mxc.barrier()
21319:  tail call void @llvm.mxc.barrier()
21534:define protected metaxgpu_kernel void @_Z42paged_decode_case13_kv8_headpair_z8_kernelILb1ELb1ELb0EEvPK15__maca_bfloat16S2_S2_PS0_PKiS5_PfS6_S6_iiiif(ptr addrspace(4) noalias nocapture noundef readonly %q.coerce, ptr addrspace(4) noalias nocapture noundef readonly %k_cache.coerce, ptr addrspace(4) noalias nocapture noundef readonly %v_cache.coerce, ptr addrspace(1) noalias nocapture noundef readnone %out.coerce, ptr addrspace(1) noalias nocapture noundef readonly %cache_seqlens.coerce, ptr addrspace(1) noalias nocapture noundef readonly %block_table.coerce, ptr addrspace(1) noalias nocapture noundef writeonly %partial_m.coerce, ptr addrspace(1) noalias nocapture noundef readnone %partial_l.coerce, ptr addrspace(1) noalias nocapture noundef writeonly %partial_acc.coerce, i32 noundef %batch_size, i32 noundef %pages_per_batch, i32 noundef %pages_per_split, i32 noundef %n_split, float noundef %sm_scale) local_unnamed_addr #11 comdat {
21759:  tail call void @llvm.mxc.barrier.warp()
22090:  tail call void @llvm.mxc.barrier.warp()
22104:  tail call void @llvm.mxc.barrier()
22148:  tail call void @llvm.mxc.barrier.warp()
22517:  tail call void @llvm.mxc.barrier()
22617:  tail call void @llvm.mxc.barrier()
22751:  tail call void @llvm.mxc.barrier()
22837:  tail call void @llvm.mxc.barrier()
22971:  tail call void @llvm.mxc.barrier()
23052:  tail call void @llvm.mxc.barrier()
23430:  tail call void @llvm.mxc.barrier.and.wait4(i32 0, <4 x i32> %292), !noalias !209
23655:  tail call void @llvm.mxc.barrier.and.wait4(i32 0, <4 x i32> %352), !noalias !209
23845:  tail call void @llvm.mxc.barrier(), !noalias !209
23860:  tail call void @llvm.mxc.barrier.and.wait4(i32 0, <4 x i32> %k_bsm_token.01585), !noalias !216
24085:  tail call void @llvm.mxc.barrier.and.wait4(i32 0, <4 x i32> %v_bsm_token.01584), !noalias !216
24087:  tail call void @llvm.mxc.barrier.warp(), !noalias !216
24289:  tail call void @llvm.mxc.barrier.warp(), !noalias !226
24407:  tail call void @llvm.mxc.barrier.and.wait4(i32 0, <4 x i32> %k_bsm_token68.01571)
24914:  tail call void @llvm.mxc.barrier.and.wait4(i32 0, <4 x i32> %v_bsm_token69.01570)
24919:  tail call void @llvm.mxc.barrier.warp()
25329:  tail call void @llvm.mxc.barrier.warp()
25344:  tail call void @llvm.mxc.barrier()
25400:  tail call void @llvm.mxc.barrier()
25761:declare void @llvm.mxc.barrier.and.wait4(i32, <4 x i32>) #13
25976:  tail call void @llvm.mxc.barrier.warp()
26883:  tail call void @llvm.mxc.barrier.warp()
26900:  tail call void @llvm.mxc.barrier()
26949:  tail call void @llvm.mxc.barrier()
27592:  tail call void @llvm.mxc.barrier()
27649:  %52 = tail call noundef i32 @llvm.mxc.bsm.bpermute(i32 %shl.i.i.i, i32 %48)
27661:  %58 = tail call noundef i32 @llvm.mxc.bsm.bpermute(i32 %shl.i.i.i.1, i32 %54)
27673:  %64 = tail call noundef i32 @llvm.mxc.bsm.bpermute(i32 %shl.i.i.i.2, i32 %60)
27685:  %70 = tail call noundef i32 @llvm.mxc.bsm.bpermute(i32 %shl.i.i.i.3, i32 %66)
27754:  %89 = tail call noundef i32 @llvm.mxc.bsm.bpermute(i32 %shl.i.i.i.1610, i32 %85)
27766:  %95 = tail call noundef i32 @llvm.mxc.bsm.bpermute(i32 %shl.i.i.i.1.1, i32 %91)
27778:  %101 = tail call noundef i32 @llvm.mxc.bsm.bpermute(i32 %shl.i.i.i.2.1, i32 %97)
27790:  %107 = tail call noundef i32 @llvm.mxc.bsm.bpermute(i32 %shl.i.i.i.3.1, i32 %103)
27855:  %126 = tail call noundef i32 @llvm.mxc.bsm.bpermute(i32 %shl.i.i.i.2616, i32 %122)
27867:  %132 = tail call noundef i32 @llvm.mxc.bsm.bpermute(i32 %shl.i.i.i.1.2, i32 %128)
27879:  %138 = tail call noundef i32 @llvm.mxc.bsm.bpermute(i32 %shl.i.i.i.2.2, i32 %134)
27891:  %144 = tail call noundef i32 @llvm.mxc.bsm.bpermute(i32 %shl.i.i.i.3.2, i32 %140)
27956:  %163 = tail call noundef i32 @llvm.mxc.bsm.bpermute(i32 %shl.i.i.i.3622, i32 %159)
27968:  %169 = tail call noundef i32 @llvm.mxc.bsm.bpermute(i32 %shl.i.i.i.1.3, i32 %165)
27980:  %175 = tail call noundef i32 @llvm.mxc.bsm.bpermute(i32 %shl.i.i.i.2.3, i32 %171)
27992:  %181 = tail call noundef i32 @llvm.mxc.bsm.bpermute(i32 %shl.i.i.i.3.3, i32 %177)
28057:  %200 = tail call noundef i32 @llvm.mxc.bsm.bpermute(i32 %shl.i.i.i.4, i32 %196)
28069:  %206 = tail call noundef i32 @llvm.mxc.bsm.bpermute(i32 %shl.i.i.i.1.4, i32 %202)
28081:  %212 = tail call noundef i32 @llvm.mxc.bsm.bpermute(i32 %shl.i.i.i.2.4, i32 %208)
28093:  %218 = tail call noundef i32 @llvm.mxc.bsm.bpermute(i32 %shl.i.i.i.3.4, i32 %214)
28158:  %237 = tail call noundef i32 @llvm.mxc.bsm.bpermute(i32 %shl.i.i.i.5, i32 %233)
28170:  %243 = tail call noundef i32 @llvm.mxc.bsm.bpermute(i32 %shl.i.i.i.1.5, i32 %239)
28182:  %249 = tail call noundef i32 @llvm.mxc.bsm.bpermute(i32 %shl.i.i.i.2.5, i32 %245)
28194:  %255 = tail call noundef i32 @llvm.mxc.bsm.bpermute(i32 %shl.i.i.i.3.5, i32 %251)
28259:  %274 = tail call noundef i32 @llvm.mxc.bsm.bpermute(i32 %shl.i.i.i.6, i32 %270)
28271:  %280 = tail call noundef i32 @llvm.mxc.bsm.bpermute(i32 %shl.i.i.i.1.6, i32 %276)
28283:  %286 = tail call noundef i32 @llvm.mxc.bsm.bpermute(i32 %shl.i.i.i.2.6, i32 %282)
28295:  %292 = tail call noundef i32 @llvm.mxc.bsm.bpermute(i32 %shl.i.i.i.3.6, i32 %288)
28360:  %311 = tail call noundef i32 @llvm.mxc.bsm.bpermute(i32 %shl.i.i.i.7, i32 %307)
28372:  %317 = tail call noundef i32 @llvm.mxc.bsm.bpermute(i32 %shl.i.i.i.1.7, i32 %313)
28384:  %323 = tail call noundef i32 @llvm.mxc.bsm.bpermute(i32 %shl.i.i.i.2.7, i32 %319)
28396:  %329 = tail call noundef i32 @llvm.mxc.bsm.bpermute(i32 %shl.i.i.i.3.7, i32 %325)
28409:  %334 = tail call noundef i32 @llvm.mxc.bsm.bpermute(i32 %shl.i.i.i581, i32 %331)
28417:  %338 = tail call noundef i32 @llvm.mxc.bsm.bpermute(i32 %shl.i.i.i581.1, i32 %335)
28424:  %342 = tail call noundef i32 @llvm.mxc.bsm.bpermute(i32 %shl.i.i.i581.2, i32 %339)
28432:  %346 = tail call noundef i32 @llvm.mxc.bsm.bpermute(i32 %shl.i.i.i581.3, i32 %343)
28439:  %350 = tail call noundef i32 @llvm.mxc.bsm.bpermute(i32 %shl.i.i.i581.4, i32 %347)
28447:  %354 = tail call noundef i32 @llvm.mxc.bsm.bpermute(i32 %shl.i.i.i581.5, i32 %351)
28454:  %358 = tail call noundef i32 @llvm.mxc.bsm.bpermute(i32 %shl.i.i.i581.6, i32 %355)
28462:  %362 = tail call noundef i32 @llvm.mxc.bsm.bpermute(i32 %shl.i.i.i581.7, i32 %359)
28469:  %366 = tail call noundef i32 @llvm.mxc.bsm.bpermute(i32 %shl.i.i.i581.8, i32 %363)
28477:  %370 = tail call noundef i32 @llvm.mxc.bsm.bpermute(i32 %shl.i.i.i581.9, i32 %367)
28484:  %374 = tail call noundef i32 @llvm.mxc.bsm.bpermute(i32 %shl.i.i.i581.10, i32 %371)
28492:  %378 = tail call noundef i32 @llvm.mxc.bsm.bpermute(i32 %shl.i.i.i581.11, i32 %375)
28499:  %382 = tail call noundef i32 @llvm.mxc.bsm.bpermute(i32 %shl.i.i.i581.12, i32 %379)
28507:  %386 = tail call noundef i32 @llvm.mxc.bsm.bpermute(i32 %shl.i.i.i581.13, i32 %383)
28514:  %390 = tail call noundef i32 @llvm.mxc.bsm.bpermute(i32 %shl.i.i.i581.14, i32 %387)
28522:  %394 = tail call noundef i32 @llvm.mxc.bsm.bpermute(i32 %shl.i.i.i581.15, i32 %391)
29146:  tail call void @llvm.mxc.barrier()
29384:  tail call void @llvm.mxc.barrier()
29419:  %31 = tail call noundef i32 @llvm.mxc.bsm.bpermute(i32 %shl.i.i.i, i32 %27)
29431:  %37 = tail call noundef i32 @llvm.mxc.bsm.bpermute(i32 %shl.i.i.i.1, i32 %33)
29443:  %43 = tail call noundef i32 @llvm.mxc.bsm.bpermute(i32 %shl.i.i.i.2, i32 %39)
29455:  %49 = tail call noundef i32 @llvm.mxc.bsm.bpermute(i32 %shl.i.i.i.3, i32 %45)
29467:  %55 = tail call noundef i32 @llvm.mxc.bsm.bpermute(i32 %shl.i.i.i.4, i32 %51)
29508:  %68 = tail call noundef i32 @llvm.mxc.bsm.bpermute(i32 %shl.i.i.i.1465, i32 %64)
29520:  %74 = tail call noundef i32 @llvm.mxc.bsm.bpermute(i32 %shl.i.i.i.1.1, i32 %70)
29532:  %80 = tail call noundef i32 @llvm.mxc.bsm.bpermute(i32 %shl.i.i.i.2.1, i32 %76)
29544:  %86 = tail call noundef i32 @llvm.mxc.bsm.bpermute(i32 %shl.i.i.i.3.1, i32 %82)
29556:  %92 = tail call noundef i32 @llvm.mxc.bsm.bpermute(i32 %shl.i.i.i.4.1, i32 %88)
29597:  %105 = tail call noundef i32 @llvm.mxc.bsm.bpermute(i32 %shl.i.i.i.2471, i32 %101)
29609:  %111 = tail call noundef i32 @llvm.mxc.bsm.bpermute(i32 %shl.i.i.i.1.2, i32 %107)
29621:  %117 = tail call noundef i32 @llvm.mxc.bsm.bpermute(i32 %shl.i.i.i.2.2, i32 %113)
29633:  %123 = tail call noundef i32 @llvm.mxc.bsm.bpermute(i32 %shl.i.i.i.3.2, i32 %119)
29645:  %129 = tail call noundef i32 @llvm.mxc.bsm.bpermute(i32 %shl.i.i.i.4.2, i32 %125)
29686:  %142 = tail call noundef i32 @llvm.mxc.bsm.bpermute(i32 %shl.i.i.i.3477, i32 %138)
29698:  %148 = tail call noundef i32 @llvm.mxc.bsm.bpermute(i32 %shl.i.i.i.1.3, i32 %144)
29710:  %154 = tail call noundef i32 @llvm.mxc.bsm.bpermute(i32 %shl.i.i.i.2.3, i32 %150)
29722:  %160 = tail call noundef i32 @llvm.mxc.bsm.bpermute(i32 %shl.i.i.i.3.3, i32 %156)
29734:  %166 = tail call noundef i32 @llvm.mxc.bsm.bpermute(i32 %shl.i.i.i.4.3, i32 %162)
29775:  %179 = tail call noundef i32 @llvm.mxc.bsm.bpermute(i32 %shl.i.i.i.4483, i32 %175)
29787:  %185 = tail call noundef i32 @llvm.mxc.bsm.bpermute(i32 %shl.i.i.i.1.4, i32 %181)
29799:  %191 = tail call noundef i32 @llvm.mxc.bsm.bpermute(i32 %shl.i.i.i.2.4, i32 %187)
29811:  %197 = tail call noundef i32 @llvm.mxc.bsm.bpermute(i32 %shl.i.i.i.3.4, i32 %193)
29823:  %203 = tail call noundef i32 @llvm.mxc.bsm.bpermute(i32 %shl.i.i.i.4.4, i32 %199)
29864:  %216 = tail call noundef i32 @llvm.mxc.bsm.bpermute(i32 %shl.i.i.i.5, i32 %212)
29876:  %222 = tail call noundef i32 @llvm.mxc.bsm.bpermute(i32 %shl.i.i.i.1.5, i32 %218)
29888:  %228 = tail call noundef i32 @llvm.mxc.bsm.bpermute(i32 %shl.i.i.i.2.5, i32 %224)
29900:  %234 = tail call noundef i32 @llvm.mxc.bsm.bpermute(i32 %shl.i.i.i.3.5, i32 %230)
29912:  %240 = tail call noundef i32 @llvm.mxc.bsm.bpermute(i32 %shl.i.i.i.4.5, i32 %236)
29953:  %253 = tail call noundef i32 @llvm.mxc.bsm.bpermute(i32 %shl.i.i.i.6, i32 %249)
29965:  %259 = tail call noundef i32 @llvm.mxc.bsm.bpermute(i32 %shl.i.i.i.1.6, i32 %255)
29977:  %265 = tail call noundef i32 @llvm.mxc.bsm.bpermute(i32 %shl.i.i.i.2.6, i32 %261)
29989:  %271 = tail call noundef i32 @llvm.mxc.bsm.bpermute(i32 %shl.i.i.i.3.6, i32 %267)
30001:  %277 = tail call noundef i32 @llvm.mxc.bsm.bpermute(i32 %shl.i.i.i.4.6, i32 %273)
30042:  %290 = tail call noundef i32 @llvm.mxc.bsm.bpermute(i32 %shl.i.i.i.7, i32 %286)
30054:  %296 = tail call noundef i32 @llvm.mxc.bsm.bpermute(i32 %shl.i.i.i.1.7, i32 %292)
30066:  %302 = tail call noundef i32 @llvm.mxc.bsm.bpermute(i32 %shl.i.i.i.2.7, i32 %298)
30078:  %308 = tail call noundef i32 @llvm.mxc.bsm.bpermute(i32 %shl.i.i.i.3.7, i32 %304)
30090:  %314 = tail call noundef i32 @llvm.mxc.bsm.bpermute(i32 %shl.i.i.i.4.7, i32 %310)
30131:  %327 = tail call noundef i32 @llvm.mxc.bsm.bpermute(i32 %shl.i.i.i.8, i32 %323)
30143:  %333 = tail call noundef i32 @llvm.mxc.bsm.bpermute(i32 %shl.i.i.i.1.8, i32 %329)
30155:  %339 = tail call noundef i32 @llvm.mxc.bsm.bpermute(i32 %shl.i.i.i.2.8, i32 %335)
30167:  %345 = tail call noundef i32 @llvm.mxc.bsm.bpermute(i32 %shl.i.i.i.3.8, i32 %341)
30179:  %351 = tail call noundef i32 @llvm.mxc.bsm.bpermute(i32 %shl.i.i.i.4.8, i32 %347)
30220:  %364 = tail call noundef i32 @llvm.mxc.bsm.bpermute(i32 %shl.i.i.i.9, i32 %360)
30232:  %370 = tail call noundef i32 @llvm.mxc.bsm.bpermute(i32 %shl.i.i.i.1.9, i32 %366)
30244:  %376 = tail call noundef i32 @llvm.mxc.bsm.bpermute(i32 %shl.i.i.i.2.9, i32 %372)
30256:  %382 = tail call noundef i32 @llvm.mxc.bsm.bpermute(i32 %shl.i.i.i.3.9, i32 %378)
30268:  %388 = tail call noundef i32 @llvm.mxc.bsm.bpermute(i32 %shl.i.i.i.4.9, i32 %384)
30309:  %401 = tail call noundef i32 @llvm.mxc.bsm.bpermute(i32 %shl.i.i.i.10, i32 %397)
30321:  %407 = tail call noundef i32 @llvm.mxc.bsm.bpermute(i32 %shl.i.i.i.1.10, i32 %403)
30333:  %413 = tail call noundef i32 @llvm.mxc.bsm.bpermute(i32 %shl.i.i.i.2.10, i32 %409)
30345:  %419 = tail call noundef i32 @llvm.mxc.bsm.bpermute(i32 %shl.i.i.i.3.10, i32 %415)
30357:  %425 = tail call noundef i32 @llvm.mxc.bsm.bpermute(i32 %shl.i.i.i.4.10, i32 %421)
30398:  %438 = tail call noundef i32 @llvm.mxc.bsm.bpermute(i32 %shl.i.i.i.11, i32 %434)
30410:  %444 = tail call noundef i32 @llvm.mxc.bsm.bpermute(i32 %shl.i.i.i.1.11, i32 %440)
30422:  %450 = tail call noundef i32 @llvm.mxc.bsm.bpermute(i32 %shl.i.i.i.2.11, i32 %446)
30434:  %456 = tail call noundef i32 @llvm.mxc.bsm.bpermute(i32 %shl.i.i.i.3.11, i32 %452)
30446:  %462 = tail call noundef i32 @llvm.mxc.bsm.bpermute(i32 %shl.i.i.i.4.11, i32 %458)
30487:  %475 = tail call noundef i32 @llvm.mxc.bsm.bpermute(i32 %shl.i.i.i.12, i32 %471)
30499:  %481 = tail call noundef i32 @llvm.mxc.bsm.bpermute(i32 %shl.i.i.i.1.12, i32 %477)
30511:  %487 = tail call noundef i32 @llvm.mxc.bsm.bpermute(i32 %shl.i.i.i.2.12, i32 %483)
30523:  %493 = tail call noundef i32 @llvm.mxc.bsm.bpermute(i32 %shl.i.i.i.3.12, i32 %489)
30535:  %499 = tail call noundef i32 @llvm.mxc.bsm.bpermute(i32 %shl.i.i.i.4.12, i32 %495)
30576:  %512 = tail call noundef i32 @llvm.mxc.bsm.bpermute(i32 %shl.i.i.i.13, i32 %508)
30588:  %518 = tail call noundef i32 @llvm.mxc.bsm.bpermute(i32 %shl.i.i.i.1.13, i32 %514)
30600:  %524 = tail call noundef i32 @llvm.mxc.bsm.bpermute(i32 %shl.i.i.i.2.13, i32 %520)
30612:  %530 = tail call noundef i32 @llvm.mxc.bsm.bpermute(i32 %shl.i.i.i.3.13, i32 %526)
30624:  %536 = tail call noundef i32 @llvm.mxc.bsm.bpermute(i32 %shl.i.i.i.4.13, i32 %532)
30665:  %549 = tail call noundef i32 @llvm.mxc.bsm.bpermute(i32 %shl.i.i.i.14, i32 %545)
30677:  %555 = tail call noundef i32 @llvm.mxc.bsm.bpermute(i32 %shl.i.i.i.1.14, i32 %551)
30689:  %561 = tail call noundef i32 @llvm.mxc.bsm.bpermute(i32 %shl.i.i.i.2.14, i32 %557)
30701:  %567 = tail call noundef i32 @llvm.mxc.bsm.bpermute(i32 %shl.i.i.i.3.14, i32 %563)
30713:  %573 = tail call noundef i32 @llvm.mxc.bsm.bpermute(i32 %shl.i.i.i.4.14, i32 %569)
30754:  %586 = tail call noundef i32 @llvm.mxc.bsm.bpermute(i32 %shl.i.i.i.15, i32 %582)
30766:  %592 = tail call noundef i32 @llvm.mxc.bsm.bpermute(i32 %shl.i.i.i.1.15, i32 %588)
30778:  %598 = tail call noundef i32 @llvm.mxc.bsm.bpermute(i32 %shl.i.i.i.2.15, i32 %594)
30790:  %604 = tail call noundef i32 @llvm.mxc.bsm.bpermute(i32 %shl.i.i.i.3.15, i32 %600)
30802:  %610 = tail call noundef i32 @llvm.mxc.bsm.bpermute(i32 %shl.i.i.i.4.15, i32 %606)
31382:  tail call void @llvm.mxc.barrier()
31619:  tail call void @llvm.mxc.barrier()
31654:  %31 = tail call noundef i32 @llvm.mxc.bsm.bpermute(i32 %shl.i.i.i, i32 %27)
31666:  %37 = tail call noundef i32 @llvm.mxc.bsm.bpermute(i32 %shl.i.i.i.1, i32 %33)
31678:  %43 = tail call noundef i32 @llvm.mxc.bsm.bpermute(i32 %shl.i.i.i.2, i32 %39)
31690:  %49 = tail call noundef i32 @llvm.mxc.bsm.bpermute(i32 %shl.i.i.i.3, i32 %45)
31702:  %55 = tail call noundef i32 @llvm.mxc.bsm.bpermute(i32 %shl.i.i.i.4, i32 %51)
31743:  %68 = tail call noundef i32 @llvm.mxc.bsm.bpermute(i32 %shl.i.i.i.1465, i32 %64)
31755:  %74 = tail call noundef i32 @llvm.mxc.bsm.bpermute(i32 %shl.i.i.i.1.1, i32 %70)
31767:  %80 = tail call noundef i32 @llvm.mxc.bsm.bpermute(i32 %shl.i.i.i.2.1, i32 %76)
31779:  %86 = tail call noundef i32 @llvm.mxc.bsm.bpermute(i32 %shl.i.i.i.3.1, i32 %82)
31791:  %92 = tail call noundef i32 @llvm.mxc.bsm.bpermute(i32 %shl.i.i.i.4.1, i32 %88)
31832:  %105 = tail call noundef i32 @llvm.mxc.bsm.bpermute(i32 %shl.i.i.i.2471, i32 %101)
31844:  %111 = tail call noundef i32 @llvm.mxc.bsm.bpermute(i32 %shl.i.i.i.1.2, i32 %107)
31856:  %117 = tail call noundef i32 @llvm.mxc.bsm.bpermute(i32 %shl.i.i.i.2.2, i32 %113)
31868:  %123 = tail call noundef i32 @llvm.mxc.bsm.bpermute(i32 %shl.i.i.i.3.2, i32 %119)
31880:  %129 = tail call noundef i32 @llvm.mxc.bsm.bpermute(i32 %shl.i.i.i.4.2, i32 %125)
31921:  %142 = tail call noundef i32 @llvm.mxc.bsm.bpermute(i32 %shl.i.i.i.3477, i32 %138)
31933:  %148 = tail call noundef i32 @llvm.mxc.bsm.bpermute(i32 %shl.i.i.i.1.3, i32 %144)
31945:  %154 = tail call noundef i32 @llvm.mxc.bsm.bpermute(i32 %shl.i.i.i.2.3, i32 %150)
31957:  %160 = tail call noundef i32 @llvm.mxc.bsm.bpermute(i32 %shl.i.i.i.3.3, i32 %156)
31969:  %166 = tail call noundef i32 @llvm.mxc.bsm.bpermute(i32 %shl.i.i.i.4.3, i32 %162)
32010:  %179 = tail call noundef i32 @llvm.mxc.bsm.bpermute(i32 %shl.i.i.i.4483, i32 %175)
32022:  %185 = tail call noundef i32 @llvm.mxc.bsm.bpermute(i32 %shl.i.i.i.1.4, i32 %181)
32034:  %191 = tail call noundef i32 @llvm.mxc.bsm.bpermute(i32 %shl.i.i.i.2.4, i32 %187)
32046:  %197 = tail call noundef i32 @llvm.mxc.bsm.bpermute(i32 %shl.i.i.i.3.4, i32 %193)
32058:  %203 = tail call noundef i32 @llvm.mxc.bsm.bpermute(i32 %shl.i.i.i.4.4, i32 %199)
32099:  %216 = tail call noundef i32 @llvm.mxc.bsm.bpermute(i32 %shl.i.i.i.5, i32 %212)
32111:  %222 = tail call noundef i32 @llvm.mxc.bsm.bpermute(i32 %shl.i.i.i.1.5, i32 %218)
32123:  %228 = tail call noundef i32 @llvm.mxc.bsm.bpermute(i32 %shl.i.i.i.2.5, i32 %224)
32135:  %234 = tail call noundef i32 @llvm.mxc.bsm.bpermute(i32 %shl.i.i.i.3.5, i32 %230)
32147:  %240 = tail call noundef i32 @llvm.mxc.bsm.bpermute(i32 %shl.i.i.i.4.5, i32 %236)
32188:  %253 = tail call noundef i32 @llvm.mxc.bsm.bpermute(i32 %shl.i.i.i.6, i32 %249)
32200:  %259 = tail call noundef i32 @llvm.mxc.bsm.bpermute(i32 %shl.i.i.i.1.6, i32 %255)
32212:  %265 = tail call noundef i32 @llvm.mxc.bsm.bpermute(i32 %shl.i.i.i.2.6, i32 %261)
32224:  %271 = tail call noundef i32 @llvm.mxc.bsm.bpermute(i32 %shl.i.i.i.3.6, i32 %267)
32236:  %277 = tail call noundef i32 @llvm.mxc.bsm.bpermute(i32 %shl.i.i.i.4.6, i32 %273)
32277:  %290 = tail call noundef i32 @llvm.mxc.bsm.bpermute(i32 %shl.i.i.i.7, i32 %286)
32289:  %296 = tail call noundef i32 @llvm.mxc.bsm.bpermute(i32 %shl.i.i.i.1.7, i32 %292)
32301:  %302 = tail call noundef i32 @llvm.mxc.bsm.bpermute(i32 %shl.i.i.i.2.7, i32 %298)
32313:  %308 = tail call noundef i32 @llvm.mxc.bsm.bpermute(i32 %shl.i.i.i.3.7, i32 %304)
32325:  %314 = tail call noundef i32 @llvm.mxc.bsm.bpermute(i32 %shl.i.i.i.4.7, i32 %310)
32366:  %327 = tail call noundef i32 @llvm.mxc.bsm.bpermute(i32 %shl.i.i.i.8, i32 %323)
32378:  %333 = tail call noundef i32 @llvm.mxc.bsm.bpermute(i32 %shl.i.i.i.1.8, i32 %329)
32390:  %339 = tail call noundef i32 @llvm.mxc.bsm.bpermute(i32 %shl.i.i.i.2.8, i32 %335)
32402:  %345 = tail call noundef i32 @llvm.mxc.bsm.bpermute(i32 %shl.i.i.i.3.8, i32 %341)
32414:  %351 = tail call noundef i32 @llvm.mxc.bsm.bpermute(i32 %shl.i.i.i.4.8, i32 %347)
32455:  %364 = tail call noundef i32 @llvm.mxc.bsm.bpermute(i32 %shl.i.i.i.9, i32 %360)
32467:  %370 = tail call noundef i32 @llvm.mxc.bsm.bpermute(i32 %shl.i.i.i.1.9, i32 %366)
32479:  %376 = tail call noundef i32 @llvm.mxc.bsm.bpermute(i32 %shl.i.i.i.2.9, i32 %372)
32491:  %382 = tail call noundef i32 @llvm.mxc.bsm.bpermute(i32 %shl.i.i.i.3.9, i32 %378)
32503:  %388 = tail call noundef i32 @llvm.mxc.bsm.bpermute(i32 %shl.i.i.i.4.9, i32 %384)
32544:  %401 = tail call noundef i32 @llvm.mxc.bsm.bpermute(i32 %shl.i.i.i.10, i32 %397)
32556:  %407 = tail call noundef i32 @llvm.mxc.bsm.bpermute(i32 %shl.i.i.i.1.10, i32 %403)
32568:  %413 = tail call noundef i32 @llvm.mxc.bsm.bpermute(i32 %shl.i.i.i.2.10, i32 %409)
32580:  %419 = tail call noundef i32 @llvm.mxc.bsm.bpermute(i32 %shl.i.i.i.3.10, i32 %415)
32592:  %425 = tail call noundef i32 @llvm.mxc.bsm.bpermute(i32 %shl.i.i.i.4.10, i32 %421)
32633:  %438 = tail call noundef i32 @llvm.mxc.bsm.bpermute(i32 %shl.i.i.i.11, i32 %434)
32645:  %444 = tail call noundef i32 @llvm.mxc.bsm.bpermute(i32 %shl.i.i.i.1.11, i32 %440)
32657:  %450 = tail call noundef i32 @llvm.mxc.bsm.bpermute(i32 %shl.i.i.i.2.11, i32 %446)
32669:  %456 = tail call noundef i32 @llvm.mxc.bsm.bpermute(i32 %shl.i.i.i.3.11, i32 %452)
32681:  %462 = tail call noundef i32 @llvm.mxc.bsm.bpermute(i32 %shl.i.i.i.4.11, i32 %458)
32722:  %475 = tail call noundef i32 @llvm.mxc.bsm.bpermute(i32 %shl.i.i.i.12, i32 %471)
32734:  %481 = tail call noundef i32 @llvm.mxc.bsm.bpermute(i32 %shl.i.i.i.1.12, i32 %477)
32746:  %487 = tail call noundef i32 @llvm.mxc.bsm.bpermute(i32 %shl.i.i.i.2.12, i32 %483)
32758:  %493 = tail call noundef i32 @llvm.mxc.bsm.bpermute(i32 %shl.i.i.i.3.12, i32 %489)
32770:  %499 = tail call noundef i32 @llvm.mxc.bsm.bpermute(i32 %shl.i.i.i.4.12, i32 %495)
32811:  %512 = tail call noundef i32 @llvm.mxc.bsm.bpermute(i32 %shl.i.i.i.13, i32 %508)
32823:  %518 = tail call noundef i32 @llvm.mxc.bsm.bpermute(i32 %shl.i.i.i.1.13, i32 %514)
32835:  %524 = tail call noundef i32 @llvm.mxc.bsm.bpermute(i32 %shl.i.i.i.2.13, i32 %520)
32847:  %530 = tail call noundef i32 @llvm.mxc.bsm.bpermute(i32 %shl.i.i.i.3.13, i32 %526)
32859:  %536 = tail call noundef i32 @llvm.mxc.bsm.bpermute(i32 %shl.i.i.i.4.13, i32 %532)
32900:  %549 = tail call noundef i32 @llvm.mxc.bsm.bpermute(i32 %shl.i.i.i.14, i32 %545)
32912:  %555 = tail call noundef i32 @llvm.mxc.bsm.bpermute(i32 %shl.i.i.i.1.14, i32 %551)
32924:  %561 = tail call noundef i32 @llvm.mxc.bsm.bpermute(i32 %shl.i.i.i.2.14, i32 %557)
32936:  %567 = tail call noundef i32 @llvm.mxc.bsm.bpermute(i32 %shl.i.i.i.3.14, i32 %563)
32948:  %573 = tail call noundef i32 @llvm.mxc.bsm.bpermute(i32 %shl.i.i.i.4.14, i32 %569)
32989:  %586 = tail call noundef i32 @llvm.mxc.bsm.bpermute(i32 %shl.i.i.i.15, i32 %582)
33001:  %592 = tail call noundef i32 @llvm.mxc.bsm.bpermute(i32 %shl.i.i.i.1.15, i32 %588)
33013:  %598 = tail call noundef i32 @llvm.mxc.bsm.bpermute(i32 %shl.i.i.i.2.15, i32 %594)
33025:  %604 = tail call noundef i32 @llvm.mxc.bsm.bpermute(i32 %shl.i.i.i.3.15, i32 %600)
33037:  %610 = tail call noundef i32 @llvm.mxc.bsm.bpermute(i32 %shl.i.i.i.4.15, i32 %606)
33617:  tail call void @llvm.mxc.barrier()
33690:define protected metaxgpu_kernel void @_Z31paged_decode_reduce_vec2_kernelILb1ELb0ELb1ELb0ELb0EEvPKfS1_S1_P15__maca_bfloat16PKiiii(ptr addrspace(1) noalias nocapture noundef readonly %partial_m.coerce, ptr addrspace(1) noalias nocapture noundef readnone %partial_l.coerce, ptr addrspace(1) noalias nocapture noundef readonly %partial_acc.coerce, ptr addrspace(1) noalias nocapture noundef writeonly %out.coerce, ptr addrspace(1) noalias nocapture noundef readonly %cache_seqlens.coerce, i32 noundef %batch_size, i32 noundef %pages_per_split, i32 noundef %n_split) local_unnamed_addr #17 comdat {
33776:  %14 = tail call noundef i32 @llvm.mxc.bsm.bpermute(i32 %shl.i.i.i, i32 %10)
33788:  %21 = tail call noundef i32 @llvm.mxc.bsm.bpermute(i32 %shl.i.i.i.1, i32 %17)
33800:  %28 = tail call noundef i32 @llvm.mxc.bsm.bpermute(i32 %shl.i.i.i.2, i32 %24)
33812:  %35 = tail call noundef i32 @llvm.mxc.bsm.bpermute(i32 %shl.i.i.i.3, i32 %31)
33824:  %42 = tail call noundef i32 @llvm.mxc.bsm.bpermute(i32 %shl.i.i.i.4, i32 %38)
33863:  tail call void @llvm.mxc.barrier()
33888:  %60 = tail call noundef i32 @llvm.mxc.bsm.bpermute(i32 %shl.i.i.i341, i32 %56)
33900:  %67 = tail call noundef i32 @llvm.mxc.bsm.bpermute(i32 %shl.i.i.i341.1, i32 %63)
33912:  %74 = tail call noundef i32 @llvm.mxc.bsm.bpermute(i32 %shl.i.i.i341.2, i32 %70)
33924:  %81 = tail call noundef i32 @llvm.mxc.bsm.bpermute(i32 %shl.i.i.i341.3, i32 %77)
33936:  %88 = tail call noundef i32 @llvm.mxc.bsm.bpermute(i32 %shl.i.i.i341.4, i32 %84)
33947:  tail call void @llvm.mxc.barrier()
33963:  %96 = tail call noundef i32 @llvm.mxc.bsm.bpermute(i32 %shl.i.i.i347, i32 %92)
33975:  %102 = tail call noundef i32 @llvm.mxc.bsm.bpermute(i32 %shl.i.i.i347.1, i32 %98)
33987:  %108 = tail call noundef i32 @llvm.mxc.bsm.bpermute(i32 %shl.i.i.i347.2, i32 %104)
33999:  %114 = tail call noundef i32 @llvm.mxc.bsm.bpermute(i32 %shl.i.i.i347.3, i32 %110)
34011:  %120 = tail call noundef i32 @llvm.mxc.bsm.bpermute(i32 %shl.i.i.i347.4, i32 %116)
34039:  tail call void @llvm.mxc.barrier()
34063:  %130 = tail call noundef i32 @llvm.mxc.bsm.bpermute(i32 %shl.i.i.i353, i32 %126)
34075:  %136 = tail call noundef i32 @llvm.mxc.bsm.bpermute(i32 %shl.i.i.i353.1, i32 %132)
34087:  %142 = tail call noundef i32 @llvm.mxc.bsm.bpermute(i32 %shl.i.i.i353.2, i32 %138)
34099:  %148 = tail call noundef i32 @llvm.mxc.bsm.bpermute(i32 %shl.i.i.i353.3, i32 %144)
34111:  %154 = tail call noundef i32 @llvm.mxc.bsm.bpermute(i32 %shl.i.i.i353.4, i32 %150)
34122:  tail call void @llvm.mxc.barrier()
34635:  %58 = tail call noundef i32 @llvm.mxc.bsm.bpermute(i32 %shl.i.i.i.epil, i32 %w_lane.0)
34783:  %83 = tail call noundef i32 @llvm.mxc.bsm.bpermute(i32 %shl.i.i.i, i32 %w_lane.0)
34829:  %96 = tail call noundef i32 @llvm.mxc.bsm.bpermute(i32 %shl.i.i.i.1, i32 %w_lane.0)
34875:  %109 = tail call noundef i32 @llvm.mxc.bsm.bpermute(i32 %shl.i.i.i.2, i32 %w_lane.0)
34921:  %122 = tail call noundef i32 @llvm.mxc.bsm.bpermute(i32 %shl.i.i.i.3, i32 %w_lane.0)
35164:  %26 = tail call noundef i32 @llvm.mxc.bsm.bpermute(i32 %shl.i.i.i, i32 %22)
35176:  %33 = tail call noundef i32 @llvm.mxc.bsm.bpermute(i32 %shl.i.i.i.1, i32 %29)
35188:  %40 = tail call noundef i32 @llvm.mxc.bsm.bpermute(i32 %shl.i.i.i.2, i32 %36)
35200:  %47 = tail call noundef i32 @llvm.mxc.bsm.bpermute(i32 %shl.i.i.i.3, i32 %43)
35216:  %55 = tail call noundef i32 @llvm.mxc.bsm.bpermute(i32 %shl.i.i.i380, i32 %51)
35228:  %61 = tail call noundef i32 @llvm.mxc.bsm.bpermute(i32 %shl.i.i.i380.1, i32 %57)
35240:  %67 = tail call noundef i32 @llvm.mxc.bsm.bpermute(i32 %shl.i.i.i380.2, i32 %63)
35252:  %73 = tail call noundef i32 @llvm.mxc.bsm.bpermute(i32 %shl.i.i.i380.3, i32 %69)
35935:  %58 = tail call noundef i32 @llvm.mxc.bsm.bpermute(i32 %shl.i.i.i.epil, i32 %w_lane.0)
36083:  %83 = tail call noundef i32 @llvm.mxc.bsm.bpermute(i32 %shl.i.i.i, i32 %w_lane.0)
36129:  %96 = tail call noundef i32 @llvm.mxc.bsm.bpermute(i32 %shl.i.i.i.1, i32 %w_lane.0)
36175:  %109 = tail call noundef i32 @llvm.mxc.bsm.bpermute(i32 %shl.i.i.i.2, i32 %w_lane.0)
36221:  %122 = tail call noundef i32 @llvm.mxc.bsm.bpermute(i32 %shl.i.i.i.3, i32 %w_lane.0)
36439:  %22 = tail call noundef i32 @llvm.mxc.bsm.bpermute(i32 %shl.i.i.i, i32 %18)
36451:  %29 = tail call noundef i32 @llvm.mxc.bsm.bpermute(i32 %shl.i.i.i.1, i32 %25)
36463:  %36 = tail call noundef i32 @llvm.mxc.bsm.bpermute(i32 %shl.i.i.i.2, i32 %32)
36475:  %43 = tail call noundef i32 @llvm.mxc.bsm.bpermute(i32 %shl.i.i.i.3, i32 %39)
36506:  %53 = tail call noundef i32 @llvm.mxc.bsm.bpermute(i32 %shl.i.i.i362, i32 %49)
36518:  %59 = tail call noundef i32 @llvm.mxc.bsm.bpermute(i32 %shl.i.i.i362.1, i32 %55)
36530:  %65 = tail call noundef i32 @llvm.mxc.bsm.bpermute(i32 %shl.i.i.i362.2, i32 %61)
36542:  %71 = tail call noundef i32 @llvm.mxc.bsm.bpermute(i32 %shl.i.i.i362.3, i32 %67)
36606:  %82 = tail call noundef i32 @llvm.mxc.bsm.bpermute(i32 %shl.i.i.i433.epil, i32 %w_lane.0)
36754:  %107 = tail call noundef i32 @llvm.mxc.bsm.bpermute(i32 %shl.i.i.i433, i32 %w_lane.0)
36800:  %120 = tail call noundef i32 @llvm.mxc.bsm.bpermute(i32 %shl.i.i.i433.1, i32 %w_lane.0)
36846:  %133 = tail call noundef i32 @llvm.mxc.bsm.bpermute(i32 %shl.i.i.i433.2, i32 %w_lane.0)
36892:  %146 = tail call noundef i32 @llvm.mxc.bsm.bpermute(i32 %shl.i.i.i433.3, i32 %w_lane.0)
37113:  %27 = tail call noundef i32 @llvm.mxc.bsm.bpermute(i32 %shl.i.i.i, i32 %23)
37125:  %34 = tail call noundef i32 @llvm.mxc.bsm.bpermute(i32 %shl.i.i.i.1, i32 %30)
37137:  %41 = tail call noundef i32 @llvm.mxc.bsm.bpermute(i32 %shl.i.i.i.2, i32 %37)
37149:  %48 = tail call noundef i32 @llvm.mxc.bsm.bpermute(i32 %shl.i.i.i.3, i32 %44)
37190:  %65 = tail call noundef i32 @llvm.mxc.bsm.bpermute(i32 %shl.i.i.i399, i32 %61)
37202:  %71 = tail call noundef i32 @llvm.mxc.bsm.bpermute(i32 %shl.i.i.i399.1, i32 %67)
37214:  %77 = tail call noundef i32 @llvm.mxc.bsm.bpermute(i32 %shl.i.i.i399.2, i32 %73)
37226:  %83 = tail call noundef i32 @llvm.mxc.bsm.bpermute(i32 %shl.i.i.i399.3, i32 %79)
37230:  tail call void @llvm.mxc.barrier()
37622:define protected metaxgpu_kernel void @_Z31paged_decode_reduce_vec2_kernelILb1ELb0ELb1ELb1ELb1EEvPKfS1_S1_P15__maca_bfloat16PKiiii(ptr addrspace(1) noalias nocapture noundef readonly %partial_m.coerce, ptr addrspace(1) noalias nocapture noundef readnone %partial_l.coerce, ptr addrspace(1) noalias nocapture noundef readonly %partial_acc.coerce, ptr addrspace(1) noalias nocapture noundef writeonly %out.coerce, ptr addrspace(1) noalias nocapture noundef readonly %cache_seqlens.coerce, i32 noundef %batch_size, i32 noundef %pages_per_split, i32 noundef %n_split) local_unnamed_addr #17 comdat {
37759:  tail call void @llvm.mxc.barrier()
37780:  tail call void @llvm.mxc.barrier()
37834:  tail call void @llvm.mxc.barrier()
37854:  tail call void @llvm.mxc.barrier()
38198:  %17 = tail call noundef i32 @llvm.mxc.bsm.bpermute(i32 %shl.i.i.i, i32 %13)
38210:  %24 = tail call noundef i32 @llvm.mxc.bsm.bpermute(i32 %shl.i.i.i.1, i32 %20)
38222:  %31 = tail call noundef i32 @llvm.mxc.bsm.bpermute(i32 %shl.i.i.i.2, i32 %27)
38234:  %38 = tail call noundef i32 @llvm.mxc.bsm.bpermute(i32 %shl.i.i.i.3, i32 %34)
38246:  %45 = tail call noundef i32 @llvm.mxc.bsm.bpermute(i32 %shl.i.i.i.4, i32 %41)
38287:  %64 = tail call noundef i32 @llvm.mxc.bsm.bpermute(i32 %shl.i.i.i271, i32 %60)
38299:  %70 = tail call noundef i32 @llvm.mxc.bsm.bpermute(i32 %shl.i.i.i271.1, i32 %66)
38311:  %76 = tail call noundef i32 @llvm.mxc.bsm.bpermute(i32 %shl.i.i.i271.2, i32 %72)
38323:  %82 = tail call noundef i32 @llvm.mxc.bsm.bpermute(i32 %shl.i.i.i271.3, i32 %78)
38335:  %88 = tail call noundef i32 @llvm.mxc.bsm.bpermute(i32 %shl.i.i.i271.4, i32 %84)
38339:  tail call void @llvm.mxc.barrier()
38863:  tail call void @llvm.mxc.barrier()
38897:  tail call void @llvm.mxc.barrier()
38964:  tail call void @llvm.mxc.barrier()
38997:  tail call void @llvm.mxc.barrier()
39284:  %20 = tail call noundef i32 @llvm.mxc.bsm.bpermute(i32 %shl.i.i.i, i32 %16)
39296:  %27 = tail call noundef i32 @llvm.mxc.bsm.bpermute(i32 %shl.i.i.i.1, i32 %23)
39308:  %34 = tail call noundef i32 @llvm.mxc.bsm.bpermute(i32 %shl.i.i.i.2, i32 %30)
39320:  %41 = tail call noundef i32 @llvm.mxc.bsm.bpermute(i32 %shl.i.i.i.3, i32 %37)
39332:  %48 = tail call noundef i32 @llvm.mxc.bsm.bpermute(i32 %shl.i.i.i.4, i32 %44)
39362:  tail call void @llvm.mxc.barrier()
39387:  %63 = tail call noundef i32 @llvm.mxc.bsm.bpermute(i32 %shl.i.i.i323, i32 %59)
39399:  %70 = tail call noundef i32 @llvm.mxc.bsm.bpermute(i32 %shl.i.i.i323.1, i32 %66)
39411:  %77 = tail call noundef i32 @llvm.mxc.bsm.bpermute(i32 %shl.i.i.i323.2, i32 %73)
39423:  %84 = tail call noundef i32 @llvm.mxc.bsm.bpermute(i32 %shl.i.i.i323.3, i32 %80)
39435:  %91 = tail call noundef i32 @llvm.mxc.bsm.bpermute(i32 %shl.i.i.i323.4, i32 %87)
39446:  tail call void @llvm.mxc.barrier()
39474:  %108 = tail call noundef i32 @llvm.mxc.bsm.bpermute(i32 %shl.i.i.i329, i32 %104)
39486:  %114 = tail call noundef i32 @llvm.mxc.bsm.bpermute(i32 %shl.i.i.i329.1, i32 %110)
39498:  %120 = tail call noundef i32 @llvm.mxc.bsm.bpermute(i32 %shl.i.i.i329.2, i32 %116)
39510:  %126 = tail call noundef i32 @llvm.mxc.bsm.bpermute(i32 %shl.i.i.i329.3, i32 %122)
39522:  %132 = tail call noundef i32 @llvm.mxc.bsm.bpermute(i32 %shl.i.i.i329.4, i32 %128)
39556:  tail call void @llvm.mxc.barrier()
39580:  %147 = tail call noundef i32 @llvm.mxc.bsm.bpermute(i32 %shl.i.i.i335, i32 %143)
39592:  %153 = tail call noundef i32 @llvm.mxc.bsm.bpermute(i32 %shl.i.i.i335.1, i32 %149)
39604:  %159 = tail call noundef i32 @llvm.mxc.bsm.bpermute(i32 %shl.i.i.i335.2, i32 %155)
39616:  %165 = tail call noundef i32 @llvm.mxc.bsm.bpermute(i32 %shl.i.i.i335.3, i32 %161)
39628:  %171 = tail call noundef i32 @llvm.mxc.bsm.bpermute(i32 %shl.i.i.i335.4, i32 %167)
39639:  tail call void @llvm.mxc.barrier()
40056:  tail call void @llvm.mxc.barrier.warp(), !noalias !288
40345:  tail call void @llvm.mxc.barrier(), !noalias !288
40367:  tail call void @llvm.mxc.barrier.warp(), !noalias !303
40677:  tail call void @llvm.mxc.barrier.warp(), !noalias !303
40692:  tail call void @llvm.mxc.barrier.warp(), !noalias !325
41002:  tail call void @llvm.mxc.barrier.warp(), !noalias !325
41120:  tail call void @llvm.mxc.barrier.warp()
41476:  tail call void @llvm.mxc.barrier.warp()
41490:  tail call void @llvm.mxc.barrier()
41536:  tail call void @llvm.mxc.barrier.warp()
41884:  tail call void @llvm.mxc.barrier()
41979:  tail call void @llvm.mxc.barrier()
42194:  tail call void @llvm.mxc.barrier()
45001:define linkonce_odr void @_Z57__device_stub__paged_decode_case13_kv8_headpair_z8_kernelILb1ELb0ELb0EEvPK15__maca_bfloat16S2_S2_PS0_PKiS5_PfS6_S6_iiiif(ptr noalias noundef %q, ptr noalias noundef %k_cache, ptr noalias noundef %v_cache, ptr noalias noundef %out, ptr noalias noundef %cache_seqlens, ptr noalias noundef %block_table, ptr noalias noundef %partial_m, ptr noalias noundef %partial_l, ptr noalias noundef %partial_acc, i32 noundef %batch_size, i32 noundef %pages_per_batch, i32 noundef %pages_per_split, i32 noundef %n_split, float noundef %sm_scale) #1 comdat {
45077:define linkonce_odr void @_Z57__device_stub__paged_decode_case13_kv8_headpair_z8_kernelILb1ELb0ELb1EEvPK15__maca_bfloat16S2_S2_PS0_PKiS5_PfS6_S6_iiiif(ptr noalias noundef %q, ptr noalias noundef %k_cache, ptr noalias noundef %v_cache, ptr noalias noundef %out, ptr noalias noundef %cache_seqlens, ptr noalias noundef %block_table, ptr noalias noundef %partial_m, ptr noalias noundef %partial_l, ptr noalias noundef %partial_acc, i32 noundef %batch_size, i32 noundef %pages_per_batch, i32 noundef %pages_per_split, i32 noundef %n_split, float noundef %sm_scale) #1 comdat {
45153:define linkonce_odr void @_Z57__device_stub__paged_decode_case13_kv8_headpair_z8_kernelILb1ELb1ELb0EEvPK15__maca_bfloat16S2_S2_PS0_PKiS5_PfS6_S6_iiiif(ptr noalias noundef %q, ptr noalias noundef %k_cache, ptr noalias noundef %v_cache, ptr noalias noundef %out, ptr noalias noundef %cache_seqlens, ptr noalias noundef %block_table, ptr noalias noundef %partial_m, ptr noalias noundef %partial_l, ptr noalias noundef %partial_acc, i32 noundef %batch_size, i32 noundef %pages_per_batch, i32 noundef %pages_per_split, i32 noundef %n_split, float noundef %sm_scale) #1 comdat {
45609:define linkonce_odr void @_Z46__device_stub__paged_decode_reduce_vec2_kernelILb1ELb0ELb1ELb0ELb0EEvPKfS1_S1_P15__maca_bfloat16PKiiii(ptr noalias noundef %partial_m, ptr noalias noundef %partial_l, ptr noalias noundef %partial_acc, ptr noalias noundef %out, ptr noalias noundef %cache_seqlens, i32 noundef %batch_size, i32 noundef %pages_per_split, i32 noundef %n_split) #1 comdat {
45921:define linkonce_odr void @_Z46__device_stub__paged_decode_reduce_vec2_kernelILb1ELb0ELb1ELb1ELb1EEvPKfS1_S1_P15__maca_bfloat16PKiiii(ptr noalias noundef %partial_m, ptr noalias noundef %partial_l, ptr noalias noundef %partial_acc, ptr noalias noundef %out, ptr noalias noundef %cache_seqlens, i32 noundef %batch_size, i32 noundef %pages_per_split, i32 noundef %n_split) #1 comdat {
