exp666 source SHA and parent SHA:
1931a5d0721704e9a7800e9ab6e86be1663cb8aea74a916ea43e15dc6b902342  solutions/archive/2026-08-23-experiments/cuda_case13_bf16_normalized_partial_tailmask_exp664.cpp
3ebd35f58147ccab4de6637f32689384dadc5a4cd68590fd1efd39e3f22bc1fe  solutions/archive/2026-08-23-experiments/cuda_case13_bf16_normalized_partial_row16_exp666.cpp
exact parent diff:
--- solutions/archive/2026-08-23-experiments/cuda_case13_bf16_normalized_partial_tailmask_exp664.cpp	2026-08-23 22:34:36.121569890 +0000
+++ solutions/archive/2026-08-23-experiments/cuda_case13_bf16_normalized_partial_row16_exp666.cpp	2026-08-23 23:06:49.666755088 +0000
@@ -6031,12 +6031,14 @@
                     (int)pages_per_split, reduce_splits);
             } else if (num_heads_k == 8 && batch_size == 1 &&
                        seqlen_k == 58966) {
-                // exp94: B1 case13 has only 32 reducer CTAs. Use a complete
-                // 64-lane wave per head and two dimensions per thread.
+                // exp666: retain exp665's normalized-BF16 case13 producer and
+                // valid-tail path, but use the physical-row serial reducer.
+                // B1 case13 has only 32 reducer CTAs; give its four row
+                // leaders dedicated shared slots without changing grid/block.
                 const size_t vec2_smem =
-                    ((size_t)2 * (size_t)reduce_splits + 2) * sizeof(float);
+                    ((size_t)2 * (size_t)reduce_splits + 4) * sizeof(float);
                 paged_decode_reduce_vec2_kernel<
-                    (XPUOJ_USE_BASE2 != 0), false, true, false, false,
+                    (XPUOJ_USE_BASE2 != 0), false, true, false, true,
                     true><<<
                     rgrid, 64, vec2_smem>>>(
                     s_partial_m, s_partial_l, s_partial_acc, output,
target dispatch source:
                    cache_seqlens, (int)batch_size,
                    (int)pages_per_split, reduce_splits);
            } else if (num_heads_k == 8 && batch_size == 1 &&
                       seqlen_k == 58966) {
                // exp666: retain exp665's normalized-BF16 case13 producer and
                // valid-tail path, but use the physical-row serial reducer.
                // B1 case13 has only 32 reducer CTAs; give its four row
                // leaders dedicated shared slots without changing grid/block.
                const size_t vec2_smem =
                    ((size_t)2 * (size_t)reduce_splits + 4) * sizeof(float);
                paged_decode_reduce_vec2_kernel<
                    (XPUOJ_USE_BASE2 != 0), false, true, false, true,
                    true><<<
                    rgrid, 64, vec2_smem>>>(
                    s_partial_m, s_partial_l, s_partial_acc, output,
                    cache_seqlens, (int)batch_size,
                    (int)pages_per_split, reduce_splits);
            } else if (num_heads_k == 4 && batch_size == 1 && seqlen_k == 61519) {
                const size_t packed_rsmem =
target producer resource:
165- maca info  : staticMaxWarps/PEU : 5
166: maca info  : Function properties for  _Z42paged_decode_case13_kv8_headpair_z8_kernelILb1ELb1ELb0ELb1EEvPK15__maca_bfloat16S2_S2_PS0_PKiS5_PfS6_S6_iiiif 
167-  0 bytes stack frame 
168- maca info  : Used  82 MTregisters, 48 STregisters, 8448 bytes shared mem  
169- maca info  : staticMaxWarps/PEU : 5
target reducer resource:
222- maca info  : staticMaxWarps/PEU : 8
223: maca info  : Function properties for  _Z31paged_decode_reduce_vec2_kernelILb1ELb0ELb1ELb0ELb1ELb1EEvPKfS1_S1_P15__maca_bfloat16PKiiii 
224-  0 bytes stack frame 
225- maca info  : Used  36 MTregisters, 33 STregisters, 0 bytes shared mem  
226- maca info  : staticMaxWarps/PEU : 8
target LLVM definition and host dispatch:
69-
70:$_Z31paged_decode_reduce_vec2_kernelILb1ELb0ELb1ELb0ELb1ELb1EEvPKfS1_S1_P15__maca_bfloat16PKiiii = comdat any
71-
--
40719-; Function Attrs: convergent mustprogress norecurse nounwind
40720:define protected metaxgpu_kernel void @_Z31paged_decode_reduce_vec2_kernelILb1ELb0ELb1ELb0ELb1ELb1EEvPKfS1_S1_P15__maca_bfloat16PKiiii(ptr addrspace(1) noalias nocapture noundef readonly %partial_m.coerce, ptr addrspace(1) noalias nocapture noundef readnone %partial_l.coerce, ptr addrspace(1) noalias nocapture noundef readonly %partial_acc.coerce, ptr addrspace(1) noalias nocapture noundef writeonly %out.coerce, ptr addrspace(1) noalias nocapture noundef readonly %cache_seqlens.coerce, i32 noundef %batch_size, i32 noundef %pages_per_split, i32 noundef %n_split) local_unnamed_addr #17 comdat {
40721-entry:
--
45671-@29 = private unnamed_addr constant [84 x i8] c"_Z31paged_decode_reduce_vec4_kernelILb1ELb0ELb1EEvPKfS1_S1_P15__maca_bfloat16PKiiii\00", align 1
45672:@30 = private unnamed_addr constant [96 x i8] c"_Z31paged_decode_reduce_vec2_kernelILb1ELb0ELb1ELb0ELb1ELb1EEvPKfS1_S1_P15__maca_bfloat16PKiiii\00", align 1
45673-@31 = private unnamed_addr constant [95 x i8] c"_Z26paged_decode_reduce_kernelILb1ELb0ELb1ELb1ELb1ELb1ELb1EEvPKfS1_S1_P15__maca_bfloat16PKiiii\00", align 1
41-
42:$_Z42paged_decode_case13_kv8_headpair_z8_kernelILb1ELb1ELb0ELb1EEvPK15__maca_bfloat16S2_S2_PS0_PKiS5_PfS6_S6_iiiif = comdat any
43-
--
23357-; Function Attrs: convergent mustprogress norecurse nounwind
23358:define protected metaxgpu_kernel void @_Z42paged_decode_case13_kv8_headpair_z8_kernelILb1ELb1ELb0ELb1EEvPK15__maca_bfloat16S2_S2_PS0_PKiS5_PfS6_S6_iiiif(ptr addrspace(4) noalias nocapture noundef readonly %q.coerce, ptr addrspace(4) noalias nocapture noundef readonly %k_cache.coerce, ptr addrspace(4) noalias nocapture noundef readonly %v_cache.coerce, ptr addrspace(1) noalias nocapture noundef readnone %out.coerce, ptr addrspace(1) noalias nocapture noundef readonly %cache_seqlens.coerce, ptr addrspace(1) noalias nocapture noundef readonly %block_table.coerce, ptr addrspace(1) noalias nocapture noundef writeonly %partial_m.coerce, ptr addrspace(1) noalias nocapture noundef readnone %partial_l.coerce, ptr addrspace(1) noalias nocapture noundef writeonly %partial_acc.coerce, i32 noundef %batch_size, i32 noundef %pages_per_batch, i32 noundef %pages_per_split, i32 noundef %n_split, float noundef %sm_scale) local_unnamed_addr #11 comdat {
23359-entry:
--
source illegal sync scan:
none
build artifacts:
ee54f62e10e931263d9d5e88102573f487ebac4ae28b68c958a3bfc5e354161d  build/exp666_candidate_normal.so
5c333a610ce2fb560616198f4dbb3aa69cc7f04271a9a74f9dbdbb87c1cd3322  build/exp666_candidate_resource.so
a8fdce2c8ea6f93ce1a7a67035f76d6c3272e07bc3cb4bd2876d2740875e18dd  build/exp666_candidate_device.ll
target reducer LLVM lowered row-reduction checks:
definition count=1
row-native shfl count=8
barrier count=4
alloca count=target source launch geometry: rgrid=batch_size*32; block=64; case13 batch_size=1 => grid=32
alloca count=0
native row shfl count=8
barrier count=4
