exp603v3 C500 candidate case12 exact group C (40-split/tail boundaries)
UTC 2026-08-20T07:24:46Z
command: python3 tests/c500_paged_decode_harness.py --library build/exp603v3_candidate.so --cases 12 --length-values 20799,20800,20801,20815,20816,20817,21631,21632,21633,21647,21648,21649,22463,22464,22465,22479,22480,22481,23295,23296,23297,23311,23312,23313,24127,24128,24129,24143,24144,24145,24959,24960,24961,24975,24976,24977,25791,25792,25793,25807,25808,25809,26623,26624,26625,26639,26640,26641,27455,27456,27457,27471,27472,27473,28287,28288,28289,28303,28304,28305,29119,29120,29121,29135,29136,29137,29951,29952,29953,29967,29968,29969,30783,30784,30785,30799,30800,30801,31615,31616,31617,31631,31632,31633,32447,32448,32449,32463,32464,32465 --seed 20260809
candidate source SHA256: d27f5e5cfb17562baacbc4f4393c3513bc501cae283d222d718719abd251df28  solutions/archive/2026-08-20-experiments/cuda_case12_wave_local_q_bsm_exp603.cpp
candidate binary SHA256: 61ecb650b68ac181fbc17795c0df200b2431cfc69b4c48911890f421e61c65c5  build/exp603v3_candidate.so
GPU: MetaX C500 | torch=2.8.0+metax3.7.1.3
[PASS] case 12 B= 8 L=32768 KV=8 lengths=exact:20799 match=1.000000 max_error=2.441406e-04 max_tol_ratio=0.015 finite=True
[PASS] case 12 B= 8 L=32768 KV=8 lengths=exact:20800 match=1.000000 max_error=2.441406e-04 max_tol_ratio=0.015 finite=True
[PASS] case 12 B= 8 L=32768 KV=8 lengths=exact:20801 match=1.000000 max_error=2.441406e-04 max_tol_ratio=0.015 finite=True
[PASS] case 12 B= 8 L=32768 KV=8 lengths=exact:20815 match=1.000000 max_error=2.441406e-04 max_tol_ratio=0.015 finite=True
[PASS] case 12 B= 8 L=32768 KV=8 lengths=exact:20816 match=1.000000 max_error=2.441406e-04 max_tol_ratio=0.015 finite=True
[PASS] case 12 B= 8 L=32768 KV=8 lengths=exact:20817 match=1.000000 max_error=2.441406e-04 max_tol_ratio=0.015 finite=True
[PASS] case 12 B= 8 L=32768 KV=8 lengths=exact:21631 match=1.000000 max_error=2.441406e-04 max_tol_ratio=0.015 finite=True
[PASS] case 12 B= 8 L=32768 KV=8 lengths=exact:21632 match=1.000000 max_error=2.441406e-04 max_tol_ratio=0.015 finite=True
[PASS] case 12 B= 8 L=32768 KV=8 lengths=exact:21633 match=1.000000 max_error=2.441406e-04 max_tol_ratio=0.015 finite=True
[PASS] case 12 B= 8 L=32768 KV=8 lengths=exact:21647 match=1.000000 max_error=2.441406e-04 max_tol_ratio=0.015 finite=True
[PASS] case 12 B= 8 L=32768 KV=8 lengths=exact:21648 match=1.000000 max_error=2.441406e-04 max_tol_ratio=0.015 finite=True
[PASS] case 12 B= 8 L=32768 KV=8 lengths=exact:21649 match=1.000000 max_error=2.441406e-04 max_tol_ratio=0.015 finite=True
[PASS] case 12 B= 8 L=32768 KV=8 lengths=exact:22463 match=1.000000 max_error=2.441406e-04 max_tol_ratio=0.015 finite=True
[PASS] case 12 B= 8 L=32768 KV=8 lengths=exact:22464 match=1.000000 max_error=2.441406e-04 max_tol_ratio=0.015 finite=True
[PASS] case 12 B= 8 L=32768 KV=8 lengths=exact:22465 match=1.000000 max_error=2.441406e-04 max_tol_ratio=0.015 finite=True
[PASS] case 12 B= 8 L=32768 KV=8 lengths=exact:22479 match=1.000000 max_error=2.441406e-04 max_tol_ratio=0.015 finite=True
[PASS] case 12 B= 8 L=32768 KV=8 lengths=exact:22480 match=1.000000 max_error=2.441406e-04 max_tol_ratio=0.015 finite=True
[PASS] case 12 B= 8 L=32768 KV=8 lengths=exact:22481 match=1.000000 max_error=2.441406e-04 max_tol_ratio=0.015 finite=True
[PASS] case 12 B= 8 L=32768 KV=8 lengths=exact:23295 match=1.000000 max_error=2.441406e-04 max_tol_ratio=0.015 finite=True
[PASS] case 12 B= 8 L=32768 KV=8 lengths=exact:23296 match=1.000000 max_error=2.441406e-04 max_tol_ratio=0.015 finite=True
[PASS] case 12 B= 8 L=32768 KV=8 lengths=exact:23297 match=1.000000 max_error=2.441406e-04 max_tol_ratio=0.015 finite=True
[PASS] case 12 B= 8 L=32768 KV=8 lengths=exact:23311 match=1.000000 max_error=2.441406e-04 max_tol_ratio=0.015 finite=True
[PASS] case 12 B= 8 L=32768 KV=8 lengths=exact:23312 match=1.000000 max_error=2.441406e-04 max_tol_ratio=0.015 finite=True
[PASS] case 12 B= 8 L=32768 KV=8 lengths=exact:23313 match=1.000000 max_error=2.441406e-04 max_tol_ratio=0.015 finite=True
[PASS] case 12 B= 8 L=32768 KV=8 lengths=exact:24127 match=1.000000 max_error=2.441406e-04 max_tol_ratio=0.015 finite=True
[PASS] case 12 B= 8 L=32768 KV=8 lengths=exact:24128 match=1.000000 max_error=2.441406e-04 max_tol_ratio=0.015 finite=True
[PASS] case 12 B= 8 L=32768 KV=8 lengths=exact:24129 match=1.000000 max_error=2.441406e-04 max_tol_ratio=0.015 finite=True
[PASS] case 12 B= 8 L=32768 KV=8 lengths=exact:24143 match=1.000000 max_error=2.441406e-04 max_tol_ratio=0.015 finite=True
[PASS] case 12 B= 8 L=32768 KV=8 lengths=exact:24144 match=1.000000 max_error=2.441406e-04 max_tol_ratio=0.015 finite=True
[PASS] case 12 B= 8 L=32768 KV=8 lengths=exact:24145 match=1.000000 max_error=2.441406e-04 max_tol_ratio=0.015 finite=True
[PASS] case 12 B= 8 L=32768 KV=8 lengths=exact:24959 match=1.000000 max_error=2.441406e-04 max_tol_ratio=0.015 finite=True
[PASS] case 12 B= 8 L=32768 KV=8 lengths=exact:24960 match=1.000000 max_error=2.441406e-04 max_tol_ratio=0.015 finite=True
[PASS] case 12 B= 8 L=32768 KV=8 lengths=exact:24961 match=1.000000 max_error=2.441406e-04 max_tol_ratio=0.015 finite=True
[PASS] case 12 B= 8 L=32768 KV=8 lengths=exact:24975 match=1.000000 max_error=2.441406e-04 max_tol_ratio=0.015 finite=True
[PASS] case 12 B= 8 L=32768 KV=8 lengths=exact:24976 match=1.000000 max_error=2.441406e-04 max_tol_ratio=0.015 finite=True
[PASS] case 12 B= 8 L=32768 KV=8 lengths=exact:24977 match=1.000000 max_error=2.441406e-04 max_tol_ratio=0.015 finite=True
[PASS] case 12 B= 8 L=32768 KV=8 lengths=exact:25791 match=1.000000 max_error=2.441406e-04 max_tol_ratio=0.015 finite=True
[PASS] case 12 B= 8 L=32768 KV=8 lengths=exact:25792 match=1.000000 max_error=2.441406e-04 max_tol_ratio=0.015 finite=True
[PASS] case 12 B= 8 L=32768 KV=8 lengths=exact:25793 match=1.000000 max_error=2.441406e-04 max_tol_ratio=0.015 finite=True
[PASS] case 12 B= 8 L=32768 KV=8 lengths=exact:25807 match=1.000000 max_error=2.441406e-04 max_tol_ratio=0.015 finite=True
[PASS] case 12 B= 8 L=32768 KV=8 lengths=exact:25808 match=1.000000 max_error=2.441406e-04 max_tol_ratio=0.015 finite=True
[PASS] case 12 B= 8 L=32768 KV=8 lengths=exact:25809 match=1.000000 max_error=2.441406e-04 max_tol_ratio=0.015 finite=True
[PASS] case 12 B= 8 L=32768 KV=8 lengths=exact:26623 match=1.000000 max_error=2.441406e-04 max_tol_ratio=0.015 finite=True
[PASS] case 12 B= 8 L=32768 KV=8 lengths=exact:26624 match=1.000000 max_error=2.441406e-04 max_tol_ratio=0.015 finite=True
[PASS] case 12 B= 8 L=32768 KV=8 lengths=exact:26625 match=1.000000 max_error=2.441406e-04 max_tol_ratio=0.015 finite=True
[PASS] case 12 B= 8 L=32768 KV=8 lengths=exact:26639 match=1.000000 max_error=2.441406e-04 max_tol_ratio=0.015 finite=True
[PASS] case 12 B= 8 L=32768 KV=8 lengths=exact:26640 match=1.000000 max_error=2.441406e-04 max_tol_ratio=0.015 finite=True
[PASS] case 12 B= 8 L=32768 KV=8 lengths=exact:26641 match=1.000000 max_error=2.441406e-04 max_tol_ratio=0.015 finite=True
[PASS] case 12 B= 8 L=32768 KV=8 lengths=exact:27455 match=1.000000 max_error=2.441406e-04 max_tol_ratio=0.015 finite=True
[PASS] case 12 B= 8 L=32768 KV=8 lengths=exact:27456 match=1.000000 max_error=2.441406e-04 max_tol_ratio=0.015 finite=True
[PASS] case 12 B= 8 L=32768 KV=8 lengths=exact:27457 match=1.000000 max_error=2.441406e-04 max_tol_ratio=0.015 finite=True
[PASS] case 12 B= 8 L=32768 KV=8 lengths=exact:27471 match=1.000000 max_error=2.441406e-04 max_tol_ratio=0.015 finite=True
[PASS] case 12 B= 8 L=32768 KV=8 lengths=exact:27472 match=1.000000 max_error=2.441406e-04 max_tol_ratio=0.015 finite=True
[PASS] case 12 B= 8 L=32768 KV=8 lengths=exact:27473 match=1.000000 max_error=2.441406e-04 max_tol_ratio=0.015 finite=True
[PASS] case 12 B= 8 L=32768 KV=8 lengths=exact:28287 match=1.000000 max_error=2.441406e-04 max_tol_ratio=0.015 finite=True
[PASS] case 12 B= 8 L=32768 KV=8 lengths=exact:28288 match=1.000000 max_error=2.441406e-04 max_tol_ratio=0.015 finite=True
[PASS] case 12 B= 8 L=32768 KV=8 lengths=exact:28289 match=1.000000 max_error=2.441406e-04 max_tol_ratio=0.015 finite=True
[PASS] case 12 B= 8 L=32768 KV=8 lengths=exact:28303 match=1.000000 max_error=2.441406e-04 max_tol_ratio=0.015 finite=True
[PASS] case 12 B= 8 L=32768 KV=8 lengths=exact:28304 match=1.000000 max_error=2.441406e-04 max_tol_ratio=0.015 finite=True
[PASS] case 12 B= 8 L=32768 KV=8 lengths=exact:28305 match=1.000000 max_error=2.441406e-04 max_tol_ratio=0.015 finite=True
[PASS] case 12 B= 8 L=32768 KV=8 lengths=exact:29119 match=1.000000 max_error=2.441406e-04 max_tol_ratio=0.015 finite=True
[PASS] case 12 B= 8 L=32768 KV=8 lengths=exact:29120 match=1.000000 max_error=2.441406e-04 max_tol_ratio=0.015 finite=True
[PASS] case 12 B= 8 L=32768 KV=8 lengths=exact:29121 match=1.000000 max_error=2.441406e-04 max_tol_ratio=0.015 finite=True
[PASS] case 12 B= 8 L=32768 KV=8 lengths=exact:29135 match=1.000000 max_error=2.441406e-04 max_tol_ratio=0.015 finite=True
[PASS] case 12 B= 8 L=32768 KV=8 lengths=exact:29136 match=1.000000 max_error=2.441406e-04 max_tol_ratio=0.015 finite=True
[PASS] case 12 B= 8 L=32768 KV=8 lengths=exact:29137 match=1.000000 max_error=2.441406e-04 max_tol_ratio=0.015 finite=True
[PASS] case 12 B= 8 L=32768 KV=8 lengths=exact:29951 match=1.000000 max_error=2.441406e-04 max_tol_ratio=0.015 finite=True
[PASS] case 12 B= 8 L=32768 KV=8 lengths=exact:29952 match=1.000000 max_error=2.441406e-04 max_tol_ratio=0.015 finite=True
[PASS] case 12 B= 8 L=32768 KV=8 lengths=exact:29953 match=1.000000 max_error=2.441406e-04 max_tol_ratio=0.015 finite=True
[PASS] case 12 B= 8 L=32768 KV=8 lengths=exact:29967 match=1.000000 max_error=1.220703e-04 max_tol_ratio=0.008 finite=True
[PASS] case 12 B= 8 L=32768 KV=8 lengths=exact:29968 match=1.000000 max_error=2.441406e-04 max_tol_ratio=0.015 finite=True
[PASS] case 12 B= 8 L=32768 KV=8 lengths=exact:29969 match=1.000000 max_error=1.220703e-04 max_tol_ratio=0.008 finite=True
[PASS] case 12 B= 8 L=32768 KV=8 lengths=exact:30783 match=1.000000 max_error=2.441406e-04 max_tol_ratio=0.015 finite=True
[PASS] case 12 B= 8 L=32768 KV=8 lengths=exact:30784 match=1.000000 max_error=2.441406e-04 max_tol_ratio=0.015 finite=True
[PASS] case 12 B= 8 L=32768 KV=8 lengths=exact:30785 match=1.000000 max_error=2.441406e-04 max_tol_ratio=0.015 finite=True
[PASS] case 12 B= 8 L=32768 KV=8 lengths=exact:30799 match=1.000000 max_error=2.441406e-04 max_tol_ratio=0.015 finite=True
[PASS] case 12 B= 8 L=32768 KV=8 lengths=exact:30800 match=1.000000 max_error=2.441406e-04 max_tol_ratio=0.015 finite=True
[PASS] case 12 B= 8 L=32768 KV=8 lengths=exact:30801 match=1.000000 max_error=2.441406e-04 max_tol_ratio=0.015 finite=True
[PASS] case 12 B= 8 L=32768 KV=8 lengths=exact:31615 match=1.000000 max_error=2.441406e-04 max_tol_ratio=0.015 finite=True
[PASS] case 12 B= 8 L=32768 KV=8 lengths=exact:31616 match=1.000000 max_error=2.441406e-04 max_tol_ratio=0.015 finite=True
[PASS] case 12 B= 8 L=32768 KV=8 lengths=exact:31617 match=1.000000 max_error=2.441406e-04 max_tol_ratio=0.015 finite=True
[PASS] case 12 B= 8 L=32768 KV=8 lengths=exact:31631 match=1.000000 max_error=2.441406e-04 max_tol_ratio=0.015 finite=True
[PASS] case 12 B= 8 L=32768 KV=8 lengths=exact:31632 match=1.000000 max_error=2.441406e-04 max_tol_ratio=0.015 finite=True
[PASS] case 12 B= 8 L=32768 KV=8 lengths=exact:31633 match=1.000000 max_error=2.441406e-04 max_tol_ratio=0.015 finite=True
[PASS] case 12 B= 8 L=32768 KV=8 lengths=exact:32447 match=1.000000 max_error=2.441406e-04 max_tol_ratio=0.015 finite=True
[PASS] case 12 B= 8 L=32768 KV=8 lengths=exact:32448 match=1.000000 max_error=2.441406e-04 max_tol_ratio=0.015 finite=True
[PASS] case 12 B= 8 L=32768 KV=8 lengths=exact:32449 match=1.000000 max_error=2.441406e-04 max_tol_ratio=0.015 finite=True
[PASS] case 12 B= 8 L=32768 KV=8 lengths=exact:32463 match=1.000000 max_error=2.441406e-04 max_tol_ratio=0.015 finite=True
[PASS] case 12 B= 8 L=32768 KV=8 lengths=exact:32464 match=1.000000 max_error=2.441406e-04 max_tol_ratio=0.015 finite=True
[PASS] case 12 B= 8 L=32768 KV=8 lengths=exact:32465 match=1.000000 max_error=2.441406e-04 max_tol_ratio=0.015 finite=True
exit_status=0
