GPU: MetaX C500 | torch=2.8.0+metax3.7.1.3
reference: flash_attn.flash_attn_with_kvcache | candidate: build/exp660_candidate_normal.so | control: build/cuda_113889.so | seed: 20260823
[INFO] exact-241 lengths=241 q_head_tags=128 k_head_tags=256 v_head_tags=512
[PASS] case12 exact-001/241 length=1 candidate_error=0.000000e+00 control_error=0.000000e+00 candidate_tol_ratio=0.000 control_tol_ratio=0.000 pair_match=True bit_equal=True finite=True inputs_untouched=True guards=True
[PASS] case12 exact-002/241 length=2 candidate_error=1.562500e-02 control_error=1.562500e-02 candidate_tol_ratio=0.322 control_tol_ratio=0.322 pair_match=True bit_equal=True finite=True inputs_untouched=True guards=True
[PASS] case12 exact-003/241 length=15 candidate_error=7.812500e-03 control_error=7.812500e-03 candidate_tol_ratio=0.244 control_tol_ratio=0.244 pair_match=True bit_equal=True finite=True inputs_untouched=True guards=True
[PASS] case12 exact-004/241 length=16 candidate_error=7.812500e-03 control_error=7.812500e-03 candidate_tol_ratio=0.242 control_tol_ratio=0.242 pair_match=True bit_equal=True finite=True inputs_untouched=True guards=True
[PASS] case12 exact-005/241 length=17 candidate_error=7.812500e-03 control_error=7.812500e-03 candidate_tol_ratio=0.244 control_tol_ratio=0.244 pair_match=True bit_equal=True finite=True inputs_untouched=True guards=True
[PASS] case12 exact-006/241 length=831 candidate_error=1.953125e-03 control_error=1.953125e-03 candidate_tol_ratio=0.098 control_tol_ratio=0.098 pair_match=True bit_equal=True finite=True inputs_untouched=True guards=True
[PASS] case12 exact-007/241 length=832 candidate_error=1.953125e-03 control_error=1.953125e-03 candidate_tol_ratio=0.098 control_tol_ratio=0.098 pair_match=True bit_equal=True finite=True inputs_untouched=True guards=True
[PASS] case12 exact-008/241 length=833 candidate_error=1.953125e-03 control_error=1.953125e-03 candidate_tol_ratio=0.096 control_tol_ratio=0.096 pair_match=True bit_equal=True finite=True inputs_untouched=True guards=True
[PASS] case12 exact-009/241 length=847 candidate_error=1.953125e-03 control_error=1.953125e-03 candidate_tol_ratio=0.098 control_tol_ratio=0.098 pair_match=True bit_equal=True finite=True inputs_untouched=True guards=True
[PASS] case12 exact-010/241 length=848 candidate_error=1.953125e-03 control_error=1.953125e-03 candidate_tol_ratio=0.098 control_tol_ratio=0.098 pair_match=True bit_equal=True finite=True inputs_untouched=True guards=True
[PASS] case12 exact-011/241 length=849 candidate_error=1.953125e-03 control_error=1.953125e-03 candidate_tol_ratio=0.098 control_tol_ratio=0.098 pair_match=True bit_equal=True finite=True inputs_untouched=True guards=True
[PASS] case12 exact-012/241 length=1663 candidate_error=1.953125e-03 control_error=1.953125e-03 candidate_tol_ratio=0.097 control_tol_ratio=0.097 pair_match=True bit_equal=True finite=True inputs_untouched=True guards=True
[PASS] case12 exact-013/241 length=1664 candidate_error=1.953125e-03 control_error=1.953125e-03 candidate_tol_ratio=0.097 control_tol_ratio=0.097 pair_match=True bit_equal=True finite=True inputs_untouched=True guards=True
[PASS] case12 exact-014/241 length=1665 candidate_error=1.953125e-03 control_error=1.953125e-03 candidate_tol_ratio=0.096 control_tol_ratio=0.096 pair_match=True bit_equal=True finite=True inputs_untouched=True guards=True
[PASS] case12 exact-015/241 length=1679 candidate_error=1.953125e-03 control_error=1.953125e-03 candidate_tol_ratio=0.096 control_tol_ratio=0.096 pair_match=True bit_equal=True finite=True inputs_untouched=True guards=True
[PASS] case12 exact-016/241 length=1680 candidate_error=9.765625e-04 control_error=9.765625e-04 candidate_tol_ratio=0.054 control_tol_ratio=0.054 pair_match=True bit_equal=True finite=True inputs_untouched=True guards=True
[PASS] case12 exact-017/241 length=1681 candidate_error=1.953125e-03 control_error=1.953125e-03 candidate_tol_ratio=0.096 control_tol_ratio=0.096 pair_match=True bit_equal=True finite=True inputs_untouched=True guards=True
[PASS] case12 exact-018/241 length=2495 candidate_error=9.765625e-04 control_error=9.765625e-04 candidate_tol_ratio=0.054 control_tol_ratio=0.054 pair_match=True bit_equal=True finite=True inputs_untouched=True guards=True
[PASS] case12 exact-019/241 length=2496 candidate_error=9.765625e-04 control_error=9.765625e-04 candidate_tol_ratio=0.054 control_tol_ratio=0.054 pair_match=True bit_equal=True finite=True inputs_untouched=True guards=True
[PASS] case12 exact-020/241 length=2497 candidate_error=9.765625e-04 control_error=9.765625e-04 candidate_tol_ratio=0.054 control_tol_ratio=0.054 pair_match=True bit_equal=True finite=True inputs_untouched=True guards=True
[PASS] case12 exact-021/241 length=2511 candidate_error=9.765625e-04 control_error=9.765625e-04 candidate_tol_ratio=0.054 control_tol_ratio=0.054 pair_match=True bit_equal=True finite=True inputs_untouched=True guards=True
[PASS] case12 exact-022/241 length=2512 candidate_error=9.765625e-04 control_error=9.765625e-04 candidate_tol_ratio=0.054 control_tol_ratio=0.054 pair_match=True bit_equal=True finite=True inputs_untouched=True guards=True
[PASS] case12 exact-023/241 length=2513 candidate_error=9.765625e-04 control_error=9.765625e-04 candidate_tol_ratio=0.054 control_tol_ratio=0.054 pair_match=True bit_equal=True finite=True inputs_untouched=True guards=True
[PASS] case12 exact-024/241 length=3327 candidate_error=9.765625e-04 control_error=9.765625e-04 candidate_tol_ratio=0.054 control_tol_ratio=0.054 pair_match=True bit_equal=True finite=True inputs_untouched=True guards=True
[PASS] case12 exact-025/241 length=3328 candidate_error=9.765625e-04 control_error=9.765625e-04 candidate_tol_ratio=0.054 control_tol_ratio=0.054 pair_match=True bit_equal=True finite=True inputs_untouched=True guards=True
[PASS] case12 exact-026/241 length=3329 candidate_error=9.765625e-04 control_error=9.765625e-04 candidate_tol_ratio=0.054 control_tol_ratio=0.054 pair_match=True bit_equal=True finite=True inputs_untouched=True guards=True
[PASS] case12 exact-027/241 length=3343 candidate_error=9.765625e-04 control_error=9.765625e-04 candidate_tol_ratio=0.054 control_tol_ratio=0.054 pair_match=True bit_equal=True finite=True inputs_untouched=True guards=True
[PASS] case12 exact-028/241 length=3344 candidate_error=9.765625e-04 control_error=9.765625e-04 candidate_tol_ratio=0.054 control_tol_ratio=0.054 pair_match=True bit_equal=True finite=True inputs_untouched=True guards=True
[PASS] case12 exact-029/241 length=3345 candidate_error=9.765625e-04 control_error=9.765625e-04 candidate_tol_ratio=0.054 control_tol_ratio=0.054 pair_match=True bit_equal=True finite=True inputs_untouched=True guards=True
[PASS] case12 exact-030/241 length=4159 candidate_error=9.765625e-04 control_error=9.765625e-04 candidate_tol_ratio=0.054 control_tol_ratio=0.054 pair_match=True bit_equal=True finite=True inputs_untouched=True guards=True
[PASS] case12 exact-031/241 length=4160 candidate_error=9.765625e-04 control_error=9.765625e-04 candidate_tol_ratio=0.054 control_tol_ratio=0.054 pair_match=True bit_equal=True finite=True inputs_untouched=True guards=True
[PASS] case12 exact-032/241 length=4161 candidate_error=9.765625e-04 control_error=9.765625e-04 candidate_tol_ratio=0.053 control_tol_ratio=0.053 pair_match=True bit_equal=True finite=True inputs_untouched=True guards=True
[PASS] case12 exact-033/241 length=4175 candidate_error=9.765625e-04 control_error=9.765625e-04 candidate_tol_ratio=0.054 control_tol_ratio=0.054 pair_match=True bit_equal=True finite=True inputs_untouched=True guards=True
[PASS] case12 exact-034/241 length=4176 candidate_error=9.765625e-04 control_error=9.765625e-04 candidate_tol_ratio=0.054 control_tol_ratio=0.054 pair_match=True bit_equal=True finite=True inputs_untouched=True guards=True
[PASS] case12 exact-035/241 length=4177 candidate_error=9.765625e-04 control_error=9.765625e-04 candidate_tol_ratio=0.054 control_tol_ratio=0.054 pair_match=True bit_equal=True finite=True inputs_untouched=True guards=True
[PASS] case12 exact-036/241 length=4991 candidate_error=9.765625e-04 control_error=9.765625e-04 candidate_tol_ratio=0.053 control_tol_ratio=0.053 pair_match=True bit_equal=True finite=True inputs_untouched=True guards=True
[PASS] case12 exact-037/241 length=4992 candidate_error=9.765625e-04 control_error=9.765625e-04 candidate_tol_ratio=0.054 control_tol_ratio=0.054 pair_match=True bit_equal=True finite=True inputs_untouched=True guards=True
[PASS] case12 exact-038/241 length=4993 candidate_error=9.765625e-04 control_error=9.765625e-04 candidate_tol_ratio=0.054 control_tol_ratio=0.054 pair_match=True bit_equal=True finite=True inputs_untouched=True guards=True
[PASS] case12 exact-039/241 length=5007 candidate_error=9.765625e-04 control_error=9.765625e-04 candidate_tol_ratio=0.054 control_tol_ratio=0.054 pair_match=True bit_equal=True finite=True inputs_untouched=True guards=True
[PASS] case12 exact-040/241 length=5008 candidate_error=9.765625e-04 control_error=9.765625e-04 candidate_tol_ratio=0.054 control_tol_ratio=0.054 pair_match=True bit_equal=True finite=True inputs_untouched=True guards=True
[PASS] case12 exact-041/241 length=5009 candidate_error=9.765625e-04 control_error=9.765625e-04 candidate_tol_ratio=0.054 control_tol_ratio=0.054 pair_match=True bit_equal=True finite=True inputs_untouched=True guards=True
[PASS] case12 exact-042/241 length=5823 candidate_error=9.765625e-04 control_error=9.765625e-04 candidate_tol_ratio=0.054 control_tol_ratio=0.054 pair_match=True bit_equal=True finite=True inputs_untouched=True guards=True
[PASS] case12 exact-043/241 length=5824 candidate_error=9.765625e-04 control_error=9.765625e-04 candidate_tol_ratio=0.054 control_tol_ratio=0.054 pair_match=True bit_equal=True finite=True inputs_untouched=True guards=True
[PASS] case12 exact-044/241 length=5825 candidate_error=9.765625e-04 control_error=9.765625e-04 candidate_tol_ratio=0.054 control_tol_ratio=0.054 pair_match=True bit_equal=True finite=True inputs_untouched=True guards=True
[PASS] case12 exact-045/241 length=5839 candidate_error=9.765625e-04 control_error=9.765625e-04 candidate_tol_ratio=0.054 control_tol_ratio=0.054 pair_match=True bit_equal=True finite=True inputs_untouched=True guards=True
[PASS] case12 exact-046/241 length=5840 candidate_error=9.765625e-04 control_error=9.765625e-04 candidate_tol_ratio=0.054 control_tol_ratio=0.054 pair_match=True bit_equal=True finite=True inputs_untouched=True guards=True
[PASS] case12 exact-047/241 length=5841 candidate_error=9.765625e-04 control_error=9.765625e-04 candidate_tol_ratio=0.054 control_tol_ratio=0.054 pair_match=True bit_equal=True finite=True inputs_untouched=True guards=True
[PASS] case12 exact-048/241 length=6655 candidate_error=9.765625e-04 control_error=9.765625e-04 candidate_tol_ratio=0.054 control_tol_ratio=0.054 pair_match=True bit_equal=True finite=True inputs_untouched=True guards=True
[PASS] case12 exact-049/241 length=6656 candidate_error=4.882812e-04 control_error=4.882812e-04 candidate_tol_ratio=0.029 control_tol_ratio=0.029 pair_match=True bit_equal=True finite=True inputs_untouched=True guards=True
[PASS] case12 exact-050/241 length=6657 candidate_error=4.882812e-04 control_error=4.882812e-04 candidate_tol_ratio=0.029 control_tol_ratio=0.029 pair_match=True bit_equal=True finite=True inputs_untouched=True guards=True
[PASS] case12 exact-051/241 length=6671 candidate_error=9.765625e-04 control_error=9.765625e-04 candidate_tol_ratio=0.054 control_tol_ratio=0.054 pair_match=True bit_equal=True finite=True inputs_untouched=True guards=True
[PASS] case12 exact-052/241 length=6672 candidate_error=9.765625e-04 control_error=9.765625e-04 candidate_tol_ratio=0.054 control_tol_ratio=0.054 pair_match=True bit_equal=True finite=True inputs_untouched=True guards=True
[PASS] case12 exact-053/241 length=6673 candidate_error=9.765625e-04 control_error=9.765625e-04 candidate_tol_ratio=0.054 control_tol_ratio=0.054 pair_match=True bit_equal=True finite=True inputs_untouched=True guards=True
[PASS] case12 exact-054/241 length=7487 candidate_error=9.765625e-04 control_error=9.765625e-04 candidate_tol_ratio=0.054 control_tol_ratio=0.054 pair_match=True bit_equal=True finite=True inputs_untouched=True guards=True
[PASS] case12 exact-055/241 length=7488 candidate_error=4.882812e-04 control_error=4.882812e-04 candidate_tol_ratio=0.029 control_tol_ratio=0.029 pair_match=True bit_equal=True finite=True inputs_untouched=True guards=True
[PASS] case12 exact-056/241 length=7489 candidate_error=9.765625e-04 control_error=9.765625e-04 candidate_tol_ratio=0.054 control_tol_ratio=0.054 pair_match=True bit_equal=True finite=True inputs_untouched=True guards=True
[PASS] case12 exact-057/241 length=7503 candidate_error=9.765625e-04 control_error=9.765625e-04 candidate_tol_ratio=0.053 control_tol_ratio=0.053 pair_match=True bit_equal=True finite=True inputs_untouched=True guards=True
[PASS] case12 exact-058/241 length=7504 candidate_error=4.882812e-04 control_error=4.882812e-04 candidate_tol_ratio=0.029 control_tol_ratio=0.029 pair_match=True bit_equal=True finite=True inputs_untouched=True guards=True
[PASS] case12 exact-059/241 length=7505 candidate_error=4.882812e-04 control_error=4.882812e-04 candidate_tol_ratio=0.029 control_tol_ratio=0.029 pair_match=True bit_equal=True finite=True inputs_untouched=True guards=True
[PASS] case12 exact-060/241 length=8319 candidate_error=9.765625e-04 control_error=9.765625e-04 candidate_tol_ratio=0.054 control_tol_ratio=0.054 pair_match=True bit_equal=True finite=True inputs_untouched=True guards=True
[PASS] case12 exact-061/241 length=8320 candidate_error=9.765625e-04 control_error=9.765625e-04 candidate_tol_ratio=0.054 control_tol_ratio=0.054 pair_match=True bit_equal=True finite=True inputs_untouched=True guards=True
[PASS] case12 exact-062/241 length=8321 candidate_error=9.765625e-04 control_error=9.765625e-04 candidate_tol_ratio=0.053 control_tol_ratio=0.053 pair_match=True bit_equal=True finite=True inputs_untouched=True guards=True
[PASS] case12 exact-063/241 length=8335 candidate_error=9.765625e-04 control_error=9.765625e-04 candidate_tol_ratio=0.054 control_tol_ratio=0.054 pair_match=True bit_equal=True finite=True inputs_untouched=True guards=True
[PASS] case12 exact-064/241 length=8336 candidate_error=9.765625e-04 control_error=9.765625e-04 candidate_tol_ratio=0.054 control_tol_ratio=0.054 pair_match=True bit_equal=True finite=True inputs_untouched=True guards=True
[PASS] case12 exact-065/241 length=8337 candidate_error=9.765625e-04 control_error=9.765625e-04 candidate_tol_ratio=0.054 control_tol_ratio=0.054 pair_match=True bit_equal=True finite=True inputs_untouched=True guards=True
[PASS] case12 exact-066/241 length=9151 candidate_error=4.882812e-04 control_error=4.882812e-04 candidate_tol_ratio=0.029 control_tol_ratio=0.029 pair_match=True bit_equal=True finite=True inputs_untouched=True guards=True
[PASS] case12 exact-067/241 length=9152 candidate_error=4.882812e-04 control_error=4.882812e-04 candidate_tol_ratio=0.029 control_tol_ratio=0.029 pair_match=True bit_equal=True finite=True inputs_untouched=True guards=True
[PASS] case12 exact-068/241 length=9153 candidate_error=4.882812e-04 control_error=4.882812e-04 candidate_tol_ratio=0.029 control_tol_ratio=0.029 pair_match=True bit_equal=True finite=True inputs_untouched=True guards=True
[PASS] case12 exact-069/241 length=9167 candidate_error=4.882812e-04 control_error=4.882812e-04 candidate_tol_ratio=0.029 control_tol_ratio=0.029 pair_match=True bit_equal=True finite=True inputs_untouched=True guards=True
[PASS] case12 exact-070/241 length=9168 candidate_error=4.882812e-04 control_error=4.882812e-04 candidate_tol_ratio=0.029 control_tol_ratio=0.029 pair_match=True bit_equal=True finite=True inputs_untouched=True guards=True
[PASS] case12 exact-071/241 length=9169 candidate_error=9.765625e-04 control_error=9.765625e-04 candidate_tol_ratio=0.054 control_tol_ratio=0.054 pair_match=True bit_equal=True finite=True inputs_untouched=True guards=True
[PASS] case12 exact-072/241 length=9983 candidate_error=4.882812e-04 control_error=4.882812e-04 candidate_tol_ratio=0.029 control_tol_ratio=0.029 pair_match=True bit_equal=True finite=True inputs_untouched=True guards=True
[PASS] case12 exact-073/241 length=9984 candidate_error=4.882812e-04 control_error=4.882812e-04 candidate_tol_ratio=0.029 control_tol_ratio=0.029 pair_match=True bit_equal=True finite=True inputs_untouched=True guards=True
[PASS] case12 exact-074/241 length=9985 candidate_error=4.882812e-04 control_error=4.882812e-04 candidate_tol_ratio=0.029 control_tol_ratio=0.029 pair_match=True bit_equal=True finite=True inputs_untouched=True guards=True
[PASS] case12 exact-075/241 length=9999 candidate_error=9.765625e-04 control_error=9.765625e-04 candidate_tol_ratio=0.054 control_tol_ratio=0.054 pair_match=True bit_equal=True finite=True inputs_untouched=True guards=True
[PASS] case12 exact-076/241 length=10000 candidate_error=9.765625e-04 control_error=9.765625e-04 candidate_tol_ratio=0.054 control_tol_ratio=0.054 pair_match=True bit_equal=True finite=True inputs_untouched=True guards=True
[PASS] case12 exact-077/241 length=10001 candidate_error=9.765625e-04 control_error=9.765625e-04 candidate_tol_ratio=0.054 control_tol_ratio=0.054 pair_match=True bit_equal=True finite=True inputs_untouched=True guards=True
[PASS] case12 exact-078/241 length=10815 candidate_error=4.882812e-04 control_error=4.882812e-04 candidate_tol_ratio=0.029 control_tol_ratio=0.029 pair_match=True bit_equal=True finite=True inputs_untouched=True guards=True
[PASS] case12 exact-079/241 length=10816 candidate_error=4.882812e-04 control_error=4.882812e-04 candidate_tol_ratio=0.029 control_tol_ratio=0.029 pair_match=True bit_equal=True finite=True inputs_untouched=True guards=True
[PASS] case12 exact-080/241 length=10817 candidate_error=4.882812e-04 control_error=4.882812e-04 candidate_tol_ratio=0.029 control_tol_ratio=0.029 pair_match=True bit_equal=True finite=True inputs_untouched=True guards=True
[PASS] case12 exact-081/241 length=10831 candidate_error=9.765625e-04 control_error=9.765625e-04 candidate_tol_ratio=0.054 control_tol_ratio=0.054 pair_match=True bit_equal=True finite=True inputs_untouched=True guards=True
[PASS] case12 exact-082/241 length=10832 candidate_error=9.765625e-04 control_error=9.765625e-04 candidate_tol_ratio=0.054 control_tol_ratio=0.054 pair_match=True bit_equal=True finite=True inputs_untouched=True guards=True
[PASS] case12 exact-083/241 length=10833 candidate_error=9.765625e-04 control_error=9.765625e-04 candidate_tol_ratio=0.054 control_tol_ratio=0.054 pair_match=True bit_equal=True finite=True inputs_untouched=True guards=True
[PASS] case12 exact-084/241 length=11647 candidate_error=4.882812e-04 control_error=4.882812e-04 candidate_tol_ratio=0.029 control_tol_ratio=0.029 pair_match=True bit_equal=True finite=True inputs_untouched=True guards=True
[PASS] case12 exact-085/241 length=11648 candidate_error=4.882812e-04 control_error=4.882812e-04 candidate_tol_ratio=0.029 control_tol_ratio=0.029 pair_match=True bit_equal=True finite=True inputs_untouched=True guards=True
[PASS] case12 exact-086/241 length=11649 candidate_error=4.882812e-04 control_error=4.882812e-04 candidate_tol_ratio=0.029 control_tol_ratio=0.029 pair_match=True bit_equal=True finite=True inputs_untouched=True guards=True
[PASS] case12 exact-087/241 length=11663 candidate_error=4.882812e-04 control_error=4.882812e-04 candidate_tol_ratio=0.029 control_tol_ratio=0.029 pair_match=True bit_equal=True finite=True inputs_untouched=True guards=True
[PASS] case12 exact-088/241 length=11664 candidate_error=4.882812e-04 control_error=4.882812e-04 candidate_tol_ratio=0.029 control_tol_ratio=0.029 pair_match=True bit_equal=True finite=True inputs_untouched=True guards=True
[PASS] case12 exact-089/241 length=11665 candidate_error=4.882812e-04 control_error=4.882812e-04 candidate_tol_ratio=0.029 control_tol_ratio=0.029 pair_match=True bit_equal=True finite=True inputs_untouched=True guards=True
[PASS] case12 exact-090/241 length=12479 candidate_error=9.765625e-04 control_error=9.765625e-04 candidate_tol_ratio=0.053 control_tol_ratio=0.053 pair_match=True bit_equal=True finite=True inputs_untouched=True guards=True
[PASS] case12 exact-091/241 length=12480 candidate_error=9.765625e-04 control_error=9.765625e-04 candidate_tol_ratio=0.053 control_tol_ratio=0.053 pair_match=True bit_equal=True finite=True inputs_untouched=True guards=True
[PASS] case12 exact-092/241 length=12481 candidate_error=9.765625e-04 control_error=9.765625e-04 candidate_tol_ratio=0.053 control_tol_ratio=0.053 pair_match=True bit_equal=True finite=True inputs_untouched=True guards=True
[PASS] case12 exact-093/241 length=12495 candidate_error=4.882812e-04 control_error=4.882812e-04 candidate_tol_ratio=0.029 control_tol_ratio=0.029 pair_match=True bit_equal=True finite=True inputs_untouched=True guards=True
[PASS] case12 exact-094/241 length=12496 candidate_error=4.882812e-04 control_error=4.882812e-04 candidate_tol_ratio=0.029 control_tol_ratio=0.029 pair_match=True bit_equal=True finite=True inputs_untouched=True guards=True
[PASS] case12 exact-095/241 length=12497 candidate_error=4.882812e-04 control_error=4.882812e-04 candidate_tol_ratio=0.029 control_tol_ratio=0.029 pair_match=True bit_equal=True finite=True inputs_untouched=True guards=True
[PASS] case12 exact-096/241 length=13311 candidate_error=9.765625e-04 control_error=9.765625e-04 candidate_tol_ratio=0.053 control_tol_ratio=0.053 pair_match=True bit_equal=True finite=True inputs_untouched=True guards=True
[PASS] case12 exact-097/241 length=13312 candidate_error=9.765625e-04 control_error=9.765625e-04 candidate_tol_ratio=0.053 control_tol_ratio=0.053 pair_match=True bit_equal=True finite=True inputs_untouched=True guards=True
[PASS] case12 exact-098/241 length=13313 candidate_error=9.765625e-04 control_error=9.765625e-04 candidate_tol_ratio=0.053 control_tol_ratio=0.053 pair_match=True bit_equal=True finite=True inputs_untouched=True guards=True
[PASS] case12 exact-099/241 length=13327 candidate_error=9.765625e-04 control_error=9.765625e-04 candidate_tol_ratio=0.052 control_tol_ratio=0.052 pair_match=True bit_equal=True finite=True inputs_untouched=True guards=True
[PASS] case12 exact-100/241 length=13328 candidate_error=9.765625e-04 control_error=9.765625e-04 candidate_tol_ratio=0.052 control_tol_ratio=0.052 pair_match=True bit_equal=True finite=True inputs_untouched=True guards=True
[PASS] case12 exact-101/241 length=13329 candidate_error=9.765625e-04 control_error=9.765625e-04 candidate_tol_ratio=0.052 control_tol_ratio=0.052 pair_match=True bit_equal=True finite=True inputs_untouched=True guards=True
[PASS] case12 exact-102/241 length=14143 candidate_error=9.765625e-04 control_error=9.765625e-04 candidate_tol_ratio=0.053 control_tol_ratio=0.053 pair_match=True bit_equal=True finite=True inputs_untouched=True guards=True
[PASS] case12 exact-103/241 length=14144 candidate_error=9.765625e-04 control_error=9.765625e-04 candidate_tol_ratio=0.053 control_tol_ratio=0.053 pair_match=True bit_equal=True finite=True inputs_untouched=True guards=True
[PASS] case12 exact-104/241 length=14145 candidate_error=9.765625e-04 control_error=9.765625e-04 candidate_tol_ratio=0.053 control_tol_ratio=0.053 pair_match=True bit_equal=True finite=True inputs_untouched=True guards=True
[PASS] case12 exact-105/241 length=14159 candidate_error=4.882812e-04 control_error=4.882812e-04 candidate_tol_ratio=0.029 control_tol_ratio=0.029 pair_match=True bit_equal=True finite=True inputs_untouched=True guards=True
[PASS] case12 exact-106/241 length=14160 candidate_error=4.882812e-04 control_error=4.882812e-04 candidate_tol_ratio=0.029 control_tol_ratio=0.029 pair_match=True bit_equal=True finite=True inputs_untouched=True guards=True
[PASS] case12 exact-107/241 length=14161 candidate_error=4.882812e-04 control_error=4.882812e-04 candidate_tol_ratio=0.029 control_tol_ratio=0.029 pair_match=True bit_equal=True finite=True inputs_untouched=True guards=True
[PASS] case12 exact-108/241 length=14975 candidate_error=9.765625e-04 control_error=9.765625e-04 candidate_tol_ratio=0.053 control_tol_ratio=0.053 pair_match=True bit_equal=True finite=True inputs_untouched=True guards=True
[PASS] case12 exact-109/241 length=14976 candidate_error=9.765625e-04 control_error=9.765625e-04 candidate_tol_ratio=0.053 control_tol_ratio=0.053 pair_match=True bit_equal=True finite=True inputs_untouched=True guards=True
[PASS] case12 exact-110/241 length=14977 candidate_error=4.882812e-04 control_error=4.882812e-04 candidate_tol_ratio=0.029 control_tol_ratio=0.029 pair_match=True bit_equal=True finite=True inputs_untouched=True guards=True
[PASS] case12 exact-111/241 length=14991 candidate_error=9.765625e-04 control_error=9.765625e-04 candidate_tol_ratio=0.053 control_tol_ratio=0.053 pair_match=True bit_equal=True finite=True inputs_untouched=True guards=True
[PASS] case12 exact-112/241 length=14992 candidate_error=9.765625e-04 control_error=9.765625e-04 candidate_tol_ratio=0.053 control_tol_ratio=0.053 pair_match=True bit_equal=True finite=True inputs_untouched=True guards=True
[PASS] case12 exact-113/241 length=14993 candidate_error=9.765625e-04 control_error=9.765625e-04 candidate_tol_ratio=0.053 control_tol_ratio=0.053 pair_match=True bit_equal=True finite=True inputs_untouched=True guards=True
[PASS] case12 exact-114/241 length=15807 candidate_error=9.765625e-04 control_error=9.765625e-04 candidate_tol_ratio=0.054 control_tol_ratio=0.054 pair_match=True bit_equal=True finite=True inputs_untouched=True guards=True
[PASS] case12 exact-115/241 length=15808 candidate_error=9.765625e-04 control_error=9.765625e-04 candidate_tol_ratio=0.054 control_tol_ratio=0.054 pair_match=True bit_equal=True finite=True inputs_untouched=True guards=True
[PASS] case12 exact-116/241 length=15809 candidate_error=9.765625e-04 control_error=9.765625e-04 candidate_tol_ratio=0.054 control_tol_ratio=0.054 pair_match=True bit_equal=True finite=True inputs_untouched=True guards=True
[PASS] case12 exact-117/241 length=15823 candidate_error=9.765625e-04 control_error=9.765625e-04 candidate_tol_ratio=0.054 control_tol_ratio=0.054 pair_match=True bit_equal=True finite=True inputs_untouched=True guards=True
[PASS] case12 exact-118/241 length=15824 candidate_error=9.765625e-04 control_error=9.765625e-04 candidate_tol_ratio=0.054 control_tol_ratio=0.054 pair_match=True bit_equal=True finite=True inputs_untouched=True guards=True
[PASS] case12 exact-119/241 length=15825 candidate_error=4.882812e-04 control_error=4.882812e-04 candidate_tol_ratio=0.029 control_tol_ratio=0.029 pair_match=True bit_equal=True finite=True inputs_untouched=True guards=True
[PASS] case12 exact-120/241 length=16639 candidate_error=9.765625e-04 control_error=9.765625e-04 candidate_tol_ratio=0.054 control_tol_ratio=0.054 pair_match=True bit_equal=True finite=True inputs_untouched=True guards=True
[PASS] case12 exact-121/241 length=16640 candidate_error=9.765625e-04 control_error=9.765625e-04 candidate_tol_ratio=0.054 control_tol_ratio=0.054 pair_match=True bit_equal=True finite=True inputs_untouched=True guards=True
[PASS] case12 exact-122/241 length=16641 candidate_error=9.765625e-04 control_error=9.765625e-04 candidate_tol_ratio=0.054 control_tol_ratio=0.054 pair_match=True bit_equal=True finite=True inputs_untouched=True guards=True
[PASS] case12 exact-123/241 length=16655 candidate_error=4.882812e-04 control_error=4.882812e-04 candidate_tol_ratio=0.029 control_tol_ratio=0.029 pair_match=True bit_equal=True finite=True inputs_untouched=True guards=True
[PASS] case12 exact-124/241 length=16656 candidate_error=4.882812e-04 control_error=4.882812e-04 candidate_tol_ratio=0.029 control_tol_ratio=0.029 pair_match=True bit_equal=True finite=True inputs_untouched=True guards=True
[PASS] case12 exact-125/241 length=16657 candidate_error=4.882812e-04 control_error=4.882812e-04 candidate_tol_ratio=0.029 control_tol_ratio=0.029 pair_match=True bit_equal=True finite=True inputs_untouched=True guards=True
[PASS] case12 exact-126/241 length=17471 candidate_error=4.882812e-04 control_error=4.882812e-04 candidate_tol_ratio=0.029 control_tol_ratio=0.029 pair_match=True bit_equal=True finite=True inputs_untouched=True guards=True
[PASS] case12 exact-127/241 length=17472 candidate_error=4.882812e-04 control_error=4.882812e-04 candidate_tol_ratio=0.029 control_tol_ratio=0.029 pair_match=True bit_equal=True finite=True inputs_untouched=True guards=True
[PASS] case12 exact-128/241 length=17473 candidate_error=4.882812e-04 control_error=4.882812e-04 candidate_tol_ratio=0.029 control_tol_ratio=0.029 pair_match=True bit_equal=True finite=True inputs_untouched=True guards=True
[PASS] case12 exact-129/241 length=17487 candidate_error=4.882812e-04 control_error=4.882812e-04 candidate_tol_ratio=0.029 control_tol_ratio=0.029 pair_match=True bit_equal=True finite=True inputs_untouched=True guards=True
[PASS] case12 exact-130/241 length=17488 candidate_error=4.882812e-04 control_error=4.882812e-04 candidate_tol_ratio=0.029 control_tol_ratio=0.029 pair_match=True bit_equal=True finite=True inputs_untouched=True guards=True
[PASS] case12 exact-131/241 length=17489 candidate_error=4.882812e-04 control_error=4.882812e-04 candidate_tol_ratio=0.029 control_tol_ratio=0.029 pair_match=True bit_equal=True finite=True inputs_untouched=True guards=True
[PASS] case12 exact-132/241 length=18303 candidate_error=4.882812e-04 control_error=4.882812e-04 candidate_tol_ratio=0.029 control_tol_ratio=0.029 pair_match=True bit_equal=True finite=True inputs_untouched=True guards=True
[PASS] case12 exact-133/241 length=18304 candidate_error=4.882812e-04 control_error=4.882812e-04 candidate_tol_ratio=0.029 control_tol_ratio=0.029 pair_match=True bit_equal=True finite=True inputs_untouched=True guards=True
[PASS] case12 exact-134/241 length=18305 candidate_error=4.882812e-04 control_error=4.882812e-04 candidate_tol_ratio=0.029 control_tol_ratio=0.029 pair_match=True bit_equal=True finite=True inputs_untouched=True guards=True
[PASS] case12 exact-135/241 length=18319 candidate_error=4.882812e-04 control_error=4.882812e-04 candidate_tol_ratio=0.029 control_tol_ratio=0.029 pair_match=True bit_equal=True finite=True inputs_untouched=True guards=True
[PASS] case12 exact-136/241 length=18320 candidate_error=4.882812e-04 control_error=4.882812e-04 candidate_tol_ratio=0.029 control_tol_ratio=0.029 pair_match=True bit_equal=True finite=True inputs_untouched=True guards=True
[PASS] case12 exact-137/241 length=18321 candidate_error=4.882812e-04 control_error=4.882812e-04 candidate_tol_ratio=0.029 control_tol_ratio=0.029 pair_match=True bit_equal=True finite=True inputs_untouched=True guards=True
[PASS] case12 exact-138/241 length=19135 candidate_error=9.765625e-04 control_error=9.765625e-04 candidate_tol_ratio=0.054 control_tol_ratio=0.054 pair_match=True bit_equal=True finite=True inputs_untouched=True guards=True
[PASS] case12 exact-139/241 length=19136 candidate_error=9.765625e-04 control_error=9.765625e-04 candidate_tol_ratio=0.054 control_tol_ratio=0.054 pair_match=True bit_equal=True finite=True inputs_untouched=True guards=True
[PASS] case12 exact-140/241 length=19137 candidate_error=9.765625e-04 control_error=9.765625e-04 candidate_tol_ratio=0.054 control_tol_ratio=0.054 pair_match=True bit_equal=True finite=True inputs_untouched=True guards=True
[PASS] case12 exact-141/241 length=19151 candidate_error=4.882812e-04 control_error=4.882812e-04 candidate_tol_ratio=0.029 control_tol_ratio=0.029 pair_match=True bit_equal=True finite=True inputs_untouched=True guards=True
[PASS] case12 exact-142/241 length=19152 candidate_error=4.882812e-04 control_error=4.882812e-04 candidate_tol_ratio=0.029 control_tol_ratio=0.029 pair_match=True bit_equal=True finite=True inputs_untouched=True guards=True
[PASS] case12 exact-143/241 length=19153 candidate_error=9.765625e-04 control_error=9.765625e-04 candidate_tol_ratio=0.054 control_tol_ratio=0.054 pair_match=True bit_equal=True finite=True inputs_untouched=True guards=True
[PASS] case12 exact-144/241 length=19967 candidate_error=4.882812e-04 control_error=4.882812e-04 candidate_tol_ratio=0.029 control_tol_ratio=0.029 pair_match=True bit_equal=True finite=True inputs_untouched=True guards=True
[PASS] case12 exact-145/241 length=19968 candidate_error=4.882812e-04 control_error=4.882812e-04 candidate_tol_ratio=0.029 control_tol_ratio=0.029 pair_match=True bit_equal=True finite=True inputs_untouched=True guards=True
[PASS] case12 exact-146/241 length=19969 candidate_error=4.882812e-04 control_error=4.882812e-04 candidate_tol_ratio=0.029 control_tol_ratio=0.029 pair_match=True bit_equal=True finite=True inputs_untouched=True guards=True
[PASS] case12 exact-147/241 length=19983 candidate_error=4.882812e-04 control_error=4.882812e-04 candidate_tol_ratio=0.028 control_tol_ratio=0.028 pair_match=True bit_equal=True finite=True inputs_untouched=True guards=True
[PASS] case12 exact-148/241 length=19984 candidate_error=4.882812e-04 control_error=4.882812e-04 candidate_tol_ratio=0.029 control_tol_ratio=0.029 pair_match=True bit_equal=True finite=True inputs_untouched=True guards=True
[PASS] case12 exact-149/241 length=19985 candidate_error=4.882812e-04 control_error=4.882812e-04 candidate_tol_ratio=0.029 control_tol_ratio=0.029 pair_match=True bit_equal=True finite=True inputs_untouched=True guards=True
[PASS] case12 exact-150/241 length=20799 candidate_error=4.882812e-04 control_error=4.882812e-04 candidate_tol_ratio=0.029 control_tol_ratio=0.029 pair_match=True bit_equal=True finite=True inputs_untouched=True guards=True
[PASS] case12 exact-151/241 length=20800 candidate_error=4.882812e-04 control_error=4.882812e-04 candidate_tol_ratio=0.029 control_tol_ratio=0.029 pair_match=True bit_equal=True finite=True inputs_untouched=True guards=True
[PASS] case12 exact-152/241 length=20801 candidate_error=4.882812e-04 control_error=4.882812e-04 candidate_tol_ratio=0.029 control_tol_ratio=0.029 pair_match=True bit_equal=True finite=True inputs_untouched=True guards=True
[PASS] case12 exact-153/241 length=20815 candidate_error=4.882812e-04 control_error=4.882812e-04 candidate_tol_ratio=0.029 control_tol_ratio=0.029 pair_match=True bit_equal=True finite=True inputs_untouched=True guards=True
[PASS] case12 exact-154/241 length=20816 candidate_error=4.882812e-04 control_error=4.882812e-04 candidate_tol_ratio=0.029 control_tol_ratio=0.029 pair_match=True bit_equal=True finite=True inputs_untouched=True guards=True
[PASS] case12 exact-155/241 length=20817 candidate_error=4.882812e-04 control_error=4.882812e-04 candidate_tol_ratio=0.029 control_tol_ratio=0.029 pair_match=True bit_equal=True finite=True inputs_untouched=True guards=True
[PASS] case12 exact-156/241 length=21631 candidate_error=4.882812e-04 control_error=4.882812e-04 candidate_tol_ratio=0.029 control_tol_ratio=0.029 pair_match=True bit_equal=True finite=True inputs_untouched=True guards=True
[PASS] case12 exact-157/241 length=21632 candidate_error=4.882812e-04 control_error=4.882812e-04 candidate_tol_ratio=0.029 control_tol_ratio=0.029 pair_match=True bit_equal=True finite=True inputs_untouched=True guards=True
[PASS] case12 exact-158/241 length=21633 candidate_error=4.882812e-04 control_error=4.882812e-04 candidate_tol_ratio=0.029 control_tol_ratio=0.029 pair_match=True bit_equal=True finite=True inputs_untouched=True guards=True
[PASS] case12 exact-159/241 length=21647 candidate_error=4.882812e-04 control_error=4.882812e-04 candidate_tol_ratio=0.029 control_tol_ratio=0.029 pair_match=True bit_equal=True finite=True inputs_untouched=True guards=True
[PASS] case12 exact-160/241 length=21648 candidate_error=4.882812e-04 control_error=4.882812e-04 candidate_tol_ratio=0.029 control_tol_ratio=0.029 pair_match=True bit_equal=True finite=True inputs_untouched=True guards=True
[PASS] case12 exact-161/241 length=21649 candidate_error=4.882812e-04 control_error=4.882812e-04 candidate_tol_ratio=0.029 control_tol_ratio=0.029 pair_match=True bit_equal=True finite=True inputs_untouched=True guards=True
[PASS] case12 exact-162/241 length=22463 candidate_error=4.882812e-04 control_error=4.882812e-04 candidate_tol_ratio=0.029 control_tol_ratio=0.029 pair_match=True bit_equal=True finite=True inputs_untouched=True guards=True
[PASS] case12 exact-163/241 length=22464 candidate_error=4.882812e-04 control_error=4.882812e-04 candidate_tol_ratio=0.029 control_tol_ratio=0.029 pair_match=True bit_equal=True finite=True inputs_untouched=True guards=True
[PASS] case12 exact-164/241 length=22465 candidate_error=4.882812e-04 control_error=4.882812e-04 candidate_tol_ratio=0.029 control_tol_ratio=0.029 pair_match=True bit_equal=True finite=True inputs_untouched=True guards=True
[PASS] case12 exact-165/241 length=22479 candidate_error=4.882812e-04 control_error=4.882812e-04 candidate_tol_ratio=0.029 control_tol_ratio=0.029 pair_match=True bit_equal=True finite=True inputs_untouched=True guards=True
[PASS] case12 exact-166/241 length=22480 candidate_error=4.882812e-04 control_error=4.882812e-04 candidate_tol_ratio=0.029 control_tol_ratio=0.029 pair_match=True bit_equal=True finite=True inputs_untouched=True guards=True
[PASS] case12 exact-167/241 length=22481 candidate_error=4.882812e-04 control_error=4.882812e-04 candidate_tol_ratio=0.029 control_tol_ratio=0.029 pair_match=True bit_equal=True finite=True inputs_untouched=True guards=True
[PASS] case12 exact-168/241 length=23295 candidate_error=4.882812e-04 control_error=4.882812e-04 candidate_tol_ratio=0.029 control_tol_ratio=0.029 pair_match=True bit_equal=True finite=True inputs_untouched=True guards=True
[PASS] case12 exact-169/241 length=23296 candidate_error=4.882812e-04 control_error=4.882812e-04 candidate_tol_ratio=0.029 control_tol_ratio=0.029 pair_match=True bit_equal=True finite=True inputs_untouched=True guards=True
[PASS] case12 exact-170/241 length=23297 candidate_error=4.882812e-04 control_error=4.882812e-04 candidate_tol_ratio=0.029 control_tol_ratio=0.029 pair_match=True bit_equal=True finite=True inputs_untouched=True guards=True
[PASS] case12 exact-171/241 length=23311 candidate_error=4.882812e-04 control_error=4.882812e-04 candidate_tol_ratio=0.029 control_tol_ratio=0.029 pair_match=True bit_equal=True finite=True inputs_untouched=True guards=True
[PASS] case12 exact-172/241 length=23312 candidate_error=4.882812e-04 control_error=4.882812e-04 candidate_tol_ratio=0.028 control_tol_ratio=0.028 pair_match=True bit_equal=True finite=True inputs_untouched=True guards=True
[PASS] case12 exact-173/241 length=23313 candidate_error=4.882812e-04 control_error=4.882812e-04 candidate_tol_ratio=0.029 control_tol_ratio=0.029 pair_match=True bit_equal=True finite=True inputs_untouched=True guards=True
[PASS] case12 exact-174/241 length=24127 candidate_error=4.882812e-04 control_error=4.882812e-04 candidate_tol_ratio=0.029 control_tol_ratio=0.029 pair_match=True bit_equal=True finite=True inputs_untouched=True guards=True
[PASS] case12 exact-175/241 length=24128 candidate_error=4.882812e-04 control_error=4.882812e-04 candidate_tol_ratio=0.029 control_tol_ratio=0.029 pair_match=True bit_equal=True finite=True inputs_untouched=True guards=True
[PASS] case12 exact-176/241 length=24129 candidate_error=4.882812e-04 control_error=4.882812e-04 candidate_tol_ratio=0.029 control_tol_ratio=0.029 pair_match=True bit_equal=True finite=True inputs_untouched=True guards=True
[PASS] case12 exact-177/241 length=24143 candidate_error=4.882812e-04 control_error=4.882812e-04 candidate_tol_ratio=0.029 control_tol_ratio=0.029 pair_match=True bit_equal=True finite=True inputs_untouched=True guards=True
[PASS] case12 exact-178/241 length=24144 candidate_error=4.882812e-04 control_error=4.882812e-04 candidate_tol_ratio=0.029 control_tol_ratio=0.029 pair_match=True bit_equal=True finite=True inputs_untouched=True guards=True
[PASS] case12 exact-179/241 length=24145 candidate_error=4.882812e-04 control_error=4.882812e-04 candidate_tol_ratio=0.028 control_tol_ratio=0.028 pair_match=True bit_equal=True finite=True inputs_untouched=True guards=True
[PASS] case12 exact-180/241 length=24959 candidate_error=4.882812e-04 control_error=4.882812e-04 candidate_tol_ratio=0.029 control_tol_ratio=0.029 pair_match=True bit_equal=True finite=True inputs_untouched=True guards=True
[PASS] case12 exact-181/241 length=24960 candidate_error=4.882812e-04 control_error=4.882812e-04 candidate_tol_ratio=0.029 control_tol_ratio=0.029 pair_match=True bit_equal=True finite=True inputs_untouched=True guards=True
[PASS] case12 exact-182/241 length=24961 candidate_error=4.882812e-04 control_error=4.882812e-04 candidate_tol_ratio=0.029 control_tol_ratio=0.029 pair_match=True bit_equal=True finite=True inputs_untouched=True guards=True
[PASS] case12 exact-183/241 length=24975 candidate_error=4.882812e-04 control_error=4.882812e-04 candidate_tol_ratio=0.029 control_tol_ratio=0.029 pair_match=True bit_equal=True finite=True inputs_untouched=True guards=True
[PASS] case12 exact-184/241 length=24976 candidate_error=4.882812e-04 control_error=4.882812e-04 candidate_tol_ratio=0.029 control_tol_ratio=0.029 pair_match=True bit_equal=True finite=True inputs_untouched=True guards=True
[PASS] case12 exact-185/241 length=24977 candidate_error=4.882812e-04 control_error=4.882812e-04 candidate_tol_ratio=0.028 control_tol_ratio=0.028 pair_match=True bit_equal=True finite=True inputs_untouched=True guards=True
[PASS] case12 exact-186/241 length=25791 candidate_error=4.882812e-04 control_error=4.882812e-04 candidate_tol_ratio=0.029 control_tol_ratio=0.029 pair_match=True bit_equal=True finite=True inputs_untouched=True guards=True
[PASS] case12 exact-187/241 length=25792 candidate_error=4.882812e-04 control_error=4.882812e-04 candidate_tol_ratio=0.029 control_tol_ratio=0.029 pair_match=True bit_equal=True finite=True inputs_untouched=True guards=True
[PASS] case12 exact-188/241 length=25793 candidate_error=4.882812e-04 control_error=4.882812e-04 candidate_tol_ratio=0.029 control_tol_ratio=0.029 pair_match=True bit_equal=True finite=True inputs_untouched=True guards=True
[PASS] case12 exact-189/241 length=25807 candidate_error=4.882812e-04 control_error=4.882812e-04 candidate_tol_ratio=0.028 control_tol_ratio=0.028 pair_match=True bit_equal=True finite=True inputs_untouched=True guards=True
[PASS] case12 exact-190/241 length=25808 candidate_error=4.882812e-04 control_error=4.882812e-04 candidate_tol_ratio=0.029 control_tol_ratio=0.029 pair_match=True bit_equal=True finite=True inputs_untouched=True guards=True
[PASS] case12 exact-191/241 length=25809 candidate_error=4.882812e-04 control_error=4.882812e-04 candidate_tol_ratio=0.029 control_tol_ratio=0.029 pair_match=True bit_equal=True finite=True inputs_untouched=True guards=True
[PASS] case12 exact-192/241 length=26623 candidate_error=4.882812e-04 control_error=4.882812e-04 candidate_tol_ratio=0.029 control_tol_ratio=0.029 pair_match=True bit_equal=True finite=True inputs_untouched=True guards=True
[PASS] case12 exact-193/241 length=26624 candidate_error=4.882812e-04 control_error=4.882812e-04 candidate_tol_ratio=0.029 control_tol_ratio=0.029 pair_match=True bit_equal=True finite=True inputs_untouched=True guards=True
[PASS] case12 exact-194/241 length=26625 candidate_error=4.882812e-04 control_error=4.882812e-04 candidate_tol_ratio=0.029 control_tol_ratio=0.029 pair_match=True bit_equal=True finite=True inputs_untouched=True guards=True
[PASS] case12 exact-195/241 length=26639 candidate_error=4.882812e-04 control_error=4.882812e-04 candidate_tol_ratio=0.029 control_tol_ratio=0.029 pair_match=True bit_equal=True finite=True inputs_untouched=True guards=True
[PASS] case12 exact-196/241 length=26640 candidate_error=4.882812e-04 control_error=4.882812e-04 candidate_tol_ratio=0.029 control_tol_ratio=0.029 pair_match=True bit_equal=True finite=True inputs_untouched=True guards=True
[PASS] case12 exact-197/241 length=26641 candidate_error=4.882812e-04 control_error=4.882812e-04 candidate_tol_ratio=0.029 control_tol_ratio=0.029 pair_match=True bit_equal=True finite=True inputs_untouched=True guards=True
[PASS] case12 exact-198/241 length=27455 candidate_error=4.882812e-04 control_error=4.882812e-04 candidate_tol_ratio=0.028 control_tol_ratio=0.028 pair_match=True bit_equal=True finite=True inputs_untouched=True guards=True
[PASS] case12 exact-199/241 length=27456 candidate_error=4.882812e-04 control_error=4.882812e-04 candidate_tol_ratio=0.028 control_tol_ratio=0.028 pair_match=True bit_equal=True finite=True inputs_untouched=True guards=True
[PASS] case12 exact-200/241 length=27457 candidate_error=4.882812e-04 control_error=4.882812e-04 candidate_tol_ratio=0.028 control_tol_ratio=0.028 pair_match=True bit_equal=True finite=True inputs_untouched=True guards=True
[PASS] case12 exact-201/241 length=27471 candidate_error=4.882812e-04 control_error=4.882812e-04 candidate_tol_ratio=0.029 control_tol_ratio=0.029 pair_match=True bit_equal=True finite=True inputs_untouched=True guards=True
[PASS] case12 exact-202/241 length=27472 candidate_error=4.882812e-04 control_error=4.882812e-04 candidate_tol_ratio=0.029 control_tol_ratio=0.029 pair_match=True bit_equal=True finite=True inputs_untouched=True guards=True
[PASS] case12 exact-203/241 length=27473 candidate_error=4.882812e-04 control_error=4.882812e-04 candidate_tol_ratio=0.029 control_tol_ratio=0.029 pair_match=True bit_equal=True finite=True inputs_untouched=True guards=True
[PASS] case12 exact-204/241 length=28287 candidate_error=4.882812e-04 control_error=4.882812e-04 candidate_tol_ratio=0.028 control_tol_ratio=0.028 pair_match=True bit_equal=True finite=True inputs_untouched=True guards=True
[PASS] case12 exact-205/241 length=28288 candidate_error=4.882812e-04 control_error=4.882812e-04 candidate_tol_ratio=0.028 control_tol_ratio=0.028 pair_match=True bit_equal=True finite=True inputs_untouched=True guards=True
[PASS] case12 exact-206/241 length=28289 candidate_error=4.882812e-04 control_error=4.882812e-04 candidate_tol_ratio=0.028 control_tol_ratio=0.028 pair_match=True bit_equal=True finite=True inputs_untouched=True guards=True
[PASS] case12 exact-207/241 length=28303 candidate_error=4.882812e-04 control_error=4.882812e-04 candidate_tol_ratio=0.029 control_tol_ratio=0.029 pair_match=True bit_equal=True finite=True inputs_untouched=True guards=True
[PASS] case12 exact-208/241 length=28304 candidate_error=4.882812e-04 control_error=4.882812e-04 candidate_tol_ratio=0.028 control_tol_ratio=0.028 pair_match=True bit_equal=True finite=True inputs_untouched=True guards=True
[PASS] case12 exact-209/241 length=28305 candidate_error=4.882812e-04 control_error=4.882812e-04 candidate_tol_ratio=0.028 control_tol_ratio=0.028 pair_match=True bit_equal=True finite=True inputs_untouched=True guards=True
[PASS] case12 exact-210/241 length=29119 candidate_error=4.882812e-04 control_error=4.882812e-04 candidate_tol_ratio=0.028 control_tol_ratio=0.028 pair_match=True bit_equal=True finite=True inputs_untouched=True guards=True
[PASS] case12 exact-211/241 length=29120 candidate_error=4.882812e-04 control_error=4.882812e-04 candidate_tol_ratio=0.029 control_tol_ratio=0.029 pair_match=True bit_equal=True finite=True inputs_untouched=True guards=True
[PASS] case12 exact-212/241 length=29121 candidate_error=4.882812e-04 control_error=4.882812e-04 candidate_tol_ratio=0.029 control_tol_ratio=0.029 pair_match=True bit_equal=True finite=True inputs_untouched=True guards=True
[PASS] case12 exact-213/241 length=29135 candidate_error=2.441406e-04 control_error=2.441406e-04 candidate_tol_ratio=0.015 control_tol_ratio=0.015 pair_match=True bit_equal=True finite=True inputs_untouched=True guards=True
[PASS] case12 exact-214/241 length=29136 candidate_error=4.882812e-04 control_error=4.882812e-04 candidate_tol_ratio=0.029 control_tol_ratio=0.029 pair_match=True bit_equal=True finite=True inputs_untouched=True guards=True
[PASS] case12 exact-215/241 length=29137 candidate_error=4.882812e-04 control_error=4.882812e-04 candidate_tol_ratio=0.029 control_tol_ratio=0.029 pair_match=True bit_equal=True finite=True inputs_untouched=True guards=True
[PASS] case12 exact-216/241 length=29951 candidate_error=2.441406e-04 control_error=2.441406e-04 candidate_tol_ratio=0.015 control_tol_ratio=0.015 pair_match=True bit_equal=True finite=True inputs_untouched=True guards=True
[PASS] case12 exact-217/241 length=29952 candidate_error=2.441406e-04 control_error=2.441406e-04 candidate_tol_ratio=0.015 control_tol_ratio=0.015 pair_match=True bit_equal=True finite=True inputs_untouched=True guards=True
[PASS] case12 exact-218/241 length=29953 candidate_error=2.441406e-04 control_error=2.441406e-04 candidate_tol_ratio=0.015 control_tol_ratio=0.015 pair_match=True bit_equal=True finite=True inputs_untouched=True guards=True
[PASS] case12 exact-219/241 length=29967 candidate_error=4.882812e-04 control_error=4.882812e-04 candidate_tol_ratio=0.028 control_tol_ratio=0.028 pair_match=True bit_equal=True finite=True inputs_untouched=True guards=True
[PASS] case12 exact-220/241 length=29968 candidate_error=4.882812e-04 control_error=4.882812e-04 candidate_tol_ratio=0.028 control_tol_ratio=0.028 pair_match=True bit_equal=True finite=True inputs_untouched=True guards=True
[PASS] case12 exact-221/241 length=29969 candidate_error=4.882812e-04 control_error=4.882812e-04 candidate_tol_ratio=0.028 control_tol_ratio=0.028 pair_match=True bit_equal=True finite=True inputs_untouched=True guards=True
[PASS] case12 exact-222/241 length=30783 candidate_error=2.441406e-04 control_error=2.441406e-04 candidate_tol_ratio=0.015 control_tol_ratio=0.015 pair_match=True bit_equal=True finite=True inputs_untouched=True guards=True
[PASS] case12 exact-223/241 length=30784 candidate_error=2.441406e-04 control_error=2.441406e-04 candidate_tol_ratio=0.015 control_tol_ratio=0.015 pair_match=True bit_equal=True finite=True inputs_untouched=True guards=True
[PASS] case12 exact-224/241 length=30785 candidate_error=2.441406e-04 control_error=2.441406e-04 candidate_tol_ratio=0.015 control_tol_ratio=0.015 pair_match=True bit_equal=True finite=True inputs_untouched=True guards=True
[PASS] case12 exact-225/241 length=30799 candidate_error=4.882812e-04 control_error=4.882812e-04 candidate_tol_ratio=0.028 control_tol_ratio=0.028 pair_match=True bit_equal=True finite=True inputs_untouched=True guards=True
[PASS] case12 exact-226/241 length=30800 candidate_error=4.882812e-04 control_error=4.882812e-04 candidate_tol_ratio=0.028 control_tol_ratio=0.028 pair_match=True bit_equal=True finite=True inputs_untouched=True guards=True
[PASS] case12 exact-227/241 length=30801 candidate_error=4.882812e-04 control_error=4.882812e-04 candidate_tol_ratio=0.028 control_tol_ratio=0.028 pair_match=True bit_equal=True finite=True inputs_untouched=True guards=True
[PASS] case12 exact-228/241 length=31615 candidate_error=4.882812e-04 control_error=4.882812e-04 candidate_tol_ratio=0.029 control_tol_ratio=0.029 pair_match=True bit_equal=True finite=True inputs_untouched=True guards=True
[PASS] case12 exact-229/241 length=31616 candidate_error=4.882812e-04 control_error=4.882812e-04 candidate_tol_ratio=0.029 control_tol_ratio=0.029 pair_match=True bit_equal=True finite=True inputs_untouched=True guards=True
[PASS] case12 exact-230/241 length=31617 candidate_error=4.882812e-04 control_error=4.882812e-04 candidate_tol_ratio=0.029 control_tol_ratio=0.029 pair_match=True bit_equal=True finite=True inputs_untouched=True guards=True
[PASS] case12 exact-231/241 length=31631 candidate_error=4.882812e-04 control_error=4.882812e-04 candidate_tol_ratio=0.028 control_tol_ratio=0.028 pair_match=True bit_equal=True finite=True inputs_untouched=True guards=True
[PASS] case12 exact-232/241 length=31632 candidate_error=2.441406e-04 control_error=2.441406e-04 candidate_tol_ratio=0.015 control_tol_ratio=0.015 pair_match=True bit_equal=True finite=True inputs_untouched=True guards=True
[PASS] case12 exact-233/241 length=31633 candidate_error=4.882812e-04 control_error=4.882812e-04 candidate_tol_ratio=0.028 control_tol_ratio=0.028 pair_match=True bit_equal=True finite=True inputs_untouched=True guards=True
[PASS] case12 exact-234/241 length=32447 candidate_error=4.882812e-04 control_error=4.882812e-04 candidate_tol_ratio=0.028 control_tol_ratio=0.028 pair_match=True bit_equal=True finite=True inputs_untouched=True guards=True
[PASS] case12 exact-235/241 length=32448 candidate_error=4.882812e-04 control_error=4.882812e-04 candidate_tol_ratio=0.028 control_tol_ratio=0.028 pair_match=True bit_equal=True finite=True inputs_untouched=True guards=True
[PASS] case12 exact-236/241 length=32449 candidate_error=4.882812e-04 control_error=4.882812e-04 candidate_tol_ratio=0.028 control_tol_ratio=0.028 pair_match=True bit_equal=True finite=True inputs_untouched=True guards=True
[PASS] case12 exact-237/241 length=32463 candidate_error=4.882812e-04 control_error=4.882812e-04 candidate_tol_ratio=0.028 control_tol_ratio=0.028 pair_match=True bit_equal=True finite=True inputs_untouched=True guards=True
[PASS] case12 exact-238/241 length=32464 candidate_error=2.441406e-04 control_error=2.441406e-04 candidate_tol_ratio=0.015 control_tol_ratio=0.015 pair_match=True bit_equal=True finite=True inputs_untouched=True guards=True
[PASS] case12 exact-239/241 length=32465 candidate_error=2.441406e-04 control_error=2.441406e-04 candidate_tol_ratio=0.015 control_tol_ratio=0.015 pair_match=True bit_equal=True finite=True inputs_untouched=True guards=True
[PASS] case12 exact-240/241 length=32767 candidate_error=2.441406e-04 control_error=2.441406e-04 candidate_tol_ratio=0.015 control_tol_ratio=0.015 pair_match=True bit_equal=True finite=True inputs_untouched=True guards=True
[PASS] case12 exact-241/241 length=32768 candidate_error=2.441406e-04 control_error=2.441406e-04 candidate_tol_ratio=0.015 control_tol_ratio=0.015 pair_match=True bit_equal=True finite=True inputs_untouched=True guards=True
[PASS] case12 exact 1/2/15/16/17 and all 832-token boundaries
[PASS] case12 full batch baseline candidate_error=2.441406e-04 control_error=2.441406e-04 candidate_tol_ratio=0.015 control_tol_ratio=0.015 pair_match=True bit_equal=True finite=True inputs_untouched=True guards=True
[PASS] case12 full batch has no logical padding target; baseline only
[PASS] case12 mixed fixed batch baseline candidate_error=7.812500e-03 control_error=7.812500e-03 candidate_tol_ratio=0.235 control_tol_ratio=0.235 pair_match=True bit_equal=True finite=True inputs_untouched=True guards=True
[PASS] case12 mixed fixed batch padding-page/token poison pages=14174 tail_rows=48 candidate_error=7.812500e-03 control_error=7.812500e-03 candidate_tol_ratio=0.235 control_tol_ratio=0.235 pair_match=True bit_equal=True finite=True inputs_untouched=True guards=True
[PASS] case12 mixed fixed batch poison invariance reference/candidate/control=True
[PASS] case12 random mixed batch 1 baseline candidate_error=7.812500e-03 control_error=7.812500e-03 candidate_tol_ratio=0.242 control_tol_ratio=0.242 pair_match=True bit_equal=True finite=True inputs_untouched=True guards=True
[PASS] case12 random mixed batch 1 padding-page/token poison pages=12916 tail_rows=105 candidate_error=7.812500e-03 control_error=7.812500e-03 candidate_tol_ratio=0.242 control_tol_ratio=0.242 pair_match=True bit_equal=True finite=True inputs_untouched=True guards=True
[PASS] case12 random mixed batch 1 poison invariance reference/candidate/control=True
[PASS] case12 random mixed batch 2 baseline candidate_error=7.812500e-03 control_error=7.812500e-03 candidate_tol_ratio=0.229 control_tol_ratio=0.229 pair_match=True bit_equal=True finite=True inputs_untouched=True guards=True
[PASS] case12 random mixed batch 2 padding-page/token poison pages=11098 tail_rows=78 candidate_error=7.812500e-03 control_error=7.812500e-03 candidate_tol_ratio=0.229 control_tol_ratio=0.229 pair_match=True bit_equal=True finite=True inputs_untouched=True guards=True
[PASS] case12 random mixed batch 2 poison invariance reference/candidate/control=True
[PASS] case12 random mixed batch 3 baseline candidate_error=7.812500e-03 control_error=7.812500e-03 candidate_tol_ratio=0.237 control_tol_ratio=0.237 pair_match=True bit_equal=True finite=True inputs_untouched=True guards=True
[PASS] case12 random mixed batch 3 padding-page/token poison pages=13743 tail_rows=0 candidate_error=7.812500e-03 control_error=7.812500e-03 candidate_tol_ratio=0.237 control_tol_ratio=0.237 pair_match=True bit_equal=True finite=True inputs_untouched=True guards=True
[PASS] case12 random mixed batch 3 poison invariance reference/candidate/control=True
[PASS] case12 full/random mixed-batch poison checks=5 q_head_tags=128
[PASS] case12 workspace 32768->1->32768 iter=1/3 step=1/3 candidate_error=2.441406e-04 control_error=2.441406e-04 candidate_tol_ratio=0.015 control_tol_ratio=0.015 pair_match=True bit_equal=True finite=True inputs_untouched=True guards=True
[PASS] case12 workspace 32768->1->32768 step=1 deterministic=True
[PASS] case12 workspace 32768->1->32768 iter=1/3 step=2/3 candidate_error=0.000000e+00 control_error=0.000000e+00 candidate_tol_ratio=0.000 control_tol_ratio=0.000 pair_match=True bit_equal=True finite=True inputs_untouched=True guards=True
[PASS] case12 workspace 32768->1->32768 step=2 deterministic=True
[PASS] case12 workspace 32768->1->32768 iter=1/3 step=3/3 candidate_error=2.441406e-04 control_error=2.441406e-04 candidate_tol_ratio=0.015 control_tol_ratio=0.015 pair_match=True bit_equal=True finite=True inputs_untouched=True guards=True
[PASS] case12 workspace 32768->1->32768 step=3 deterministic=True
[PASS] case12 workspace 32768->1->32768 iter=2/3 step=1/3 candidate_error=2.441406e-04 control_error=2.441406e-04 candidate_tol_ratio=0.015 control_tol_ratio=0.015 pair_match=True bit_equal=True finite=True inputs_untouched=True guards=True
[PASS] case12 workspace 32768->1->32768 step=1 deterministic=True
[PASS] case12 workspace 32768->1->32768 iter=2/3 step=2/3 candidate_error=0.000000e+00 control_error=0.000000e+00 candidate_tol_ratio=0.000 control_tol_ratio=0.000 pair_match=True bit_equal=True finite=True inputs_untouched=True guards=True
[PASS] case12 workspace 32768->1->32768 step=2 deterministic=True
[PASS] case12 workspace 32768->1->32768 iter=2/3 step=3/3 candidate_error=2.441406e-04 control_error=2.441406e-04 candidate_tol_ratio=0.015 control_tol_ratio=0.015 pair_match=True bit_equal=True finite=True inputs_untouched=True guards=True
[PASS] case12 workspace 32768->1->32768 step=3 deterministic=True
[PASS] case12 workspace 32768->1->32768 iter=3/3 step=1/3 candidate_error=2.441406e-04 control_error=2.441406e-04 candidate_tol_ratio=0.015 control_tol_ratio=0.015 pair_match=True bit_equal=True finite=True inputs_untouched=True guards=True
[PASS] case12 workspace 32768->1->32768 step=1 deterministic=True
[PASS] case12 workspace 32768->1->32768 iter=3/3 step=2/3 candidate_error=0.000000e+00 control_error=0.000000e+00 candidate_tol_ratio=0.000 control_tol_ratio=0.000 pair_match=True bit_equal=True finite=True inputs_untouched=True guards=True
[PASS] case12 workspace 32768->1->32768 step=2 deterministic=True
[PASS] case12 workspace 32768->1->32768 iter=3/3 step=3/3 candidate_error=2.441406e-04 control_error=2.441406e-04 candidate_tol_ratio=0.015 control_tol_ratio=0.015 pair_match=True bit_equal=True finite=True inputs_untouched=True guards=True
[PASS] case12 workspace 32768->1->32768 step=3 deterministic=True
[PASS] case12 workspace sequence 32768->1->32768
[PASS] case12 workspace 1->32768 iter=1/3 step=1/2 candidate_error=0.000000e+00 control_error=0.000000e+00 candidate_tol_ratio=0.000 control_tol_ratio=0.000 pair_match=True bit_equal=True finite=True inputs_untouched=True guards=True
[PASS] case12 workspace 1->32768 step=1 deterministic=True
[PASS] case12 workspace 1->32768 iter=1/3 step=2/2 candidate_error=2.441406e-04 control_error=2.441406e-04 candidate_tol_ratio=0.015 control_tol_ratio=0.015 pair_match=True bit_equal=True finite=True inputs_untouched=True guards=True
[PASS] case12 workspace 1->32768 step=2 deterministic=True
[PASS] case12 workspace 1->32768 iter=2/3 step=1/2 candidate_error=0.000000e+00 control_error=0.000000e+00 candidate_tol_ratio=0.000 control_tol_ratio=0.000 pair_match=True bit_equal=True finite=True inputs_untouched=True guards=True
[PASS] case12 workspace 1->32768 step=1 deterministic=True
[PASS] case12 workspace 1->32768 iter=2/3 step=2/2 candidate_error=2.441406e-04 control_error=2.441406e-04 candidate_tol_ratio=0.015 control_tol_ratio=0.015 pair_match=True bit_equal=True finite=True inputs_untouched=True guards=True
[PASS] case12 workspace 1->32768 step=2 deterministic=True
[PASS] case12 workspace 1->32768 iter=3/3 step=1/2 candidate_error=0.000000e+00 control_error=0.000000e+00 candidate_tol_ratio=0.000 control_tol_ratio=0.000 pair_match=True bit_equal=True finite=True inputs_untouched=True guards=True
[PASS] case12 workspace 1->32768 step=1 deterministic=True
[PASS] case12 workspace 1->32768 iter=3/3 step=2/2 candidate_error=2.441406e-04 control_error=2.441406e-04 candidate_tol_ratio=0.015 control_tol_ratio=0.015 pair_match=True bit_equal=True finite=True inputs_untouched=True guards=True
[PASS] case12 workspace 1->32768 step=2 deterministic=True
[PASS] case12 workspace sequence 1->32768
[PASS] case12 workspace reuse 32768->1->32768 and 1->32768 tags=128
case12 exp644 special correctness: PASS finite=True no_nan=True no_inf=True guards=True
