--- solutions/archive/2026-08-16-submissions/cuda_113889.cpp	2026-08-23 13:14:53.773027610 +0000
+++ solutions/archive/2026-08-20-experiments/cuda_case11_last_live_split_finalizer_exp607.cpp	2026-08-20 12:31:30.929678943 +0000
@@ -3167,7 +3167,9 @@
           bool DISTRIBUTED_HEAD_MAX = false,
           bool SKIP_EMPTY_RESCALE = false,
           bool BF16_MMA_QK = false,
-          bool SYMMETRIC_FINALIZER = false>
+          bool SYMMETRIC_FINALIZER = false,
+          bool SKIP_LAST_LIVE_SPLIT = false,
+          bool LAST_LIVE_SPLIT_FINALIZER = false>
 __global__ void __launch_bounds__(256)
 paged_decode_case11_headpair_z4_kernel(
     const __nv_bfloat16* __restrict__ q,
@@ -3236,17 +3238,68 @@
                          CASE14_FIXED_15_PAGES)) ||
                        COMBINED_SPLIT_HEAD_QK),
                   "BF16 MMA QK requires a proven full or combined producer");
+    static_assert(!SKIP_LAST_LIVE_SPLIT ||
+                      (FULL_PAGES_ONLY && FUSE_TAIL_IN_LAST_SPLIT &&
+                       SYMMETRIC_FINALIZER &&
+                       !BF16_NORMALIZED_PARTIAL &&
+                       !FP16_PACKED_ML_PARTIAL),
+                  "last-live producer skip requires raw FP32 fused-tail case11");
+    static_assert(!LAST_LIVE_SPLIT_FINALIZER ||
+                      (FULL_PAGES_ONLY && FUSE_TAIL_IN_LAST_SPLIT &&
+                       SYMMETRIC_FINALIZER &&
+                       !BF16_NORMALIZED_PARTIAL &&
+                       !FP16_PACKED_ML_PARTIAL),
+                  "last-live finalizer requires raw FP32 fused-tail case11");
+    static_assert(!(SKIP_LAST_LIVE_SPLIT && LAST_LIVE_SPLIT_FINALIZER),
+                  "last-live producer and finalizer are mutually exclusive");
     const int tx = threadIdx.x;
     const int ty = threadIdx.y;
     const int tz = threadIdx.z;
     const int b = blockIdx.x >> 2;
     const int kv_head = blockIdx.x & 3;
-    const int split = blockIdx.y;
+    int split = blockIdx.y;
     const int h0 = kv_head * 8 + ty;
     const int h1 = h0 + 4;
 
     const int seqlen = cache_seqlens[b];
     const int full_pages = seqlen / PAGE_TOKENS;
+    const int tail_tokens = seqlen & (PAGE_TOKENS - 1);
+    const int live_splits = full_pages > 0
+        ? min(n_split,
+              (full_pages + pages_per_split - 1) / pages_per_split)
+        : (tail_tokens != 0 ? 1 : 0);
+    const int last_live_split = live_splits - 1;
+    if constexpr (LAST_LIVE_SPLIT_FINALIZER) {
+        if (live_splits == 0) {
+            // Empty requests have no valid page to recompute; keep the
+            // direct-output contract deterministic instead of touching any
+            // workspace slot from a previous call.
+            if (tz == 0) {
+                __nv_bfloat162* out0 = reinterpret_cast<__nv_bfloat162*>(
+                    out + (b * 32 + h0) * HEAD_DIM + tx * 8);
+#pragma unroll
+                for (int i = 0; i < 4; ++i) {
+                    out0[i] = __floats2bfloat162_rn(0.f, 0.f);
+                }
+            } else if (tz == 1) {
+                __nv_bfloat162* out1 = reinterpret_cast<__nv_bfloat162*>(
+                    out + (b * 32 + h1) * HEAD_DIM + tx * 8);
+#pragma unroll
+                for (int i = 0; i < 4; ++i) {
+                    out1[i] = __floats2bfloat162_rn(0.f, 0.f);
+                }
+            }
+            return;
+        }
+        // The second same-stream launch owns only the final live split.  Its
+        // producer body below is reused verbatim, then its FP32 state is
+        // streamed into the direct-output path instead of a partial slot.
+        split = last_live_split;
+    } else if constexpr (SKIP_LAST_LIVE_SPLIT) {
+        // exp607 leaves the last live split to the independent finalizer so
+        // no stale/unwritten final slot can reach a reducer.
+        if (live_splits == 0 || split >= last_live_split) return;
+    }
     int out_split = split;
     int p_beg;
     int p_end;
@@ -3819,7 +3872,25 @@
                 s_md[row0][0], s_md[row0][1],
                 s_acc + row0 * HEAD_DIM + tx * 8);
 
-            if (n_split == 1) {
+            if constexpr (LAST_LIVE_SPLIT_FINALIZER) {
+                // Stream the already-computed raw FP32 prefix into the
+                // recomputed last split.  Only [0,last) is read; skipped or
+                // stale workspace slots are never part of this merge.
+                for (int s = 0; s < last_live_split; ++s) {
+                    const int idx = (s * batch_size + b) * 32 + h0;
+                    merge_case11_head_state(
+                        m0, l0, acc0, partial_m[idx], partial_l[idx],
+                        partial_acc + idx * HEAD_DIM + tx * 8);
+                }
+                const float inv_l0 = l0 > 0.f ? 1.f / l0 : 0.f;
+                __nv_bfloat162* out0 = reinterpret_cast<__nv_bfloat162*>(
+                    out + (b * 32 + h0) * HEAD_DIM + tx * 8);
+#pragma unroll
+                for (int i = 0; i < 4; ++i) {
+                    out0[i] = __floats2bfloat162_rn(
+                        acc0[2 * i] * inv_l0, acc0[2 * i + 1] * inv_l0);
+                }
+            } else if (n_split == 1) {
                 const float inv_l0 = l0 > 0.f ? 1.f / l0 : 0.f;
                 __nv_bfloat162* out0 = reinterpret_cast<__nv_bfloat162*>(
                     out + (b * 32 + h0) * HEAD_DIM + tx * 8);
@@ -3866,7 +3937,24 @@
                 s_md[row1][0], s_md[row1][1],
                 s_acc + row1 * HEAD_DIM + tx * 8);
 
-            if (n_split == 1) {
+            if constexpr (LAST_LIVE_SPLIT_FINALIZER) {
+                // h1 has an independent GQA owner and the same raw-FP32
+                // prefix; keep its merge stream separate from h0.
+                for (int s = 0; s < last_live_split; ++s) {
+                    const int idx = (s * batch_size + b) * 32 + h1;
+                    merge_case11_head_state(
+                        m1, l1, acc1, partial_m[idx], partial_l[idx],
+                        partial_acc + idx * HEAD_DIM + tx * 8);
+                }
+                const float inv_l1 = l1 > 0.f ? 1.f / l1 : 0.f;
+                __nv_bfloat162* out1 = reinterpret_cast<__nv_bfloat162*>(
+                    out + (b * 32 + h1) * HEAD_DIM + tx * 8);
+#pragma unroll
+                for (int i = 0; i < 4; ++i) {
+                    out1[i] = __floats2bfloat162_rn(
+                        acc1[2 * i] * inv_l1, acc1[2 * i + 1] * inv_l1);
+                }
+            } else if (n_split == 1) {
                 const float inv_l1 = l1 > 0.f ? 1.f / l1 : 0.f;
                 __nv_bfloat162* out1 = reinterpret_cast<__nv_bfloat162*>(
                     out + (b * 32 + h1) * HEAD_DIM + tx * 8);
@@ -5319,6 +5407,9 @@
     // ---- launch 主 kernel ----
     const dim3 grid((unsigned)(batch_size * num_heads_k), (unsigned)n_split);
     const dim3 tail_grid((unsigned)(batch_size * num_heads_k), 1);
+    const bool use_case11_last_live_finalizer =
+        (XPUOJ_ENABLE_OPTIMIZED_MACA != 0) &&
+        num_heads_k == 4 && batch_size == 16 && seqlen_k == 12251;
 #if XPUOJ_ENABLE_OPTIMIZED_MACA
     // The MMA-QK candidate is not numerically equivalent under the local
     // C500 MACA 3.7.1 runtime: full-length KV4 inputs fail the OJ tolerance,
@@ -5435,10 +5526,13 @@
                         // exp151 folds the invariant score scale into Q once
                         // per split instead of multiplying every token score.
                         // exp464: symmetric z-state finalizer ownership.
+                        // exp607: producer writes only the live prefix; the
+                        // independent same-stream launch below recomputes the
+                        // final live split and emits the final BF16 output.
                         paged_decode_case11_headpair_z4_kernel<
                             true, true, false, true, true, true, true, true,
                             false, true, false, false, false, true, true, true,
-                            true, true, true><<<
+                            true, true, true, true, false><<<
                             grid, dim3(16, 4, 4)>>>(
                             q, k_cache_paged, v_cache_paged, output,
                             cache_seqlens, block_table,
@@ -5446,6 +5540,19 @@
                             (int)batch_size, (int)pages_per_batch,
                             (int)pages_per_split, n_split,
                             sm_scale * 1.4426950408889634f);
+                        if (use_case11_last_live_finalizer) {
+                            paged_decode_case11_headpair_z4_kernel<
+                                true, true, false, true, true, true, true, true,
+                                false, true, false, false, false, true, true, true,
+                                true, true, true, false, true><<<
+                                tail_grid, dim3(16, 4, 4)>>>(
+                                q, k_cache_paged, v_cache_paged, output,
+                                cache_seqlens, block_table,
+                                s_partial_m, s_partial_l, s_partial_acc,
+                                (int)batch_size, (int)pages_per_batch,
+                                (int)pages_per_split, n_split,
+                                sm_scale * 1.4426950408889634f);
+                        }
                     }
                 }
             } else {
@@ -5749,7 +5856,7 @@
 #endif
 
     // ---- launch 归约 kernel（单 split 已由主 kernel 直写）----
-    if (n_split > 1) {
+    if (n_split > 1 && !use_case11_last_live_finalizer) {
         const int reduce_splits = partial_split_count;
         // 一个 CTA 协作合并一个 (batch, head)；两个 split 标量数组与
         // 4 个 warp 临时值存于动态 shared memory。
