candidate target resources:
122: maca info  : Function properties for  _Z50paged_decode_case2_source_owner_native_b128_kernelILi8ELi4EEvPK15__maca_bfloat16PS0_PKiS5_i 
123-  0 bytes stack frame 
124- maca info  : Used  12 MTregisters, 20 STregisters, 0 bytes shared mem  
--
126: maca info  : Function properties for  _Z29paged_decode_two_token_kernelILi8ELi4ELb1EEvPK15__maca_bfloat16S2_S2_PS0_PKiS5_if 
127-  0 bytes stack frame 
128- maca info  : Used  22 MTregisters, 26 STregisters, 0 bytes shared mem  
--
130: maca info  : Function properties for  _Z29paged_decode_two_token_kernelILi8ELi4ELb0EEvPK15__maca_bfloat16S2_S2_PS0_PKiS5_if 
131-  0 bytes stack frame 
132- maca info  : Used  22 MTregisters, 24 STregisters, 0 bytes shared mem  
control two-token resources:
122: maca info  : Function properties for  _Z29paged_decode_two_token_kernelILi8ELi4EEvPK15__maca_bfloat16S2_S2_PS0_PKiS5_if 
123-  0 bytes stack frame 
124- maca info  : Used  22 MTregisters, 26 STregisters, 0 bytes shared mem  
native direct intrinsic calls in source-owner function:
  %7 = tail call noundef <4 x i32> @llvm.mxc.ldg.predicator.v4i32(ptr addrspace(1) %6, i32 0, i64 -1, i1 true, i1 true, i1 false, i1 false), !call_argsrelate !36
  tail call void @llvm.mxc.stg.predicator.v4i32(ptr addrspace(1) %gep, i32 0, <4 x i32> %7, i64 %9, i1 true, i1 false, i1 false), !call_argsrelate !37
  tail call void @llvm.mxc.stg.predicator.v4i32(ptr addrspace(1) %gep.1, i32 0, <4 x i32> %7, i64 %11, i1 true, i1 false, i1 false), !call_argsrelate !37
  tail call void @llvm.mxc.stg.predicator.v4i32(ptr addrspace(1) %gep.2, i32 0, <4 x i32> %7, i64 %13, i1 true, i1 false, i1 false), !call_argsrelate !37
  tail call void @llvm.mxc.stg.predicator.v4i32(ptr addrspace(1) %gep.3, i32 0, <4 x i32> %7, i64 %15, i1 true, i1 false, i1 false), !call_argsrelate !37
}
native direct intrinsic counts:
      1 llvm.mxc.ldg.predicator.v4i32
      4 llvm.mxc.stg.predicator.v4i32
source-owner has no BSM in function:
PASS
