exp603v3 corrected validation summary
UTC 2026-08-20T07:31:28Z
target BSM calls:
control_target=candidate_target=8
PASS counts:
log/exp603v3_c500_full.log=14
log/exp603v3_c500_random.log=14
log/exp603v3_c500_boundary.log=14
log/exp603v3_case12_exact_a.log=77
log/exp603v3_case12_exact_b.log=72
log/exp603v3_case12_exact_c.log=90
log/exp603v3_case12_exact_tail.log=2
log/exp603v3_case12_reuse_full_short_full.log=3
log/exp603v3_case12_reuse_short_full.log=2
exact union check:
observed= 241 unique= 241 expected= 241 missing= [] extra= []
A/B:
log/exp603v3_ab_case12_boundary.log:case 12 B= 8 L=32768 KV=8 | control p50=0.2342 ms | candidate p50=0.2327 ms | candidate/control p10/p50/p90=0.9919/0.9937/0.9986 | speedup=1.006x
log/exp603v3_ab_case12_random.log:case 12 B= 8 L=32768 KV=8 | control p50=0.4869 ms | candidate p50=0.4874 ms | candidate/control p10/p50/p90=0.9989/0.9994/1.0033 | speedup=1.001x
log/exp603v3_ab_case12_full.log:case 12 B= 8 L=32768 KV=8 | control p50=0.7214 ms | candidate p50=0.7209 ms | candidate/control p10/p50/p90=0.9979/0.9993/1.0009 | speedup=1.001x
source/binaries:
a92f74e6aae22bc8e9a0a08b627ee9441c014cce9d950cf984f23c8987840972  solutions/archive/2026-08-16-submissions/cuda_113889.cpp
d27f5e5cfb17562baacbc4f4393c3513bc501cae283d222d718719abd251df28  solutions/archive/2026-08-20-experiments/cuda_case12_wave_local_q_bsm_exp603.cpp
4bbe97993b7ad219dc607e95a8a45a11c26c8c96042d857084f91098d00ea873  build/exp603v3_control.so
61ecb650b68ac181fbc17795c0df200b2431cfc69b4c48911890f421e61c65c5  build/exp603v3_candidate.so
