exp608 relaxed C500 minimum correctness smoke
date=2026-08-23
scope=isolated candidate only; no A/B; no workfile/OJ/shared-record access

candidate_source=solutions/archive/2026-08-20-experiments/cuda_case12_direct_k_wave_bsm_exp608.cpp
candidate_source_sha256=1ed233b3ba65106c80024d0aece5c006f9b05678d8f36069800c1f84fd6d4f5f
candidate_library=build/exp608_relaxed_candidate_resource.so
candidate_library_sha256=cc90b20e2e682b353cc7e1b6a6b63c8669b726a8c490f21071691529d7d802a5
device=MetaX C500
torch=2.8.0+metax3.7.1.3

command_exact_lengths:
python3 tests/c500_paged_decode_harness.py --library build/exp608_relaxed_candidate_resource.so --cases 12 --length-values 1,2,15,16,17,31,32,33,831,832,833,32767,32768 --seed 20260809
exit_status=0
exact_lengths_passed=13/13
exact_lengths=1,2,15,16,17,31,32,33,831,832,833,32767,32768
all_finite=True
matched_ratio=1.000000 for every length
max_error_by_length:
  1=0.000000e+00
  2=1.562500e-02
  15=7.812500e-03
  16=7.812500e-03
  17=7.812500e-03
  31=7.812500e-03
  32=7.812500e-03
  33=7.812500e-03
  831=9.765625e-04
  832=1.953125e-03
  833=9.765625e-04
  32767=2.441406e-04
  32768=2.441406e-04

The exact-length command keeps one case12 allocation/process and changes
cache_seqlens between launches, so it is also a same-process workspace reuse
smoke. It includes the full target capacity 32768.

command_boundary:
python3 tests/c500_paged_decode_harness.py --library build/exp608_relaxed_candidate_resource.so --cases 12 --lengths boundary --seed 20260809
exit_status=0
boundary_passed=True
boundary_matched_ratio=1.000000
boundary_max_error=7.812500e-03
boundary_max_tol_ratio=0.239
boundary_finite=True

Conclusion: no NaN/Inf, numerical mismatch, or runtime/launch failure was
observed in the requested isolated candidate smoke. This is correctness-only
evidence; no performance or resource-gate decision is made here.

