 maca info  : Function properties for  _Z27paged_decode_generic_kernelPK15__maca_bfloat16S1_S1_PS_PKiS4_llllllf 
  0 bytes stack frame 
 maca info  : Used  28 MTregisters, 50 STregisters, 0 bytes shared mem  
 maca info  : staticMaxWarps/PEU : 8

 maca info  : Function properties for  _Z32paged_decode_single_token_kernelILi4ELi8EEvPK15__maca_bfloat16PS0_PKii 
  0 bytes stack frame 
 maca info  : Used  6 MTregisters, 18 STregisters, 0 bytes shared mem  
 maca info  : staticMaxWarps/PEU : 8

 maca info  : Function properties for  _Z32paged_decode_single_token_kernelILi8ELi4EEvPK15__maca_bfloat16PS0_PKii 
  0 bytes stack frame 
 maca info  : Used  6 MTregisters, 18 STregisters, 0 bytes shared mem  
 maca info  : staticMaxWarps/PEU : 8

 maca info  : Function properties for  _Z39paged_decode_two_token_shared_kv_kernelILi8ELi4EEvPK15__maca_bfloat16S2_S2_PS0_PKiS5_if 
  0 bytes stack frame 
 maca info  : Used  18 MTregisters, 24 STregisters, 1024 bytes shared mem  
 maca info  : staticMaxWarps/PEU : 8

 maca info  : Function properties for  _Z29paged_decode_two_token_kernelILi4ELi8EEvPK15__maca_bfloat16S2_S2_PS0_PKiS5_if 
  0 bytes stack frame 
 maca info  : Used  22 MTregisters, 26 STregisters, 0 bytes shared mem  
 maca info  : staticMaxWarps/PEU : 8

 maca info  : Function properties for  _Z29paged_decode_two_token_kernelILi8ELi4EEvPK15__maca_bfloat16S2_S2_PS0_PKiS5_if 
  0 bytes stack frame 
 maca info  : Used  22 MTregisters, 26 STregisters, 0 bytes shared mem  
 maca info  : staticMaxWarps/PEU : 8

 maca info  : Function properties for  _Z38paged_decode_case11_headpair_z4_kernelILb1ELb1ELb0ELb1ELb1ELb1ELb1ELb1ELb0ELb1ELb1ELb0ELb0ELb1ELb1ELb1ELb0ELb0ELb0EEvPK15__maca_bfloat16S2_S2_PS0_PKiS5_PfS6_S6_iiiif 
  0 bytes stack frame 
 maca info  : Used  86 MTregisters, 70 STregisters, 8320 bytes shared mem  
 maca info  : staticMaxWarps/PEU : 5

 maca info  : Function properties for  _Z38paged_decode_case11_headpair_z4_kernelILb1ELb1ELb0ELb1ELb1ELb1ELb1ELb1ELb0ELb1ELb0ELb0ELb0ELb1ELb1ELb1ELb1ELb1ELb1EEvPK15__maca_bfloat16S2_S2_PS0_PKiS5_PfS6_S6_iiiif 
  0 bytes stack frame 
 maca info  : Used  80 MTregisters, 58 STregisters, 8320 bytes shared mem  
 maca info  : staticMaxWarps/PEU : 6

 maca info  : Function properties for  _Z38paged_decode_case11_headpair_z4_kernelILb1ELb1ELb0ELb1ELb1ELb1ELb0ELb1ELb1ELb1ELb0ELb1ELb1ELb0ELb0ELb0ELb0ELb1ELb1EEvPK15__maca_bfloat16S2_S2_PS0_PKiS5_PfS6_S6_iiiif 
  0 bytes stack frame 
 maca info  : Used  82 MTregisters, 66 STregisters, 8320 bytes shared mem  
 maca info  : staticMaxWarps/PEU : 5

 maca info  : Function properties for  _Z38paged_decode_case11_headpair_z4_kernelILb1ELb1ELb0ELb1ELb1ELb1ELb1ELb1ELb0ELb1ELb0ELb0ELb1ELb1ELb1ELb1ELb1ELb1ELb0EEvPK15__maca_bfloat16S2_S2_PS0_PKiS5_PfS6_S6_iiiif 
  0 bytes stack frame 
 maca info  : Used  80 MTregisters, 58 STregisters, 8320 bytes shared mem  
 maca info  : staticMaxWarps/PEU : 6

 maca info  : Function properties for  _Z38paged_decode_case11_headpair_z4_kernelILb0ELb0ELb0ELb0ELb0ELb0ELb0ELb0ELb0ELb1ELb0ELb0ELb0ELb1ELb1ELb1ELb0ELb1ELb0EEvPK15__maca_bfloat16S2_S2_PS0_PKiS5_PfS6_S6_iiiif 
  0 bytes stack frame 
 maca info  : Used  74 MTregisters, 52 STregisters, 8320 bytes shared mem  
 maca info  : staticMaxWarps/PEU : 6

 maca info  : Function properties for  _Z34paged_decode_token_parallel_kernelILi4ELi8ELb0ELb0ELb0ELb0ELb0ELb1ELb0ELb0ELb0ELb0ELb0ELb1ELb0ELb0ELb0EEvPK15__maca_bfloat16S2_S2_PS0_PKiS5_PfS6_S6_iiiif 
  0 bytes stack frame 
 maca info  : Used  92 MTregisters, 48 STregisters, 8320 bytes shared mem  
 maca info  : staticMaxWarps/PEU : 5

 maca info  : Function properties for  _Z34paged_decode_token_parallel_kernelILi4ELi8ELb0ELb0ELb0ELb0ELb0ELb0ELb0ELb0ELb0ELb0ELb0ELb0ELb0ELb0ELb0EEvPK15__maca_bfloat16S2_S2_PS0_PKiS5_PfS6_S6_iiiif 
  0 bytes stack frame 
 maca info  : Used  92 MTregisters, 48 STregisters, 8320 bytes shared mem  
 maca info  : staticMaxWarps/PEU : 5

 maca info  : Function properties for  _Z42paged_decode_case13_kv8_headpair_z8_kernelILb1ELb0ELb0EEvPK15__maca_bfloat16S2_S2_PS0_PKiS5_PfS6_S6_iiiif 
  0 bytes stack frame 
 maca info  : Used  82 MTregisters, 50 STregisters, 8448 bytes shared mem  
 maca info  : staticMaxWarps/PEU : 5

 maca info  : Function properties for  _Z42paged_decode_case13_kv8_headpair_z8_kernelILb1ELb0ELb1EEvPK15__maca_bfloat16S2_S2_PS0_PKiS5_PfS6_S6_iiiif 
  0 bytes stack frame 
 maca info  : Used  82 MTregisters, 50 STregisters, 8448 bytes shared mem  
 maca info  : staticMaxWarps/PEU : 5

 maca info  : Function properties for  _Z42paged_decode_case13_kv8_headpair_z8_kernelILb1ELb1ELb0EEvPK15__maca_bfloat16S2_S2_PS0_PKiS5_PfS6_S6_iiiif 
  0 bytes stack frame 
 maca info  : Used  82 MTregisters, 48 STregisters, 8448 bytes shared mem  
 maca info  : staticMaxWarps/PEU : 5

 maca info  : Function properties for  _Z34paged_decode_token_parallel_kernelILi8ELi4ELb0ELb0ELb0ELb0ELb0ELb1ELb0ELb0ELb0ELb0ELb1ELb1ELb1ELb1ELb0EEvPK15__maca_bfloat16S2_S2_PS0_PKiS5_PfS6_S6_iiiif 
  0 bytes stack frame 
 maca info  : Used  74 MTregisters, 44 STregisters, 8320 bytes shared mem  
 maca info  : staticMaxWarps/PEU : 6

 maca info  : Function properties for  _Z34paged_decode_token_parallel_kernelILi8ELi4ELb1ELb0ELb0ELb0ELb0ELb1ELb0ELb0ELb1ELb0ELb1ELb1ELb0ELb0ELb1EEvPK15__maca_bfloat16S2_S2_PS0_PKiS5_PfS6_S6_iiiif 
  0 bytes stack frame 
 maca info  : Used  80 MTregisters, 44 STregisters, 8320 bytes shared mem  
 maca info  : staticMaxWarps/PEU : 6

 maca info  : Function properties for  _Z33paged_decode_split_qk_pair_kernelILi8ELi4EEvPK15__maca_bfloat16S2_S2_PS0_PKiS5_PfS6_S6_iiiif 
  0 bytes stack frame 
 maca info  : Used  118 MTregisters, 50 STregisters, 8192 bytes shared mem  
 maca info  : staticMaxWarps/PEU : 4

 maca info  : Function properties for  _Z25paged_decode_split_kernelILi4ELi8EEvPK15__maca_bfloat16S2_S2_PS0_PKiS5_PfS6_S6_iiiif 
  0 bytes stack frame 
 maca info  : Used  104 MTregisters, 74 STregisters, 8192 bytes shared mem  
 maca info  : staticMaxWarps/PEU : 4

 maca info  : Function properties for  _Z25paged_decode_split_kernelILi8ELi4EEvPK15__maca_bfloat16S2_S2_PS0_PKiS5_PfS6_S6_iiiif 
  0 bytes stack frame 
 maca info  : Used  104 MTregisters, 74 STregisters, 8192 bytes shared mem  
 maca info  : staticMaxWarps/PEU : 4

 maca info  : Function properties for  _Z31paged_decode_reduce_vec2_kernelILb1ELb0ELb1ELb0ELb0EEvPKfS1_S1_P15__maca_bfloat16PKiiii 
  0 bytes stack frame 
 maca info  : Used  38 MTregisters, 39 STregisters, 0 bytes shared mem  
 maca info  : staticMaxWarps/PEU : 8

 maca info  : Function properties for  _Z33paged_decode_reduce_group8_kernelILb1ELb0ELb1ELb1ELb1ELb0ELi0EEvPKfS1_S1_P15__maca_bfloat16PKiiii 
  0 bytes stack frame 
 maca info  : Used  66 MTregisters, 24 STregisters, 0 bytes shared mem  
 maca info  : staticMaxWarps/PEU : 7

 maca info  : Function properties for  _Z33paged_decode_reduce_group8_kernelILb1ELb0ELb1ELb1ELb0ELb1ELi3EEvPKfS1_S1_P15__maca_bfloat16PKiiii 
  0 bytes stack frame 
 maca info  : Used  54 MTregisters, 25 STregisters, 0 bytes shared mem  
 maca info  : staticMaxWarps/PEU : 8

 maca info  : Function properties for  _Z33paged_decode_reduce_group8_kernelILb1ELb0ELb1ELb0ELb1ELb0ELi0EEvPKfS1_S1_P15__maca_bfloat16PKiiii 
  0 bytes stack frame 
 maca info  : Used  66 MTregisters, 26 STregisters, 0 bytes shared mem  
 maca info  : staticMaxWarps/PEU : 7

 maca info  : Function properties for  _Z33paged_decode_reduce_group8_kernelILb1ELb0ELb1ELb0ELb0ELb0ELi0EEvPKfS1_S1_P15__maca_bfloat16PKiiii 
  0 bytes stack frame 
 maca info  : Used  66 MTregisters, 26 STregisters, 0 bytes shared mem  
 maca info  : staticMaxWarps/PEU : 7

 maca info  : Function properties for  _Z33paged_decode_reduce_group8_kernelILb1ELb0ELb0ELb0ELb0ELb0ELi0EEvPKfS1_S1_P15__maca_bfloat16PKiiii 
  0 bytes stack frame 
 maca info  : Used  66 MTregisters, 26 STregisters, 0 bytes shared mem  
 maca info  : staticMaxWarps/PEU : 7

 maca info  : Function properties for  _Z31paged_decode_reduce_vec2_kernelILb1ELb0ELb1ELb1ELb1EEvPKfS1_S1_P15__maca_bfloat16PKiiii 
  0 bytes stack frame 
 maca info  : Used  38 MTregisters, 36 STregisters, 0 bytes shared mem  
 maca info  : staticMaxWarps/PEU : 8

 maca info  : Function properties for  12 warnings generated when compiling for xcore1000.
_Z31paged_decode_reduce_vec4_kernelILb1ELb0ELb1EEvPKfS1_S1_P15__maca_bfloat16PKiiii 
  0 bytes stack frame 
 maca info  : Used  64 MTregisters, 35 STregisters, 0 bytes shared mem  

 maca info  : Function properties for  _Z26paged_decode_reduce_kernelILb1ELb0ELb1ELb1ELb1ELb1ELb1EEvPKfS1_S1_P15__maca_bfloat16PKiiii 
  0 bytes stack frame 
 maca info  : Used  40 MTregisters, 28 STregisters, 0 bytes shared mem  
 maca info  : staticMaxWarps/PEU : 8

 maca info  : Function properties for  _Z26paged_decode_reduce_kernelILb1ELb0ELb0ELb0ELb0ELb0ELb0EEvPKfS1_S1_P15__maca_bfloat16PKiiii 
  0 bytes stack frame 
 maca info  : Used  40 MTregisters, 36 STregisters, 0 bytes shared mem  
 maca info  : staticMaxWarps/PEU : 8

 maca info  : Function properties for  _Z38paged_decode_case11_headpair_z4_kernelILb1ELb1ELb0ELb1ELb1ELb1ELb1ELb1ELb0ELb1ELb1ELb0ELb0ELb1ELb1ELb1ELb1ELb1ELb1EEvPK15__maca_bfloat16S2_S2_PS0_PKiS5_PfS6_S6_iiiif 
  0 bytes stack frame 
 maca info  : Used  82 MTregisters, 64 STregisters, 8320 bytes shared mem  
 maca info  : staticMaxWarps/PEU : 5

