1:define protected metaxgpu_kernel void @_Z60paged_decode_case12_kv8_headpair_z8_direct_three_peer_kernelILb1ELb0ELb0EEvPK15__maca_bfloat16S2_S2_PS0_PKiS5_PfS6_S6_iiiif(ptr addrspace(4) noalias nocapture noundef readonly %q.coerce, ptr addrspace(4) noalias nocapture noundef readonly %k_cache.coerce, ptr addrspace(4) noalias nocapture noundef readonly %v_cache.coerce, ptr addrspace(1) noalias nocapture noundef readnone %out.coerce, ptr addrspace(1) noalias nocapture noundef readonly %cache_seqlens.coerce, ptr addrspace(1) noalias nocapture noundef readonly %block_table.coerce, ptr addrspace(1) noalias nocapture noundef writeonly %partial_m.coerce, ptr addrspace(1) noalias nocapture noundef readnone %partial_l.coerce, ptr addrspace(1) noalias nocapture noundef writeonly %partial_acc.coerce, i32 noundef %batch_size, i32 noundef %pages_per_batch, i32 noundef %pages_per_split, i32 noundef %n_split, float noundef %sm_scale) local_unnamed_addr #11 comdat {
5:  %2 = tail call noundef range(i32 0, 1024) i32 @llvm.mxc.thread.id.z(), !range !26
42:  %brmerge = select i1 %cmp25.not, i1 true, i1 %6
43:  br i1 %brmerge, label %if.end, label %cleanup
74:  %7 = tail call contract noundef float @llvm.mxc.bf16.to.f32(i16 %conv.i813)
77:  %8 = tail call contract noundef float @llvm.mxc.bf16.to.f32(i16 %conv.i844)
79:  %9 = tail call contract noundef float @llvm.mxc.bf16.to.f32(i16 %conv.i810)
82:  %10 = tail call contract noundef float @llvm.mxc.bf16.to.f32(i16 %conv.i840)
84:  %11 = tail call contract noundef float @llvm.mxc.bf16.to.f32(i16 %conv.i807)
87:  %12 = tail call contract noundef float @llvm.mxc.bf16.to.f32(i16 %conv.i836)
89:  %13 = tail call contract noundef float @llvm.mxc.bf16.to.f32(i16 %conv.i804)
92:  %14 = tail call contract noundef float @llvm.mxc.bf16.to.f32(i16 %conv.i832)
94:  %15 = tail call contract noundef float @llvm.mxc.bf16.to.f32(i16 %conv.i801)
97:  %16 = tail call contract noundef float @llvm.mxc.bf16.to.f32(i16 %conv.i828)
99:  %17 = tail call contract noundef float @llvm.mxc.bf16.to.f32(i16 %conv.i798)
102:  %18 = tail call contract noundef float @llvm.mxc.bf16.to.f32(i16 %conv.i824)
104:  %19 = tail call contract noundef float @llvm.mxc.bf16.to.f32(i16 %conv.i795)
107:  %20 = tail call contract noundef float @llvm.mxc.bf16.to.f32(i16 %conv.i820)
109:  %21 = tail call contract noundef float @llvm.mxc.bf16.to.f32(i16 %conv.i)
112:  %22 = tail call contract noundef float @llvm.mxc.bf16.to.f32(i16 %conv.i816)
148:  %arrayidx12.i1421 = getelementptr inbounds [64 x i32], ptr addrspace(3) @_ZZ60paged_decode_case12_kv8_headpair_z8_direct_three_peer_kernelILb1ELb0ELb0EEvPK15__maca_bfloat16S2_S2_PS0_PKiS5_PfS6_S6_iiiifE9s_storage, i32 %add.i1409, i32 %mul29
152:  %arrayidx12.i1407 = getelementptr inbounds [64 x i32], ptr addrspace(3) getelementptr inbounds (i8, ptr addrspace(3) @_ZZ60paged_decode_case12_kv8_headpair_z8_direct_three_peer_kernelILb1ELb0ELb0EEvPK15__maca_bfloat16S2_S2_PS0_PKiS5_PfS6_S6_iiiifE9s_storage, i32 4096), i32 %add.i1409, i32 %mul29
165:  %arrayidx4.i1658 = getelementptr inbounds [64 x i32], ptr addrspace(3) getelementptr inbounds (i8, ptr addrspace(3) @_ZZ60paged_decode_case12_kv8_headpair_z8_direct_three_peer_kernelILb1ELb0ELb0EEvPK15__maca_bfloat16S2_S2_PS0_PKiS5_PfS6_S6_iiiifE9s_storage, i32 4096), i32 %mul.i1408, i32 %mul29
169:  %26 = getelementptr [64 x i32], ptr addrspace(3) getelementptr inbounds (i8, ptr addrspace(3) @_ZZ60paged_decode_case12_kv8_headpair_z8_direct_three_peer_kernelILb1ELb0ELb0EEvPK15__maca_bfloat16S2_S2_PS0_PKiS5_PfS6_S6_iiiifE9s_storage, i32 4096), i32 %mul.i1408
198:  %arrayidx117 = getelementptr inbounds [64 x i32], ptr addrspace(3) @_ZZ60paged_decode_case12_kv8_headpair_z8_direct_three_peer_kernelILb1ELb0ELb0EEvPK15__maca_bfloat16S2_S2_PS0_PKiS5_PfS6_S6_iiiifE9s_storage, i32 %mul.i1408, i32 %mul29
204:  %arrayidx117.1 = getelementptr inbounds [64 x i32], ptr addrspace(3) @_ZZ60paged_decode_case12_kv8_headpair_z8_direct_three_peer_kernelILb1ELb0ELb0EEvPK15__maca_bfloat16S2_S2_PS0_PKiS5_PfS6_S6_iiiifE9s_storage, i32 %add112.1, i32 %mul29
213:  %acc0.sroa.144.0 = phi <2 x float> [ zeroinitializer, %if.then96 ], [ %148, %if.end251 ]
214:  %acc0.sroa.97.0 = phi <2 x float> [ zeroinitializer, %if.then96 ], [ %144, %if.end251 ]
215:  %acc0.sroa.50.0 = phi <2 x float> [ zeroinitializer, %if.then96 ], [ %140, %if.end251 ]
216:  %acc0.sroa.0.0 = phi <2 x float> [ zeroinitializer, %if.then96 ], [ %136, %if.end251 ]
217:  %acc1.sroa.144.0 = phi <2 x float> [ zeroinitializer, %if.then96 ], [ %149, %if.end251 ]
218:  %acc1.sroa.97.0 = phi <2 x float> [ zeroinitializer, %if.then96 ], [ %145, %if.end251 ]
219:  %acc1.sroa.50.0 = phi <2 x float> [ zeroinitializer, %if.then96 ], [ %141, %if.end251 ]
220:  %acc1.sroa.0.0 = phi <2 x float> [ zeroinitializer, %if.then96 ], [ %137, %if.end251 ]
227:  tail call void @llvm.mxc.barrier.warp()
234:  %29 = tail call contract noundef float @llvm.mxc.bf16.to.f32(i16 %conv.i98.i1453)
237:  %30 = tail call contract noundef float @llvm.mxc.bf16.to.f32(i16 %conv.i113.i1459)
243:  %33 = tail call contract noundef float @llvm.mxc.bf16.to.f32(i16 %conv.i95.i1482)
246:  %34 = tail call contract noundef float @llvm.mxc.bf16.to.f32(i16 %conv.i109.i1488)
252:  %37 = tail call contract noundef float @llvm.mxc.bf16.to.f32(i16 %conv.i92.i1513)
255:  %38 = tail call contract noundef float @llvm.mxc.bf16.to.f32(i16 %conv.i105.i1519)
261:  %41 = tail call contract noundef float @llvm.mxc.bf16.to.f32(i16 %conv.i.i1544)
264:  %42 = tail call contract noundef float @llvm.mxc.bf16.to.f32(i16 %conv.i101.i1550)
300:  %60 = tail call contract noundef float @llvm.mxc.bf16.to.f32(i16 %conv.i98.i1453.1)
303:  %61 = tail call contract noundef float @llvm.mxc.bf16.to.f32(i16 %conv.i113.i1459.1)
309:  %64 = tail call contract noundef float @llvm.mxc.bf16.to.f32(i16 %conv.i95.i1482.1)
312:  %65 = tail call contract noundef float @llvm.mxc.bf16.to.f32(i16 %conv.i109.i1488.1)
318:  %68 = tail call contract noundef float @llvm.mxc.bf16.to.f32(i16 %conv.i92.i1513.1)
321:  %69 = tail call contract noundef float @llvm.mxc.bf16.to.f32(i16 %conv.i105.i1519.1)
327:  %72 = tail call contract noundef float @llvm.mxc.bf16.to.f32(i16 %conv.i.i1544.1)
330:  %73 = tail call contract noundef float @llvm.mxc.bf16.to.f32(i16 %conv.i101.i1550.1)
413:  %98 = tail call contract float @llvm.exp2.f32(float %sub187)
417:  %99 = tail call contract <2 x float> @llvm.mxc.pk.fma.f32(<2 x float> %acc0.sroa.0.0, <2 x float> %vecinit4.i1110, <2 x float> zeroinitializer)
418:  %100 = tail call contract <2 x float> @llvm.mxc.pk.fma.f32(<2 x float> %acc0.sroa.50.0, <2 x float> %vecinit4.i1110, <2 x float> zeroinitializer)
419:  %101 = tail call contract <2 x float> @llvm.mxc.pk.fma.f32(<2 x float> %acc0.sroa.97.0, <2 x float> %vecinit4.i1110, <2 x float> zeroinitializer)
420:  %102 = tail call contract <2 x float> @llvm.mxc.pk.fma.f32(<2 x float> %acc0.sroa.144.0, <2 x float> %vecinit4.i1110, <2 x float> zeroinitializer)
424:  %acc0.sroa.144.1 = phi <2 x float> [ %102, %if.then186 ], [ %acc0.sroa.144.0, %if.end168 ]
425:  %acc0.sroa.97.1 = phi <2 x float> [ %101, %if.then186 ], [ %acc0.sroa.97.0, %if.end168 ]
426:  %acc0.sroa.50.1 = phi <2 x float> [ %100, %if.then186 ], [ %acc0.sroa.50.0, %if.end168 ]
427:  %acc0.sroa.0.1 = phi <2 x float> [ %99, %if.then186 ], [ %acc0.sroa.0.0, %if.end168 ]
435:  %103 = tail call contract float @llvm.exp2.f32(float %sub208)
439:  %104 = tail call contract <2 x float> @llvm.mxc.pk.fma.f32(<2 x float> %acc1.sroa.0.0, <2 x float> %vecinit4.i1130, <2 x float> zeroinitializer)
440:  %105 = tail call contract <2 x float> @llvm.mxc.pk.fma.f32(<2 x float> %acc1.sroa.50.0, <2 x float> %vecinit4.i1130, <2 x float> zeroinitializer)
441:  %106 = tail call contract <2 x float> @llvm.mxc.pk.fma.f32(<2 x float> %acc1.sroa.97.0, <2 x float> %vecinit4.i1130, <2 x float> zeroinitializer)
442:  %107 = tail call contract <2 x float> @llvm.mxc.pk.fma.f32(<2 x float> %acc1.sroa.144.0, <2 x float> %vecinit4.i1130, <2 x float> zeroinitializer)
446:  %acc1.sroa.144.1 = phi <2 x float> [ %107, %if.then207 ], [ %acc1.sroa.144.0, %if.end203 ]
447:  %acc1.sroa.97.1 = phi <2 x float> [ %106, %if.then207 ], [ %acc1.sroa.97.0, %if.end203 ]
448:  %acc1.sroa.50.1 = phi <2 x float> [ %105, %if.then207 ], [ %acc1.sroa.50.0, %if.end203 ]
449:  %acc1.sroa.0.1 = phi <2 x float> [ %104, %if.then207 ], [ %acc1.sroa.0.0, %if.end203 ]
453:  %108 = tail call contract float @llvm.exp2.f32(float %sub.i1652)
466:  %114 = tail call contract noundef float @llvm.mxc.bf16.to.f32(i16 %conv.i55.i58.i1663)
469:  %115 = tail call contract noundef float @llvm.mxc.bf16.to.f32(i16 %conv.i70.i64.i1669)
474:  %116 = tail call contract <2 x float> @llvm.mxc.pk.fma.f32(<2 x float> %vecinit2.i158.i1675, <2 x float> %vecinit4.i160.i1677, <2 x float> %acc0.sroa.0.1)
477:  %117 = tail call contract <2 x float> @llvm.mxc.pk.fma.f32(<2 x float> %vecinit2.i158.i1675, <2 x float> %vecinit4.i152.i1685, <2 x float> %acc1.sroa.0.1)
479:  %118 = tail call contract noundef float @llvm.mxc.bf16.to.f32(i16 %conv.i52.i69.i1690)
482:  %119 = tail call contract noundef float @llvm.mxc.bf16.to.f32(i16 %conv.i66.i75.i1696)
485:  %120 = tail call contract <2 x float> @llvm.mxc.pk.fma.f32(<2 x float> %vecinit2.i142.i1703, <2 x float> %vecinit4.i160.i1677, <2 x float> %acc0.sroa.50.1)
486:  %121 = tail call contract <2 x float> @llvm.mxc.pk.fma.f32(<2 x float> %vecinit2.i142.i1703, <2 x float> %vecinit4.i152.i1685, <2 x float> %acc1.sroa.50.1)
488:  %122 = tail call contract noundef float @llvm.mxc.bf16.to.f32(i16 %conv.i49.i82.i1719)
491:  %123 = tail call contract noundef float @llvm.mxc.bf16.to.f32(i16 %conv.i62.i88.i1725)
494:  %124 = tail call contract <2 x float> @llvm.mxc.pk.fma.f32(<2 x float> %vecinit2.i126.i1732, <2 x float> %vecinit4.i160.i1677, <2 x float> %acc0.sroa.97.1)
495:  %125 = tail call contract <2 x float> @llvm.mxc.pk.fma.f32(<2 x float> %vecinit2.i126.i1732, <2 x float> %vecinit4.i152.i1685, <2 x float> %acc1.sroa.97.1)
497:  %126 = tail call contract noundef float @llvm.mxc.bf16.to.f32(i16 %conv.i.i95.i1748)
500:  %127 = tail call contract noundef float @llvm.mxc.bf16.to.f32(i16 %conv.i58.i101.i1754)
503:  %128 = tail call contract <2 x float> @llvm.mxc.pk.fma.f32(<2 x float> %vecinit2.i110.i1761, <2 x float> %vecinit4.i160.i1677, <2 x float> %acc0.sroa.144.1)
504:  %129 = tail call contract <2 x float> @llvm.mxc.pk.fma.f32(<2 x float> %vecinit2.i110.i1761, <2 x float> %vecinit4.i152.i1685, <2 x float> %acc1.sroa.144.1)
516:  %134 = tail call contract noundef float @llvm.mxc.bf16.to.f32(i16 %conv.i55.i.i1784)
519:  %135 = tail call contract noundef float @llvm.mxc.bf16.to.f32(i16 %conv.i70.i.i1790)
529:  %138 = tail call contract noundef float @llvm.mxc.bf16.to.f32(i16 %conv.i52.i.i1811)
532:  %139 = tail call contract noundef float @llvm.mxc.bf16.to.f32(i16 %conv.i66.i.i1817)
538:  %142 = tail call contract noundef float @llvm.mxc.bf16.to.f32(i16 %conv.i49.i.i1840)
541:  %143 = tail call contract noundef float @llvm.mxc.bf16.to.f32(i16 %conv.i62.i.i1846)
547:  %146 = tail call contract noundef float @llvm.mxc.bf16.to.f32(i16 %conv.i.i.i1869)
550:  %147 = tail call contract noundef float @llvm.mxc.bf16.to.f32(i16 %conv.i58.i.i1875)
559:  tail call void @llvm.mxc.barrier.warp()
573:  tail call void @llvm.mxc.barrier()
582:  %acc0.sroa.144.2 = phi <2 x float> [ zeroinitializer, %if.end ], [ %148, %if.end251 ]
583:  %acc0.sroa.97.2 = phi <2 x float> [ zeroinitializer, %if.end ], [ %144, %if.end251 ]
584:  %acc0.sroa.50.2 = phi <2 x float> [ zeroinitializer, %if.end ], [ %140, %if.end251 ]
585:  %acc0.sroa.0.2 = phi <2 x float> [ zeroinitializer, %if.end ], [ %136, %if.end251 ]
586:  %acc1.sroa.144.2 = phi <2 x float> [ zeroinitializer, %if.end ], [ %149, %if.end251 ]
587:  %acc1.sroa.97.2 = phi <2 x float> [ zeroinitializer, %if.end ], [ %145, %if.end251 ]
588:  %acc1.sroa.50.2 = phi <2 x float> [ zeroinitializer, %if.end ], [ %141, %if.end251 ]
589:  %acc1.sroa.0.2 = phi <2 x float> [ zeroinitializer, %if.end ], [ %137, %if.end251 ]
610:  %arrayidx12.i1393 = getelementptr inbounds [64 x i32], ptr addrspace(3) @_ZZ60paged_decode_case12_kv8_headpair_z8_direct_three_peer_kernelILb1ELb0ELb0EEvPK15__maca_bfloat16S2_S2_PS0_PKiS5_PfS6_S6_iiiifE9s_storage, i32 %add.i1381, i32 %mul29
614:  %arrayidx12.i = getelementptr inbounds [64 x i32], ptr addrspace(3) getelementptr inbounds (i8, ptr addrspace(3) @_ZZ60paged_decode_case12_kv8_headpair_z8_direct_three_peer_kernelILb1ELb0ELb0EEvPK15__maca_bfloat16S2_S2_PS0_PKiS5_PfS6_S6_iiiifE9s_storage, i32 4096), i32 %add.i1381, i32 %mul29
617:  tail call void @llvm.mxc.barrier.warp()
642:  %arrayidx283 = getelementptr inbounds [64 x i32], ptr addrspace(3) @_ZZ60paged_decode_case12_kv8_headpair_z8_direct_three_peer_kernelILb1ELb0ELb0EEvPK15__maca_bfloat16S2_S2_PS0_PKiS5_PfS6_S6_iiiifE9s_storage, i32 %mul.i1380, i32 %mul29
651:  %151 = tail call contract noundef float @llvm.mxc.bf16.to.f32(i16 %conv.i98.i)
654:  %152 = tail call contract noundef float @llvm.mxc.bf16.to.f32(i16 %conv.i113.i)
660:  %155 = tail call contract noundef float @llvm.mxc.bf16.to.f32(i16 %conv.i95.i)
663:  %156 = tail call contract noundef float @llvm.mxc.bf16.to.f32(i16 %conv.i109.i)
669:  %159 = tail call contract noundef float @llvm.mxc.bf16.to.f32(i16 %conv.i92.i)
672:  %160 = tail call contract noundef float @llvm.mxc.bf16.to.f32(i16 %conv.i105.i)
678:  %163 = tail call contract noundef float @llvm.mxc.bf16.to.f32(i16 %conv.i.i)
681:  %164 = tail call contract noundef float @llvm.mxc.bf16.to.f32(i16 %conv.i101.i)
723:  %arrayidx283.1 = getelementptr inbounds [64 x i32], ptr addrspace(3) @_ZZ60paged_decode_case12_kv8_headpair_z8_direct_three_peer_kernelILb1ELb0ELb0EEvPK15__maca_bfloat16S2_S2_PS0_PKiS5_PfS6_S6_iiiifE9s_storage, i32 %add275.1, i32 %mul29
732:  %182 = tail call contract noundef float @llvm.mxc.bf16.to.f32(i16 %conv.i98.i.1)
735:  %183 = tail call contract noundef float @llvm.mxc.bf16.to.f32(i16 %conv.i113.i.1)
741:  %186 = tail call contract noundef float @llvm.mxc.bf16.to.f32(i16 %conv.i95.i.1)
744:  %187 = tail call contract noundef float @llvm.mxc.bf16.to.f32(i16 %conv.i109.i.1)
750:  %190 = tail call contract noundef float @llvm.mxc.bf16.to.f32(i16 %conv.i92.i.1)
753:  %191 = tail call contract noundef float @llvm.mxc.bf16.to.f32(i16 %conv.i105.i.1)
759:  %194 = tail call contract noundef float @llvm.mxc.bf16.to.f32(i16 %conv.i.i.1)
762:  %195 = tail call contract noundef float @llvm.mxc.bf16.to.f32(i16 %conv.i101.i.1)
818:  %218 = tail call contract float @llvm.exp2.f32(float %sub328)
822:  %219 = tail call contract <2 x float> @llvm.mxc.pk.fma.f32(<2 x float> %acc0.sroa.0.2, <2 x float> %vecinit4.i1150, <2 x float> zeroinitializer)
823:  %220 = tail call contract <2 x float> @llvm.mxc.pk.fma.f32(<2 x float> %acc0.sroa.50.2, <2 x float> %vecinit4.i1150, <2 x float> zeroinitializer)
824:  %221 = tail call contract <2 x float> @llvm.mxc.pk.fma.f32(<2 x float> %acc0.sroa.97.2, <2 x float> %vecinit4.i1150, <2 x float> zeroinitializer)
825:  %222 = tail call contract <2 x float> @llvm.mxc.pk.fma.f32(<2 x float> %acc0.sroa.144.2, <2 x float> %vecinit4.i1150, <2 x float> zeroinitializer)
829:  %acc0.sroa.144.3 = phi <2 x float> [ %222, %if.then326 ], [ %acc0.sroa.144.2, %if.then304 ]
830:  %acc0.sroa.97.3 = phi <2 x float> [ %221, %if.then326 ], [ %acc0.sroa.97.2, %if.then304 ]
831:  %acc0.sroa.50.3 = phi <2 x float> [ %220, %if.then326 ], [ %acc0.sroa.50.2, %if.then304 ]
832:  %acc0.sroa.0.3 = phi <2 x float> [ %219, %if.then326 ], [ %acc0.sroa.0.2, %if.then304 ]
840:  %223 = tail call contract float @llvm.exp2.f32(float %sub350)
844:  %224 = tail call contract <2 x float> @llvm.mxc.pk.fma.f32(<2 x float> %acc1.sroa.0.2, <2 x float> %vecinit4.i1170, <2 x float> zeroinitializer)
845:  %225 = tail call contract <2 x float> @llvm.mxc.pk.fma.f32(<2 x float> %acc1.sroa.50.2, <2 x float> %vecinit4.i1170, <2 x float> zeroinitializer)
846:  %226 = tail call contract <2 x float> @llvm.mxc.pk.fma.f32(<2 x float> %acc1.sroa.97.2, <2 x float> %vecinit4.i1170, <2 x float> zeroinitializer)
847:  %227 = tail call contract <2 x float> @llvm.mxc.pk.fma.f32(<2 x float> %acc1.sroa.144.2, <2 x float> %vecinit4.i1170, <2 x float> zeroinitializer)
851:  %acc1.sroa.144.3 = phi <2 x float> [ %227, %if.then348 ], [ %acc1.sroa.144.2, %if.end344 ]
852:  %acc1.sroa.97.3 = phi <2 x float> [ %226, %if.then348 ], [ %acc1.sroa.97.2, %if.end344 ]
853:  %acc1.sroa.50.3 = phi <2 x float> [ %225, %if.then348 ], [ %acc1.sroa.50.2, %if.end344 ]
854:  %acc1.sroa.0.3 = phi <2 x float> [ %224, %if.then348 ], [ %acc1.sroa.0.2, %if.end344 ]
858:  %228 = tail call contract float @llvm.exp2.f32(float %sub.i1589)
866:  %arrayidx4.i = getelementptr inbounds [64 x i32], ptr addrspace(3) getelementptr inbounds (i8, ptr addrspace(3) @_ZZ60paged_decode_case12_kv8_headpair_z8_direct_three_peer_kernelILb1ELb0ELb0EEvPK15__maca_bfloat16S2_S2_PS0_PKiS5_PfS6_S6_iiiifE9s_storage, i32 4096), i32 %mul.i1380, i32 %mul29
875:  %234 = tail call contract noundef float @llvm.mxc.bf16.to.f32(i16 %conv.i55.i58.i)
878:  %235 = tail call contract noundef float @llvm.mxc.bf16.to.f32(i16 %conv.i70.i64.i)
883:  %236 = tail call contract <2 x float> @llvm.mxc.pk.fma.f32(<2 x float> %vecinit2.i158.i, <2 x float> %vecinit4.i160.i, <2 x float> %acc0.sroa.0.3)
886:  %237 = tail call contract <2 x float> @llvm.mxc.pk.fma.f32(<2 x float> %vecinit2.i158.i, <2 x float> %vecinit4.i152.i, <2 x float> %acc1.sroa.0.3)
888:  %238 = tail call contract noundef float @llvm.mxc.bf16.to.f32(i16 %conv.i52.i69.i)
891:  %239 = tail call contract noundef float @llvm.mxc.bf16.to.f32(i16 %conv.i66.i75.i)
894:  %240 = tail call contract <2 x float> @llvm.mxc.pk.fma.f32(<2 x float> %vecinit2.i142.i, <2 x float> %vecinit4.i160.i, <2 x float> %acc0.sroa.50.3)
895:  %241 = tail call contract <2 x float> @llvm.mxc.pk.fma.f32(<2 x float> %vecinit2.i142.i, <2 x float> %vecinit4.i152.i, <2 x float> %acc1.sroa.50.3)
897:  %242 = tail call contract noundef float @llvm.mxc.bf16.to.f32(i16 %conv.i49.i82.i)
900:  %243 = tail call contract noundef float @llvm.mxc.bf16.to.f32(i16 %conv.i62.i88.i)
903:  %244 = tail call contract <2 x float> @llvm.mxc.pk.fma.f32(<2 x float> %vecinit2.i126.i, <2 x float> %vecinit4.i160.i, <2 x float> %acc0.sroa.97.3)
904:  %245 = tail call contract <2 x float> @llvm.mxc.pk.fma.f32(<2 x float> %vecinit2.i126.i, <2 x float> %vecinit4.i152.i, <2 x float> %acc1.sroa.97.3)
906:  %246 = tail call contract noundef float @llvm.mxc.bf16.to.f32(i16 %conv.i.i95.i)
909:  %247 = tail call contract noundef float @llvm.mxc.bf16.to.f32(i16 %conv.i58.i101.i)
912:  %248 = tail call contract <2 x float> @llvm.mxc.pk.fma.f32(<2 x float> %vecinit2.i110.i, <2 x float> %vecinit4.i160.i, <2 x float> %acc0.sroa.144.3)
913:  %249 = tail call contract <2 x float> @llvm.mxc.pk.fma.f32(<2 x float> %vecinit2.i110.i, <2 x float> %vecinit4.i152.i, <2 x float> %acc1.sroa.144.3)
920:  %254 = getelementptr [64 x i32], ptr addrspace(3) getelementptr inbounds (i8, ptr addrspace(3) @_ZZ60paged_decode_case12_kv8_headpair_z8_direct_three_peer_kernelILb1ELb0ELb0EEvPK15__maca_bfloat16S2_S2_PS0_PKiS5_PfS6_S6_iiiifE9s_storage, i32 4096), i32 %mul.i1380
931:  %255 = tail call contract noundef float @llvm.mxc.bf16.to.f32(i16 %conv.i55.i.i)
934:  %256 = tail call contract noundef float @llvm.mxc.bf16.to.f32(i16 %conv.i70.i.i)
944:  %259 = tail call contract noundef float @llvm.mxc.bf16.to.f32(i16 %conv.i52.i.i)
947:  %260 = tail call contract noundef float @llvm.mxc.bf16.to.f32(i16 %conv.i66.i.i)
953:  %263 = tail call contract noundef float @llvm.mxc.bf16.to.f32(i16 %conv.i49.i.i)
956:  %264 = tail call contract noundef float @llvm.mxc.bf16.to.f32(i16 %conv.i62.i.i)
962:  %267 = tail call contract noundef float @llvm.mxc.bf16.to.f32(i16 %conv.i.i.i)
965:  %268 = tail call contract noundef float @llvm.mxc.bf16.to.f32(i16 %conv.i58.i.i)
973:  %acc0.sroa.144.4 = phi <2 x float> [ %269, %if.end366 ], [ %acc0.sroa.144.2, %if.end293.1 ]
974:  %acc0.sroa.97.4 = phi <2 x float> [ %265, %if.end366 ], [ %acc0.sroa.97.2, %if.end293.1 ]
975:  %acc0.sroa.50.4 = phi <2 x float> [ %261, %if.end366 ], [ %acc0.sroa.50.2, %if.end293.1 ]
976:  %acc0.sroa.0.4 = phi <2 x float> [ %257, %if.end366 ], [ %acc0.sroa.0.2, %if.end293.1 ]
977:  %acc1.sroa.144.4 = phi <2 x float> [ %270, %if.end366 ], [ %acc1.sroa.144.2, %if.end293.1 ]
978:  %acc1.sroa.97.4 = phi <2 x float> [ %266, %if.end366 ], [ %acc1.sroa.97.2, %if.end293.1 ]
979:  %acc1.sroa.50.4 = phi <2 x float> [ %262, %if.end366 ], [ %acc1.sroa.50.2, %if.end293.1 ]
980:  %acc1.sroa.0.4 = phi <2 x float> [ %258, %if.end366 ], [ %acc1.sroa.0.2, %if.end293.1 ]
986:  tail call void @llvm.mxc.barrier()
991:  %acc0.sroa.144.5 = phi <2 x float> [ %acc0.sroa.144.4, %if.end370 ], [ %acc0.sroa.144.2, %if.end255 ]
992:  %acc0.sroa.97.5 = phi <2 x float> [ %acc0.sroa.97.4, %if.end370 ], [ %acc0.sroa.97.2, %if.end255 ]
993:  %acc0.sroa.50.5 = phi <2 x float> [ %acc0.sroa.50.4, %if.end370 ], [ %acc0.sroa.50.2, %if.end255 ]
994:  %acc0.sroa.0.5 = phi <2 x float> [ %acc0.sroa.0.4, %if.end370 ], [ %acc0.sroa.0.2, %if.end255 ]
995:  %acc1.sroa.144.5 = phi <2 x float> [ %acc1.sroa.144.4, %if.end370 ], [ %acc1.sroa.144.2, %if.end255 ]
996:  %acc1.sroa.97.5 = phi <2 x float> [ %acc1.sroa.97.4, %if.end370 ], [ %acc1.sroa.97.2, %if.end255 ]
997:  %acc1.sroa.50.5 = phi <2 x float> [ %acc1.sroa.50.4, %if.end370 ], [ %acc1.sroa.50.2, %if.end255 ]
998:  %acc1.sroa.0.5 = phi <2 x float> [ %acc1.sroa.0.4, %if.end370 ], [ %acc1.sroa.0.2, %if.end255 ]
1007:  %xor.i1954 = shl i32 %272, 2
1008:  %shl.i1955 = xor i32 %xor.i1954, 128
1010:  %274 = tail call i32 @llvm.mxc.bsm.bpermute(i32 %shl.i1955, i32 %273)
1013:  %xor.i = shl i32 %276, 2
1014:  %shl.i = xor i32 %xor.i, 128
1016:  %278 = tail call i32 @llvm.mxc.bsm.bpermute(i32 %shl.i, i32 %277)
1017:  br i1 %cmp373, label %if.then.i1940, label %_Z28merge_case13_intrawave_stateRfS_Pfb.exit1951
1025:  %282 = tail call contract float @llvm.exp2.f32(float %sub.i1943)
1029:  %283 = tail call contract float @llvm.exp2.f32(float %sub5.i1946)
1034:  br label %_Z28merge_case13_intrawave_stateRfS_Pfb.exit1951
1036:_Z28merge_case13_intrawave_stateRfS_Pfb.exit1951: ; preds = %if.end371, %if.then.i1940
1039:  %peer_weight.0.i1935 = phi float [ %cond8.i1947, %if.then.i1940 ], [ 0.000000e+00, %if.end371 ]
1043:  %xor.i18.i2002 = shl i32 %285, 2
1044:  %shl.i19.i2003 = xor i32 %xor.i18.i2002, 128
1045:  %bc = bitcast <2 x float> %acc0.sroa.0.5 to <2 x i32>
1047:  %287 = tail call i32 @llvm.mxc.bsm.bpermute(i32 %shl.i19.i2003, i32 %286)
1050:  %xor.i.i2006 = shl i32 %289, 2
1051:  %shl.i.i2007 = xor i32 %xor.i.i2006, 128
1052:  %bc2844 = bitcast <2 x float> %acc0.sroa.0.5 to <2 x i32>
1054:  %291 = tail call i32 @llvm.mxc.bsm.bpermute(i32 %shl.i.i2007, i32 %290)
1055:  br i1 %cmp373, label %if.then.i2008, label %_Z27merge_case13_intrawave_acc2Pfffb.exit2016
1057:if.then.i2008:                                    ; preds = %_Z28merge_case13_intrawave_stateRfS_Pfb.exit1951
1062:  %294 = tail call contract <2 x float> @llvm.mxc.pk.fma.f32(<2 x float> %acc0.sroa.0.5, <2 x float> %vecinit4.i.i2013, <2 x float> zeroinitializer)
1063:  %acc0.sroa.0.0.vec.extract = extractelement <2 x float> %294, i64 0
1064:  %295 = tail call contract noundef float @llvm.fma.f32(float %293, float %peer_weight.0.i1935, float %acc0.sroa.0.0.vec.extract)
1065:  %acc0.sroa.0.0.vec.insert = insertelement <2 x float> poison, float %295, i64 0
1066:  %acc0.sroa.0.4.vec.extract = extractelement <2 x float> %294, i64 1
1067:  %296 = tail call contract noundef float @llvm.fma.f32(float %292, float %peer_weight.0.i1935, float %acc0.sroa.0.4.vec.extract)
1068:  %acc0.sroa.0.4.vec.insert = insertelement <2 x float> %acc0.sroa.0.0.vec.insert, float %296, i64 1
1069:  br label %_Z27merge_case13_intrawave_acc2Pfffb.exit2016
1071:_Z27merge_case13_intrawave_acc2Pfffb.exit2016:    ; preds = %_Z28merge_case13_intrawave_stateRfS_Pfb.exit1951, %if.then.i2008
1072:  %acc0.sroa.0.6 = phi <2 x float> [ %acc0.sroa.0.4.vec.insert, %if.then.i2008 ], [ %acc0.sroa.0.5, %_Z28merge_case13_intrawave_stateRfS_Pfb.exit1951 ]
1075:  %xor.i18.i1986 = shl i32 %298, 2
1076:  %shl.i19.i1987 = xor i32 %xor.i18.i1986, 128
1077:  %bc2845 = bitcast <2 x float> %acc0.sroa.50.5 to <2 x i32>
1079:  %300 = tail call i32 @llvm.mxc.bsm.bpermute(i32 %shl.i19.i1987, i32 %299)
1082:  %xor.i.i1990 = shl i32 %302, 2
1083:  %shl.i.i1991 = xor i32 %xor.i.i1990, 128
1084:  %bc2846 = bitcast <2 x float> %acc0.sroa.50.5 to <2 x i32>
1086:  %304 = tail call i32 @llvm.mxc.bsm.bpermute(i32 %shl.i.i1991, i32 %303)
1087:  br i1 %cmp373, label %if.then.i1992, label %_Z27merge_case13_intrawave_acc2Pfffb.exit2000
1089:if.then.i1992:                                    ; preds = %_Z27merge_case13_intrawave_acc2Pfffb.exit2016
1094:  %307 = tail call contract <2 x float> @llvm.mxc.pk.fma.f32(<2 x float> %acc0.sroa.50.5, <2 x float> %vecinit4.i.i1997, <2 x float> zeroinitializer)
1095:  %acc0.sroa.50.8.vec.extract = extractelement <2 x float> %307, i64 0
1096:  %308 = tail call contract noundef float @llvm.fma.f32(float %306, float %peer_weight.0.i1935, float %acc0.sroa.50.8.vec.extract)
1097:  %acc0.sroa.50.8.vec.insert = insertelement <2 x float> poison, float %308, i64 0
1098:  %acc0.sroa.50.12.vec.extract2678 = extractelement <2 x float> %307, i64 1
1099:  %309 = tail call contract noundef float @llvm.fma.f32(float %305, float %peer_weight.0.i1935, float %acc0.sroa.50.12.vec.extract2678)
1100:  %acc0.sroa.50.12.vec.insert = insertelement <2 x float> %acc0.sroa.50.8.vec.insert, float %309, i64 1
1101:  br label %_Z27merge_case13_intrawave_acc2Pfffb.exit2000
1103:_Z27merge_case13_intrawave_acc2Pfffb.exit2000:    ; preds = %_Z27merge_case13_intrawave_acc2Pfffb.exit2016, %if.then.i1992
1104:  %acc0.sroa.50.6 = phi <2 x float> [ %acc0.sroa.50.12.vec.insert, %if.then.i1992 ], [ %acc0.sroa.50.5, %_Z27merge_case13_intrawave_acc2Pfffb.exit2016 ]
1107:  %xor.i18.i1970 = shl i32 %311, 2
1108:  %shl.i19.i1971 = xor i32 %xor.i18.i1970, 128
1109:  %bc2847 = bitcast <2 x float> %acc0.sroa.97.5 to <2 x i32>
1111:  %313 = tail call i32 @llvm.mxc.bsm.bpermute(i32 %shl.i19.i1971, i32 %312)
1114:  %xor.i.i1974 = shl i32 %315, 2
1115:  %shl.i.i1975 = xor i32 %xor.i.i1974, 128
1116:  %bc2848 = bitcast <2 x float> %acc0.sroa.97.5 to <2 x i32>
1118:  %317 = tail call i32 @llvm.mxc.bsm.bpermute(i32 %shl.i.i1975, i32 %316)
1119:  br i1 %cmp373, label %if.then.i1976, label %_Z27merge_case13_intrawave_acc2Pfffb.exit1984
1121:if.then.i1976:                                    ; preds = %_Z27merge_case13_intrawave_acc2Pfffb.exit2000
1126:  %320 = tail call contract <2 x float> @llvm.mxc.pk.fma.f32(<2 x float> %acc0.sroa.97.5, <2 x float> %vecinit4.i.i1981, <2 x float> zeroinitializer)
1127:  %acc0.sroa.97.16.vec.extract = extractelement <2 x float> %320, i64 0
1128:  %321 = tail call contract noundef float @llvm.fma.f32(float %319, float %peer_weight.0.i1935, float %acc0.sroa.97.16.vec.extract)
1129:  %acc0.sroa.97.16.vec.insert = insertelement <2 x float> poison, float %321, i64 0
1130:  %acc0.sroa.97.20.vec.extract2740 = extractelement <2 x float> %320, i64 1
1131:  %322 = tail call contract noundef float @llvm.fma.f32(float %318, float %peer_weight.0.i1935, float %acc0.sroa.97.20.vec.extract2740)
1132:  %acc0.sroa.97.20.vec.insert = insertelement <2 x float> %acc0.sroa.97.16.vec.insert, float %322, i64 1
1133:  br label %_Z27merge_case13_intrawave_acc2Pfffb.exit1984
1135:_Z27merge_case13_intrawave_acc2Pfffb.exit1984:    ; preds = %_Z27merge_case13_intrawave_acc2Pfffb.exit2000, %if.then.i1976
1136:  %acc0.sroa.97.6 = phi <2 x float> [ %acc0.sroa.97.20.vec.insert, %if.then.i1976 ], [ %acc0.sroa.97.5, %_Z27merge_case13_intrawave_acc2Pfffb.exit2000 ]
1139:  %xor.i18.i = shl i32 %324, 2
