Building solutions/archive/2026-08-22-experiments/cuda_case1_native_register_fanout_exp634.cpp
Compiler: /opt/maca/mxgpu_llvm/bin/mxcc
MACA path: /opt/maca
CUDA bridge: /opt/maca-3.7.1/tools/cu-bridge
Target: xcore1000
Output: build/exp634_candidate.so
solutions/archive/2026-08-22-experiments/cuda_case1_native_register_fanout_exp634.cpp:388:40: warning: set minimum blocks' number is illegal in Maca and the value will be ignored [-Wmaca-min-blocks-per-multiprocessor]
  388 | __global__ void __launch_bounds__(256, 6)
      |                                        ^
solutions/archive/2026-08-22-experiments/cuda_case1_native_register_fanout_exp634.cpp:754:40: warning: set minimum blocks' number is illegal in Maca and the value will be ignored [-Wmaca-min-blocks-per-multiprocessor]
  754 | __global__ void __launch_bounds__(256, 6)
      |                                        ^
solutions/archive/2026-08-22-experiments/cuda_case1_native_register_fanout_exp634.cpp:1282:40: warning: set minimum blocks' number is illegal in Maca and the value will be ignored [-Wmaca-min-blocks-per-multiprocessor]
 1282 | __global__ void __launch_bounds__(256, 6)
      |                                        ^
solutions/archive/2026-08-22-experiments/cuda_case1_native_register_fanout_exp634.cpp:1282:40: warning: set minimum blocks' number is illegal in Maca and the value will be ignored [-Wmaca-min-blocks-per-multiprocessor]
solutions/archive/2026-08-22-experiments/cuda_case1_native_register_fanout_exp634.cpp:5584:21: note: in instantiation of function template specialization 'paged_decode_token_parallel_kernel<4, 8, false, false, false, false, false, true, false, false, false, false, false, true, false, false, false>' requested here
 5584 |                     paged_decode_token_parallel_kernel<
      |                     ^
solutions/archive/2026-08-22-experiments/cuda_case1_native_register_fanout_exp634.cpp:1282:40: warning: set minimum blocks' number is illegal in Maca and the value will be ignored [-Wmaca-min-blocks-per-multiprocessor]
 1282 | __global__ void __launch_bounds__(256, 6)
      |                                        ^
solutions/archive/2026-08-22-experiments/cuda_case1_native_register_fanout_exp634.cpp:5596:21: note: in instantiation of function template specialization 'paged_decode_token_parallel_kernel<4, 8, false, false, false, false, false, false, false, false, false, false, false, false, false, false, false>' requested here
 5596 |                     paged_decode_token_parallel_kernel<4, 8, false><<<
      |                     ^
solutions/archive/2026-08-22-experiments/cuda_case1_native_register_fanout_exp634.cpp:1282:40: warning: set minimum blocks' number is illegal in Maca and the value will be ignored [-Wmaca-min-blocks-per-multiprocessor]
 1282 | __global__ void __launch_bounds__(256, 6)
      |                                        ^
solutions/archive/2026-08-22-experiments/cuda_case1_native_register_fanout_exp634.cpp:5731:21: note: in instantiation of function template specialization 'paged_decode_token_parallel_kernel<8, 4, false, false, false, false, false, true, false, false, false, false, true, true, true, true, false>' requested here
 5731 |                     paged_decode_token_parallel_kernel<
      |                     ^
solutions/archive/2026-08-22-experiments/cuda_case1_native_register_fanout_exp634.cpp:1282:40: warning: set minimum blocks' number is illegal in Maca and the value will be ignored [-Wmaca-min-blocks-per-multiprocessor]
 1282 | __global__ void __launch_bounds__(256, 6)
      |                                        ^
solutions/archive/2026-08-22-experiments/cuda_case1_native_register_fanout_exp634.cpp:5753:21: note: in instantiation of function template specialization 'paged_decode_token_parallel_kernel<8, 4, true, false, false, false, false, true, false, false, true, false, true, true, false, false, true>' requested here
 5753 |                     paged_decode_token_parallel_kernel<
      |                     ^
solutions/archive/2026-08-22-experiments/cuda_case1_native_register_fanout_exp634.cpp:754:40: warning: set minimum blocks' number is illegal in Maca and the value will be ignored [-Wmaca-min-blocks-per-multiprocessor]
  754 | __global__ void __launch_bounds__(256, 6)
      |                                        ^
solutions/archive/2026-08-22-experiments/cuda_case1_native_register_fanout_exp634.cpp:5768:9: note: in instantiation of function template specialization 'paged_decode_split_qk_pair_kernel<8, 4>' requested here
 5768 |         paged_decode_split_qk_pair_kernel<8, 4><<<grid, 128>>>(
      |         ^
solutions/archive/2026-08-22-experiments/cuda_case1_native_register_fanout_exp634.cpp:388:40: warning: set minimum blocks' number is illegal in Maca and the value will be ignored [-Wmaca-min-blocks-per-multiprocessor]
  388 | __global__ void __launch_bounds__(256, 6)
      |                                        ^
solutions/archive/2026-08-22-experiments/cuda_case1_native_register_fanout_exp634.cpp:5775:13: note: in instantiation of function template specialization 'paged_decode_split_kernel<4, 8>' requested here
 5775 |             paged_decode_split_kernel<4, 8><<<grid, 256>>>(
      |             ^
solutions/archive/2026-08-22-experiments/cuda_case1_native_register_fanout_exp634.cpp:388:40: warning: set minimum blocks' number is illegal in Maca and the value will be ignored [-Wmaca-min-blocks-per-multiprocessor]
  388 | __global__ void __launch_bounds__(256, 6)
      |                                        ^
solutions/archive/2026-08-22-experiments/cuda_case1_native_register_fanout_exp634.cpp:5781:13: note: in instantiation of function template specialization 'paged_decode_split_kernel<8, 4>' requested here
 5781 |             paged_decode_split_kernel<8, 4><<<grid, 128>>>(
      |             ^
10 warnings generated when compiling for xcore1000.
solutions/archive/2026-08-22-experiments/cuda_case1_native_register_fanout_exp634.cpp:388:40: warning: set minimum blocks' number is illegal in Maca and the value will be ignored [-Wmaca-min-blocks-per-multiprocessor]
  388 | __global__ void __launch_bounds__(256, 6)
      |                                        ^
solutions/archive/2026-08-22-experiments/cuda_case1_native_register_fanout_exp634.cpp:754:40: warning: set minimum blocks' number is illegal in Maca and the value will be ignored [-Wmaca-min-blocks-per-multiprocessor]
  754 | __global__ void __launch_bounds__(256, 6)
      |                                        ^
solutions/archive/2026-08-22-experiments/cuda_case1_native_register_fanout_exp634.cpp:1282:40: warning: set minimum blocks' number is illegal in Maca and the value will be ignored [-Wmaca-min-blocks-per-multiprocessor]
 1282 | __global__ void __launch_bounds__(256, 6)
      |                                        ^
solutions/archive/2026-08-22-experiments/cuda_case1_native_register_fanout_exp634.cpp:1282:40: warning: set minimum blocks' number is illegal in Maca and the value will be ignored [-Wmaca-min-blocks-per-multiprocessor]
solutions/archive/2026-08-22-experiments/cuda_case1_native_register_fanout_exp634.cpp:5584:21: note: in instantiation of function template specialization 'paged_decode_token_parallel_kernel<4, 8, false, false, false, false, false, true, false, false, false, false, false, true, false, false, false>' requested here
 5584 |                     paged_decode_token_parallel_kernel<
      |                     ^
solutions/archive/2026-08-22-experiments/cuda_case1_native_register_fanout_exp634.cpp:1282:40: warning: set minimum blocks' number is illegal in Maca and the value will be ignored [-Wmaca-min-blocks-per-multiprocessor]
 1282 | __global__ void __launch_bounds__(256, 6)
      |                                        ^
solutions/archive/2026-08-22-experiments/cuda_case1_native_register_fanout_exp634.cpp:5596:21: note: in instantiation of function template specialization 'paged_decode_token_parallel_kernel<4, 8, false, false, false, false, false, false, false, false, false, false, false, false, false, false, false>' requested here
 5596 |                     paged_decode_token_parallel_kernel<4, 8, false><<<
      |                     ^
solutions/archive/2026-08-22-experiments/cuda_case1_native_register_fanout_exp634.cpp:1282:40: warning: set minimum blocks' number is illegal in Maca and the value will be ignored [-Wmaca-min-blocks-per-multiprocessor]
 1282 | __global__ void __launch_bounds__(256, 6)
      |                                        ^
solutions/archive/2026-08-22-experiments/cuda_case1_native_register_fanout_exp634.cpp:5731:21: note: in instantiation of function template specialization 'paged_decode_token_parallel_kernel<8, 4, false, false, false, false, false, true, false, false, false, false, true, true, true, true, false>' requested here
 5731 |                     paged_decode_token_parallel_kernel<
      |                     ^
solutions/archive/2026-08-22-experiments/cuda_case1_native_register_fanout_exp634.cpp:1282:40: warning: set minimum blocks' number is illegal in Maca and the value will be ignored [-Wmaca-min-blocks-per-multiprocessor]
 1282 | __global__ void __launch_bounds__(256, 6)
      |                                        ^
solutions/archive/2026-08-22-experiments/cuda_case1_native_register_fanout_exp634.cpp:5753:21: note: in instantiation of function template specialization 'paged_decode_token_parallel_kernel<8, 4, true, false, false, false, false, true, false, false, true, false, true, true, false, false, true>' requested here
 5753 |                     paged_decode_token_parallel_kernel<
      |                     ^
solutions/archive/2026-08-22-experiments/cuda_case1_native_register_fanout_exp634.cpp:754:40: warning: set minimum blocks' number is illegal in Maca and the value will be ignored [-Wmaca-min-blocks-per-multiprocessor]
  754 | __global__ void __launch_bounds__(256, 6)
      |                                        ^
solutions/archive/2026-08-22-experiments/cuda_case1_native_register_fanout_exp634.cpp:5768:9: note: in instantiation of function template specialization 'paged_decode_split_qk_pair_kernel<8, 4>' requested here
 5768 |         paged_decode_split_qk_pair_kernel<8, 4><<<grid, 128>>>(
      |         ^
solutions/archive/2026-08-22-experiments/cuda_case1_native_register_fanout_exp634.cpp:388:40: warning: set minimum blocks' number is illegal in Maca and the value will be ignored [-Wmaca-min-blocks-per-multiprocessor]
  388 | __global__ void __launch_bounds__(256, 6)
      |                                        ^
solutions/archive/2026-08-22-experiments/cuda_case1_native_register_fanout_exp634.cpp:5775:13: note: in instantiation of function template specialization 'paged_decode_split_kernel<4, 8>' requested here
 5775 |             paged_decode_split_kernel<4, 8><<<grid, 256>>>(
      |             ^
solutions/archive/2026-08-22-experiments/cuda_case1_native_register_fanout_exp634.cpp:388:40: warning: set minimum blocks' number is illegal in Maca and the value will be ignored [-Wmaca-min-blocks-per-multiprocessor]
  388 | __global__ void __launch_bounds__(256, 6)
      |                                        ^
solutions/archive/2026-08-22-experiments/cuda_case1_native_register_fanout_exp634.cpp:5781:13: note: in instantiation of function template specialization 'paged_decode_split_kernel<8, 4>' requested here
 5781 |             paged_decode_split_kernel<8, 4><<<grid, 128>>>(
      |             ^
10 warnings generated when compiling for xcore1000.
solutions/archive/2026-08-22-experiments/cuda_case1_native_register_fanout_exp634.cpp:388:40: warning: set minimum blocks' number is illegal in Maca and the value will be ignored [-Wmaca-min-blocks-per-multiprocessor]
  388 | __global__ void __launch_bounds__(256, 6)
      |                                        ^
solutions/archive/2026-08-22-experiments/cuda_case1_native_register_fanout_exp634.cpp:754:40: warning: set minimum blocks' number is illegal in Maca and the value will be ignored [-Wmaca-min-blocks-per-multiprocessor]
  754 | __global__ void __launch_bounds__(256, 6)
      |                                        ^
solutions/archive/2026-08-22-experiments/cuda_case1_native_register_fanout_exp634.cpp:1282:40: warning: set minimum blocks' number is illegal in Maca and the value will be ignored [-Wmaca-min-blocks-per-multiprocessor]
 1282 | __global__ void __launch_bounds__(256, 6)
      |                                        ^
solutions/archive/2026-08-22-experiments/cuda_case1_native_register_fanout_exp634.cpp:1282:40: warning: set minimum blocks' number is illegal in Maca and the value will be ignored [-Wmaca-min-blocks-per-multiprocessor]
solutions/archive/2026-08-22-experiments/cuda_case1_native_register_fanout_exp634.cpp:5584:21: note: in instantiation of function template specialization 'paged_decode_token_parallel_kernel<4, 8, false, false, false, false, false, true, false, false, false, false, false, true, false, false, false>' requested here
 5584 |                     paged_decode_token_parallel_kernel<
      |                     ^
solutions/archive/2026-08-22-experiments/cuda_case1_native_register_fanout_exp634.cpp:1282:40: warning: set minimum blocks' number is illegal in Maca and the value will be ignored [-Wmaca-min-blocks-per-multiprocessor]
 1282 | __global__ void __launch_bounds__(256, 6)
      |                                        ^
solutions/archive/2026-08-22-experiments/cuda_case1_native_register_fanout_exp634.cpp:5596:21: note: in instantiation of function template specialization 'paged_decode_token_parallel_kernel<4, 8, false, false, false, false, false, false, false, false, false, false, false, false, false, false, false>' requested here
 5596 |                     paged_decode_token_parallel_kernel<4, 8, false><<<
      |                     ^
solutions/archive/2026-08-22-experiments/cuda_case1_native_register_fanout_exp634.cpp:1282:40: warning: set minimum blocks' number is illegal in Maca and the value will be ignored [-Wmaca-min-blocks-per-multiprocessor]
 1282 | __global__ void __launch_bounds__(256, 6)
      |                                        ^
solutions/archive/2026-08-22-experiments/cuda_case1_native_register_fanout_exp634.cpp:5731:21: note: in instantiation of function template specialization 'paged_decode_token_parallel_kernel<8, 4, false, false, false, false, false, true, false, false, false, false, true, true, true, true, false>' requested here
 5731 |                     paged_decode_token_parallel_kernel<
      |                     ^
solutions/archive/2026-08-22-experiments/cuda_case1_native_register_fanout_exp634.cpp:1282:40: warning: set minimum blocks' number is illegal in Maca and the value will be ignored [-Wmaca-min-blocks-per-multiprocessor]
 1282 | __global__ void __launch_bounds__(256, 6)
      |                                        ^
solutions/archive/2026-08-22-experiments/cuda_case1_native_register_fanout_exp634.cpp:5753:21: note: in instantiation of function template specialization 'paged_decode_token_parallel_kernel<8, 4, true, false, false, false, false, true, false, false, true, false, true, true, false, false, true>' requested here
 5753 |                     paged_decode_token_parallel_kernel<
      |                     ^
solutions/archive/2026-08-22-experiments/cuda_case1_native_register_fanout_exp634.cpp:754:40: warning: set minimum blocks' number is illegal in Maca and the value will be ignored [-Wmaca-min-blocks-per-multiprocessor]
  754 | __global__ void __launch_bounds__(256, 6)
      |                                        ^
solutions/archive/2026-08-22-experiments/cuda_case1_native_register_fanout_exp634.cpp:5768:9: note: in instantiation of function template specialization 'paged_decode_split_qk_pair_kernel<8, 4>' requested here
 5768 |         paged_decode_split_qk_pair_kernel<8, 4><<<grid, 128>>>(
      |         ^
solutions/archive/2026-08-22-experiments/cuda_case1_native_register_fanout_exp634.cpp:388:40: warning: set minimum blocks' number is illegal in Maca and the value will be ignored [-Wmaca-min-blocks-per-multiprocessor]
  388 | __global__ void __launch_bounds__(256, 6)
      |                                        ^
solutions/archive/2026-08-22-experiments/cuda_case1_native_register_fanout_exp634.cpp:5775:13: note: in instantiation of function template specialization 'paged_decode_split_kernel<4, 8>' requested here
 5775 |             paged_decode_split_kernel<4, 8><<<grid, 256>>>(
      |             ^
solutions/archive/2026-08-22-experiments/cuda_case1_native_register_fanout_exp634.cpp:388:40: warning: set minimum blocks' number is illegal in Maca and the value will be ignored [-Wmaca-min-blocks-per-multiprocessor]
  388 | __global__ void __launch_bounds__(256, 6)
      |                                        ^
solutions/archive/2026-08-22-experiments/cuda_case1_native_register_fanout_exp634.cpp:5781:13: note: in instantiation of function template specialization 'paged_decode_split_kernel<8, 4>' requested here
 5781 |             paged_decode_split_kernel<8, 4><<<grid, 128>>>(
      |             ^
10 warnings generated when compiling for host.
Built build/exp634_candidate.so
