01|_Z27paged_decode_generic_kernelPK15__maca_bfloat16S1_S1_PS_PKiS4_llllllf |28/50/0/0 bytes stack frame /8
02|_Z32paged_decode_single_token_kernelILi4ELi8EEvPK15__maca_bfloat16PS0_PKii |6/18/0/0 bytes stack frame /8
03|_Z32paged_decode_single_token_kernelILi8ELi4EEvPK15__maca_bfloat16PS0_PKii |6/18/0/0 bytes stack frame /8
04|_Z29paged_decode_two_token_kernelILi4ELi8EEvPK15__maca_bfloat16S2_S2_PS0_PKiS5_if |22/26/0/0 bytes stack frame /8
05|_Z29paged_decode_two_token_kernelILi8ELi4EEvPK15__maca_bfloat16S2_S2_PS0_PKiS5_if |22/26/0/0 bytes stack frame /8
06|_Z38paged_decode_case11_headpair_z4_kernelILb1ELb1ELb0ELb1ELb1ELb1ELb1ELb1ELb0ELb1ELb1ELb0ELb0ELb1ELb1ELb1ELb0ELb0ELb0EEvPK15__maca_bfloat16S2_S2_PS0_PKiS5_PfS6_S6_iiiif |86/70/8320/0 bytes stack frame /5
07|_Z38paged_decode_case11_headpair_z4_kernelILb1ELb1ELb0ELb1ELb1ELb1ELb1ELb1ELb0ELb1ELb0ELb0ELb0ELb1ELb1ELb1ELb1ELb1ELb1EEvPK15__maca_bfloat16S2_S2_PS0_PKiS5_PfS6_S6_iiiif |80/58/8320/0 bytes stack frame /6
08|_Z38paged_decode_case11_headpair_z4_kernelILb1ELb1ELb0ELb1ELb1ELb1ELb0ELb1ELb1ELb1ELb0ELb1ELb1ELb0ELb0ELb0ELb0ELb1ELb1EEvPK15__maca_bfloat16S2_S2_PS0_PKiS5_PfS6_S6_iiiif |82/66/8320/0 bytes stack frame /5
09|_Z38paged_decode_case11_headpair_z4_kernelILb1ELb1ELb0ELb1ELb1ELb1ELb1ELb1ELb0ELb1ELb0ELb0ELb1ELb1ELb1ELb1ELb1ELb1ELb0EEvPK15__maca_bfloat16S2_S2_PS0_PKiS5_PfS6_S6_iiiif |80/58/8320/0 bytes stack frame /6
10|_Z38paged_decode_case11_headpair_z4_kernelILb0ELb0ELb0ELb0ELb0ELb0ELb0ELb0ELb0ELb1ELb0ELb0ELb0ELb1ELb1ELb1ELb0ELb1ELb0EEvPK15__maca_bfloat16S2_S2_PS0_PKiS5_PfS6_S6_iiiif |74/52/8320/0 bytes stack frame /6
11|_Z34paged_decode_token_parallel_kernelILi4ELi8ELb0ELb0ELb0ELb0ELb0ELb1ELb0ELb0ELb0ELb0ELb0ELb1ELb0ELb0ELb0EEvPK15__maca_bfloat16S2_S2_PS0_PKiS5_PfS6_S6_iiiif |92/48/8320/0 bytes stack frame /5
12|_Z34paged_decode_token_parallel_kernelILi4ELi8ELb0ELb0ELb0ELb0ELb0ELb0ELb0ELb0ELb0ELb0ELb0ELb0ELb0ELb0ELb0EEvPK15__maca_bfloat16S2_S2_PS0_PKiS5_PfS6_S6_iiiif |92/48/8320/0 bytes stack frame /5
13|_Z42paged_decode_case13_kv8_headpair_z8_kernelILb1ELb0ELb0EEvPK15__maca_bfloat16S2_S2_PS0_PKiS5_PfS6_S6_iiiif |82/50/8448/0 bytes stack frame /5
14|_Z42paged_decode_case13_kv8_headpair_z8_kernelILb1ELb0ELb1EEvPK15__maca_bfloat16S2_S2_PS0_PKiS5_PfS6_S6_iiiif |82/50/8448/0 bytes stack frame /5
15|_Z42paged_decode_case13_kv8_headpair_z8_kernelILb1ELb1ELb0EEvPK15__maca_bfloat16S2_S2_PS0_PKiS5_PfS6_S6_iiiif |82/48/8448/0 bytes stack frame /5
16|_Z34paged_decode_token_parallel_kernelILi8ELi4ELb0ELb0ELb0ELb0ELb0ELb1ELb0ELb0ELb0ELb0ELb1ELb1ELb1ELb1ELb0EEvPK15__maca_bfloat16S2_S2_PS0_PKiS5_PfS6_S6_iiiif |74/44/8320/0 bytes stack frame /6
17|_Z34paged_decode_token_parallel_kernelILi8ELi4ELb1ELb0ELb0ELb0ELb0ELb1ELb0ELb0ELb1ELb0ELb1ELb1ELb0ELb0ELb1EEvPK15__maca_bfloat16S2_S2_PS0_PKiS5_PfS6_S6_iiiif |80/44/8320/0 bytes stack frame /6
18|_Z33paged_decode_split_qk_pair_kernelILi8ELi4EEvPK15__maca_bfloat16S2_S2_PS0_PKiS5_PfS6_S6_iiiif |118/50/8192/0 bytes stack frame /4
19|_Z25paged_decode_split_kernelILi4ELi8EEvPK15__maca_bfloat16S2_S2_PS0_PKiS5_PfS6_S6_iiiif |104/74/8192/0 bytes stack frame /4
20|_Z25paged_decode_split_kernelILi8ELi4EEvPK15__maca_bfloat16S2_S2_PS0_PKiS5_PfS6_S6_iiiif |104/74/8192/0 bytes stack frame /4
21|_Z31paged_decode_reduce_vec2_kernelILb1ELb0ELb1ELb0ELb0EEvPKfS1_S1_P15__maca_bfloat16PKiiii |38/39/0/0 bytes stack frame /8
22|_Z33paged_decode_reduce_group8_kernelILb1ELb0ELb1ELb1ELb1ELb0ELi0EEvPKfS1_S1_P15__maca_bfloat16PKiiii |66/24/0/0 bytes stack frame /7
23|_Z33paged_decode_reduce_group8_kernelILb1ELb0ELb1ELb1ELb0ELb1ELi3EEvPKfS1_S1_P15__maca_bfloat16PKiiii |54/25/0/0 bytes stack frame /8
24|_Z33paged_decode_reduce_group8_kernelILb1ELb0ELb1ELb0ELb1ELb0ELi0EEvPKfS1_S1_P15__maca_bfloat16PKiiii |66/26/0/0 bytes stack frame /7
25|_Z33paged_decode_reduce_group8_kernelILb1ELb0ELb1ELb0ELb0ELb0ELi0EEvPKfS1_S1_P15__maca_bfloat16PKiiii |66/26/0/0 bytes stack frame /7
26|_Z33paged_decode_reduce_group8_kernelILb1ELb0ELb0ELb0ELb0ELb0ELi0EEvPKfS1_S1_P15__maca_bfloat16PKiiii |66/26/0/0 bytes stack frame /7
27|_Z31paged_decode_reduce_vec2_kernelILb1ELb0ELb1ELb1ELb1EEvPKfS1_S1_P15__maca_bfloat16PKiiii |38/36/0/0 bytes stack frame /8
28|_Z31paged_decode_reduce_vec4_kernelILb1ELb0ELb1EEvPKfS1_S1_P15__maca_bfloat16PKiiii |64/35/0/0 bytes stack frame /8
29|_Z26paged_d10 warnings generated when compiling for xcore1000.|40/28/0/0 bytes stack frame /8
30|_Z26paged_decode_reduce_kernelILb1ELb0ELb0ELb0ELb0ELb0ELb0EEvPKfS1_S1_P15__maca_bfloat16PKiiii |40/36/0/0 bytes stack frame /8
31|_Z38paged_decode_case11_headpair_z4_kernelILb1ELb1ELb0ELb1ELb1ELb1ELb1ELb1ELb0ELb1ELb1ELb0ELb0ELb1ELb1ELb1ELb1ELb1ELb1EEvPK15__maca_bfloat16S2_S2_PS0_PKiS5_PfS6_S6_iiiif |82/64/8320/0 bytes stack frame /5
