exp601 C500 candidate boundary-length correctness (14/14)
UTC 2026-08-18T17:25:27Z
command: python3 tests/c500_paged_decode_harness.py --library build/exp601_c500_candidate.so --cases all --lengths boundary --seed 20260809
candidate source SHA256:
2eb8cbdcbc8727f4d9d1fd2861663c37d02b3402ad341829a2f786d4b032e4bf  solutions/archive/2026-08-18-experiments/cuda_case12_partial_b128_stg_exp601.cpp
candidate binary SHA256:
a3a2898f2f384c74085d430d60bd15ff0f01e9d6e147f3f4ee3a3e2e7d42e95c  build/exp601_c500_candidate.so
GPU: MetaX C500 | torch=2.8.0+metax3.7.1.3
[PASS] case  1 B= 1 L=    1 KV=4 lengths=boundary match=1.000000 max_error=0.000000e+00 max_tol_ratio=0.000 finite=True
[PASS] case  2 B= 4 L=    2 KV=8 lengths=boundary match=1.000000 max_error=1.562500e-02 max_tol_ratio=0.324 finite=True
[PASS] case  3 B=16 L=   17 KV=4 lengths=boundary match=1.000000 max_error=7.812500e-03 max_tol_ratio=0.244 finite=True
[PASS] case  4 B=64 L=   64 KV=8 lengths=boundary match=1.000000 max_error=7.812500e-03 max_tol_ratio=0.244 finite=True
[PASS] case  5 B=16 L=  141 KV=4 lengths=boundary match=1.000000 max_error=7.812500e-03 max_tol_ratio=0.236 finite=True
[PASS] case  6 B=16 L=  362 KV=8 lengths=boundary match=1.000000 max_error=7.812500e-03 max_tol_ratio=0.243 finite=True
[PASS] case  7 B=64 L= 2048 KV=8 lengths=boundary match=1.000000 max_error=1.562500e-02 max_tol_ratio=0.279 finite=True
[PASS] case  8 B=16 L= 4096 KV=4 lengths=boundary match=1.000000 max_error=7.812500e-03 max_tol_ratio=0.242 finite=True
[PASS] case  9 B=32 L= 4096 KV=8 lengths=boundary match=1.000000 max_error=7.812500e-03 max_tol_ratio=0.240 finite=True
[PASS] case 10 B= 1 L= 8192 KV=4 lengths=boundary match=1.000000 max_error=0.000000e+00 max_tol_ratio=0.000 finite=True
[PASS] case 11 B=16 L=12251 KV=4 lengths=boundary match=1.000000 max_error=7.812500e-03 max_tol_ratio=0.242 finite=True
[PASS] case 12 B= 8 L=32768 KV=8 lengths=boundary match=1.000000 max_error=7.812500e-03 max_tol_ratio=0.239 finite=True
[PASS] case 13 B= 1 L=58966 KV=8 lengths=boundary match=1.000000 max_error=0.000000e+00 max_tol_ratio=0.000 finite=True
[PASS] case 14 B= 1 L=61519 KV=4 lengths=boundary match=1.000000 max_error=0.000000e+00 max_tol_ratio=0.000 finite=True
exit_status=0
