0000000000006630 W void __device_stub__paged_decode_split_kernel<4, 8>(__maca_bfloat16 const*, __maca_bfloat16 const*, __maca_bfloat16 const*, __maca_bfloat16*, int const*, int const*, float*, float*, float*, int, int, int, int, float)
0000000000006770 W void __device_stub__paged_decode_split_kernel<8, 4>(__maca_bfloat16 const*, __maca_bfloat16 const*, __maca_bfloat16 const*, __maca_bfloat16*, int const*, int const*, float*, float*, float*, int, int, int, int, float)
0000000000007090 W void __device_stub__paged_decode_reduce_kernel<true, false, false, false, false, false, false>(float const*, float const*, float const*, __maca_bfloat16*, int const*, int, int, int)
0000000000006fb0 W void __device_stub__paged_decode_reduce_kernel<true, false, true, true, true, true, true>(float const*, float const*, float const*, __maca_bfloat16*, int const*, int, int, int)
00000000000032a0 T __device_stub__paged_decode_generic_kernel(__maca_bfloat16 const*, __maca_bfloat16 const*, __maca_bfloat16 const*, __maca_bfloat16*, int const*, int const*, long, long, long, long, long, long, float)
0000000000005430 W void __device_stub__paged_decode_two_token_kernel<4, 8>(__maca_bfloat16 const*, __maca_bfloat16 const*, __maca_bfloat16 const*, __maca_bfloat16*, int const*, int const*, int, float)
0000000000005510 W void __device_stub__paged_decode_two_token_kernel<8, 4>(__maca_bfloat16 const*, __maca_bfloat16 const*, __maca_bfloat16 const*, __maca_bfloat16*, int const*, int const*, int, float)
00000000000068b0 W void __device_stub__paged_decode_reduce_vec2_kernel<true, false, true, false, false>(float const*, float const*, float const*, __maca_bfloat16*, int const*, int, int, int)
0000000000006df0 W void __device_stub__paged_decode_reduce_vec2_kernel<true, false, true, true, true>(float const*, float const*, float const*, __maca_bfloat16*, int const*, int, int, int)
0000000000006ed0 W void __device_stub__paged_decode_reduce_vec4_kernel<true, false, true>(float const*, float const*, float const*, __maca_bfloat16*, int const*, int, int, int)
0000000000005310 W void __device_stub__paged_decode_single_token_kernel<4, 8>(__maca_bfloat16 const*, __maca_bfloat16*, int const*, int)
00000000000053a0 W void __device_stub__paged_decode_single_token_kernel<8, 4>(__maca_bfloat16 const*, __maca_bfloat16*, int const*, int)
0000000000006d10 W void __device_stub__paged_decode_reduce_group8_kernel<true, false, false, false, false, false, 0>(float const*, float const*, float const*, __maca_bfloat16*, int const*, int, int, int)
0000000000006c30 W void __device_stub__paged_decode_reduce_group8_kernel<true, false, true, false, false, false, 0>(float const*, float const*, float const*, __maca_bfloat16*, int const*, int, int, int)
0000000000006b50 W void __device_stub__paged_decode_reduce_group8_kernel<true, false, true, false, true, false, 0>(float const*, float const*, float const*, __maca_bfloat16*, int const*, int, int, int)
0000000000006a70 W void __device_stub__paged_decode_reduce_group8_kernel<true, false, true, true, false, true, 3>(float const*, float const*, float const*, __maca_bfloat16*, int const*, int, int, int)
0000000000006990 W void __device_stub__paged_decode_reduce_group8_kernel<true, false, true, true, true, false, 0>(float const*, float const*, float const*, __maca_bfloat16*, int const*, int, int, int)
00000000000064f0 W void __device_stub__paged_decode_split_qk_pair_kernel<8, 4>(__maca_bfloat16 const*, __maca_bfloat16 const*, __maca_bfloat16 const*, __maca_bfloat16*, int const*, int const*, float*, float*, float*, int, int, int, int, float)
0000000000005d70 W void __device_stub__paged_decode_token_parallel_kernel<4, 8, false, false, false, false, false, false, false, false, false, false, false, false, false, false, false>(__maca_bfloat16 const*, __maca_bfloat16 const*, __maca_bfloat16 const*, __maca_bfloat16*, int const*, int const*, float*, float*, float*, int, int, int, int, float)
0000000000005c30 W void __device_stub__paged_decode_token_parallel_kernel<4, 8, false, false, false, false, false, true, false, false, false, false, false, true, false, false, false>(__maca_bfloat16 const*, __maca_bfloat16 const*, __maca_bfloat16 const*, __maca_bfloat16*, int const*, int const*, float*, float*, float*, int, int, int, int, float)
0000000000006270 W void __device_stub__paged_decode_token_parallel_kernel<8, 4, false, false, false, false, false, true, false, false, false, false, true, true, true, true, false>(__maca_bfloat16 const*, __maca_bfloat16 const*, __maca_bfloat16 const*, __maca_bfloat16*, int const*, int const*, float*, float*, float*, int, int, int, int, float)
00000000000063b0 W void __device_stub__paged_decode_token_parallel_kernel<8, 4, true, false, false, false, false, true, false, false, true, false, true, true, false, false, true>(__maca_bfloat16 const*, __maca_bfloat16 const*, __maca_bfloat16 const*, __maca_bfloat16*, int const*, int const*, float*, float*, float*, int, int, int, int, float)
0000000000005af0 W void __device_stub__paged_decode_case11_headpair_z4_kernel<false, false, false, false, false, false, false, false, false, true, false, false, false, true, true, true, false, true, false>(__maca_bfloat16 const*, __maca_bfloat16 const*, __maca_bfloat16 const*, __maca_bfloat16*, int const*, int const*, float*, float*, float*, int, int, int, int, float)
0000000000005870 W void __device_stub__paged_decode_case11_headpair_z4_kernel<true, true, false, true, true, true, false, true, true, true, false, true, true, false, false, false, false, true, true>(__maca_bfloat16 const*, __maca_bfloat16 const*, __maca_bfloat16 const*, __maca_bfloat16*, int const*, int const*, float*, float*, float*, int, int, int, int, float)
0000000000005730 W void __device_stub__paged_decode_case11_headpair_z4_kernel<true, true, false, true, true, true, true, true, false, true, false, false, false, true, true, true, true, true, true>(__maca_bfloat16 const*, __maca_bfloat16 const*, __maca_bfloat16 const*, __maca_bfloat16*, int const*, int const*, float*, float*, float*, int, int, int, int, float)
00000000000059b0 W void __device_stub__paged_decode_case11_headpair_z4_kernel<true, true, false, true, true, true, true, true, false, true, false, false, true, true, true, true, true, true, false>(__maca_bfloat16 const*, __maca_bfloat16 const*, __maca_bfloat16 const*, __maca_bfloat16*, int const*, int const*, float*, float*, float*, int, int, int, int, float)
00000000000055f0 W void __device_stub__paged_decode_case11_headpair_z4_kernel<true, true, false, true, true, true, true, true, false, true, true, false, false, true, true, true, false, false, false>(__maca_bfloat16 const*, __maca_bfloat16 const*, __maca_bfloat16 const*, __maca_bfloat16*, int const*, int const*, float*, float*, float*, int, int, int, int, float)
0000000000007170 W void __device_stub__paged_decode_case11_headpair_z4_kernel<true, true, false, true, true, true, true, true, false, true, true, false, false, true, true, true, true, true, true>(__maca_bfloat16 const*, __maca_bfloat16 const*, __maca_bfloat16 const*, __maca_bfloat16*, int const*, int const*, float*, float*, float*, int, int, int, int, float)
0000000000005eb0 W void __device_stub__paged_decode_case13_kv8_headpair_z8_kernel<true, false, false, true>(__maca_bfloat16 const*, __maca_bfloat16 const*, __maca_bfloat16 const*, __maca_bfloat16*, int const*, int const*, float*, float*, float*, int, int, int, int, float)
0000000000005ff0 W void __device_stub__paged_decode_case13_kv8_headpair_z8_kernel<true, false, true, false>(__maca_bfloat16 const*, __maca_bfloat16 const*, __maca_bfloat16 const*, __maca_bfloat16*, int const*, int const*, float*, float*, float*, int, int, int, int, float)
0000000000006130 W void __device_stub__paged_decode_case13_kv8_headpair_z8_kernel<true, true, false, false>(__maca_bfloat16 const*, __maca_bfloat16 const*, __maca_bfloat16 const*, __maca_bfloat16*, int const*, int const*, float*, float*, float*, int, int, int, int, float)
00000000000b60c0 b run_kernel::s_capacity
00000000000b60b0 b run_kernel::s_partial_l
00000000000b60a8 b run_kernel::s_partial_m
00000000000b60b8 b run_kernel::s_partial_acc
00000000000033d0 T run_kernel
