candidate_sha 314c3445e887e4e2e1e16653a3e7be28d71b44803b8d6a720f73b68d28f13bff
control_sha a92f74e6aae22bc8e9a0a08b627ee9441c014cce9d950cf984f23c8987840972
parent_control_declared a92f74e6aae22bc8e9a0a08b627ee9441c014cce9d950cf984f23c8987840972
candidate_resource_function_count 32
control_resource_function_count 31
candidate_only_resource_tuples
1 _Z59paged_decode_case9_kv8_headpair_z8_direct_three_peer_kernelILb1ELb1ELb0EEvPK15__maca_bfloat16S2_S2_PS0_PKiS5_PfS6_S6_iiiif | 82|48|8448|5
control_only_resource_tuples
non_target_resource_multiset_equal True
case9_direct_resource ['_Z59paged_decode_case9_kv8_headpair_z8_direct_three_peer_kernelILb1ELb1ELb0EEvPK15__maca_bfloat16S2_S2_PS0_PKiS5_PfS6_S6_iiiif | 82|48|8448|5']
control_case9_original_resource ['_Z42paged_decode_case13_kv8_headpair_z8_kernelILb1ELb1ELb0EEvPK15__maca_bfloat16S2_S2_PS0_PKiS5_PfS6_S6_iiiif | 82|48|8448|5']
source_diff_hunk_headers
@@ -2402,6 +2402,61 @@
@@ -2878,6 +2933,397 @@
@@ -5640,7 +6086,11 @@
run_kernel_has_target_direct_launch 1
run_kernel_direct_pattern_matches 1
run_kernel_control_equivalent_after_target_restore True
candidate_case12_direct_launch_count 0
candidate_case7_direct_launch_count 0
candidate_case13_direct_launch_count 0
candidate_cudaDeviceSynchronize_count 0
candidate_direct_kernel_definition_count 1
llvm_direct_function_found True
llvm_direct_body_barrier_cta_count 3
llvm_direct_body_barrier_warp_count 3
llvm_direct_body_bpermute_count 20
llvm_direct_body_partial_acc_store_markers 3
llvm_direct_body_alloca_count 0
llvm_direct_body_has_raw_pair_helpers True
llvm_direct_body_has_second_cta_barrier False
STATIC_AUDIT_END
