Building solutions/archive/2026-08-24-experiments/cuda_control124611_case2_source_owner_b128_exp681.cpp
Compiler: /opt/maca/mxgpu_llvm/bin/mxcc
MACA path: /opt/maca
CUDA bridge: /opt/maca-3.7.1/tools/cu-bridge
Target: xcore1000
Output: /tmp/exp681_candidate_normal.so
solutions/archive/2026-08-24-experiments/cuda_control124611_case2_source_owner_b128_exp681.cpp:405:40: warning: set minimum blocks' number is illegal in Maca and the value will be ignored [-Wmaca-min-blocks-per-multiprocessor]
  405 | __global__ void __launch_bounds__(256, 6)
      |                                        ^
solutions/archive/2026-08-24-experiments/cuda_control124611_case2_source_owner_b128_exp681.cpp:771:40: warning: set minimum blocks' number is illegal in Maca and the value will be ignored [-Wmaca-min-blocks-per-multiprocessor]
  771 | __global__ void __launch_bounds__(256, 6)
      |                                        ^
solutions/archive/2026-08-24-experiments/cuda_control124611_case2_source_owner_b128_exp681.cpp:1299:40: warning: set minimum blocks' number is illegal in Maca and the value will be ignored [-Wmaca-min-blocks-per-multiprocessor]
 1299 | __global__ void __launch_bounds__(256, 6)
      |                                        ^
solutions/archive/2026-08-24-experiments/cuda_control124611_case2_source_owner_b128_exp681.cpp:1299:40: warning: set minimum blocks' number is illegal in Maca and the value will be ignored [-Wmaca-min-blocks-per-multiprocessor]
solutions/archive/2026-08-24-experiments/cuda_control124611_case2_source_owner_b128_exp681.cpp:5731:21: note: in instantiation of function template specialization 'paged_decode_token_parallel_kernel<4, 8, false, false, false, false, false, true, false, false, false, false, false, true, false, false, false>' requested here
 5731 |                     paged_decode_token_parallel_kernel<
      |                     ^
solutions/archive/2026-08-24-experiments/cuda_control124611_case2_source_owner_b128_exp681.cpp:1299:40: warning: set minimum blocks' number is illegal in Maca and the value will be ignored [-Wmaca-min-blocks-per-multiprocessor]
 1299 | __global__ void __launch_bounds__(256, 6)
      |                                        ^
solutions/archive/2026-08-24-experiments/cuda_control124611_case2_source_owner_b128_exp681.cpp:5743:21: note: in instantiation of function template specialization 'paged_decode_token_parallel_kernel<4, 8, false, false, false, false, false, false, false, false, false, false, false, false, false, false, false>' requested here
 5743 |                     paged_decode_token_parallel_kernel<4, 8, false><<<
      |                     ^
solutions/archive/2026-08-24-experiments/cuda_control124611_case2_source_owner_b128_exp681.cpp:1299:40: warning: set minimum blocks' number is illegal in Maca and the value will be ignored [-Wmaca-min-blocks-per-multiprocessor]
 1299 | __global__ void __launch_bounds__(256, 6)
      |                                        ^
solutions/archive/2026-08-24-experiments/cuda_control124611_case2_source_owner_b128_exp681.cpp:5879:21: note: in instantiation of function template specialization 'paged_decode_token_parallel_kernel<8, 4, false, false, false, false, false, true, false, false, false, false, true, true, true, true, false>' requested here
 5879 |                     paged_decode_token_parallel_kernel<
      |                     ^
solutions/archive/2026-08-24-experiments/cuda_control124611_case2_source_owner_b128_exp681.cpp:1299:40: warning: set minimum blocks' number is illegal in Maca and the value will be ignored [-Wmaca-min-blocks-per-multiprocessor]
 1299 | __global__ void __launch_bounds__(256, 6)
      |                                        ^
solutions/archive/2026-08-24-experiments/cuda_control124611_case2_source_owner_b128_exp681.cpp:5901:21: note: in instantiation of function template specialization 'paged_decode_token_parallel_kernel<8, 4, true, false, false, false, false, true, false, false, true, false, true, true, false, false, true>' requested here
 5901 |                     paged_decode_token_parallel_kernel<
      |                     ^
solutions/archive/2026-08-24-experiments/cuda_control124611_case2_source_owner_b128_exp681.cpp:771:40: warning: set minimum blocks' number is illegal in Maca and the value will be ignored [-Wmaca-min-blocks-per-multiprocessor]
  771 | __global__ void __launch_bounds__(256, 6)
      |                                        ^
solutions/archive/2026-08-24-experiments/cuda_control124611_case2_source_owner_b128_exp681.cpp:5916:9: note: in instantiation of function template specialization 'paged_decode_split_qk_pair_kernel<8, 4>' requested here
 5916 |         paged_decode_split_qk_pair_kernel<8, 4><<<grid, 128>>>(
      |         ^
solutions/archive/2026-08-24-experiments/cuda_control124611_case2_source_owner_b128_exp681.cpp:405:40: warning: set minimum blocks' number is illegal in Maca and the value will be ignored [-Wmaca-min-blocks-per-multiprocessor]
  405 | __global__ void __launch_bounds__(256, 6)
      |                                        ^
solutions/archive/2026-08-24-experiments/cuda_control124611_case2_source_owner_b128_exp681.cpp:5923:13: note: in instantiation of function template specialization 'paged_decode_split_kernel<4, 8>' requested here
 5923 |             paged_decode_split_kernel<4, 8><<<grid, 256>>>(
      |             ^
solutions/archive/2026-08-24-experiments/cuda_control124611_case2_source_owner_b128_exp681.cpp:405:40: warning: set minimum blocks' number is illegal in Maca and the value will be ignored [-Wmaca-min-blocks-per-multiprocessor]
  405 | __global__ void __launch_bounds__(256, 6)
      |                                        ^
solutions/archive/2026-08-24-experiments/cuda_control124611_case2_source_owner_b128_exp681.cpp:5929:13: note: in instantiation of function template specialization 'paged_decode_split_kernel<8, 4>' requested here
 5929 |             paged_decode_split_kernel<8, 4><<<grid, 128>>>(
      |             ^
10 warnings generated when compiling for xcore1000.
solutions/archive/2026-08-24-experiments/cuda_control124611_case2_source_owner_b128_exp681.cpp:405:40: warning: set minimum blocks' number is illegal in Maca and the value will be ignored [-Wmaca-min-blocks-per-multiprocessor]
  405 | __global__ void __launch_bounds__(256, 6)
      |                                        ^
solutions/archive/2026-08-24-experiments/cuda_control124611_case2_source_owner_b128_exp681.cpp:771:40: warning: set minimum blocks' number is illegal in Maca and the value will be ignored [-Wmaca-min-blocks-per-multiprocessor]
  771 | __global__ void __launch_bounds__(256, 6)
      |                                        ^
solutions/archive/2026-08-24-experiments/cuda_control124611_case2_source_owner_b128_exp681.cpp:1299:40: warning: set minimum blocks' number is illegal in Maca and the value will be ignored [-Wmaca-min-blocks-per-multiprocessor]
 1299 | __global__ void __launch_bounds__(256, 6)
      |                                        ^
solutions/archive/2026-08-24-experiments/cuda_control124611_case2_source_owner_b128_exp681.cpp:1299:40: warning: set minimum blocks' number is illegal in Maca and the value will be ignored [-Wmaca-min-blocks-per-multiprocessor]
solutions/archive/2026-08-24-experiments/cuda_control124611_case2_source_owner_b128_exp681.cpp:5731:21: note: in instantiation of function template specialization 'paged_decode_token_parallel_kernel<4, 8, false, false, false, false, false, true, false, false, false, false, false, true, false, false, false>' requested here
 5731 |                     paged_decode_token_parallel_kernel<
      |                     ^
solutions/archive/2026-08-24-experiments/cuda_control124611_case2_source_owner_b128_exp681.cpp:1299:40: warning: set minimum blocks' number is illegal in Maca and the value will be ignored [-Wmaca-min-blocks-per-multiprocessor]
 1299 | __global__ void __launch_bounds__(256, 6)
      |                                        ^
solutions/archive/2026-08-24-experiments/cuda_control124611_case2_source_owner_b128_exp681.cpp:5743:21: note: in instantiation of function template specialization 'paged_decode_token_parallel_kernel<4, 8, false, false, false, false, false, false, false, false, false, false, false, false, false, false, false>' requested here
 5743 |                     paged_decode_token_parallel_kernel<4, 8, false><<<
      |                     ^
solutions/archive/2026-08-24-experiments/cuda_control124611_case2_source_owner_b128_exp681.cpp:1299:40: warning: set minimum blocks' number is illegal in Maca and the value will be ignored [-Wmaca-min-blocks-per-multiprocessor]
 1299 | __global__ void __launch_bounds__(256, 6)
      |                                        ^
solutions/archive/2026-08-24-experiments/cuda_control124611_case2_source_owner_b128_exp681.cpp:5879:21: note: in instantiation of function template specialization 'paged_decode_token_parallel_kernel<8, 4, false, false, false, false, false, true, false, false, false, false, true, true, true, true, false>' requested here
 5879 |                     paged_decode_token_parallel_kernel<
      |                     ^
solutions/archive/2026-08-24-experiments/cuda_control124611_case2_source_owner_b128_exp681.cpp:1299:40: warning: set minimum blocks' number is illegal in Maca and the value will be ignored [-Wmaca-min-blocks-per-multiprocessor]
 1299 | __global__ void __launch_bounds__(256, 6)
      |                                        ^
solutions/archive/2026-08-24-experiments/cuda_control124611_case2_source_owner_b128_exp681.cpp:5901:21: note: in instantiation of function template specialization 'paged_decode_token_parallel_kernel<8, 4, true, false, false, false, false, true, false, false, true, false, true, true, false, false, true>' requested here
 5901 |                     paged_decode_token_parallel_kernel<
      |                     ^
solutions/archive/2026-08-24-experiments/cuda_control124611_case2_source_owner_b128_exp681.cpp:771:40: warning: set minimum blocks' number is illegal in Maca and the value will be ignored [-Wmaca-min-blocks-per-multiprocessor]
  771 | __global__ void __launch_bounds__(256, 6)
      |                                        ^
solutions/archive/2026-08-24-experiments/cuda_control124611_case2_source_owner_b128_exp681.cpp:5916:9: note: in instantiation of function template specialization 'paged_decode_split_qk_pair_kernel<8, 4>' requested here
 5916 |         paged_decode_split_qk_pair_kernel<8, 4><<<grid, 128>>>(
      |         ^
solutions/archive/2026-08-24-experiments/cuda_control124611_case2_source_owner_b128_exp681.cpp:405:40: warning: set minimum blocks' number is illegal in Maca and the value will be ignored [-Wmaca-min-blocks-per-multiprocessor]
  405 | __global__ void __launch_bounds__(256, 6)
      |                                        ^
solutions/archive/2026-08-24-experiments/cuda_control124611_case2_source_owner_b128_exp681.cpp:5923:13: note: in instantiation of function template specialization 'paged_decode_split_kernel<4, 8>' requested here
 5923 |             paged_decode_split_kernel<4, 8><<<grid, 256>>>(
      |             ^
solutions/archive/2026-08-24-experiments/cuda_control124611_case2_source_owner_b128_exp681.cpp:405:40: warning: set minimum blocks' number is illegal in Maca and the value will be ignored [-Wmaca-min-blocks-per-multiprocessor]
  405 | __global__ void __launch_bounds__(256, 6)
      |                                        ^
solutions/archive/2026-08-24-experiments/cuda_control124611_case2_source_owner_b128_exp681.cpp:5929:13: note: in instantiation of function template specialization 'paged_decode_split_kernel<8, 4>' requested here
 5929 |             paged_decode_split_kernel<8, 4><<<grid, 128>>>(
      |             ^
10 warnings generated when compiling for xcore1000.
solutions/archive/2026-08-24-experiments/cuda_control124611_case2_source_owner_b128_exp681.cpp:405:40: warning: set minimum blocks' number is illegal in Maca and the value will be ignored [-Wmaca-min-blocks-per-multiprocessor]
  405 | __global__ void __launch_bounds__(256, 6)
      |                                        ^
solutions/archive/2026-08-24-experiments/cuda_control124611_case2_source_owner_b128_exp681.cpp:771:40: warning: set minimum blocks' number is illegal in Maca and the value will be ignored [-Wmaca-min-blocks-per-multiprocessor]
  771 | __global__ void __launch_bounds__(256, 6)
      |                                        ^
solutions/archive/2026-08-24-experiments/cuda_control124611_case2_source_owner_b128_exp681.cpp:1299:40: warning: set minimum blocks' number is illegal in Maca and the value will be ignored [-Wmaca-min-blocks-per-multiprocessor]
 1299 | __global__ void __launch_bounds__(256, 6)
      |                                        ^
solutions/archive/2026-08-24-experiments/cuda_control124611_case2_source_owner_b128_exp681.cpp:1299:40: warning: set minimum blocks' number is illegal in Maca and the value will be ignored [-Wmaca-min-blocks-per-multiprocessor]
solutions/archive/2026-08-24-experiments/cuda_control124611_case2_source_owner_b128_exp681.cpp:5731:21: note: in instantiation of function template specialization 'paged_decode_token_parallel_kernel<4, 8, false, false, false, false, false, true, false, false, false, false, false, true, false, false, false>' requested here
 5731 |                     paged_decode_token_parallel_kernel<
      |                     ^
solutions/archive/2026-08-24-experiments/cuda_control124611_case2_source_owner_b128_exp681.cpp:1299:40: warning: set minimum blocks' number is illegal in Maca and the value will be ignored [-Wmaca-min-blocks-per-multiprocessor]
 1299 | __global__ void __launch_bounds__(256, 6)
      |                                        ^
solutions/archive/2026-08-24-experiments/cuda_control124611_case2_source_owner_b128_exp681.cpp:5743:21: note: in instantiation of function template specialization 'paged_decode_token_parallel_kernel<4, 8, false, false, false, false, false, false, false, false, false, false, false, false, false, false, false>' requested here
 5743 |                     paged_decode_token_parallel_kernel<4, 8, false><<<
      |                     ^
solutions/archive/2026-08-24-experiments/cuda_control124611_case2_source_owner_b128_exp681.cpp:1299:40: warning: set minimum blocks' number is illegal in Maca and the value will be ignored [-Wmaca-min-blocks-per-multiprocessor]
 1299 | __global__ void __launch_bounds__(256, 6)
      |                                        ^
solutions/archive/2026-08-24-experiments/cuda_control124611_case2_source_owner_b128_exp681.cpp:5879:21: note: in instantiation of function template specialization 'paged_decode_token_parallel_kernel<8, 4, false, false, false, false, false, true, false, false, false, false, true, true, true, true, false>' requested here
 5879 |                     paged_decode_token_parallel_kernel<
      |                     ^
solutions/archive/2026-08-24-experiments/cuda_control124611_case2_source_owner_b128_exp681.cpp:1299:40: warning: set minimum blocks' number is illegal in Maca and the value will be ignored [-Wmaca-min-blocks-per-multiprocessor]
 1299 | __global__ void __launch_bounds__(256, 6)
      |                                        ^
solutions/archive/2026-08-24-experiments/cuda_control124611_case2_source_owner_b128_exp681.cpp:5901:21: note: in instantiation of function template specialization 'paged_decode_token_parallel_kernel<8, 4, true, false, false, false, false, true, false, false, true, false, true, true, false, false, true>' requested here
 5901 |                     paged_decode_token_parallel_kernel<
      |                     ^
solutions/archive/2026-08-24-experiments/cuda_control124611_case2_source_owner_b128_exp681.cpp:771:40: warning: set minimum blocks' number is illegal in Maca and the value will be ignored [-Wmaca-min-blocks-per-multiprocessor]
  771 | __global__ void __launch_bounds__(256, 6)
      |                                        ^
solutions/archive/2026-08-24-experiments/cuda_control124611_case2_source_owner_b128_exp681.cpp:5916:9: note: in instantiation of function template specialization 'paged_decode_split_qk_pair_kernel<8, 4>' requested here
 5916 |         paged_decode_split_qk_pair_kernel<8, 4><<<grid, 128>>>(
      |         ^
solutions/archive/2026-08-24-experiments/cuda_control124611_case2_source_owner_b128_exp681.cpp:405:40: warning: set minimum blocks' number is illegal in Maca and the value will be ignored [-Wmaca-min-blocks-per-multiprocessor]
  405 | __global__ void __launch_bounds__(256, 6)
      |                                        ^
solutions/archive/2026-08-24-experiments/cuda_control124611_case2_source_owner_b128_exp681.cpp:5923:13: note: in instantiation of function template specialization 'paged_decode_split_kernel<4, 8>' requested here
 5923 |             paged_decode_split_kernel<4, 8><<<grid, 256>>>(
      |             ^
solutions/archive/2026-08-24-experiments/cuda_control124611_case2_source_owner_b128_exp681.cpp:405:40: warning: set minimum blocks' number is illegal in Maca and the value will be ignored [-Wmaca-min-blocks-per-multiprocessor]
  405 | __global__ void __launch_bounds__(256, 6)
      |                                        ^
solutions/archive/2026-08-24-experiments/cuda_control124611_case2_source_owner_b128_exp681.cpp:5929:13: note: in instantiation of function template specialization 'paged_decode_split_kernel<8, 4>' requested here
 5929 |             paged_decode_split_kernel<8, 4><<<grid, 128>>>(
      |             ^
10 warnings generated when compiling for host.
Built /tmp/exp681_candidate_normal.so
