Building solutions/archive/2026-08-21-experiments/cuda_case12_q_bsm_partial_b128_stg_exp611.cpp
Compiler: /opt/maca/mxgpu_llvm/bin/mxcc
MACA path: /opt/maca
CUDA bridge: /opt/maca-3.7.1/tools/cu-bridge
Target: xcore1000
Output: build/exp611_candidate.ll
mxcc: warning: argument unused during compilation: '-shared' [-Wunused-command-line-argument]
solutions/archive/2026-08-21-experiments/cuda_case12_q_bsm_partial_b128_stg_exp611.cpp:348:40: warning: set minimum blocks' number is illegal in Maca and the value will be ignored [-Wmaca-min-blocks-per-multiprocessor]
  348 | __global__ void __launch_bounds__(256, 6)
      |                                        ^
solutions/archive/2026-08-21-experiments/cuda_case12_q_bsm_partial_b128_stg_exp611.cpp:714:40: warning: set minimum blocks' number is illegal in Maca and the value will be ignored [-Wmaca-min-blocks-per-multiprocessor]
  714 | __global__ void __launch_bounds__(256, 6)
      |                                        ^
solutions/archive/2026-08-21-experiments/cuda_case12_q_bsm_partial_b128_stg_exp611.cpp:1242:40: warning: set minimum blocks' number is illegal in Maca and the value will be ignored [-Wmaca-min-blocks-per-multiprocessor]
 1242 | __global__ void __launch_bounds__(256, 6)
      |                                        ^
solutions/archive/2026-08-21-experiments/cuda_case12_q_bsm_partial_b128_stg_exp611.cpp:1242:40: warning: set minimum blocks' number is illegal in Maca and the value will be ignored [-Wmaca-min-blocks-per-multiprocessor]
solutions/archive/2026-08-21-experiments/cuda_case12_q_bsm_partial_b128_stg_exp611.cpp:5618:21: note: in instantiation of function template specialization 'paged_decode_token_parallel_kernel<4, 8, false, false, false, false, false, true, false, false, false, false, false, true, false, false, false>' requested here
 5618 |                     paged_decode_token_parallel_kernel<
      |                     ^
solutions/archive/2026-08-21-experiments/cuda_case12_q_bsm_partial_b128_stg_exp611.cpp:1242:40: warning: set minimum blocks' number is illegal in Maca and the value will be ignored [-Wmaca-min-blocks-per-multiprocessor]
 1242 | __global__ void __launch_bounds__(256, 6)
      |                                        ^
solutions/archive/2026-08-21-experiments/cuda_case12_q_bsm_partial_b128_stg_exp611.cpp:5630:21: note: in instantiation of function template specialization 'paged_decode_token_parallel_kernel<4, 8, false, false, false, false, false, false, false, false, false, false, false, false, false, false, false>' requested here
 5630 |                     paged_decode_token_parallel_kernel<4, 8, false><<<
      |                     ^
solutions/archive/2026-08-21-experiments/cuda_case12_q_bsm_partial_b128_stg_exp611.cpp:1242:40: warning: set minimum blocks' number is illegal in Maca and the value will be ignored [-Wmaca-min-blocks-per-multiprocessor]
 1242 | __global__ void __launch_bounds__(256, 6)
      |                                        ^
solutions/archive/2026-08-21-experiments/cuda_case12_q_bsm_partial_b128_stg_exp611.cpp:5765:21: note: in instantiation of function template specialization 'paged_decode_token_parallel_kernel<8, 4, false, false, false, false, false, true, false, false, false, false, true, true, true, true, false>' requested here
 5765 |                     paged_decode_token_parallel_kernel<
      |                     ^
solutions/archive/2026-08-21-experiments/cuda_case12_q_bsm_partial_b128_stg_exp611.cpp:1242:40: warning: set minimum blocks' number is illegal in Maca and the value will be ignored [-Wmaca-min-blocks-per-multiprocessor]
 1242 | __global__ void __launch_bounds__(256, 6)
      |                                        ^
solutions/archive/2026-08-21-experiments/cuda_case12_q_bsm_partial_b128_stg_exp611.cpp:5787:21: note: in instantiation of function template specialization 'paged_decode_token_parallel_kernel<8, 4, true, false, false, false, false, true, false, false, true, false, true, true, false, false, true>' requested here
 5787 |                     paged_decode_token_parallel_kernel<
      |                     ^
solutions/archive/2026-08-21-experiments/cuda_case12_q_bsm_partial_b128_stg_exp611.cpp:714:40: warning: set minimum blocks' number is illegal in Maca and the value will be ignored [-Wmaca-min-blocks-per-multiprocessor]
  714 | __global__ void __launch_bounds__(256, 6)
      |                                        ^
solutions/archive/2026-08-21-experiments/cuda_case12_q_bsm_partial_b128_stg_exp611.cpp:5802:9: note: in instantiation of function template specialization 'paged_decode_split_qk_pair_kernel<8, 4>' requested here
 5802 |         paged_decode_split_qk_pair_kernel<8, 4><<<grid, 128>>>(
      |         ^
solutions/archive/2026-08-21-experiments/cuda_case12_q_bsm_partial_b128_stg_exp611.cpp:348:40: warning: set minimum blocks' number is illegal in Maca and the value will be ignored [-Wmaca-min-blocks-per-multiprocessor]
  348 | __global__ void __launch_bounds__(256, 6)
      |                                        ^
solutions/archive/2026-08-21-experiments/cuda_case12_q_bsm_partial_b128_stg_exp611.cpp:5809:13: note: in instantiation of function template specialization 'paged_decode_split_kernel<4, 8>' requested here
 5809 |             paged_decode_split_kernel<4, 8><<<grid, 256>>>(
      |             ^
solutions/archive/2026-08-21-experiments/cuda_case12_q_bsm_partial_b128_stg_exp611.cpp:348:40: warning: set minimum blocks' number is illegal in Maca and the value will be ignored [-Wmaca-min-blocks-per-multiprocessor]
  348 | __global__ void __launch_bounds__(256, 6)
      |                                        ^
solutions/archive/2026-08-21-experiments/cuda_case12_q_bsm_partial_b128_stg_exp611.cpp:5815:13: note: in instantiation of function template specialization 'paged_decode_split_kernel<8, 4>' requested here
 5815 |             paged_decode_split_kernel<8, 4><<<grid, 128>>>(
      |             ^
10 warnings generated when compiling for xcore1000.
solutions/archive/2026-08-21-experiments/cuda_case12_q_bsm_partial_b128_stg_exp611.cpp:348:40: warning: set minimum blocks' number is illegal in Maca and the value will be ignored [-Wmaca-min-blocks-per-multiprocessor]
  348 | __global__ void __launch_bounds__(256, 6)
      |                                        ^
solutions/archive/2026-08-21-experiments/cuda_case12_q_bsm_partial_b128_stg_exp611.cpp:714:40: warning: set minimum blocks' number is illegal in Maca and the value will be ignored [-Wmaca-min-blocks-per-multiprocessor]
  714 | __global__ void __launch_bounds__(256, 6)
      |                                        ^
solutions/archive/2026-08-21-experiments/cuda_case12_q_bsm_partial_b128_stg_exp611.cpp:1242:40: warning: set minimum blocks' number is illegal in Maca and the value will be ignored [-Wmaca-min-blocks-per-multiprocessor]
 1242 | __global__ void __launch_bounds__(256, 6)
      |                                        ^
solutions/archive/2026-08-21-experiments/cuda_case12_q_bsm_partial_b128_stg_exp611.cpp:1242:40: warning: set minimum blocks' number is illegal in Maca and the value will be ignored [-Wmaca-min-blocks-per-multiprocessor]
solutions/archive/2026-08-21-experiments/cuda_case12_q_bsm_partial_b128_stg_exp611.cpp:5618:21: note: in instantiation of function template specialization 'paged_decode_token_parallel_kernel<4, 8, false, false, false, false, false, true, false, false, false, false, false, true, false, false, false>' requested here
 5618 |                     paged_decode_token_parallel_kernel<
      |                     ^
solutions/archive/2026-08-21-experiments/cuda_case12_q_bsm_partial_b128_stg_exp611.cpp:1242:40: warning: set minimum blocks' number is illegal in Maca and the value will be ignored [-Wmaca-min-blocks-per-multiprocessor]
 1242 | __global__ void __launch_bounds__(256, 6)
      |                                        ^
solutions/archive/2026-08-21-experiments/cuda_case12_q_bsm_partial_b128_stg_exp611.cpp:5630:21: note: in instantiation of function template specialization 'paged_decode_token_parallel_kernel<4, 8, false, false, false, false, false, false, false, false, false, false, false, false, false, false, false>' requested here
 5630 |                     paged_decode_token_parallel_kernel<4, 8, false><<<
      |                     ^
solutions/archive/2026-08-21-experiments/cuda_case12_q_bsm_partial_b128_stg_exp611.cpp:1242:40: warning: set minimum blocks' number is illegal in Maca and the value will be ignored [-Wmaca-min-blocks-per-multiprocessor]
 1242 | __global__ void __launch_bounds__(256, 6)
      |                                        ^
solutions/archive/2026-08-21-experiments/cuda_case12_q_bsm_partial_b128_stg_exp611.cpp:5765:21: note: in instantiation of function template specialization 'paged_decode_token_parallel_kernel<8, 4, false, false, false, false, false, true, false, false, false, false, true, true, true, true, false>' requested here
 5765 |                     paged_decode_token_parallel_kernel<
      |                     ^
solutions/archive/2026-08-21-experiments/cuda_case12_q_bsm_partial_b128_stg_exp611.cpp:1242:40: warning: set minimum blocks' number is illegal in Maca and the value will be ignored [-Wmaca-min-blocks-per-multiprocessor]
 1242 | __global__ void __launch_bounds__(256, 6)
      |                                        ^
solutions/archive/2026-08-21-experiments/cuda_case12_q_bsm_partial_b128_stg_exp611.cpp:5787:21: note: in instantiation of function template specialization 'paged_decode_token_parallel_kernel<8, 4, true, false, false, false, false, true, false, false, true, false, true, true, false, false, true>' requested here
 5787 |                     paged_decode_token_parallel_kernel<
      |                     ^
solutions/archive/2026-08-21-experiments/cuda_case12_q_bsm_partial_b128_stg_exp611.cpp:714:40: warning: set minimum blocks' number is illegal in Maca and the value will be ignored [-Wmaca-min-blocks-per-multiprocessor]
  714 | __global__ void __launch_bounds__(256, 6)
      |                                        ^
solutions/archive/2026-08-21-experiments/cuda_case12_q_bsm_partial_b128_stg_exp611.cpp:5802:9: note: in instantiation of function template specialization 'paged_decode_split_qk_pair_kernel<8, 4>' requested here
 5802 |         paged_decode_split_qk_pair_kernel<8, 4><<<grid, 128>>>(
      |         ^
solutions/archive/2026-08-21-experiments/cuda_case12_q_bsm_partial_b128_stg_exp611.cpp:348:40: warning: set minimum blocks' number is illegal in Maca and the value will be ignored [-Wmaca-min-blocks-per-multiprocessor]
  348 | __global__ void __launch_bounds__(256, 6)
      |                                        ^
solutions/archive/2026-08-21-experiments/cuda_case12_q_bsm_partial_b128_stg_exp611.cpp:5809:13: note: in instantiation of function template specialization 'paged_decode_split_kernel<4, 8>' requested here
 5809 |             paged_decode_split_kernel<4, 8><<<grid, 256>>>(
      |             ^
solutions/archive/2026-08-21-experiments/cuda_case12_q_bsm_partial_b128_stg_exp611.cpp:348:40: warning: set minimum blocks' number is illegal in Maca and the value will be ignored [-Wmaca-min-blocks-per-multiprocessor]
  348 | __global__ void __launch_bounds__(256, 6)
      |                                        ^
solutions/archive/2026-08-21-experiments/cuda_case12_q_bsm_partial_b128_stg_exp611.cpp:5815:13: note: in instantiation of function template specialization 'paged_decode_split_kernel<8, 4>' requested here
 5815 |             paged_decode_split_kernel<8, 4><<<grid, 128>>>(
      |             ^
10 warnings generated when compiling for host.
Built build/exp611_candidate.ll
