GPU: MetaX C500 | torch=2.8.0+metax3.7.1.3 | candidate=build/exp604_pair_output_b128.so | control=build/exp604_pair_output_b128_control.so | seed=20260823
[INFO] case11 exact lengths=0,1,2,15,16,17,319,320,321,12250,12251 B=16 KV=4
[PASS] case11 exact-01/11 length=0 candidate finite=True reference_finite=True within_tolerance=True max_error=0.000000e+00 max_tol_ratio=0.000 guards=True
[PASS] case11 exact-01/11 length=0 control finite=True reference_finite=True within_tolerance=True max_error=0.000000e+00 max_tol_ratio=0.000 guards=True
[PASS] case11 exact-01/11 length=0 candidate_error=0.000000e+00 candidate_tol_ratio=0.000 control_error=0.000000e+00 control_tol_ratio=0.000 candidate_control_within_tolerance=True
[PASS] case11 exact-02/11 length=1 candidate finite=True reference_finite=True within_tolerance=True max_error=0.000000e+00 max_tol_ratio=0.000 guards=True
[PASS] case11 exact-02/11 length=1 control finite=True reference_finite=True within_tolerance=True max_error=0.000000e+00 max_tol_ratio=0.000 guards=True
[PASS] case11 exact-02/11 length=1 candidate_error=0.000000e+00 candidate_tol_ratio=0.000 control_error=0.000000e+00 control_tol_ratio=0.000 candidate_control_within_tolerance=True
[PASS] case11 exact-03/11 length=2 candidate finite=True reference_finite=True within_tolerance=True max_error=1.562500e-02 max_tol_ratio=0.322 guards=True
[PASS] case11 exact-03/11 length=2 control finite=True reference_finite=True within_tolerance=True max_error=1.562500e-02 max_tol_ratio=0.322 guards=True
[PASS] case11 exact-03/11 length=2 candidate_error=1.562500e-02 candidate_tol_ratio=0.322 control_error=1.562500e-02 control_tol_ratio=0.322 candidate_control_within_tolerance=True
[PASS] case11 exact-04/11 length=15 candidate finite=True reference_finite=True within_tolerance=True max_error=7.812500e-03 max_tol_ratio=0.243 guards=True
[PASS] case11 exact-04/11 length=15 control finite=True reference_finite=True within_tolerance=True max_error=7.812500e-03 max_tol_ratio=0.243 guards=True
[PASS] case11 exact-04/11 length=15 candidate_error=7.812500e-03 candidate_tol_ratio=0.243 control_error=7.812500e-03 control_tol_ratio=0.243 candidate_control_within_tolerance=True
[PASS] case11 exact-05/11 length=16 candidate finite=True reference_finite=True within_tolerance=True max_error=7.812500e-03 max_tol_ratio=0.244 guards=True
[PASS] case11 exact-05/11 length=16 control finite=True reference_finite=True within_tolerance=True max_error=7.812500e-03 max_tol_ratio=0.244 guards=True
[PASS] case11 exact-05/11 length=16 candidate_error=7.812500e-03 candidate_tol_ratio=0.244 control_error=7.812500e-03 control_tol_ratio=0.244 candidate_control_within_tolerance=True
[PASS] case11 exact-06/11 length=17 candidate finite=True reference_finite=True within_tolerance=True max_error=7.812500e-03 max_tol_ratio=0.244 guards=True
[PASS] case11 exact-06/11 length=17 control finite=True reference_finite=True within_tolerance=True max_error=7.812500e-03 max_tol_ratio=0.244 guards=True
[PASS] case11 exact-06/11 length=17 candidate_error=7.812500e-03 candidate_tol_ratio=0.244 control_error=7.812500e-03 control_tol_ratio=0.244 candidate_control_within_tolerance=True
[PASS] case11 exact-07/11 length=319 candidate finite=True reference_finite=True within_tolerance=True max_error=1.953125e-03 max_tol_ratio=0.098 guards=True
[PASS] case11 exact-07/11 length=319 control finite=True reference_finite=True within_tolerance=True max_error=1.953125e-03 max_tol_ratio=0.098 guards=True
[PASS] case11 exact-07/11 length=319 candidate_error=1.953125e-03 candidate_tol_ratio=0.098 control_error=1.953125e-03 control_tol_ratio=0.098 candidate_control_within_tolerance=True
[PASS] case11 exact-08/11 length=320 candidate finite=True reference_finite=True within_tolerance=True max_error=1.953125e-03 max_tol_ratio=0.098 guards=True
[PASS] case11 exact-08/11 length=320 control finite=True reference_finite=True within_tolerance=True max_error=1.953125e-03 max_tol_ratio=0.098 guards=True
[PASS] case11 exact-08/11 length=320 candidate_error=1.953125e-03 candidate_tol_ratio=0.098 control_error=1.953125e-03 control_tol_ratio=0.098 candidate_control_within_tolerance=True
[PASS] case11 exact-09/11 length=321 candidate finite=True reference_finite=True within_tolerance=True max_error=1.953125e-03 max_tol_ratio=0.098 guards=True
[PASS] case11 exact-09/11 length=321 control finite=True reference_finite=True within_tolerance=True max_error=1.953125e-03 max_tol_ratio=0.098 guards=True
[PASS] case11 exact-09/11 length=321 candidate_error=1.953125e-03 candidate_tol_ratio=0.098 control_error=1.953125e-03 control_tol_ratio=0.098 candidate_control_within_tolerance=True
[PASS] case11 exact-10/11 length=12250 candidate finite=True reference_finite=True within_tolerance=True max_error=2.441406e-04 max_tol_ratio=0.015 guards=True
[PASS] case11 exact-10/11 length=12250 control finite=True reference_finite=True within_tolerance=True max_error=2.441406e-04 max_tol_ratio=0.015 guards=True
[PASS] case11 exact-10/11 length=12250 candidate_error=2.441406e-04 candidate_tol_ratio=0.015 control_error=2.441406e-04 control_tol_ratio=0.015 candidate_control_within_tolerance=True
[PASS] case11 exact-11/11 length=12251 candidate finite=True reference_finite=True within_tolerance=True max_error=2.441406e-04 max_tol_ratio=0.015 guards=True
[PASS] case11 exact-11/11 length=12251 control finite=True reference_finite=True within_tolerance=True max_error=2.441406e-04 max_tol_ratio=0.015 guards=True
[PASS] case11 exact-11/11 length=12251 candidate_error=2.441406e-04 candidate_tol_ratio=0.015 control_error=2.441406e-04 control_tol_ratio=0.015 candidate_control_within_tolerance=True
[PASS] case11 exact-length coverage checks=11
[FAIL] case11 raw-BF16 one-token output candidate finite=False reference_finite=True within_tolerance=False max_error=inf max_tol_ratio=inf guards=True
[FAIL] case11 raw-BF16 one-token output control finite=False reference_finite=True within_tolerance=False max_error=inf max_tol_ratio=inf guards=True
[FAIL] case11 raw-BF16 one-token output candidate_error=inf candidate_tol_ratio=inf control_error=inf control_tol_ratio=inf candidate_control_within_tolerance=False
[FAIL] case11 raw-BF16 candidate word_order=False even_lane_B128_slices=False
[FAIL] case11 raw-BF16 control word_order=False even_lane_B128_slices=False

[ISOLATED] isolated mixed-B16 poison
[PASS] case11 mixed-B16 baseline candidate finite=True reference_finite=True within_tolerance=True max_error=1.562500e-02 max_tol_ratio=0.322 guards=True
[PASS] case11 mixed-B16 baseline control finite=True reference_finite=True within_tolerance=True max_error=1.562500e-02 max_tol_ratio=0.322 guards=True
[PASS] case11 mixed-B16 baseline candidate_error=1.562500e-02 candidate_tol_ratio=0.322 control_error=1.562500e-02 control_tol_ratio=0.322 candidate_control_within_tolerance=True
[FAIL] case11 mixed-B16 NaN poison pages=10653 tails=102 candidate finite=False reference_finite=True within_tolerance=False max_error=inf max_tol_ratio=inf guards=True
[FAIL] case11 mixed-B16 NaN poison pages=10653 tails=102 control finite=False reference_finite=True within_tolerance=False max_error=inf max_tol_ratio=inf guards=True
[FAIL] case11 mixed-B16 NaN poison pages=10653 tails=102 candidate_error=inf candidate_tol_ratio=inf control_error=inf control_tol_ratio=inf candidate_control_within_tolerance=False
[FAIL] case11 invalid-padding/tail NaN invariant reference=True candidate=False control=False
[ISOLATED] isolated mixed-B16 poison result=False

[ISOLATED] isolated workspace reuse
[PASS] case11 workspace full->short->full step=1/3 poison_pages=0 poison_tails=0 candidate finite=True reference_finite=True within_tolerance=True max_error=2.441406e-04 max_tol_ratio=0.015 guards=True
[PASS] case11 workspace full->short->full step=1/3 poison_pages=0 poison_tails=0 control finite=True reference_finite=True within_tolerance=True max_error=2.441406e-04 max_tol_ratio=0.015 guards=True
[PASS] case11 workspace full->short->full step=1/3 poison_pages=0 poison_tails=0 candidate_error=2.441406e-04 candidate_tol_ratio=0.015 control_error=2.441406e-04 control_tol_ratio=0.015 candidate_control_within_tolerance=True
[FAIL] case11 workspace full->short->full step=2/3 poison_pages=12163 poison_tails=107 candidate finite=False reference_finite=True within_tolerance=False max_error=inf max_tol_ratio=inf guards=True
[FAIL] case11 workspace full->short->full step=2/3 poison_pages=12163 poison_tails=107 control finite=False reference_finite=True within_tolerance=False max_error=inf max_tol_ratio=inf guards=True
[FAIL] case11 workspace full->short->full step=2/3 poison_pages=12163 poison_tails=107 candidate_error=inf candidate_tol_ratio=inf control_error=inf control_tol_ratio=inf candidate_control_within_tolerance=False
[PASS] case11 workspace full->short->full step=3/3 poison_pages=0 poison_tails=0 candidate finite=True reference_finite=True within_tolerance=True max_error=2.441406e-04 max_tol_ratio=0.015 guards=True
[PASS] case11 workspace full->short->full step=3/3 poison_pages=0 poison_tails=0 control finite=True reference_finite=True within_tolerance=True max_error=2.441406e-04 max_tol_ratio=0.015 guards=True
[PASS] case11 workspace full->short->full step=3/3 poison_pages=0 poison_tails=0 candidate_error=2.441406e-04 candidate_tol_ratio=0.015 control_error=2.441406e-04 control_tol_ratio=0.015 candidate_control_within_tolerance=True
[PASS] case11 workspace full->short->full full-state invariant=True
[FAIL] case11 workspace sequence full->short->full
[FAIL] case11 workspace short->full step=1/2 poison_pages=12163 poison_tails=107 candidate finite=False reference_finite=True within_tolerance=False max_error=inf max_tol_ratio=inf guards=True
[FAIL] case11 workspace short->full step=1/2 poison_pages=12163 poison_tails=107 control finite=False reference_finite=True within_tolerance=False max_error=inf max_tol_ratio=inf guards=True
[FAIL] case11 workspace short->full step=1/2 poison_pages=12163 poison_tails=107 candidate_error=inf candidate_tol_ratio=inf control_error=inf control_tol_ratio=inf candidate_control_within_tolerance=False
[PASS] case11 workspace short->full step=2/2 poison_pages=0 poison_tails=0 candidate finite=True reference_finite=True within_tolerance=True max_error=2.441406e-04 max_tol_ratio=0.015 guards=True
[PASS] case11 workspace short->full step=2/2 poison_pages=0 poison_tails=0 control finite=True reference_finite=True within_tolerance=True max_error=2.441406e-04 max_tol_ratio=0.015 guards=True
[PASS] case11 workspace short->full step=2/2 poison_pages=0 poison_tails=0 candidate_error=2.441406e-04 candidate_tol_ratio=0.015 control_error=2.441406e-04 control_tol_ratio=0.015 candidate_control_within_tolerance=True
[PASS] case11 workspace short->full full-state invariant=True
[FAIL] case11 workspace sequence short->full
[FAIL] case11 workspace reuse full->short->full and short->full
[ISOLATED] isolated workspace reuse result=False

[ISOLATE] mixed-B16 pages-only vs tails-only (seed=20266865)
[PASS] case11 mixed isolate mode=none pages=0 tails=0 candidate finite=True reference_finite=True within_tolerance=True max_error=1.562500e-02 max_tol_ratio=0.322 guards=True
[PASS] case11 mixed isolate mode=none pages=0 tails=0 control finite=True reference_finite=True within_tolerance=True max_error=1.562500e-02 max_tol_ratio=0.322 guards=True
[PASS] case11 mixed isolate mode=none pages=0 tails=0 candidate_error=1.562500e-02 candidate_tol_ratio=0.322 control_error=1.562500e-02 control_tol_ratio=0.322 candidate_control_within_tolerance=True
[ISOLATE] mixed mode=none pair_pass=True candidate_finite=True control_finite=True candidate_nonfinite=0 control_nonfinite=0 raw_output_bits_equal=True finite_masks_equal=True
[PASS] case11 mixed isolate mode=pages pages=10653 tails=102 candidate finite=True reference_finite=True within_tolerance=True max_error=1.562500e-02 max_tol_ratio=0.322 guards=True
[PASS] case11 mixed isolate mode=pages pages=10653 tails=102 control finite=True reference_finite=True within_tolerance=True max_error=1.562500e-02 max_tol_ratio=0.322 guards=True
[PASS] case11 mixed isolate mode=pages pages=10653 tails=102 candidate_error=1.562500e-02 candidate_tol_ratio=0.322 control_error=1.562500e-02 control_tol_ratio=0.322 candidate_control_within_tolerance=True
[ISOLATE] mixed mode=pages pair_pass=True candidate_finite=True control_finite=True candidate_nonfinite=0 control_nonfinite=0 raw_output_bits_equal=True finite_masks_equal=True
[FAIL] case11 mixed isolate mode=tails pages=10653 tails=102 candidate finite=False reference_finite=True within_tolerance=False max_error=inf max_tol_ratio=inf guards=True
[FAIL] case11 mixed isolate mode=tails pages=10653 tails=102 control finite=False reference_finite=True within_tolerance=False max_error=inf max_tol_ratio=inf guards=True
[FAIL] case11 mixed isolate mode=tails pages=10653 tails=102 candidate_error=inf candidate_tol_ratio=inf control_error=inf control_tol_ratio=inf candidate_control_within_tolerance=False
[ISOLATE] mixed mode=tails pair_pass=False candidate_finite=False control_finite=False candidate_nonfinite=45056 control_nonfinite=45056 raw_output_bits_equal=True finite_masks_equal=True
[FAIL] case11 mixed isolate mode=both pages=10653 tails=102 candidate finite=False reference_finite=True within_tolerance=False max_error=inf max_tol_ratio=inf guards=True
[FAIL] case11 mixed isolate mode=both pages=10653 tails=102 control finite=False reference_finite=True within_tolerance=False max_error=inf max_tol_ratio=inf guards=True
[FAIL] case11 mixed isolate mode=both pages=10653 tails=102 candidate_error=inf candidate_tol_ratio=inf control_error=inf control_tol_ratio=inf candidate_control_within_tolerance=False
[ISOLATE] mixed mode=both pair_pass=False candidate_finite=False control_finite=False candidate_nonfinite=45056 control_nonfinite=45056 raw_output_bits_equal=True finite_masks_equal=True

[ISOLATE] raw-BF16 one-token no-poison/pages-only/tails-only (seed=20266866)
[PASS] case11 raw isolate mode=none pages=0 tails=0 candidate finite=True reference_finite=True within_tolerance=True max_error=0.000000e+00 max_tol_ratio=0.000 guards=True
[PASS] case11 raw isolate mode=none pages=0 tails=0 control finite=True reference_finite=True within_tolerance=True max_error=0.000000e+00 max_tol_ratio=0.000 guards=True
[PASS] case11 raw isolate mode=none pages=0 tails=0 candidate_error=0.000000e+00 candidate_tol_ratio=0.000 control_error=0.000000e+00 control_tol_ratio=0.000 candidate_control_within_tolerance=True
[ISOLATE] raw mode=none pair_pass=True candidate_finite=True control_finite=True candidate_nonfinite=0 control_nonfinite=0 raw_output_bits_equal=True finite_masks_equal=True
[ISOLATE] raw mode=none candidate_word_order=True control_word_order=True candidate_control_word_bits_equal=True
[PASS] case11 raw isolate mode=pages pages=12240 tails=240 candidate finite=True reference_finite=True within_tolerance=True max_error=0.000000e+00 max_tol_ratio=0.000 guards=True
[PASS] case11 raw isolate mode=pages pages=12240 tails=240 control finite=True reference_finite=True within_tolerance=True max_error=0.000000e+00 max_tol_ratio=0.000 guards=True
[PASS] case11 raw isolate mode=pages pages=12240 tails=240 candidate_error=0.000000e+00 candidate_tol_ratio=0.000 control_error=0.000000e+00 control_tol_ratio=0.000 candidate_control_within_tolerance=True
[ISOLATE] raw mode=pages pair_pass=True candidate_finite=True control_finite=True candidate_nonfinite=0 control_nonfinite=0 raw_output_bits_equal=True finite_masks_equal=True
[ISOLATE] raw mode=pages candidate_word_order=True control_word_order=True candidate_control_word_bits_equal=True
[FAIL] case11 raw isolate mode=tails pages=12240 tails=240 candidate finite=False reference_finite=True within_tolerance=False max_error=inf max_tol_ratio=inf guards=True
[FAIL] case11 raw isolate mode=tails pages=12240 tails=240 control finite=False reference_finite=True within_tolerance=False max_error=inf max_tol_ratio=inf guards=True
[FAIL] case11 raw isolate mode=tails pages=12240 tails=240 candidate_error=inf candidate_tol_ratio=inf control_error=inf control_tol_ratio=inf candidate_control_within_tolerance=False
[ISOLATE] raw mode=tails pair_pass=False candidate_finite=False control_finite=False candidate_nonfinite=65536 control_nonfinite=65536 raw_output_bits_equal=True finite_masks_equal=True
[ISOLATE] raw mode=tails candidate_word_order=False control_word_order=False candidate_control_word_bits_equal=True
[FAIL] case11 raw isolate mode=both pages=12240 tails=240 candidate finite=False reference_finite=True within_tolerance=False max_error=inf max_tol_ratio=inf guards=True
[FAIL] case11 raw isolate mode=both pages=12240 tails=240 control finite=False reference_finite=True within_tolerance=False max_error=inf max_tol_ratio=inf guards=True
[FAIL] case11 raw isolate mode=both pages=12240 tails=240 candidate_error=inf candidate_tol_ratio=inf control_error=inf control_tol_ratio=inf candidate_control_within_tolerance=False
[ISOLATE] raw mode=both pair_pass=False candidate_finite=False control_finite=False candidate_nonfinite=65536 control_nonfinite=65536 raw_output_bits_equal=True finite_masks_equal=True
[ISOLATE] raw mode=both candidate_word_order=False control_word_order=False candidate_control_word_bits_equal=True
