33230:  %407 = tail call noundef i32 @llvm.mxc.bsm.bpermute(i32 %shl.i.i.i.1.10, i32 %403)
33242:  %413 = tail call noundef i32 @llvm.mxc.bsm.bpermute(i32 %shl.i.i.i.2.10, i32 %409)
33254:  %419 = tail call noundef i32 @llvm.mxc.bsm.bpermute(i32 %shl.i.i.i.3.10, i32 %415)
33266:  %425 = tail call noundef i32 @llvm.mxc.bsm.bpermute(i32 %shl.i.i.i.4.10, i32 %421)
33307:  %438 = tail call noundef i32 @llvm.mxc.bsm.bpermute(i32 %shl.i.i.i.11, i32 %434)
33319:  %444 = tail call noundef i32 @llvm.mxc.bsm.bpermute(i32 %shl.i.i.i.1.11, i32 %440)
33331:  %450 = tail call noundef i32 @llvm.mxc.bsm.bpermute(i32 %shl.i.i.i.2.11, i32 %446)
33343:  %456 = tail call noundef i32 @llvm.mxc.bsm.bpermute(i32 %shl.i.i.i.3.11, i32 %452)
33355:  %462 = tail call noundef i32 @llvm.mxc.bsm.bpermute(i32 %shl.i.i.i.4.11, i32 %458)
33396:  %475 = tail call noundef i32 @llvm.mxc.bsm.bpermute(i32 %shl.i.i.i.12, i32 %471)
33408:  %481 = tail call noundef i32 @llvm.mxc.bsm.bpermute(i32 %shl.i.i.i.1.12, i32 %477)
33420:  %487 = tail call noundef i32 @llvm.mxc.bsm.bpermute(i32 %shl.i.i.i.2.12, i32 %483)
33432:  %493 = tail call noundef i32 @llvm.mxc.bsm.bpermute(i32 %shl.i.i.i.3.12, i32 %489)
33444:  %499 = tail call noundef i32 @llvm.mxc.bsm.bpermute(i32 %shl.i.i.i.4.12, i32 %495)
33485:  %512 = tail call noundef i32 @llvm.mxc.bsm.bpermute(i32 %shl.i.i.i.13, i32 %508)
33497:  %518 = tail call noundef i32 @llvm.mxc.bsm.bpermute(i32 %shl.i.i.i.1.13, i32 %514)
33509:  %524 = tail call noundef i32 @llvm.mxc.bsm.bpermute(i32 %shl.i.i.i.2.13, i32 %520)
33521:  %530 = tail call noundef i32 @llvm.mxc.bsm.bpermute(i32 %shl.i.i.i.3.13, i32 %526)
33533:  %536 = tail call noundef i32 @llvm.mxc.bsm.bpermute(i32 %shl.i.i.i.4.13, i32 %532)
33574:  %549 = tail call noundef i32 @llvm.mxc.bsm.bpermute(i32 %shl.i.i.i.14, i32 %545)
33586:  %555 = tail call noundef i32 @llvm.mxc.bsm.bpermute(i32 %shl.i.i.i.1.14, i32 %551)
33598:  %561 = tail call noundef i32 @llvm.mxc.bsm.bpermute(i32 %shl.i.i.i.2.14, i32 %557)
33610:  %567 = tail call noundef i32 @llvm.mxc.bsm.bpermute(i32 %shl.i.i.i.3.14, i32 %563)
33622:  %573 = tail call noundef i32 @llvm.mxc.bsm.bpermute(i32 %shl.i.i.i.4.14, i32 %569)
33663:  %586 = tail call noundef i32 @llvm.mxc.bsm.bpermute(i32 %shl.i.i.i.15, i32 %582)
33675:  %592 = tail call noundef i32 @llvm.mxc.bsm.bpermute(i32 %shl.i.i.i.1.15, i32 %588)
33687:  %598 = tail call noundef i32 @llvm.mxc.bsm.bpermute(i32 %shl.i.i.i.2.15, i32 %594)
33699:  %604 = tail call noundef i32 @llvm.mxc.bsm.bpermute(i32 %shl.i.i.i.3.15, i32 %600)
33711:  %610 = tail call noundef i32 @llvm.mxc.bsm.bpermute(i32 %shl.i.i.i.4.15, i32 %606)
34450:  %14 = tail call noundef i32 @llvm.mxc.bsm.bpermute(i32 %shl.i.i.i, i32 %10)
34462:  %21 = tail call noundef i32 @llvm.mxc.bsm.bpermute(i32 %shl.i.i.i.1, i32 %17)
34474:  %28 = tail call noundef i32 @llvm.mxc.bsm.bpermute(i32 %shl.i.i.i.2, i32 %24)
34486:  %35 = tail call noundef i32 @llvm.mxc.bsm.bpermute(i32 %shl.i.i.i.3, i32 %31)
34498:  %42 = tail call noundef i32 @llvm.mxc.bsm.bpermute(i32 %shl.i.i.i.4, i32 %38)
34562:  %60 = tail call noundef i32 @llvm.mxc.bsm.bpermute(i32 %shl.i.i.i341, i32 %56)
34574:  %67 = tail call noundef i32 @llvm.mxc.bsm.bpermute(i32 %shl.i.i.i341.1, i32 %63)
34586:  %74 = tail call noundef i32 @llvm.mxc.bsm.bpermute(i32 %shl.i.i.i341.2, i32 %70)
34598:  %81 = tail call noundef i32 @llvm.mxc.bsm.bpermute(i32 %shl.i.i.i341.3, i32 %77)
34610:  %88 = tail call noundef i32 @llvm.mxc.bsm.bpermute(i32 %shl.i.i.i341.4, i32 %84)
34637:  %96 = tail call noundef i32 @llvm.mxc.bsm.bpermute(i32 %shl.i.i.i347, i32 %92)
34649:  %102 = tail call noundef i32 @llvm.mxc.bsm.bpermute(i32 %shl.i.i.i347.1, i32 %98)
34661:  %108 = tail call noundef i32 @llvm.mxc.bsm.bpermute(i32 %shl.i.i.i347.2, i32 %104)
34673:  %114 = tail call noundef i32 @llvm.mxc.bsm.bpermute(i32 %shl.i.i.i347.3, i32 %110)
34685:  %120 = tail call noundef i32 @llvm.mxc.bsm.bpermute(i32 %shl.i.i.i347.4, i32 %116)
34737:  %130 = tail call noundef i32 @llvm.mxc.bsm.bpermute(i32 %shl.i.i.i353, i32 %126)
34749:  %136 = tail call noundef i32 @llvm.mxc.bsm.bpermute(i32 %shl.i.i.i353.1, i32 %132)
34761:  %142 = tail call noundef i32 @llvm.mxc.bsm.bpermute(i32 %shl.i.i.i353.2, i32 %138)
34773:  %148 = tail call noundef i32 @llvm.mxc.bsm.bpermute(i32 %shl.i.i.i353.3, i32 %144)
34785:  %154 = tail call noundef i32 @llvm.mxc.bsm.bpermute(i32 %shl.i.i.i353.4, i32 %150)
35309:  %58 = tail call noundef i32 @llvm.mxc.bsm.bpermute(i32 %shl.i.i.i.epil, i32 %w_lane.0)
35457:  %83 = tail call noundef i32 @llvm.mxc.bsm.bpermute(i32 %shl.i.i.i, i32 %w_lane.0)
35503:  %96 = tail call noundef i32 @llvm.mxc.bsm.bpermute(i32 %shl.i.i.i.1, i32 %w_lane.0)
35549:  %109 = tail call noundef i32 @llvm.mxc.bsm.bpermute(i32 %shl.i.i.i.2, i32 %w_lane.0)
35595:  %122 = tail call noundef i32 @llvm.mxc.bsm.bpermute(i32 %shl.i.i.i.3, i32 %w_lane.0)
35838:  %26 = tail call noundef i32 @llvm.mxc.bsm.bpermute(i32 %shl.i.i.i, i32 %22)
35850:  %33 = tail call noundef i32 @llvm.mxc.bsm.bpermute(i32 %shl.i.i.i.1, i32 %29)
35862:  %40 = tail call noundef i32 @llvm.mxc.bsm.bpermute(i32 %shl.i.i.i.2, i32 %36)
35874:  %47 = tail call noundef i32 @llvm.mxc.bsm.bpermute(i32 %shl.i.i.i.3, i32 %43)
35890:  %55 = tail call noundef i32 @llvm.mxc.bsm.bpermute(i32 %shl.i.i.i380, i32 %51)
35902:  %61 = tail call noundef i32 @llvm.mxc.bsm.bpermute(i32 %shl.i.i.i380.1, i32 %57)
35914:  %67 = tail call noundef i32 @llvm.mxc.bsm.bpermute(i32 %shl.i.i.i380.2, i32 %63)
35926:  %73 = tail call noundef i32 @llvm.mxc.bsm.bpermute(i32 %shl.i.i.i380.3, i32 %69)
36609:  %58 = tail call noundef i32 @llvm.mxc.bsm.bpermute(i32 %shl.i.i.i.epil, i32 %w_lane.0)
36757:  %83 = tail call noundef i32 @llvm.mxc.bsm.bpermute(i32 %shl.i.i.i, i32 %w_lane.0)
36803:  %96 = tail call noundef i32 @llvm.mxc.bsm.bpermute(i32 %shl.i.i.i.1, i32 %w_lane.0)
36849:  %109 = tail call noundef i32 @llvm.mxc.bsm.bpermute(i32 %shl.i.i.i.2, i32 %w_lane.0)
36895:  %122 = tail call noundef i32 @llvm.mxc.bsm.bpermute(i32 %shl.i.i.i.3, i32 %w_lane.0)
37113:  %22 = tail call noundef i32 @llvm.mxc.bsm.bpermute(i32 %shl.i.i.i, i32 %18)
37125:  %29 = tail call noundef i32 @llvm.mxc.bsm.bpermute(i32 %shl.i.i.i.1, i32 %25)
37137:  %36 = tail call noundef i32 @llvm.mxc.bsm.bpermute(i32 %shl.i.i.i.2, i32 %32)
37149:  %43 = tail call noundef i32 @llvm.mxc.bsm.bpermute(i32 %shl.i.i.i.3, i32 %39)
37180:  %53 = tail call noundef i32 @llvm.mxc.bsm.bpermute(i32 %shl.i.i.i362, i32 %49)
37192:  %59 = tail call noundef i32 @llvm.mxc.bsm.bpermute(i32 %shl.i.i.i362.1, i32 %55)
37204:  %65 = tail call noundef i32 @llvm.mxc.bsm.bpermute(i32 %shl.i.i.i362.2, i32 %61)
37216:  %71 = tail call noundef i32 @llvm.mxc.bsm.bpermute(i32 %shl.i.i.i362.3, i32 %67)
37280:  %82 = tail call noundef i32 @llvm.mxc.bsm.bpermute(i32 %shl.i.i.i433.epil, i32 %w_lane.0)
37428:  %107 = tail call noundef i32 @llvm.mxc.bsm.bpermute(i32 %shl.i.i.i433, i32 %w_lane.0)
37474:  %120 = tail call noundef i32 @llvm.mxc.bsm.bpermute(i32 %shl.i.i.i433.1, i32 %w_lane.0)
37520:  %133 = tail call noundef i32 @llvm.mxc.bsm.bpermute(i32 %shl.i.i.i433.2, i32 %w_lane.0)
37566:  %146 = tail call noundef i32 @llvm.mxc.bsm.bpermute(i32 %shl.i.i.i433.3, i32 %w_lane.0)
37787:  %27 = tail call noundef i32 @llvm.mxc.bsm.bpermute(i32 %shl.i.i.i, i32 %23)
37799:  %34 = tail call noundef i32 @llvm.mxc.bsm.bpermute(i32 %shl.i.i.i.1, i32 %30)
37811:  %41 = tail call noundef i32 @llvm.mxc.bsm.bpermute(i32 %shl.i.i.i.2, i32 %37)
37823:  %48 = tail call noundef i32 @llvm.mxc.bsm.bpermute(i32 %shl.i.i.i.3, i32 %44)
37864:  %65 = tail call noundef i32 @llvm.mxc.bsm.bpermute(i32 %shl.i.i.i399, i32 %61)
37876:  %71 = tail call noundef i32 @llvm.mxc.bsm.bpermute(i32 %shl.i.i.i399.1, i32 %67)
37888:  %77 = tail call noundef i32 @llvm.mxc.bsm.bpermute(i32 %shl.i.i.i399.2, i32 %73)
37900:  %83 = tail call noundef i32 @llvm.mxc.bsm.bpermute(i32 %shl.i.i.i399.3, i32 %79)
38872:  %17 = tail call noundef i32 @llvm.mxc.bsm.bpermute(i32 %shl.i.i.i, i32 %13)
38884:  %24 = tail call noundef i32 @llvm.mxc.bsm.bpermute(i32 %shl.i.i.i.1, i32 %20)
38896:  %31 = tail call noundef i32 @llvm.mxc.bsm.bpermute(i32 %shl.i.i.i.2, i32 %27)
38908:  %38 = tail call noundef i32 @llvm.mxc.bsm.bpermute(i32 %shl.i.i.i.3, i32 %34)
38920:  %45 = tail call noundef i32 @llvm.mxc.bsm.bpermute(i32 %shl.i.i.i.4, i32 %41)
38961:  %64 = tail call noundef i32 @llvm.mxc.bsm.bpermute(i32 %shl.i.i.i271, i32 %60)
38973:  %70 = tail call noundef i32 @llvm.mxc.bsm.bpermute(i32 %shl.i.i.i271.1, i32 %66)
38985:  %76 = tail call noundef i32 @llvm.mxc.bsm.bpermute(i32 %shl.i.i.i271.2, i32 %72)
38997:  %82 = tail call noundef i32 @llvm.mxc.bsm.bpermute(i32 %shl.i.i.i271.3, i32 %78)
39009:  %88 = tail call noundef i32 @llvm.mxc.bsm.bpermute(i32 %shl.i.i.i271.4, i32 %84)
39958:  %20 = tail call noundef i32 @llvm.mxc.bsm.bpermute(i32 %shl.i.i.i, i32 %16)
39970:  %27 = tail call noundef i32 @llvm.mxc.bsm.bpermute(i32 %shl.i.i.i.1, i32 %23)
39982:  %34 = tail call noundef i32 @llvm.mxc.bsm.bpermute(i32 %shl.i.i.i.2, i32 %30)
39994:  %41 = tail call noundef i32 @llvm.mxc.bsm.bpermute(i32 %shl.i.i.i.3, i32 %37)
40006:  %48 = tail call noundef i32 @llvm.mxc.bsm.bpermute(i32 %shl.i.i.i.4, i32 %44)
40061:  %63 = tail call noundef i32 @llvm.mxc.bsm.bpermute(i32 %shl.i.i.i323, i32 %59)
40073:  %70 = tail call noundef i32 @llvm.mxc.bsm.bpermute(i32 %shl.i.i.i323.1, i32 %66)
40085:  %77 = tail call noundef i32 @llvm.mxc.bsm.bpermute(i32 %shl.i.i.i323.2, i32 %73)
40097:  %84 = tail call noundef i32 @llvm.mxc.bsm.bpermute(i32 %shl.i.i.i323.3, i32 %80)
40109:  %91 = tail call noundef i32 @llvm.mxc.bsm.bpermute(i32 %shl.i.i.i323.4, i32 %87)
40148:  %108 = tail call noundef i32 @llvm.mxc.bsm.bpermute(i32 %shl.i.i.i329, i32 %104)
40160:  %114 = tail call noundef i32 @llvm.mxc.bsm.bpermute(i32 %shl.i.i.i329.1, i32 %110)
40172:  %120 = tail call noundef i32 @llvm.mxc.bsm.bpermute(i32 %shl.i.i.i329.2, i32 %116)
40184:  %126 = tail call noundef i32 @llvm.mxc.bsm.bpermute(i32 %shl.i.i.i329.3, i32 %122)
40196:  %132 = tail call noundef i32 @llvm.mxc.bsm.bpermute(i32 %shl.i.i.i329.4, i32 %128)
40254:  %147 = tail call noundef i32 @llvm.mxc.bsm.bpermute(i32 %shl.i.i.i335, i32 %143)
40266:  %153 = tail call noundef i32 @llvm.mxc.bsm.bpermute(i32 %shl.i.i.i335.1, i32 %149)
40278:  %159 = tail call noundef i32 @llvm.mxc.bsm.bpermute(i32 %shl.i.i.i335.2, i32 %155)
40290:  %165 = tail call noundef i32 @llvm.mxc.bsm.bpermute(i32 %shl.i.i.i335.3, i32 %161)
40302:  %171 = tail call noundef i32 @llvm.mxc.bsm.bpermute(i32 %shl.i.i.i335.4, i32 %167)
43741:; ModuleID = 'solutions/archive/2026-08-22-experiments/cuda_case11_direct_fanin_normalized_bf16_exp640.cpp'
43742:source_filename = "solutions/archive/2026-08-22-experiments/cuda_case11_direct_fanin_normalized_bf16_exp640.cpp"
