GPU: MetaX C500 | torch=2.8.0+metax3.7.1.3 | case8 B=16 L=4096 KV=4
[candidate] library=build/exp648_c500_candidate.so
[PASS] candidate full->short->full iter=1/3 step=1/3 length=4096 poison_pages=0 tail_tokens=0 match=1.000000 max_ref_error=4.882812e-04 finite=True max_repeat_numeric_diff=0.000000e+00 repeat_changed_bf16_words=0 deterministic=True untouched=True guards=True
[PASS] candidate full->short->full iter=1/3 step=2/3 length=1 poison_pages=4080 tail_tokens=240 match=1.000000 max_ref_error=0.000000e+00 finite=True max_repeat_numeric_diff=0.000000e+00 repeat_changed_bf16_words=0 deterministic=True untouched=True guards=True
[PASS] candidate full->short->full iter=1/3 step=3/3 length=4096 poison_pages=0 tail_tokens=0 match=1.000000 max_ref_error=4.882812e-04 finite=True max_repeat_numeric_diff=0.000000e+00 repeat_changed_bf16_words=0 deterministic=True untouched=True guards=True
[PASS] candidate full->short->full iter=2/3 step=1/3 length=4096 poison_pages=0 tail_tokens=0 match=1.000000 max_ref_error=4.882812e-04 finite=True max_repeat_numeric_diff=0.000000e+00 repeat_changed_bf16_words=0 deterministic=True untouched=True guards=True
[PASS] candidate full->short->full iter=2/3 step=2/3 length=1 poison_pages=4080 tail_tokens=240 match=1.000000 max_ref_error=0.000000e+00 finite=True max_repeat_numeric_diff=0.000000e+00 repeat_changed_bf16_words=0 deterministic=True untouched=True guards=True
[PASS] candidate full->short->full iter=2/3 step=3/3 length=4096 poison_pages=0 tail_tokens=0 match=1.000000 max_ref_error=4.882812e-04 finite=True max_repeat_numeric_diff=0.000000e+00 repeat_changed_bf16_words=0 deterministic=True untouched=True guards=True
[PASS] candidate full->short->full iter=3/3 step=1/3 length=4096 poison_pages=0 tail_tokens=0 match=1.000000 max_ref_error=4.882812e-04 finite=True max_repeat_numeric_diff=0.000000e+00 repeat_changed_bf16_words=0 deterministic=True untouched=True guards=True
[PASS] candidate full->short->full iter=3/3 step=2/3 length=1 poison_pages=4080 tail_tokens=240 match=1.000000 max_ref_error=0.000000e+00 finite=True max_repeat_numeric_diff=0.000000e+00 repeat_changed_bf16_words=0 deterministic=True untouched=True guards=True
[PASS] candidate full->short->full iter=3/3 step=3/3 length=4096 poison_pages=0 tail_tokens=0 match=1.000000 max_ref_error=4.882812e-04 finite=True max_repeat_numeric_diff=0.000000e+00 repeat_changed_bf16_words=0 deterministic=True untouched=True guards=True
[PASS] candidate sequence=full->short->full
[PASS] candidate short->full iter=1/3 step=1/2 length=1 poison_pages=4080 tail_tokens=240 match=1.000000 max_ref_error=0.000000e+00 finite=True max_repeat_numeric_diff=0.000000e+00 repeat_changed_bf16_words=0 deterministic=True untouched=True guards=True
[PASS] candidate short->full iter=1/3 step=2/2 length=4096 poison_pages=0 tail_tokens=0 match=1.000000 max_ref_error=4.882812e-04 finite=True max_repeat_numeric_diff=0.000000e+00 repeat_changed_bf16_words=0 deterministic=True untouched=True guards=True
[PASS] candidate short->full iter=2/3 step=1/2 length=1 poison_pages=4080 tail_tokens=240 match=1.000000 max_ref_error=0.000000e+00 finite=True max_repeat_numeric_diff=0.000000e+00 repeat_changed_bf16_words=0 deterministic=True untouched=True guards=True
[PASS] candidate short->full iter=2/3 step=2/2 length=4096 poison_pages=0 tail_tokens=0 match=1.000000 max_ref_error=4.882812e-04 finite=True max_repeat_numeric_diff=0.000000e+00 repeat_changed_bf16_words=0 deterministic=True untouched=True guards=True
[PASS] candidate short->full iter=3/3 step=1/2 length=1 poison_pages=4080 tail_tokens=240 match=1.000000 max_ref_error=0.000000e+00 finite=True max_repeat_numeric_diff=0.000000e+00 repeat_changed_bf16_words=0 deterministic=True untouched=True guards=True
[PASS] candidate short->full iter=3/3 step=2/2 length=4096 poison_pages=0 tail_tokens=0 match=1.000000 max_ref_error=4.882812e-04 finite=True max_repeat_numeric_diff=0.000000e+00 repeat_changed_bf16_words=0 deterministic=True untouched=True guards=True
[PASS] candidate sequence=short->full
[PASS] candidate determinism_all=True
[control] library=build/exp648_c500_control.so
[PASS] control full->short->full iter=1/3 step=1/3 length=4096 poison_pages=0 tail_tokens=0 match=1.000000 max_ref_error=4.882812e-04 finite=True max_repeat_numeric_diff=0.000000e+00 repeat_changed_bf16_words=0 deterministic=True untouched=True guards=True
[PASS] control full->short->full iter=1/3 step=2/3 length=1 poison_pages=4080 tail_tokens=240 match=1.000000 max_ref_error=0.000000e+00 finite=True max_repeat_numeric_diff=0.000000e+00 repeat_changed_bf16_words=0 deterministic=True untouched=True guards=True
[PASS] control full->short->full iter=1/3 step=3/3 length=4096 poison_pages=0 tail_tokens=0 match=1.000000 max_ref_error=4.882812e-04 finite=True max_repeat_numeric_diff=0.000000e+00 repeat_changed_bf16_words=0 deterministic=True untouched=True guards=True
[PASS] control full->short->full iter=2/3 step=1/3 length=4096 poison_pages=0 tail_tokens=0 match=1.000000 max_ref_error=4.882812e-04 finite=True max_repeat_numeric_diff=0.000000e+00 repeat_changed_bf16_words=0 deterministic=True untouched=True guards=True
[PASS] control full->short->full iter=2/3 step=2/3 length=1 poison_pages=4080 tail_tokens=240 match=1.000000 max_ref_error=0.000000e+00 finite=True max_repeat_numeric_diff=0.000000e+00 repeat_changed_bf16_words=0 deterministic=True untouched=True guards=True
[PASS] control full->short->full iter=2/3 step=3/3 length=4096 poison_pages=0 tail_tokens=0 match=1.000000 max_ref_error=4.882812e-04 finite=True max_repeat_numeric_diff=0.000000e+00 repeat_changed_bf16_words=0 deterministic=True untouched=True guards=True
[PASS] control full->short->full iter=3/3 step=1/3 length=4096 poison_pages=0 tail_tokens=0 match=1.000000 max_ref_error=4.882812e-04 finite=True max_repeat_numeric_diff=0.000000e+00 repeat_changed_bf16_words=0 deterministic=True untouched=True guards=True
[PASS] control full->short->full iter=3/3 step=2/3 length=1 poison_pages=4080 tail_tokens=240 match=1.000000 max_ref_error=0.000000e+00 finite=True max_repeat_numeric_diff=0.000000e+00 repeat_changed_bf16_words=0 deterministic=True untouched=True guards=True
[PASS] control full->short->full iter=3/3 step=3/3 length=4096 poison_pages=0 tail_tokens=0 match=1.000000 max_ref_error=4.882812e-04 finite=True max_repeat_numeric_diff=0.000000e+00 repeat_changed_bf16_words=0 deterministic=True untouched=True guards=True
[PASS] control sequence=full->short->full
[PASS] control short->full iter=1/3 step=1/2 length=1 poison_pages=4080 tail_tokens=240 match=1.000000 max_ref_error=0.000000e+00 finite=True max_repeat_numeric_diff=0.000000e+00 repeat_changed_bf16_words=0 deterministic=True untouched=True guards=True
[PASS] control short->full iter=1/3 step=2/2 length=4096 poison_pages=0 tail_tokens=0 match=1.000000 max_ref_error=4.882812e-04 finite=True max_repeat_numeric_diff=0.000000e+00 repeat_changed_bf16_words=0 deterministic=True untouched=True guards=True
[PASS] control short->full iter=2/3 step=1/2 length=1 poison_pages=4080 tail_tokens=240 match=1.000000 max_ref_error=0.000000e+00 finite=True max_repeat_numeric_diff=0.000000e+00 repeat_changed_bf16_words=0 deterministic=True untouched=True guards=True
[PASS] control short->full iter=2/3 step=2/2 length=4096 poison_pages=0 tail_tokens=0 match=1.000000 max_ref_error=4.882812e-04 finite=True max_repeat_numeric_diff=0.000000e+00 repeat_changed_bf16_words=0 deterministic=True untouched=True guards=True
[PASS] control short->full iter=3/3 step=1/2 length=1 poison_pages=4080 tail_tokens=240 match=1.000000 max_ref_error=0.000000e+00 finite=True max_repeat_numeric_diff=0.000000e+00 repeat_changed_bf16_words=0 deterministic=True untouched=True guards=True
[PASS] control short->full iter=3/3 step=2/2 length=4096 poison_pages=0 tail_tokens=0 match=1.000000 max_ref_error=4.882812e-04 finite=True max_repeat_numeric_diff=0.000000e+00 repeat_changed_bf16_words=0 deterministic=True untouched=True guards=True
[PASS] control sequence=short->full
[PASS] control determinism_all=True
determinism comparison candidate_ok=True control_ok=True
