GPU: MetaX C500 | torch=2.8.0+metax3.7.1.3
candidate: build/exp690_case7_candidate.so
control:   build/exp690_case7_control.so
exact_lengths: 0,1,15,16,17,671,672,673,687,688,689,1359,1360,1361,1375,1376,1377,2031,2032,2033,2048
[PASS] exact-L0 ref_finite=True cand_match=1.000000 cand_err=0.000000e+00 cand_ratio=0.000 cand_bad_heads=0 ctrl_match=1.000000 ctrl_err=0.000000e+00 ctrl_ratio=0.000 ctrl_bad_heads=0 cc_match=1.000000 cc_ratio=0.000 guards=True inputs=True
[PASS] exact-L1 ref_finite=True cand_match=1.000000 cand_err=0.000000e+00 cand_ratio=0.000 cand_bad_heads=0 ctrl_match=1.000000 ctrl_err=0.000000e+00 ctrl_ratio=0.000 ctrl_bad_heads=0 cc_match=1.000000 cc_ratio=0.000 guards=True inputs=True
[PASS] exact-L15 ref_finite=True cand_match=1.000000 cand_err=7.812500e-03 cand_ratio=0.244 cand_bad_heads=0 ctrl_match=1.000000 ctrl_err=1.562500e-02 ctrl_ratio=0.326 ctrl_bad_heads=0 cc_match=1.000000 cc_ratio=0.324 guards=True inputs=True
[PASS] exact-L16 ref_finite=True cand_match=1.000000 cand_err=7.812500e-03 cand_ratio=0.244 cand_bad_heads=0 ctrl_match=1.000000 ctrl_err=7.812500e-03 ctrl_ratio=0.244 ctrl_bad_heads=0 cc_match=1.000000 cc_ratio=0.243 guards=True inputs=True
[PASS] exact-L17 ref_finite=True cand_match=1.000000 cand_err=7.812500e-03 cand_ratio=0.244 cand_bad_heads=0 ctrl_match=1.000000 ctrl_err=7.812500e-03 ctrl_ratio=0.244 ctrl_bad_heads=0 cc_match=1.000000 cc_ratio=0.243 guards=True inputs=True
[PASS] exact-L671 ref_finite=True cand_match=1.000000 cand_err=9.765625e-04 cand_ratio=0.054 cand_bad_heads=0 ctrl_match=1.000000 ctrl_err=1.953125e-03 ctrl_ratio=0.096 ctrl_bad_heads=0 cc_match=1.000000 cc_ratio=0.096 guards=True inputs=True
[PASS] exact-L672 ref_finite=True cand_match=1.000000 cand_err=1.953125e-03 cand_ratio=0.098 cand_bad_heads=0 ctrl_match=1.000000 ctrl_err=1.953125e-03 ctrl_ratio=0.098 ctrl_bad_heads=0 cc_match=1.000000 cc_ratio=0.097 guards=True inputs=True
[PASS] exact-L673 ref_finite=True cand_match=1.000000 cand_err=1.953125e-03 cand_ratio=0.098 cand_bad_heads=0 ctrl_match=1.000000 ctrl_err=1.953125e-03 ctrl_ratio=0.098 ctrl_bad_heads=0 cc_match=1.000000 cc_ratio=0.097 guards=True inputs=True
[PASS] exact-L687 ref_finite=True cand_match=1.000000 cand_err=1.953125e-03 cand_ratio=0.097 cand_bad_heads=0 ctrl_match=1.000000 ctrl_err=1.953125e-03 ctrl_ratio=0.097 ctrl_bad_heads=0 cc_match=1.000000 cc_ratio=0.097 guards=True inputs=True
[PASS] exact-L688 ref_finite=True cand_match=1.000000 cand_err=1.953125e-03 cand_ratio=0.097 cand_bad_heads=0 ctrl_match=1.000000 ctrl_err=1.953125e-03 ctrl_ratio=0.097 ctrl_bad_heads=0 cc_match=1.000000 cc_ratio=0.097 guards=True inputs=True
[PASS] exact-L689 ref_finite=True cand_match=1.000000 cand_err=1.953125e-03 cand_ratio=0.097 cand_bad_heads=0 ctrl_match=1.000000 ctrl_err=1.953125e-03 ctrl_ratio=0.097 ctrl_bad_heads=0 cc_match=1.000000 cc_ratio=0.094 guards=True inputs=True
[PASS] exact-L1359 ref_finite=True cand_match=1.000000 cand_err=9.765625e-04 cand_ratio=0.054 cand_bad_heads=0 ctrl_match=1.000000 ctrl_err=9.765625e-04 ctrl_ratio=0.054 ctrl_bad_heads=0 cc_match=1.000000 cc_ratio=0.054 guards=True inputs=True
[PASS] exact-L1360 ref_finite=True cand_match=1.000000 cand_err=9.765625e-04 cand_ratio=0.054 cand_bad_heads=0 ctrl_match=1.000000 ctrl_err=9.765625e-04 ctrl_ratio=0.054 ctrl_bad_heads=0 cc_match=1.000000 cc_ratio=0.054 guards=True inputs=True
[PASS] exact-L1361 ref_finite=True cand_match=1.000000 cand_err=9.765625e-04 cand_ratio=0.054 cand_bad_heads=0 ctrl_match=1.000000 ctrl_err=9.765625e-04 ctrl_ratio=0.054 ctrl_bad_heads=0 cc_match=1.000000 cc_ratio=0.054 guards=True inputs=True
[PASS] exact-L1375 ref_finite=True cand_match=1.000000 cand_err=9.765625e-04 cand_ratio=0.054 cand_bad_heads=0 ctrl_match=1.000000 ctrl_err=9.765625e-04 ctrl_ratio=0.054 ctrl_bad_heads=0 cc_match=1.000000 cc_ratio=0.054 guards=True inputs=True
[PASS] exact-L1376 ref_finite=True cand_match=1.000000 cand_err=9.765625e-04 cand_ratio=0.054 cand_bad_heads=0 ctrl_match=1.000000 ctrl_err=9.765625e-04 ctrl_ratio=0.054 ctrl_bad_heads=0 cc_match=1.000000 cc_ratio=0.054 guards=True inputs=True
[PASS] exact-L1377 ref_finite=True cand_match=1.000000 cand_err=9.765625e-04 cand_ratio=0.054 cand_bad_heads=0 ctrl_match=1.000000 ctrl_err=9.765625e-04 ctrl_ratio=0.054 ctrl_bad_heads=0 cc_match=1.000000 cc_ratio=0.054 guards=True inputs=True
[PASS] exact-L2031 ref_finite=True cand_match=1.000000 cand_err=9.765625e-04 cand_ratio=0.054 cand_bad_heads=0 ctrl_match=1.000000 ctrl_err=9.765625e-04 ctrl_ratio=0.054 ctrl_bad_heads=0 cc_match=1.000000 cc_ratio=0.054 guards=True inputs=True
[PASS] exact-L2032 ref_finite=True cand_match=1.000000 cand_err=9.765625e-04 cand_ratio=0.054 cand_bad_heads=0 ctrl_match=1.000000 ctrl_err=9.765625e-04 ctrl_ratio=0.054 ctrl_bad_heads=0 cc_match=1.000000 cc_ratio=0.054 guards=True inputs=True
[PASS] exact-L2033 ref_finite=True cand_match=1.000000 cand_err=9.765625e-04 cand_ratio=0.054 cand_bad_heads=0 ctrl_match=1.000000 ctrl_err=9.765625e-04 ctrl_ratio=0.054 ctrl_bad_heads=0 cc_match=1.000000 cc_ratio=0.054 guards=True inputs=True
[PASS] exact-L2048 ref_finite=True cand_match=1.000000 cand_err=9.765625e-04 cand_ratio=0.054 cand_bad_heads=0 ctrl_match=1.000000 ctrl_err=9.765625e-04 ctrl_ratio=0.054 ctrl_bad_heads=0 cc_match=1.000000 cc_ratio=0.054 guards=True inputs=True
[PASS] exact-phase K/V input invariance
[PASS] mixed-all-boundaries ref_finite=True cand_match=1.000000 cand_err=7.812500e-03 cand_ratio=0.243 cand_bad_heads=0 ctrl_match=1.000000 ctrl_err=7.812500e-03 ctrl_ratio=0.243 ctrl_bad_heads=0 cc_match=1.000000 cc_ratio=0.241 guards=True inputs=True
[PASS] mixed-padding-poison ref_finite=True cand_match=1.000000 cand_err=7.812500e-03 cand_ratio=0.243 cand_bad_heads=0 ctrl_match=1.000000 ctrl_err=7.812500e-03 ctrl_ratio=0.243 ctrl_bad_heads=0 cc_match=1.000000 cc_ratio=0.241 guards=True inputs=True
[PASS] padding reference unchanged match=1.000000 max_error=0.000000e+00 max_tol_ratio=0.000
[PASS] padding candidate unchanged match=1.000000 max_error=0.000000e+00 max_tol_ratio=0.000
[PASS] padding control unchanged match=1.000000 max_error=0.000000e+00 max_tol_ratio=0.000
[PASS] padding-phase K/V input invariance
[INFO] padding poisoned physical pages=4331
[PASS] mixed-tail-poison ref_finite=True cand_match=1.000000 cand_err=7.812500e-03 cand_ratio=0.243 cand_bad_heads=0 ctrl_match=1.000000 ctrl_err=7.812500e-03 ctrl_ratio=0.243 ctrl_bad_heads=0 cc_match=1.000000 cc_ratio=0.241 guards=True inputs=True
[PASS] tail reference unchanged match=1.000000 max_error=0.000000e+00 max_tol_ratio=0.000
[PASS] tail candidate unchanged match=1.000000 max_error=0.000000e+00 max_tol_ratio=0.000
[PASS] tail control unchanged match=1.000000 max_error=0.000000e+00 max_tol_ratio=0.000
[INFO] tail poisoned invalid tokens=291
[PASS] tail-phase K/V input invariance
[PASS] random-mixed-1 ref_finite=True cand_match=1.000000 cand_err=8.000000e+00 cand_ratio=0.455 cand_bad_heads=0 ctrl_match=1.000000 ctrl_err=1.600000e+01 ctrl_ratio=0.466 ctrl_bad_heads=0 cc_match=1.000000 cc_ratio=0.470 guards=True inputs=True
[PASS] random-mixed-2 ref_finite=True cand_match=1.000000 cand_err=8.000000e+00 cand_ratio=0.455 cand_bad_heads=0 ctrl_match=1.000000 ctrl_err=1.600000e+01 ctrl_ratio=0.466 ctrl_bad_heads=0 cc_match=1.000000 cc_ratio=0.470 guards=True inputs=True
[PASS] reuse-2048-first ref_finite=True cand_match=1.000000 cand_err=2.000000e+00 cand_ratio=0.443 cand_bad_heads=0 ctrl_match=1.000000 ctrl_err=1.600000e+01 ctrl_ratio=0.477 ctrl_bad_heads=0 cc_match=1.000000 cc_ratio=0.473 guards=True inputs=True
[PASS] reuse-short-1 ref_finite=True cand_match=1.000000 cand_err=0.000000e+00 cand_ratio=0.000 cand_bad_heads=0 ctrl_match=1.000000 ctrl_err=0.000000e+00 ctrl_ratio=0.000 ctrl_bad_heads=0 cc_match=1.000000 cc_ratio=0.000 guards=True inputs=True
[PASS] reuse-2048-second ref_finite=True cand_match=1.000000 cand_err=2.000000e+00 cand_ratio=0.443 cand_bad_heads=0 ctrl_match=1.000000 ctrl_err=1.600000e+01 ctrl_ratio=0.477 ctrl_bad_heads=0 cc_match=1.000000 cc_ratio=0.473 guards=True inputs=True
[PASS] reuse-short-15 ref_finite=True cand_match=1.000000 cand_err=1.600000e+01 cand_ratio=0.422 cand_bad_heads=0 ctrl_match=1.000000 ctrl_err=1.600000e+01 ctrl_ratio=0.422 ctrl_bad_heads=0 cc_match=1.000000 cc_ratio=0.400 guards=True inputs=True
[PASS] reuse-short-16 ref_finite=True cand_match=1.000000 cand_err=1.600000e+01 cand_ratio=0.480 cand_bad_heads=0 ctrl_match=1.000000 ctrl_err=1.600000e+01 ctrl_ratio=0.480 ctrl_bad_heads=0 cc_match=1.000000 cc_ratio=0.443 guards=True inputs=True
[PASS] reuse-2048-third ref_finite=True cand_match=1.000000 cand_err=2.000000e+00 cand_ratio=0.443 cand_bad_heads=0 ctrl_match=1.000000 ctrl_err=1.600000e+01 ctrl_ratio=0.477 ctrl_bad_heads=0 cc_match=1.000000 cc_ratio=0.473 guards=True inputs=True
[PASS] full-32-head-output ref_finite=True cand_match=1.000000 cand_err=2.000000e+00 cand_ratio=0.443 cand_bad_heads=0 ctrl_match=1.000000 ctrl_err=1.600000e+01 ctrl_ratio=0.477 ctrl_bad_heads=0 cc_match=1.000000 cc_ratio=0.473 guards=True inputs=True
case=7 exp690 special validation: PASS
