exp694 control C500 case7 exact lengths
UTC 2026-08-24T13:13:42Z
3ebd35f58147ccab4de6637f32689384dadc5a4cd68590fd1efd39e3f22bc1fe  solutions/archive/2026-08-24-submissions/cuda_124611.cpp
c9d643f25e0e15193820b4809f53ce32ebe8cdfabf91505143ec169c61de137b  build/exp694_verify_control_normal.so
command: timeout 1200s python3 tests/c500_paged_decode_harness.py --library build/exp694_verify_control_normal.so --cases 7 --length-values 1,2,15,16,17,687,688,689,703,704,705,1375,1376,1377,2047,2048 --seed 20260824
GPU: MetaX C500 | torch=2.8.0+metax3.7.1.3
[PASS] case  7 B=64 L= 2048 KV=8 lengths=exact:1  match=1.000000 max_error=0.000000e+00 max_tol_ratio=0.000 finite=True
[PASS] case  7 B=64 L= 2048 KV=8 lengths=exact:2  match=1.000000 max_error=1.562500e-02 max_tol_ratio=0.326 finite=True
[PASS] case  7 B=64 L= 2048 KV=8 lengths=exact:15 match=1.000000 max_error=7.812500e-03 max_tol_ratio=0.244 finite=True
[PASS] case  7 B=64 L= 2048 KV=8 lengths=exact:16 match=1.000000 max_error=1.562500e-02 max_tol_ratio=0.295 finite=True
[PASS] case  7 B=64 L= 2048 KV=8 lengths=exact:17 match=1.000000 max_error=7.812500e-03 max_tol_ratio=0.244 finite=True
[PASS] case  7 B=64 L= 2048 KV=8 lengths=exact:687 match=1.000000 max_error=1.953125e-03 max_tol_ratio=0.097 finite=True
[PASS] case  7 B=64 L= 2048 KV=8 lengths=exact:688 match=1.000000 max_error=1.953125e-03 max_tol_ratio=0.098 finite=True
[PASS] case  7 B=64 L= 2048 KV=8 lengths=exact:689 match=1.000000 max_error=1.953125e-03 max_tol_ratio=0.097 finite=True
[PASS] case  7 B=64 L= 2048 KV=8 lengths=exact:703 match=1.000000 max_error=1.953125e-03 max_tol_ratio=0.097 finite=True
[PASS] case  7 B=64 L= 2048 KV=8 lengths=exact:704 match=1.000000 max_error=3.906250e-03 max_tol_ratio=0.154 finite=True
[PASS] case  7 B=64 L= 2048 KV=8 lengths=exact:705 match=1.000000 max_error=1.953125e-03 max_tol_ratio=0.097 finite=True
[PASS] case  7 B=64 L= 2048 KV=8 lengths=exact:1375 match=1.000000 max_error=1.953125e-03 max_tol_ratio=0.093 finite=True
[PASS] case  7 B=64 L= 2048 KV=8 lengths=exact:1376 match=1.000000 max_error=1.953125e-03 max_tol_ratio=0.093 finite=True
[PASS] case  7 B=64 L= 2048 KV=8 lengths=exact:1377 match=1.000000 max_error=1.953125e-03 max_tol_ratio=0.093 finite=True
[PASS] case  7 B=64 L= 2048 KV=8 lengths=exact:2047 match=1.000000 max_error=9.765625e-04 max_tol_ratio=0.054 finite=True
[PASS] case  7 B=64 L= 2048 KV=8 lengths=exact:2048 match=1.000000 max_error=9.765625e-04 max_tol_ratio=0.054 finite=True
test_exit_status=0
