Building solutions/archive/2026-08-23-experiments/cuda_case12_v_dead_half_token_bsm_swap_exp667.cpp
Compiler: /opt/maca/mxgpu_llvm/bin/mxcc
MACA path: /opt/maca
CUDA bridge: /opt/maca-3.7.1/tools/cu-bridge
Target: xcore1000
Output: build/exp667_normal.so
solutions/archive/2026-08-23-experiments/cuda_case12_v_dead_half_token_bsm_swap_exp667.cpp:335:40: warning: set minimum blocks' number is illegal in Maca and the value will be ignored [-Wmaca-min-blocks-per-multiprocessor]
  335 | __global__ void __launch_bounds__(256, 6)
      |                                        ^
solutions/archive/2026-08-23-experiments/cuda_case12_v_dead_half_token_bsm_swap_exp667.cpp:701:40: warning: set minimum blocks' number is illegal in Maca and the value will be ignored [-Wmaca-min-blocks-per-multiprocessor]
  701 | __global__ void __launch_bounds__(256, 6)
      |                                        ^
solutions/archive/2026-08-23-experiments/cuda_case12_v_dead_half_token_bsm_swap_exp667.cpp:1229:40: warning: set minimum blocks' number is illegal in Maca and the value will be ignored [-Wmaca-min-blocks-per-multiprocessor]
 1229 | __global__ void __launch_bounds__(256, 6)
      |                                        ^
solutions/archive/2026-08-23-experiments/cuda_case12_v_dead_half_token_bsm_swap_exp667.cpp:1229:40: warning: set minimum blocks' number is illegal in Maca and the value will be ignored [-Wmaca-min-blocks-per-multiprocessor]
solutions/archive/2026-08-23-experiments/cuda_case12_v_dead_half_token_bsm_swap_exp667.cpp:5602:21: note: in instantiation of function template specialization 'paged_decode_token_parallel_kernel<4, 8, false, false, false, false, false, true, false, false, false, false, false, true, false, false, false>' requested here
 5602 |                     paged_decode_token_parallel_kernel<
      |                     ^
solutions/archive/2026-08-23-experiments/cuda_case12_v_dead_half_token_bsm_swap_exp667.cpp:1229:40: warning: set minimum blocks' number is illegal in Maca and the value will be ignored [-Wmaca-min-blocks-per-multiprocessor]
 1229 | __global__ void __launch_bounds__(256, 6)
      |                                        ^
solutions/archive/2026-08-23-experiments/cuda_case12_v_dead_half_token_bsm_swap_exp667.cpp:5614:21: note: in instantiation of function template specialization 'paged_decode_token_parallel_kernel<4, 8, false, false, false, false, false, false, false, false, false, false, false, false, false, false, false>' requested here
 5614 |                     paged_decode_token_parallel_kernel<4, 8, false><<<
      |                     ^
solutions/archive/2026-08-23-experiments/cuda_case12_v_dead_half_token_bsm_swap_exp667.cpp:1229:40: warning: set minimum blocks' number is illegal in Maca and the value will be ignored [-Wmaca-min-blocks-per-multiprocessor]
 1229 | __global__ void __launch_bounds__(256, 6)
      |                                        ^
solutions/archive/2026-08-23-experiments/cuda_case12_v_dead_half_token_bsm_swap_exp667.cpp:5747:21: note: in instantiation of function template specialization 'paged_decode_token_parallel_kernel<8, 4, false, false, false, false, false, true, false, false, false, false, true, true, true, true, false>' requested here
 5747 |                     paged_decode_token_parallel_kernel<
      |                     ^
solutions/archive/2026-08-23-experiments/cuda_case12_v_dead_half_token_bsm_swap_exp667.cpp:1229:40: warning: set minimum blocks' number is illegal in Maca and the value will be ignored [-Wmaca-min-blocks-per-multiprocessor]
 1229 | __global__ void __launch_bounds__(256, 6)
      |                                        ^
solutions/archive/2026-08-23-experiments/cuda_case12_v_dead_half_token_bsm_swap_exp667.cpp:5769:21: note: in instantiation of function template specialization 'paged_decode_token_parallel_kernel<8, 4, true, false, false, false, false, true, false, false, true, false, true, true, false, false, true>' requested here
 5769 |                     paged_decode_token_parallel_kernel<
      |                     ^
solutions/archive/2026-08-23-experiments/cuda_case12_v_dead_half_token_bsm_swap_exp667.cpp:701:40: warning: set minimum blocks' number is illegal in Maca and the value will be ignored [-Wmaca-min-blocks-per-multiprocessor]
  701 | __global__ void __launch_bounds__(256, 6)
      |                                        ^
solutions/archive/2026-08-23-experiments/cuda_case12_v_dead_half_token_bsm_swap_exp667.cpp:5784:9: note: in instantiation of function template specialization 'paged_decode_split_qk_pair_kernel<8, 4>' requested here
 5784 |         paged_decode_split_qk_pair_kernel<8, 4><<<grid, 128>>>(
      |         ^
solutions/archive/2026-08-23-experiments/cuda_case12_v_dead_half_token_bsm_swap_exp667.cpp:335:40: warning: set minimum blocks' number is illegal in Maca and the value will be ignored [-Wmaca-min-blocks-per-multiprocessor]
  335 | __global__ void __launch_bounds__(256, 6)
      |                                        ^
solutions/archive/2026-08-23-experiments/cuda_case12_v_dead_half_token_bsm_swap_exp667.cpp:5791:13: note: in instantiation of function template specialization 'paged_decode_split_kernel<4, 8>' requested here
 5791 |             paged_decode_split_kernel<4, 8><<<grid, 256>>>(
      |             ^
solutions/archive/2026-08-23-experiments/cuda_case12_v_dead_half_token_bsm_swap_exp667.cpp:335:40: warning: set minimum blocks' number is illegal in Maca and the value will be ignored [-Wmaca-min-blocks-per-multiprocessor]
  335 | __global__ void __launch_bounds__(256, 6)
      |                                        ^
solutions/archive/2026-08-23-experiments/cuda_case12_v_dead_half_token_bsm_swap_exp667.cpp:5797:13: note: in instantiation of function template specialization 'paged_decode_split_kernel<8, 4>' requested here
 5797 |             paged_decode_split_kernel<8, 4><<<grid, 128>>>(
      |             ^
10 warnings generated when compiling for xcore1000.
solutions/archive/2026-08-23-experiments/cuda_case12_v_dead_half_token_bsm_swap_exp667.cpp:335:40: warning: set minimum blocks' number is illegal in Maca and the value will be ignored [-Wmaca-min-blocks-per-multiprocessor]
  335 | __global__ void __launch_bounds__(256, 6)
      |                                        ^
solutions/archive/2026-08-23-experiments/cuda_case12_v_dead_half_token_bsm_swap_exp667.cpp:701:40: warning: set minimum blocks' number is illegal in Maca and the value will be ignored [-Wmaca-min-blocks-per-multiprocessor]
  701 | __global__ void __launch_bounds__(256, 6)
      |                                        ^
solutions/archive/2026-08-23-experiments/cuda_case12_v_dead_half_token_bsm_swap_exp667.cpp:1229:40: warning: set minimum blocks' number is illegal in Maca and the value will be ignored [-Wmaca-min-blocks-per-multiprocessor]
 1229 | __global__ void __launch_bounds__(256, 6)
      |                                        ^
solutions/archive/2026-08-23-experiments/cuda_case12_v_dead_half_token_bsm_swap_exp667.cpp:1229:40: warning: set minimum blocks' number is illegal in Maca and the value will be ignored [-Wmaca-min-blocks-per-multiprocessor]
solutions/archive/2026-08-23-experiments/cuda_case12_v_dead_half_token_bsm_swap_exp667.cpp:5602:21: note: in instantiation of function template specialization 'paged_decode_token_parallel_kernel<4, 8, false, false, false, false, false, true, false, false, false, false, false, true, false, false, false>' requested here
 5602 |                     paged_decode_token_parallel_kernel<
      |                     ^
solutions/archive/2026-08-23-experiments/cuda_case12_v_dead_half_token_bsm_swap_exp667.cpp:1229:40: warning: set minimum blocks' number is illegal in Maca and the value will be ignored [-Wmaca-min-blocks-per-multiprocessor]
 1229 | __global__ void __launch_bounds__(256, 6)
      |                                        ^
solutions/archive/2026-08-23-experiments/cuda_case12_v_dead_half_token_bsm_swap_exp667.cpp:5614:21: note: in instantiation of function template specialization 'paged_decode_token_parallel_kernel<4, 8, false, false, false, false, false, false, false, false, false, false, false, false, false, false, false>' requested here
 5614 |                     paged_decode_token_parallel_kernel<4, 8, false><<<
      |                     ^
solutions/archive/2026-08-23-experiments/cuda_case12_v_dead_half_token_bsm_swap_exp667.cpp:1229:40: warning: set minimum blocks' number is illegal in Maca and the value will be ignored [-Wmaca-min-blocks-per-multiprocessor]
 1229 | __global__ void __launch_bounds__(256, 6)
      |                                        ^
solutions/archive/2026-08-23-experiments/cuda_case12_v_dead_half_token_bsm_swap_exp667.cpp:5747:21: note: in instantiation of function template specialization 'paged_decode_token_parallel_kernel<8, 4, false, false, false, false, false, true, false, false, false, false, true, true, true, true, false>' requested here
 5747 |                     paged_decode_token_parallel_kernel<
      |                     ^
solutions/archive/2026-08-23-experiments/cuda_case12_v_dead_half_token_bsm_swap_exp667.cpp:1229:40: warning: set minimum blocks' number is illegal in Maca and the value will be ignored [-Wmaca-min-blocks-per-multiprocessor]
 1229 | __global__ void __launch_bounds__(256, 6)
      |                                        ^
solutions/archive/2026-08-23-experiments/cuda_case12_v_dead_half_token_bsm_swap_exp667.cpp:5769:21: note: in instantiation of function template specialization 'paged_decode_token_parallel_kernel<8, 4, true, false, false, false, false, true, false, false, true, false, true, true, false, false, true>' requested here
 5769 |                     paged_decode_token_parallel_kernel<
      |                     ^
solutions/archive/2026-08-23-experiments/cuda_case12_v_dead_half_token_bsm_swap_exp667.cpp:701:40: warning: set minimum blocks' number is illegal in Maca and the value will be ignored [-Wmaca-min-blocks-per-multiprocessor]
  701 | __global__ void __launch_bounds__(256, 6)
      |                                        ^
solutions/archive/2026-08-23-experiments/cuda_case12_v_dead_half_token_bsm_swap_exp667.cpp:5784:9: note: in instantiation of function template specialization 'paged_decode_split_qk_pair_kernel<8, 4>' requested here
 5784 |         paged_decode_split_qk_pair_kernel<8, 4><<<grid, 128>>>(
      |         ^
solutions/archive/2026-08-23-experiments/cuda_case12_v_dead_half_token_bsm_swap_exp667.cpp:335:40: warning: set minimum blocks' number is illegal in Maca and the value will be ignored [-Wmaca-min-blocks-per-multiprocessor]
  335 | __global__ void __launch_bounds__(256, 6)
      |                                        ^
solutions/archive/2026-08-23-experiments/cuda_case12_v_dead_half_token_bsm_swap_exp667.cpp:5791:13: note: in instantiation of function template specialization 'paged_decode_split_kernel<4, 8>' requested here
 5791 |             paged_decode_split_kernel<4, 8><<<grid, 256>>>(
      |             ^
solutions/archive/2026-08-23-experiments/cuda_case12_v_dead_half_token_bsm_swap_exp667.cpp:335:40: warning: set minimum blocks' number is illegal in Maca and the value will be ignored [-Wmaca-min-blocks-per-multiprocessor]
  335 | __global__ void __launch_bounds__(256, 6)
      |                                        ^
solutions/archive/2026-08-23-experiments/cuda_case12_v_dead_half_token_bsm_swap_exp667.cpp:5797:13: note: in instantiation of function template specialization 'paged_decode_split_kernel<8, 4>' requested here
 5797 |             paged_decode_split_kernel<8, 4><<<grid, 128>>>(
      |             ^
10 warnings generated when compiling for xcore1000.
solutions/archive/2026-08-23-experiments/cuda_case12_v_dead_half_token_bsm_swap_exp667.cpp:335:40: warning: set minimum blocks' number is illegal in Maca and the value will be ignored [-Wmaca-min-blocks-per-multiprocessor]
  335 | __global__ void __launch_bounds__(256, 6)
      |                                        ^
solutions/archive/2026-08-23-experiments/cuda_case12_v_dead_half_token_bsm_swap_exp667.cpp:701:40: warning: set minimum blocks' number is illegal in Maca and the value will be ignored [-Wmaca-min-blocks-per-multiprocessor]
  701 | __global__ void __launch_bounds__(256, 6)
      |                                        ^
solutions/archive/2026-08-23-experiments/cuda_case12_v_dead_half_token_bsm_swap_exp667.cpp:1229:40: warning: set minimum blocks' number is illegal in Maca and the value will be ignored [-Wmaca-min-blocks-per-multiprocessor]
 1229 | __global__ void __launch_bounds__(256, 6)
      |                                        ^
solutions/archive/2026-08-23-experiments/cuda_case12_v_dead_half_token_bsm_swap_exp667.cpp:1229:40: warning: set minimum blocks' number is illegal in Maca and the value will be ignored [-Wmaca-min-blocks-per-multiprocessor]
solutions/archive/2026-08-23-experiments/cuda_case12_v_dead_half_token_bsm_swap_exp667.cpp:5602:21: note: in instantiation of function template specialization 'paged_decode_token_parallel_kernel<4, 8, false, false, false, false, false, true, false, false, false, false, false, true, false, false, false>' requested here
 5602 |                     paged_decode_token_parallel_kernel<
      |                     ^
solutions/archive/2026-08-23-experiments/cuda_case12_v_dead_half_token_bsm_swap_exp667.cpp:1229:40: warning: set minimum blocks' number is illegal in Maca and the value will be ignored [-Wmaca-min-blocks-per-multiprocessor]
 1229 | __global__ void __launch_bounds__(256, 6)
      |                                        ^
solutions/archive/2026-08-23-experiments/cuda_case12_v_dead_half_token_bsm_swap_exp667.cpp:5614:21: note: in instantiation of function template specialization 'paged_decode_token_parallel_kernel<4, 8, false, false, false, false, false, false, false, false, false, false, false, false, false, false, false>' requested here
 5614 |                     paged_decode_token_parallel_kernel<4, 8, false><<<
      |                     ^
solutions/archive/2026-08-23-experiments/cuda_case12_v_dead_half_token_bsm_swap_exp667.cpp:1229:40: warning: set minimum blocks' number is illegal in Maca and the value will be ignored [-Wmaca-min-blocks-per-multiprocessor]
 1229 | __global__ void __launch_bounds__(256, 6)
      |                                        ^
solutions/archive/2026-08-23-experiments/cuda_case12_v_dead_half_token_bsm_swap_exp667.cpp:5747:21: note: in instantiation of function template specialization 'paged_decode_token_parallel_kernel<8, 4, false, false, false, false, false, true, false, false, false, false, true, true, true, true, false>' requested here
 5747 |                     paged_decode_token_parallel_kernel<
      |                     ^
solutions/archive/2026-08-23-experiments/cuda_case12_v_dead_half_token_bsm_swap_exp667.cpp:1229:40: warning: set minimum blocks' number is illegal in Maca and the value will be ignored [-Wmaca-min-blocks-per-multiprocessor]
 1229 | __global__ void __launch_bounds__(256, 6)
      |                                        ^
solutions/archive/2026-08-23-experiments/cuda_case12_v_dead_half_token_bsm_swap_exp667.cpp:5769:21: note: in instantiation of function template specialization 'paged_decode_token_parallel_kernel<8, 4, true, false, false, false, false, true, false, false, true, false, true, true, false, false, true>' requested here
 5769 |                     paged_decode_token_parallel_kernel<
      |                     ^
solutions/archive/2026-08-23-experiments/cuda_case12_v_dead_half_token_bsm_swap_exp667.cpp:701:40: warning: set minimum blocks' number is illegal in Maca and the value will be ignored [-Wmaca-min-blocks-per-multiprocessor]
  701 | __global__ void __launch_bounds__(256, 6)
      |                                        ^
solutions/archive/2026-08-23-experiments/cuda_case12_v_dead_half_token_bsm_swap_exp667.cpp:5784:9: note: in instantiation of function template specialization 'paged_decode_split_qk_pair_kernel<8, 4>' requested here
 5784 |         paged_decode_split_qk_pair_kernel<8, 4><<<grid, 128>>>(
      |         ^
solutions/archive/2026-08-23-experiments/cuda_case12_v_dead_half_token_bsm_swap_exp667.cpp:335:40: warning: set minimum blocks' number is illegal in Maca and the value will be ignored [-Wmaca-min-blocks-per-multiprocessor]
  335 | __global__ void __launch_bounds__(256, 6)
      |                                        ^
solutions/archive/2026-08-23-experiments/cuda_case12_v_dead_half_token_bsm_swap_exp667.cpp:5791:13: note: in instantiation of function template specialization 'paged_decode_split_kernel<4, 8>' requested here
 5791 |             paged_decode_split_kernel<4, 8><<<grid, 256>>>(
      |             ^
solutions/archive/2026-08-23-experiments/cuda_case12_v_dead_half_token_bsm_swap_exp667.cpp:335:40: warning: set minimum blocks' number is illegal in Maca and the value will be ignored [-Wmaca-min-blocks-per-multiprocessor]
  335 | __global__ void __launch_bounds__(256, 6)
      |                                        ^
solutions/archive/2026-08-23-experiments/cuda_case12_v_dead_half_token_bsm_swap_exp667.cpp:5797:13: note: in instantiation of function template specialization 'paged_decode_split_kernel<8, 4>' requested here
 5797 |             paged_decode_split_kernel<8, 4><<<grid, 128>>>(
      |             ^
10 warnings generated when compiling for host.
Built build/exp667_normal.so
