Building solutions/archive/2026-08-22-experiments/cuda_case3_native_tail_reg_bsm_exp636.cpp
Compiler: /opt/maca/mxgpu_llvm/bin/mxcc
MACA path: /opt/maca
CUDA bridge: /opt/maca-3.7.1/tools/cu-bridge
Target: xcore1000
Output: build/exp636_candidate_device.ll
mxcc: warning: argument unused during compilation: '-shared' [-Wunused-command-line-argument]
solutions/archive/2026-08-22-experiments/cuda_case3_native_tail_reg_bsm_exp636.cpp:401:40: warning: set minimum blocks' number is illegal in Maca and the value will be ignored [-Wmaca-min-blocks-per-multiprocessor]
  401 | __global__ void __launch_bounds__(256, 6)
      |                                        ^
solutions/archive/2026-08-22-experiments/cuda_case3_native_tail_reg_bsm_exp636.cpp:767:40: warning: set minimum blocks' number is illegal in Maca and the value will be ignored [-Wmaca-min-blocks-per-multiprocessor]
  767 | __global__ void __launch_bounds__(256, 6)
      |                                        ^
solutions/archive/2026-08-22-experiments/cuda_case3_native_tail_reg_bsm_exp636.cpp:1296:40: warning: set minimum blocks' number is illegal in Maca and the value will be ignored [-Wmaca-min-blocks-per-multiprocessor]
 1296 | __global__ void __launch_bounds__(256, 6)
      |                                        ^
solutions/archive/2026-08-22-experiments/cuda_case3_native_tail_reg_bsm_exp636.cpp:1296:40: warning: set minimum blocks' number is illegal in Maca and the value will be ignored [-Wmaca-min-blocks-per-multiprocessor]
solutions/archive/2026-08-22-experiments/cuda_case3_native_tail_reg_bsm_exp636.cpp:5701:21: note: in instantiation of function template specialization 'paged_decode_token_parallel_kernel<4, 8, false, false, false, false, false, true, false, false, false, false, false, true, false, false, false, true>' requested here
 5701 |                     paged_decode_token_parallel_kernel<
      |                     ^
solutions/archive/2026-08-22-experiments/cuda_case3_native_tail_reg_bsm_exp636.cpp:1296:40: warning: set minimum blocks' number is illegal in Maca and the value will be ignored [-Wmaca-min-blocks-per-multiprocessor]
 1296 | __global__ void __launch_bounds__(256, 6)
      |                                        ^
solutions/archive/2026-08-22-experiments/cuda_case3_native_tail_reg_bsm_exp636.cpp:5714:21: note: in instantiation of function template specialization 'paged_decode_token_parallel_kernel<4, 8, false, false, false, false, false, false, false, false, false, false, false, false, false, false, false, false>' requested here
 5714 |                     paged_decode_token_parallel_kernel<4, 8, false><<<
      |                     ^
solutions/archive/2026-08-22-experiments/cuda_case3_native_tail_reg_bsm_exp636.cpp:1296:40: warning: set minimum blocks' number is illegal in Maca and the value will be ignored [-Wmaca-min-blocks-per-multiprocessor]
 1296 | __global__ void __launch_bounds__(256, 6)
      |                                        ^
solutions/archive/2026-08-22-experiments/cuda_case3_native_tail_reg_bsm_exp636.cpp:5849:21: note: in instantiation of function template specialization 'paged_decode_token_parallel_kernel<8, 4, false, false, false, false, false, true, false, false, false, false, true, true, true, true, false, false>' requested here
 5849 |                     paged_decode_token_parallel_kernel<
      |                     ^
solutions/archive/2026-08-22-experiments/cuda_case3_native_tail_reg_bsm_exp636.cpp:1296:40: warning: set minimum blocks' number is illegal in Maca and the value will be ignored [-Wmaca-min-blocks-per-multiprocessor]
 1296 | __global__ void __launch_bounds__(256, 6)
      |                                        ^
solutions/archive/2026-08-22-experiments/cuda_case3_native_tail_reg_bsm_exp636.cpp:5871:21: note: in instantiation of function template specialization 'paged_decode_token_parallel_kernel<8, 4, true, false, false, false, false, true, false, false, true, false, true, true, false, false, true, false>' requested here
 5871 |                     paged_decode_token_parallel_kernel<
      |                     ^
solutions/archive/2026-08-22-experiments/cuda_case3_native_tail_reg_bsm_exp636.cpp:767:40: warning: set minimum blocks' number is illegal in Maca and the value will be ignored [-Wmaca-min-blocks-per-multiprocessor]
  767 | __global__ void __launch_bounds__(256, 6)
      |                                        ^
solutions/archive/2026-08-22-experiments/cuda_case3_native_tail_reg_bsm_exp636.cpp:5886:9: note: in instantiation of function template specialization 'paged_decode_split_qk_pair_kernel<8, 4>' requested here
 5886 |         paged_decode_split_qk_pair_kernel<8, 4><<<grid, 128>>>(
      |         ^
solutions/archive/2026-08-22-experiments/cuda_case3_native_tail_reg_bsm_exp636.cpp:401:40: warning: set minimum blocks' number is illegal in Maca and the value will be ignored [-Wmaca-min-blocks-per-multiprocessor]
  401 | __global__ void __launch_bounds__(256, 6)
      |                                        ^
solutions/archive/2026-08-22-experiments/cuda_case3_native_tail_reg_bsm_exp636.cpp:5893:13: note: in instantiation of function template specialization 'paged_decode_split_kernel<4, 8>' requested here
 5893 |             paged_decode_split_kernel<4, 8><<<grid, 256>>>(
      |             ^
solutions/archive/2026-08-22-experiments/cuda_case3_native_tail_reg_bsm_exp636.cpp:401:40: warning: set minimum blocks' number is illegal in Maca and the value will be ignored [-Wmaca-min-blocks-per-multiprocessor]
  401 | __global__ void __launch_bounds__(256, 6)
      |                                        ^
solutions/archive/2026-08-22-experiments/cuda_case3_native_tail_reg_bsm_exp636.cpp:5899:13: note: in instantiation of function template specialization 'paged_decode_split_kernel<8, 4>' requested here
 5899 |             paged_decode_split_kernel<8, 4><<<grid, 128>>>(
      |             ^
10 warnings generated when compiling for xcore1000.
solutions/archive/2026-08-22-experiments/cuda_case3_native_tail_reg_bsm_exp636.cpp:401:40: warning: set minimum blocks' number is illegal in Maca and the value will be ignored [-Wmaca-min-blocks-per-multiprocessor]
  401 | __global__ void __launch_bounds__(256, 6)
      |                                        ^
solutions/archive/2026-08-22-experiments/cuda_case3_native_tail_reg_bsm_exp636.cpp:767:40: warning: set minimum blocks' number is illegal in Maca and the value will be ignored [-Wmaca-min-blocks-per-multiprocessor]
  767 | __global__ void __launch_bounds__(256, 6)
      |                                        ^
solutions/archive/2026-08-22-experiments/cuda_case3_native_tail_reg_bsm_exp636.cpp:1296:40: warning: set minimum blocks' number is illegal in Maca and the value will be ignored [-Wmaca-min-blocks-per-multiprocessor]
 1296 | __global__ void __launch_bounds__(256, 6)
      |                                        ^
solutions/archive/2026-08-22-experiments/cuda_case3_native_tail_reg_bsm_exp636.cpp:1296:40: warning: set minimum blocks' number is illegal in Maca and the value will be ignored [-Wmaca-min-blocks-per-multiprocessor]
solutions/archive/2026-08-22-experiments/cuda_case3_native_tail_reg_bsm_exp636.cpp:5701:21: note: in instantiation of function template specialization 'paged_decode_token_parallel_kernel<4, 8, false, false, false, false, false, true, false, false, false, false, false, true, false, false, false, true>' requested here
 5701 |                     paged_decode_token_parallel_kernel<
      |                     ^
solutions/archive/2026-08-22-experiments/cuda_case3_native_tail_reg_bsm_exp636.cpp:1296:40: warning: set minimum blocks' number is illegal in Maca and the value will be ignored [-Wmaca-min-blocks-per-multiprocessor]
 1296 | __global__ void __launch_bounds__(256, 6)
      |                                        ^
solutions/archive/2026-08-22-experiments/cuda_case3_native_tail_reg_bsm_exp636.cpp:5714:21: note: in instantiation of function template specialization 'paged_decode_token_parallel_kernel<4, 8, false, false, false, false, false, false, false, false, false, false, false, false, false, false, false, false>' requested here
 5714 |                     paged_decode_token_parallel_kernel<4, 8, false><<<
      |                     ^
solutions/archive/2026-08-22-experiments/cuda_case3_native_tail_reg_bsm_exp636.cpp:1296:40: warning: set minimum blocks' number is illegal in Maca and the value will be ignored [-Wmaca-min-blocks-per-multiprocessor]
 1296 | __global__ void __launch_bounds__(256, 6)
      |                                        ^
solutions/archive/2026-08-22-experiments/cuda_case3_native_tail_reg_bsm_exp636.cpp:5849:21: note: in instantiation of function template specialization 'paged_decode_token_parallel_kernel<8, 4, false, false, false, false, false, true, false, false, false, false, true, true, true, true, false, false>' requested here
 5849 |                     paged_decode_token_parallel_kernel<
      |                     ^
solutions/archive/2026-08-22-experiments/cuda_case3_native_tail_reg_bsm_exp636.cpp:1296:40: warning: set minimum blocks' number is illegal in Maca and the value will be ignored [-Wmaca-min-blocks-per-multiprocessor]
 1296 | __global__ void __launch_bounds__(256, 6)
      |                                        ^
solutions/archive/2026-08-22-experiments/cuda_case3_native_tail_reg_bsm_exp636.cpp:5871:21: note: in instantiation of function template specialization 'paged_decode_token_parallel_kernel<8, 4, true, false, false, false, false, true, false, false, true, false, true, true, false, false, true, false>' requested here
 5871 |                     paged_decode_token_parallel_kernel<
      |                     ^
solutions/archive/2026-08-22-experiments/cuda_case3_native_tail_reg_bsm_exp636.cpp:767:40: warning: set minimum blocks' number is illegal in Maca and the value will be ignored [-Wmaca-min-blocks-per-multiprocessor]
  767 | __global__ void __launch_bounds__(256, 6)
      |                                        ^
solutions/archive/2026-08-22-experiments/cuda_case3_native_tail_reg_bsm_exp636.cpp:5886:9: note: in instantiation of function template specialization 'paged_decode_split_qk_pair_kernel<8, 4>' requested here
 5886 |         paged_decode_split_qk_pair_kernel<8, 4><<<grid, 128>>>(
      |         ^
solutions/archive/2026-08-22-experiments/cuda_case3_native_tail_reg_bsm_exp636.cpp:401:40: warning: set minimum blocks' number is illegal in Maca and the value will be ignored [-Wmaca-min-blocks-per-multiprocessor]
  401 | __global__ void __launch_bounds__(256, 6)
      |                                        ^
solutions/archive/2026-08-22-experiments/cuda_case3_native_tail_reg_bsm_exp636.cpp:5893:13: note: in instantiation of function template specialization 'paged_decode_split_kernel<4, 8>' requested here
 5893 |             paged_decode_split_kernel<4, 8><<<grid, 256>>>(
      |             ^
solutions/archive/2026-08-22-experiments/cuda_case3_native_tail_reg_bsm_exp636.cpp:401:40: warning: set minimum blocks' number is illegal in Maca and the value will be ignored [-Wmaca-min-blocks-per-multiprocessor]
  401 | __global__ void __launch_bounds__(256, 6)
      |                                        ^
solutions/archive/2026-08-22-experiments/cuda_case3_native_tail_reg_bsm_exp636.cpp:5899:13: note: in instantiation of function template specialization 'paged_decode_split_kernel<8, 4>' requested here
 5899 |             paged_decode_split_kernel<8, 4><<<grid, 128>>>(
      |             ^
10 warnings generated when compiling for host.
Built build/exp636_candidate_device.ll
