exp694 CPU manifest and kernel logic checks
UTC 2026-08-24T13:18:50Z
command: python3 tests/c500_case_manifest.py
case  1: B= 1 L=    1 KV=4 edge | copy1          splits=  1 pages/split= 1
case  2: B= 4 L=    2 KV=8 edge | attn2          splits=  1 pages/split= 1
case  3: B=16 L=   17 KV=4 edge | token-parallel splits=  1 pages/split= 2
case  4: B=64 L=   64 KV=8 perf | token-parallel splits=  1 pages/split= 4
case  5: B=16 L=  141 KV=4 perf | kv4-z4-mma     splits=  5 pages/split= 2
case  6: B=16 L=  362 KV=8 perf | token-parallel splits=  8 pages/split= 3
case  7: B=64 L= 2048 KV=8 perf | kv8-z8-native  splits=  3 pages/split=43
case  8: B=16 L= 4096 KV=4 perf | kv4-z4-mma     splits= 14 pages/split=19
case  9: B=32 L= 4096 KV=8 perf | kv8-z8-native  splits=  6 pages/split=43
case 10: B= 1 L= 8192 KV=4 perf | kv4-z4-mma     splits=128 pages/split= 4
case 11: B=16 L=12251 KV=4 perf | kv4-z4-mma     splits= 39 pages/split=20
case 12: B= 8 L=32768 KV=8 perf | kv8-z8-native  splits= 40 pages/split=52
case 13: B= 1 L=58966 KV=8 perf | kv8-z8-native  splits= 65 pages/split=57
case 14: B= 1 L=61519 KV=4 perf | kv4-z4-mma     splits=257 pages/split=15
manifest_exit_status=0
command: python3 tests/test_kernel_logic.py
[PASS] case1: copy1                 batch=   1 seqlen_k=     1 kv=4 split=      1 | max_err=0.000e+00 mean_err=0.000e+00 | seqlen 范围 [1,1]
[PASS] case2: attn2                 batch=   4 seqlen_k=     2 kv=8 split=      1 | max_err=6.384e-16 mean_err=1.594e-17 | seqlen 范围 [1,2]
[PASS] case3: token-parallel        batch=  16 seqlen_k=    17 kv=4 split=      1 | max_err=1.332e-15 mean_err=4.481e-17 | seqlen 范围 [1,17]
[PASS] case4: token-parallel        batch=  64 seqlen_k=    64 kv=8 split=      1 | max_err=1.332e-15 mean_err=4.012e-17 | seqlen 范围 [1,64]
[PASS] case5: kv4-z4-mma bounded    batch=  16 seqlen_k=    64 kv=4 split=      5 | max_err=1.332e-15 mean_err=4.199e-17 | seqlen 范围 [1,61]
[PASS] case6: token-parallel bounded batch=  16 seqlen_k=    64 kv=8 split=      8 | max_err=9.992e-16 mean_err=4.081e-17 | seqlen 范围 [1,36]
[PASS] case7: kv8-z8-native bounded batch=  64 seqlen_k=    64 kv=8 split=      3 | max_err=1.443e-15 mean_err=4.018e-17 | seqlen 范围 [1,63]
[PASS] case8: kv4-z4-mma bounded    batch=  16 seqlen_k=    64 kv=4 split=     14 | max_err=1.360e-15 mean_err=3.888e-17 | seqlen 范围 [1,64]
[PASS] case9: kv8-z8-native bounded batch=  32 seqlen_k=    64 kv=8 split=      6 | max_err=1.332e-15 mean_err=3.786e-17 | seqlen 范围 [1,62]
[PASS] case10: kv4-z4-mma bounded   batch=   1 seqlen_k=    64 kv=4 split=    128 | max_err=5.551e-16 mean_err=7.057e-17 | seqlen 范围 [45,45]
[PASS] case11: kv4-z4-mma bounded   batch=  16 seqlen_k=    64 kv=4 split=     39 | max_err=9.992e-16 mean_err=3.824e-17 | seqlen 范围 [1,63]
[PASS] case12: kv8-z8-native bounded batch=   8 seqlen_k=    64 kv=8 split=     40 | max_err=1.332e-15 mean_err=2.756e-17 | seqlen 范围 [1,62]
[PASS] case13: kv8-z8-native bounded batch=   1 seqlen_k=    64 kv=8 split=     65 | max_err=1.013e-15 mean_err=8.942e-17 | seqlen 范围 [41,41]
[PASS] case14: kv4-z4-mma bounded   batch=   1 seqlen_k=    64 kv=4 split=    257 | max_err=5.551e-16 mean_err=7.073e-17 | seqlen 范围 [37,37]

总计: 14/14 通过
logic_exit_status=0
