exp603v3 C500 candidate boundary-length correctness (14/14 expected)
UTC 2026-08-20T07:21:54Z
command: python3 tests/c500_paged_decode_harness.py --library build/exp603v3_candidate.so --cases all --lengths boundary --seed 20260809
candidate source SHA256: d27f5e5cfb17562baacbc4f4393c3513bc501cae283d222d718719abd251df28  solutions/archive/2026-08-20-experiments/cuda_case12_wave_local_q_bsm_exp603.cpp
candidate binary SHA256: 61ecb650b68ac181fbc17795c0df200b2431cfc69b4c48911890f421e61c65c5  build/exp603v3_candidate.so
GPU: MetaX C500 | torch=2.8.0+metax3.7.1.3
[PASS] case  1 B= 1 L=    1 KV=4 lengths=boundary match=1.000000 max_error=0.000000e+00 max_tol_ratio=0.000 finite=True
[PASS] case  2 B= 4 L=    2 KV=8 lengths=boundary match=1.000000 max_error=1.562500e-02 max_tol_ratio=0.324 finite=True
[PASS] case  3 B=16 L=   17 KV=4 lengths=boundary match=1.000000 max_error=7.812500e-03 max_tol_ratio=0.244 finite=True
[PASS] case  4 B=64 L=   64 KV=8 lengths=boundary match=1.000000 max_error=7.812500e-03 max_tol_ratio=0.244 finite=True
[PASS] case  5 B=16 L=  141 KV=4 lengths=boundary match=1.000000 max_error=7.812500e-03 max_tol_ratio=0.236 finite=True
[PASS] case  6 B=16 L=  362 KV=8 lengths=boundary match=1.000000 max_error=7.812500e-03 max_tol_ratio=0.243 finite=True
[PASS] case  7 B=64 L= 2048 KV=8 lengths=boundary match=1.000000 max_error=1.562500e-02 max_tol_ratio=0.279 finite=True
[PASS] case  8 B=16 L= 4096 KV=4 lengths=boundary match=1.000000 max_error=7.812500e-03 max_tol_ratio=0.242 finite=True
[PASS] case  9 B=32 L= 4096 KV=8 lengths=boundary match=1.000000 max_error=7.812500e-03 max_tol_ratio=0.240 finite=True
[PASS] case 10 B= 1 L= 8192 KV=4 lengths=boundary match=1.000000 max_error=0.000000e+00 max_tol_ratio=0.000 finite=True
[PASS] case 11 B=16 L=12251 KV=4 lengths=boundary match=1.000000 max_error=7.812500e-03 max_tol_ratio=0.242 finite=True
[PASS] case 12 B= 8 L=32768 KV=8 lengths=boundary match=1.000000 max_error=7.812500e-03 max_tol_ratio=0.239 finite=True
[PASS] case 13 B= 1 L=58966 KV=8 lengths=boundary match=1.000000 max_error=0.000000e+00 max_tol_ratio=0.000 finite=True
[PASS] case 14 B= 1 L=61519 KV=4 lengths=boundary match=1.000000 max_error=0.000000e+00 max_tol_ratio=0.000 finite=True
exit_status=0
