36:$_Z42paged_decode_case13_kv8_headpair_z8_kernelILb1ELb0ELb0EEvPK15__maca_bfloat16S2_S2_PS0_PKiS5_PfS6_S6_iiiif = comdat any
38:$_Z42paged_decode_case13_kv8_headpair_z8_kernelILb1ELb0ELb1EEvPK15__maca_bfloat16S2_S2_PS0_PKiS5_PfS6_S6_iiiif = comdat any
40:$_Z42paged_decode_case13_kv8_headpair_z8_kernelILb1ELb1ELb0EEvPK15__maca_bfloat16S2_S2_PS0_PKiS5_PfS6_S6_iiiif = comdat any
88:$_ZZ42paged_decode_case13_kv8_headpair_z8_kernelILb1ELb0ELb0EEvPK15__maca_bfloat16S2_S2_PS0_PKiS5_PfS6_S6_iiiifE9s_storage = comdat any
90:$_ZZ42paged_decode_case13_kv8_headpair_z8_kernelILb1ELb0ELb1EEvPK15__maca_bfloat16S2_S2_PS0_PKiS5_PfS6_S6_iiiifE9s_storage = comdat any
92:$_ZZ42paged_decode_case13_kv8_headpair_z8_kernelILb1ELb1ELb0EEvPK15__maca_bfloat16S2_S2_PS0_PKiS5_PfS6_S6_iiiifE9s_storage = comdat any
120:@_ZZ42paged_decode_case13_kv8_headpair_z8_kernelILb1ELb0ELb0EEvPK15__maca_bfloat16S2_S2_PS0_PKiS5_PfS6_S6_iiiifE9s_storage = linkonce_odr protected local_unnamed_addr addrspace(3) global [8448 x i8] undef, comdat, align 16
121:@_ZZ42paged_decode_case13_kv8_headpair_z8_kernelILb1ELb0ELb1EEvPK15__maca_bfloat16S2_S2_PS0_PKiS5_PfS6_S6_iiiifE9s_storage = linkonce_odr protected local_unnamed_addr addrspace(3) global [8448 x i8] undef, comdat, align 16
122:@_ZZ42paged_decode_case13_kv8_headpair_z8_kernelILb1ELb1ELb0EEvPK15__maca_bfloat16S2_S2_PS0_PKiS5_PfS6_S6_iiiifE9s_storage = linkonce_odr protected local_unnamed_addr addrspace(3) global [8448 x i8] undef, comdat, align 16
18048:define protected metaxgpu_kernel void @_Z42paged_decode_case13_kv8_headpair_z8_kernelILb1ELb0ELb0EEvPK15__maca_bfloat16S2_S2_PS0_PKiS5_PfS6_S6_iiiif(ptr addrspace(4) noalias nocapture noundef readonly %q.coerce, ptr addrspace(4) noalias nocapture noundef readonly %k_cache.coerce, ptr addrspace(4) noalias nocapture noundef readonly %v_cache.coerce, ptr addrspace(1) noalias nocapture noundef readnone %out.coerce, ptr addrspace(1) noalias nocapture noundef readonly %cache_seqlens.coerce, ptr addrspace(1) noalias nocapture noundef readonly %block_table.coerce, ptr addrspace(1) noalias nocapture noundef writeonly %partial_m.coerce, ptr addrspace(1) noalias nocapture noundef readnone %partial_l.coerce, ptr addrspace(1) noalias nocapture noundef writeonly %partial_acc.coerce, i32 noundef %batch_size, i32 noundef %pages_per_batch, i32 noundef %pages_per_split, i32 noundef %n_split, float noundef %sm_scale) local_unnamed_addr #11 comdat {
18195:  %arrayidx12.i1448 = getelementptr inbounds [64 x i32], ptr addrspace(3) @_ZZ42paged_decode_case13_kv8_headpair_z8_kernelILb1ELb0ELb0EEvPK15__maca_bfloat16S2_S2_PS0_PKiS5_PfS6_S6_iiiifE9s_storage, i32 %add.i1436, i32 %mul29
18199:  %arrayidx12.i1434 = getelementptr inbounds [64 x i32], ptr addrspace(3) getelementptr inbounds (i8, ptr addrspace(3) @_ZZ42paged_decode_case13_kv8_headpair_z8_kernelILb1ELb0ELb0EEvPK15__maca_bfloat16S2_S2_PS0_PKiS5_PfS6_S6_iiiifE9s_storage, i32 4096), i32 %add.i1436, i32 %mul29
18212:  %arrayidx4.i1685 = getelementptr inbounds [64 x i32], ptr addrspace(3) getelementptr inbounds (i8, ptr addrspace(3) @_ZZ42paged_decode_case13_kv8_headpair_z8_kernelILb1ELb0ELb0EEvPK15__maca_bfloat16S2_S2_PS0_PKiS5_PfS6_S6_iiiifE9s_storage, i32 4096), i32 %mul.i1435, i32 %mul29
18216:  %26 = getelementptr [64 x i32], ptr addrspace(3) getelementptr inbounds (i8, ptr addrspace(3) @_ZZ42paged_decode_case13_kv8_headpair_z8_kernelILb1ELb0ELb0EEvPK15__maca_bfloat16S2_S2_PS0_PKiS5_PfS6_S6_iiiifE9s_storage, i32 4096), i32 %mul.i1435
18245:  %arrayidx117 = getelementptr inbounds [64 x i32], ptr addrspace(3) @_ZZ42paged_decode_case13_kv8_headpair_z8_kernelILb1ELb0ELb0EEvPK15__maca_bfloat16S2_S2_PS0_PKiS5_PfS6_S6_iiiifE9s_storage, i32 %mul.i1435, i32 %mul29
18251:  %arrayidx117.1 = getelementptr inbounds [64 x i32], ptr addrspace(3) @_ZZ42paged_decode_case13_kv8_headpair_z8_kernelILb1ELb0ELb0EEvPK15__maca_bfloat16S2_S2_PS0_PKiS5_PfS6_S6_iiiifE9s_storage, i32 %add112.1, i32 %mul29
18657:  %arrayidx12.i1420 = getelementptr inbounds [64 x i32], ptr addrspace(3) @_ZZ42paged_decode_case13_kv8_headpair_z8_kernelILb1ELb0ELb0EEvPK15__maca_bfloat16S2_S2_PS0_PKiS5_PfS6_S6_iiiifE9s_storage, i32 %add.i1408, i32 %mul29
18661:  %arrayidx12.i = getelementptr inbounds [64 x i32], ptr addrspace(3) getelementptr inbounds (i8, ptr addrspace(3) @_ZZ42paged_decode_case13_kv8_headpair_z8_kernelILb1ELb0ELb0EEvPK15__maca_bfloat16S2_S2_PS0_PKiS5_PfS6_S6_iiiifE9s_storage, i32 4096), i32 %add.i1408, i32 %mul29
18689:  %arrayidx283 = getelementptr inbounds [64 x i32], ptr addrspace(3) @_ZZ42paged_decode_case13_kv8_headpair_z8_kernelILb1ELb0ELb0EEvPK15__maca_bfloat16S2_S2_PS0_PKiS5_PfS6_S6_iiiifE9s_storage, i32 %mul.i1407, i32 %mul29
18770:  %arrayidx283.1 = getelementptr inbounds [64 x i32], ptr addrspace(3) @_ZZ42paged_decode_case13_kv8_headpair_z8_kernelILb1ELb0ELb0EEvPK15__maca_bfloat16S2_S2_PS0_PKiS5_PfS6_S6_iiiifE9s_storage, i32 %add275.1, i32 %mul29
18913:  %arrayidx4.i = getelementptr inbounds [64 x i32], ptr addrspace(3) getelementptr inbounds (i8, ptr addrspace(3) @_ZZ42paged_decode_case13_kv8_headpair_z8_kernelILb1ELb0ELb0EEvPK15__maca_bfloat16S2_S2_PS0_PKiS5_PfS6_S6_iiiifE9s_storage, i32 4096), i32 %mul.i1407, i32 %mul29
18967:  %254 = getelementptr [64 x i32], ptr addrspace(3) getelementptr inbounds (i8, ptr addrspace(3) @_ZZ42paged_decode_case13_kv8_headpair_z8_kernelILb1ELb0ELb0EEvPK15__maca_bfloat16S2_S2_PS0_PKiS5_PfS6_S6_iiiifE9s_storage, i32 4096), i32 %mul.i1407
19058:  %add.ptr.i2016 = getelementptr inbounds i8, ptr addrspace(3) @_ZZ42paged_decode_case13_kv8_headpair_z8_kernelILb1ELb0ELb0EEvPK15__maca_bfloat16S2_S2_PS0_PKiS5_PfS6_S6_iiiifE9s_storage, i32 %add.ptr.i2016.idx
19089:  %arrayidx8.i2027 = getelementptr inbounds [2 x float], ptr addrspace(3) getelementptr inbounds (i8, ptr addrspace(3) @_ZZ42paged_decode_case13_kv8_headpair_z8_kernelILb1ELb0ELb0EEvPK15__maca_bfloat16S2_S2_PS0_PKiS5_PfS6_S6_iiiifE9s_storage, i32 8192), i32 %add376
19097:  %add.ptr.i1995 = getelementptr inbounds i8, ptr addrspace(3) @_ZZ42paged_decode_case13_kv8_headpair_z8_kernelILb1ELb0ELb0EEvPK15__maca_bfloat16S2_S2_PS0_PKiS5_PfS6_S6_iiiifE9s_storage, i32 %add.ptr.i1995.idx
19125:  %arrayidx8.i2006 = getelementptr inbounds [2 x float], ptr addrspace(3) getelementptr inbounds (i8, ptr addrspace(3) @_ZZ42paged_decode_case13_kv8_headpair_z8_kernelILb1ELb0ELb0EEvPK15__maca_bfloat16S2_S2_PS0_PKiS5_PfS6_S6_iiiifE9s_storage, i32 8192), i32 %add379
19142:  %arrayidx391 = getelementptr inbounds [2 x float], ptr addrspace(3) getelementptr inbounds (i8, ptr addrspace(3) @_ZZ42paged_decode_case13_kv8_headpair_z8_kernelILb1ELb0ELb0EEvPK15__maca_bfloat16S2_S2_PS0_PKiS5_PfS6_S6_iiiifE9s_storage, i32 8192), i32 %add386
19147:  %add.ptr398 = getelementptr inbounds i8, ptr addrspace(3) @_ZZ42paged_decode_case13_kv8_headpair_z8_kernelILb1ELb0ELb0EEvPK15__maca_bfloat16S2_S2_PS0_PKiS5_PfS6_S6_iiiifE9s_storage, i32 %add.ptr398.idx
19197:  %arrayidx404 = getelementptr inbounds [2 x float], ptr addrspace(3) getelementptr inbounds (i8, ptr addrspace(3) @_ZZ42paged_decode_case13_kv8_headpair_z8_kernelILb1ELb0ELb0EEvPK15__maca_bfloat16S2_S2_PS0_PKiS5_PfS6_S6_iiiifE9s_storage, i32 8192), i32 %add388
19202:  %add.ptr411 = getelementptr inbounds i8, ptr addrspace(3) @_ZZ42paged_decode_case13_kv8_headpair_z8_kernelILb1ELb0ELb0EEvPK15__maca_bfloat16S2_S2_PS0_PKiS5_PfS6_S6_iiiifE9s_storage, i32 %add.ptr411.idx
19278:  %add.ptr.i1974 = getelementptr inbounds i8, ptr addrspace(3) @_ZZ42paged_decode_case13_kv8_headpair_z8_kernelILb1ELb0ELb0EEvPK15__maca_bfloat16S2_S2_PS0_PKiS5_PfS6_S6_iiiifE9s_storage, i32 %add.ptr.i1974.idx
19309:  %arrayidx8.i1985 = getelementptr inbounds [2 x float], ptr addrspace(3) getelementptr inbounds (i8, ptr addrspace(3) @_ZZ42paged_decode_case13_kv8_headpair_z8_kernelILb1ELb0ELb0EEvPK15__maca_bfloat16S2_S2_PS0_PKiS5_PfS6_S6_iiiifE9s_storage, i32 8192), i32 %add422
19317:  %add.ptr.i1953 = getelementptr inbounds i8, ptr addrspace(3) @_ZZ42paged_decode_case13_kv8_headpair_z8_kernelILb1ELb0ELb0EEvPK15__maca_bfloat16S2_S2_PS0_PKiS5_PfS6_S6_iiiifE9s_storage, i32 %add.ptr.i1953.idx
19345:  %arrayidx8.i1964 = getelementptr inbounds [2 x float], ptr addrspace(3) getelementptr inbounds (i8, ptr addrspace(3) @_ZZ42paged_decode_case13_kv8_headpair_z8_kernelILb1ELb0ELb0EEvPK15__maca_bfloat16S2_S2_PS0_PKiS5_PfS6_S6_iiiifE9s_storage, i32 8192), i32 %add426
19362:  %arrayidx440 = getelementptr inbounds [2 x float], ptr addrspace(3) getelementptr inbounds (i8, ptr addrspace(3) @_ZZ42paged_decode_case13_kv8_headpair_z8_kernelILb1ELb0ELb0EEvPK15__maca_bfloat16S2_S2_PS0_PKiS5_PfS6_S6_iiiifE9s_storage, i32 8192), i32 %add434
19367:  %add.ptr447 = getelementptr inbounds i8, ptr addrspace(3) @_ZZ42paged_decode_case13_kv8_headpair_z8_kernelILb1ELb0ELb0EEvPK15__maca_bfloat16S2_S2_PS0_PKiS5_PfS6_S6_iiiifE9s_storage, i32 %add.ptr447.idx
19417:  %arrayidx453 = getelementptr inbounds [2 x float], ptr addrspace(3) getelementptr inbounds (i8, ptr addrspace(3) @_ZZ42paged_decode_case13_kv8_headpair_z8_kernelILb1ELb0ELb0EEvPK15__maca_bfloat16S2_S2_PS0_PKiS5_PfS6_S6_iiiifE9s_storage, i32 8192), i32 %add437
19422:  %add.ptr460 = getelementptr inbounds i8, ptr addrspace(3) @_ZZ42paged_decode_case13_kv8_headpair_z8_kernelILb1ELb0ELb0EEvPK15__maca_bfloat16S2_S2_PS0_PKiS5_PfS6_S6_iiiifE9s_storage, i32 %add.ptr460.idx
19494:  %add.ptr.i1932 = getelementptr inbounds i8, ptr addrspace(3) @_ZZ42paged_decode_case13_kv8_headpair_z8_kernelILb1ELb0ELb0EEvPK15__maca_bfloat16S2_S2_PS0_PKiS5_PfS6_S6_iiiifE9s_storage, i32 %add.ptr.i1932.idx
19524:  %arrayidx8.i1943 = getelementptr inbounds [2 x float], ptr addrspace(3) getelementptr inbounds (i8, ptr addrspace(3) @_ZZ42paged_decode_case13_kv8_headpair_z8_kernelILb1ELb0ELb0EEvPK15__maca_bfloat16S2_S2_PS0_PKiS5_PfS6_S6_iiiifE9s_storage, i32 8192), i32 %1
19532:  %add.ptr.i1926 = getelementptr inbounds i8, ptr addrspace(3) @_ZZ42paged_decode_case13_kv8_headpair_z8_kernelILb1ELb0ELb0EEvPK15__maca_bfloat16S2_S2_PS0_PKiS5_PfS6_S6_iiiifE9s_storage, i32 %add.ptr.i1926.idx
19560:  %arrayidx8.i = getelementptr inbounds [2 x float], ptr addrspace(3) getelementptr inbounds (i8, ptr addrspace(3) @_ZZ42paged_decode_case13_kv8_headpair_z8_kernelILb1ELb0ELb0EEvPK15__maca_bfloat16S2_S2_PS0_PKiS5_PfS6_S6_iiiifE9s_storage, i32 8192), i32 %add
19574:  %arrayidx474 = getelementptr inbounds [2 x float], ptr addrspace(3) getelementptr inbounds (i8, ptr addrspace(3) @_ZZ42paged_decode_case13_kv8_headpair_z8_kernelILb1ELb0ELb0EEvPK15__maca_bfloat16S2_S2_PS0_PKiS5_PfS6_S6_iiiifE9s_storage, i32 8192), i32 %1
19579:  %add.ptr481 = getelementptr inbounds i8, ptr addrspace(3) @_ZZ42paged_decode_case13_kv8_headpair_z8_kernelILb1ELb0ELb0EEvPK15__maca_bfloat16S2_S2_PS0_PKiS5_PfS6_S6_iiiifE9s_storage, i32 %add.ptr481.idx
19627:  %arrayidx487 = getelementptr inbounds [2 x float], ptr addrspace(3) getelementptr inbounds (i8, ptr addrspace(3) @_ZZ42paged_decode_case13_kv8_headpair_z8_kernelILb1ELb0ELb0EEvPK15__maca_bfloat16S2_S2_PS0_PKiS5_PfS6_S6_iiiifE9s_storage, i32 8192), i32 %add
19632:  %add.ptr494 = getelementptr inbounds i8, ptr addrspace(3) @_ZZ42paged_decode_case13_kv8_headpair_z8_kernelILb1ELb0ELb0EEvPK15__maca_bfloat16S2_S2_PS0_PKiS5_PfS6_S6_iiiifE9s_storage, i32 %add.ptr494.idx
19783:define protected metaxgpu_kernel void @_Z42paged_decode_case13_kv8_headpair_z8_kernelILb1ELb0ELb1EEvPK15__maca_bfloat16S2_S2_PS0_PKiS5_PfS6_S6_iiiif(ptr addrspace(4) noalias nocapture noundef readonly %q.coerce, ptr addrspace(4) noalias nocapture noundef readonly %k_cache.coerce, ptr addrspace(4) noalias nocapture noundef readonly %v_cache.coerce, ptr addrspace(1) noalias nocapture noundef readnone %out.coerce, ptr addrspace(1) noalias nocapture noundef readonly %cache_seqlens.coerce, ptr addrspace(1) noalias nocapture noundef readonly %block_table.coerce, ptr addrspace(1) noalias nocapture noundef writeonly %partial_m.coerce, ptr addrspace(1) noalias nocapture noundef readnone %partial_l.coerce, ptr addrspace(1) noalias nocapture noundef writeonly %partial_acc.coerce, i32 noundef %batch_size, i32 noundef %pages_per_batch, i32 noundef %pages_per_split, i32 noundef %n_split, float noundef %sm_scale) local_unnamed_addr #11 comdat {
19946:  %arrayidx12.i1479 = getelementptr inbounds [64 x i32], ptr addrspace(3) @_ZZ42paged_decode_case13_kv8_headpair_z8_kernelILb1ELb0ELb1EEvPK15__maca_bfloat16S2_S2_PS0_PKiS5_PfS6_S6_iiiifE9s_storage, i32 %add.i1467, i32 %mul45
19950:  %arrayidx12.i1465 = getelementptr inbounds [64 x i32], ptr addrspace(3) getelementptr inbounds (i8, ptr addrspace(3) @_ZZ42paged_decode_case13_kv8_headpair_z8_kernelILb1ELb0ELb1EEvPK15__maca_bfloat16S2_S2_PS0_PKiS5_PfS6_S6_iiiifE9s_storage, i32 4096), i32 %add.i1467, i32 %mul45
19963:  %arrayidx4.i1716 = getelementptr inbounds [64 x i32], ptr addrspace(3) getelementptr inbounds (i8, ptr addrspace(3) @_ZZ42paged_decode_case13_kv8_headpair_z8_kernelILb1ELb0ELb1EEvPK15__maca_bfloat16S2_S2_PS0_PKiS5_PfS6_S6_iiiifE9s_storage, i32 4096), i32 %mul.i1466, i32 %mul45
19967:  %26 = getelementptr [64 x i32], ptr addrspace(3) getelementptr inbounds (i8, ptr addrspace(3) @_ZZ42paged_decode_case13_kv8_headpair_z8_kernelILb1ELb0ELb1EEvPK15__maca_bfloat16S2_S2_PS0_PKiS5_PfS6_S6_iiiifE9s_storage, i32 4096), i32 %mul.i1466
19996:  %arrayidx134 = getelementptr inbounds [64 x i32], ptr addrspace(3) @_ZZ42paged_decode_case13_kv8_headpair_z8_kernelILb1ELb0ELb1EEvPK15__maca_bfloat16S2_S2_PS0_PKiS5_PfS6_S6_iiiifE9s_storage, i32 %mul.i1466, i32 %mul45
20002:  %arrayidx134.1 = getelementptr inbounds [64 x i32], ptr addrspace(3) @_ZZ42paged_decode_case13_kv8_headpair_z8_kernelILb1ELb0ELb1EEvPK15__maca_bfloat16S2_S2_PS0_PKiS5_PfS6_S6_iiiifE9s_storage, i32 %add129.1, i32 %mul45
20408:  %arrayidx12.i1451 = getelementptr inbounds [64 x i32], ptr addrspace(3) @_ZZ42paged_decode_case13_kv8_headpair_z8_kernelILb1ELb0ELb1EEvPK15__maca_bfloat16S2_S2_PS0_PKiS5_PfS6_S6_iiiifE9s_storage, i32 %add.i1439, i32 %mul45
20412:  %arrayidx12.i = getelementptr inbounds [64 x i32], ptr addrspace(3) getelementptr inbounds (i8, ptr addrspace(3) @_ZZ42paged_decode_case13_kv8_headpair_z8_kernelILb1ELb0ELb1EEvPK15__maca_bfloat16S2_S2_PS0_PKiS5_PfS6_S6_iiiifE9s_storage, i32 4096), i32 %add.i1439, i32 %mul45
20440:  %arrayidx302 = getelementptr inbounds [64 x i32], ptr addrspace(3) @_ZZ42paged_decode_case13_kv8_headpair_z8_kernelILb1ELb0ELb1EEvPK15__maca_bfloat16S2_S2_PS0_PKiS5_PfS6_S6_iiiifE9s_storage, i32 %mul.i1438, i32 %mul45
20521:  %arrayidx302.1 = getelementptr inbounds [64 x i32], ptr addrspace(3) @_ZZ42paged_decode_case13_kv8_headpair_z8_kernelILb1ELb0ELb1EEvPK15__maca_bfloat16S2_S2_PS0_PKiS5_PfS6_S6_iiiifE9s_storage, i32 %add294.1, i32 %mul45
20664:  %arrayidx4.i = getelementptr inbounds [64 x i32], ptr addrspace(3) getelementptr inbounds (i8, ptr addrspace(3) @_ZZ42paged_decode_case13_kv8_headpair_z8_kernelILb1ELb0ELb1EEvPK15__maca_bfloat16S2_S2_PS0_PKiS5_PfS6_S6_iiiifE9s_storage, i32 4096), i32 %mul.i1438, i32 %mul45
20718:  %254 = getelementptr [64 x i32], ptr addrspace(3) getelementptr inbounds (i8, ptr addrspace(3) @_ZZ42paged_decode_case13_kv8_headpair_z8_kernelILb1ELb0ELb1EEvPK15__maca_bfloat16S2_S2_PS0_PKiS5_PfS6_S6_iiiifE9s_storage, i32 4096), i32 %mul.i1438
20809:  %add.ptr.i2047 = getelementptr inbounds i8, ptr addrspace(3) @_ZZ42paged_decode_case13_kv8_headpair_z8_kernelILb1ELb0ELb1EEvPK15__maca_bfloat16S2_S2_PS0_PKiS5_PfS6_S6_iiiifE9s_storage, i32 %add.ptr.i2047.idx
20840:  %arrayidx8.i2058 = getelementptr inbounds [2 x float], ptr addrspace(3) getelementptr inbounds (i8, ptr addrspace(3) @_ZZ42paged_decode_case13_kv8_headpair_z8_kernelILb1ELb0ELb1EEvPK15__maca_bfloat16S2_S2_PS0_PKiS5_PfS6_S6_iiiifE9s_storage, i32 8192), i32 %add396
20848:  %add.ptr.i2026 = getelementptr inbounds i8, ptr addrspace(3) @_ZZ42paged_decode_case13_kv8_headpair_z8_kernelILb1ELb0ELb1EEvPK15__maca_bfloat16S2_S2_PS0_PKiS5_PfS6_S6_iiiifE9s_storage, i32 %add.ptr.i2026.idx
20876:  %arrayidx8.i2037 = getelementptr inbounds [2 x float], ptr addrspace(3) getelementptr inbounds (i8, ptr addrspace(3) @_ZZ42paged_decode_case13_kv8_headpair_z8_kernelILb1ELb0ELb1EEvPK15__maca_bfloat16S2_S2_PS0_PKiS5_PfS6_S6_iiiifE9s_storage, i32 8192), i32 %add399
20893:  %arrayidx411 = getelementptr inbounds [2 x float], ptr addrspace(3) getelementptr inbounds (i8, ptr addrspace(3) @_ZZ42paged_decode_case13_kv8_headpair_z8_kernelILb1ELb0ELb1EEvPK15__maca_bfloat16S2_S2_PS0_PKiS5_PfS6_S6_iiiifE9s_storage, i32 8192), i32 %add406
20898:  %add.ptr418 = getelementptr inbounds i8, ptr addrspace(3) @_ZZ42paged_decode_case13_kv8_headpair_z8_kernelILb1ELb0ELb1EEvPK15__maca_bfloat16S2_S2_PS0_PKiS5_PfS6_S6_iiiifE9s_storage, i32 %add.ptr418.idx
20948:  %arrayidx424 = getelementptr inbounds [2 x float], ptr addrspace(3) getelementptr inbounds (i8, ptr addrspace(3) @_ZZ42paged_decode_case13_kv8_headpair_z8_kernelILb1ELb0ELb1EEvPK15__maca_bfloat16S2_S2_PS0_PKiS5_PfS6_S6_iiiifE9s_storage, i32 8192), i32 %add408
20953:  %add.ptr431 = getelementptr inbounds i8, ptr addrspace(3) @_ZZ42paged_decode_case13_kv8_headpair_z8_kernelILb1ELb0ELb1EEvPK15__maca_bfloat16S2_S2_PS0_PKiS5_PfS6_S6_iiiifE9s_storage, i32 %add.ptr431.idx
21029:  %add.ptr.i2005 = getelementptr inbounds i8, ptr addrspace(3) @_ZZ42paged_decode_case13_kv8_headpair_z8_kernelILb1ELb0ELb1EEvPK15__maca_bfloat16S2_S2_PS0_PKiS5_PfS6_S6_iiiifE9s_storage, i32 %add.ptr.i2005.idx
21060:  %arrayidx8.i2016 = getelementptr inbounds [2 x float], ptr addrspace(3) getelementptr inbounds (i8, ptr addrspace(3) @_ZZ42paged_decode_case13_kv8_headpair_z8_kernelILb1ELb0ELb1EEvPK15__maca_bfloat16S2_S2_PS0_PKiS5_PfS6_S6_iiiifE9s_storage, i32 8192), i32 %add443
21068:  %add.ptr.i1984 = getelementptr inbounds i8, ptr addrspace(3) @_ZZ42paged_decode_case13_kv8_headpair_z8_kernelILb1ELb0ELb1EEvPK15__maca_bfloat16S2_S2_PS0_PKiS5_PfS6_S6_iiiifE9s_storage, i32 %add.ptr.i1984.idx
21096:  %arrayidx8.i1995 = getelementptr inbounds [2 x float], ptr addrspace(3) getelementptr inbounds (i8, ptr addrspace(3) @_ZZ42paged_decode_case13_kv8_headpair_z8_kernelILb1ELb0ELb1EEvPK15__maca_bfloat16S2_S2_PS0_PKiS5_PfS6_S6_iiiifE9s_storage, i32 8192), i32 %add447
21113:  %arrayidx461 = getelementptr inbounds [2 x float], ptr addrspace(3) getelementptr inbounds (i8, ptr addrspace(3) @_ZZ42paged_decode_case13_kv8_headpair_z8_kernelILb1ELb0ELb1EEvPK15__maca_bfloat16S2_S2_PS0_PKiS5_PfS6_S6_iiiifE9s_storage, i32 8192), i32 %add455
21118:  %add.ptr468 = getelementptr inbounds i8, ptr addrspace(3) @_ZZ42paged_decode_case13_kv8_headpair_z8_kernelILb1ELb0ELb1EEvPK15__maca_bfloat16S2_S2_PS0_PKiS5_PfS6_S6_iiiifE9s_storage, i32 %add.ptr468.idx
21168:  %arrayidx474 = getelementptr inbounds [2 x float], ptr addrspace(3) getelementptr inbounds (i8, ptr addrspace(3) @_ZZ42paged_decode_case13_kv8_headpair_z8_kernelILb1ELb0ELb1EEvPK15__maca_bfloat16S2_S2_PS0_PKiS5_PfS6_S6_iiiifE9s_storage, i32 8192), i32 %add458
21173:  %add.ptr481 = getelementptr inbounds i8, ptr addrspace(3) @_ZZ42paged_decode_case13_kv8_headpair_z8_kernelILb1ELb0ELb1EEvPK15__maca_bfloat16S2_S2_PS0_PKiS5_PfS6_S6_iiiifE9s_storage, i32 %add.ptr481.idx
21245:  %add.ptr.i1963 = getelementptr inbounds i8, ptr addrspace(3) @_ZZ42paged_decode_case13_kv8_headpair_z8_kernelILb1ELb0ELb1EEvPK15__maca_bfloat16S2_S2_PS0_PKiS5_PfS6_S6_iiiifE9s_storage, i32 %add.ptr.i1963.idx
21275:  %arrayidx8.i1974 = getelementptr inbounds [2 x float], ptr addrspace(3) getelementptr inbounds (i8, ptr addrspace(3) @_ZZ42paged_decode_case13_kv8_headpair_z8_kernelILb1ELb0ELb1EEvPK15__maca_bfloat16S2_S2_PS0_PKiS5_PfS6_S6_iiiifE9s_storage, i32 8192), i32 %1
21283:  %add.ptr.i1957 = getelementptr inbounds i8, ptr addrspace(3) @_ZZ42paged_decode_case13_kv8_headpair_z8_kernelILb1ELb0ELb1EEvPK15__maca_bfloat16S2_S2_PS0_PKiS5_PfS6_S6_iiiifE9s_storage, i32 %add.ptr.i1957.idx
21311:  %arrayidx8.i = getelementptr inbounds [2 x float], ptr addrspace(3) getelementptr inbounds (i8, ptr addrspace(3) @_ZZ42paged_decode_case13_kv8_headpair_z8_kernelILb1ELb0ELb1EEvPK15__maca_bfloat16S2_S2_PS0_PKiS5_PfS6_S6_iiiifE9s_storage, i32 8192), i32 %add
21325:  %arrayidx495 = getelementptr inbounds [2 x float], ptr addrspace(3) getelementptr inbounds (i8, ptr addrspace(3) @_ZZ42paged_decode_case13_kv8_headpair_z8_kernelILb1ELb0ELb1EEvPK15__maca_bfloat16S2_S2_PS0_PKiS5_PfS6_S6_iiiifE9s_storage, i32 8192), i32 %1
21330:  %add.ptr502 = getelementptr inbounds i8, ptr addrspace(3) @_ZZ42paged_decode_case13_kv8_headpair_z8_kernelILb1ELb0ELb1EEvPK15__maca_bfloat16S2_S2_PS0_PKiS5_PfS6_S6_iiiifE9s_storage, i32 %add.ptr502.idx
21378:  %arrayidx508 = getelementptr inbounds [2 x float], ptr addrspace(3) getelementptr inbounds (i8, ptr addrspace(3) @_ZZ42paged_decode_case13_kv8_headpair_z8_kernelILb1ELb0ELb1EEvPK15__maca_bfloat16S2_S2_PS0_PKiS5_PfS6_S6_iiiifE9s_storage, i32 8192), i32 %add
21383:  %add.ptr515 = getelementptr inbounds i8, ptr addrspace(3) @_ZZ42paged_decode_case13_kv8_headpair_z8_kernelILb1ELb0ELb1EEvPK15__maca_bfloat16S2_S2_PS0_PKiS5_PfS6_S6_iiiifE9s_storage, i32 %add.ptr515.idx
21534:define protected metaxgpu_kernel void @_Z42paged_decode_case13_kv8_headpair_z8_kernelILb1ELb1ELb0EEvPK15__maca_bfloat16S2_S2_PS0_PKiS5_PfS6_S6_iiiif(ptr addrspace(4) noalias nocapture noundef readonly %q.coerce, ptr addrspace(4) noalias nocapture noundef readonly %k_cache.coerce, ptr addrspace(4) noalias nocapture noundef readonly %v_cache.coerce, ptr addrspace(1) noalias nocapture noundef readnone %out.coerce, ptr addrspace(1) noalias nocapture noundef readonly %cache_seqlens.coerce, ptr addrspace(1) noalias nocapture noundef readonly %block_table.coerce, ptr addrspace(1) noalias nocapture noundef writeonly %partial_m.coerce, ptr addrspace(1) noalias nocapture noundef readnone %partial_l.coerce, ptr addrspace(1) noalias nocapture noundef writeonly %partial_acc.coerce, i32 noundef %batch_size, i32 noundef %pages_per_batch, i32 noundef %pages_per_split, i32 noundef %n_split, float noundef %sm_scale) local_unnamed_addr #11 comdat {
21681:  %arrayidx12.i1447 = getelementptr inbounds [64 x i32], ptr addrspace(3) @_ZZ42paged_decode_case13_kv8_headpair_z8_kernelILb1ELb1ELb0EEvPK15__maca_bfloat16S2_S2_PS0_PKiS5_PfS6_S6_iiiifE9s_storage, i32 %add.i1435, i32 %mul29
21685:  %arrayidx12.i1433 = getelementptr inbounds [64 x i32], ptr addrspace(3) getelementptr inbounds (i8, ptr addrspace(3) @_ZZ42paged_decode_case13_kv8_headpair_z8_kernelILb1ELb1ELb0EEvPK15__maca_bfloat16S2_S2_PS0_PKiS5_PfS6_S6_iiiifE9s_storage, i32 4096), i32 %add.i1435, i32 %mul29
21698:  %arrayidx4.i1795 = getelementptr inbounds [64 x i32], ptr addrspace(3) getelementptr inbounds (i8, ptr addrspace(3) @_ZZ42paged_decode_case13_kv8_headpair_z8_kernelILb1ELb1ELb0EEvPK15__maca_bfloat16S2_S2_PS0_PKiS5_PfS6_S6_iiiifE9s_storage, i32 4096), i32 %mul.i1434, i32 %mul29
21702:  %26 = getelementptr [64 x i32], ptr addrspace(3) getelementptr inbounds (i8, ptr addrspace(3) @_ZZ42paged_decode_case13_kv8_headpair_z8_kernelILb1ELb1ELb0EEvPK15__maca_bfloat16S2_S2_PS0_PKiS5_PfS6_S6_iiiifE9s_storage, i32 4096), i32 %mul.i1434
21731:  %arrayidx117 = getelementptr inbounds [64 x i32], ptr addrspace(3) @_ZZ42paged_decode_case13_kv8_headpair_z8_kernelILb1ELb1ELb0EEvPK15__maca_bfloat16S2_S2_PS0_PKiS5_PfS6_S6_iiiifE9s_storage, i32 %mul.i1434, i32 %mul29
21736:  %arrayidx117.1 = getelementptr inbounds [64 x i32], ptr addrspace(3) @_ZZ42paged_decode_case13_kv8_headpair_z8_kernelILb1ELb1ELb0EEvPK15__maca_bfloat16S2_S2_PS0_PKiS5_PfS6_S6_iiiifE9s_storage, i32 %add112.1, i32 %mul29
22141:  %arrayidx12.i1419 = getelementptr inbounds [64 x i32], ptr addrspace(3) @_ZZ42paged_decode_case13_kv8_headpair_z8_kernelILb1ELb1ELb0EEvPK15__maca_bfloat16S2_S2_PS0_PKiS5_PfS6_S6_iiiifE9s_storage, i32 %add.i1407, i32 %mul29
22145:  %arrayidx12.i = getelementptr inbounds [64 x i32], ptr addrspace(3) getelementptr inbounds (i8, ptr addrspace(3) @_ZZ42paged_decode_case13_kv8_headpair_z8_kernelILb1ELb1ELb0EEvPK15__maca_bfloat16S2_S2_PS0_PKiS5_PfS6_S6_iiiifE9s_storage, i32 4096), i32 %add.i1407, i32 %mul29
22173:  %arrayidx283 = getelementptr inbounds [64 x i32], ptr addrspace(3) @_ZZ42paged_decode_case13_kv8_headpair_z8_kernelILb1ELb1ELb0EEvPK15__maca_bfloat16S2_S2_PS0_PKiS5_PfS6_S6_iiiifE9s_storage, i32 %mul.i1406, i32 %mul29
22254:  %arrayidx283.1 = getelementptr inbounds [64 x i32], ptr addrspace(3) @_ZZ42paged_decode_case13_kv8_headpair_z8_kernelILb1ELb1ELb0EEvPK15__maca_bfloat16S2_S2_PS0_PKiS5_PfS6_S6_iiiifE9s_storage, i32 %add275.1, i32 %mul29
22397:  %arrayidx4.i = getelementptr inbounds [64 x i32], ptr addrspace(3) getelementptr inbounds (i8, ptr addrspace(3) @_ZZ42paged_decode_case13_kv8_headpair_z8_kernelILb1ELb1ELb0EEvPK15__maca_bfloat16S2_S2_PS0_PKiS5_PfS6_S6_iiiifE9s_storage, i32 4096), i32 %mul.i1406, i32 %mul29
22451:  %254 = getelementptr [64 x i32], ptr addrspace(3) getelementptr inbounds (i8, ptr addrspace(3) @_ZZ42paged_decode_case13_kv8_headpair_z8_kernelILb1ELb1ELb0EEvPK15__maca_bfloat16S2_S2_PS0_PKiS5_PfS6_S6_iiiifE9s_storage, i32 4096), i32 %mul.i1406
22542:  %add.ptr.i1540 = getelementptr inbounds i8, ptr addrspace(3) @_ZZ42paged_decode_case13_kv8_headpair_z8_kernelILb1ELb1ELb0EEvPK15__maca_bfloat16S2_S2_PS0_PKiS5_PfS6_S6_iiiifE9s_storage, i32 %add.ptr.i1540.idx
22573:  %arrayidx8.i1551 = getelementptr inbounds [2 x float], ptr addrspace(3) getelementptr inbounds (i8, ptr addrspace(3) @_ZZ42paged_decode_case13_kv8_headpair_z8_kernelILb1ELb1ELb0EEvPK15__maca_bfloat16S2_S2_PS0_PKiS5_PfS6_S6_iiiifE9s_storage, i32 8192), i32 %add376
22581:  %add.ptr.i1519 = getelementptr inbounds i8, ptr addrspace(3) @_ZZ42paged_decode_case13_kv8_headpair_z8_kernelILb1ELb1ELb0EEvPK15__maca_bfloat16S2_S2_PS0_PKiS5_PfS6_S6_iiiifE9s_storage, i32 %add.ptr.i1519.idx
22609:  %arrayidx8.i1530 = getelementptr inbounds [2 x float], ptr addrspace(3) getelementptr inbounds (i8, ptr addrspace(3) @_ZZ42paged_decode_case13_kv8_headpair_z8_kernelILb1ELb1ELb0EEvPK15__maca_bfloat16S2_S2_PS0_PKiS5_PfS6_S6_iiiifE9s_storage, i32 8192), i32 %add379
22626:  %arrayidx391 = getelementptr inbounds [2 x float], ptr addrspace(3) getelementptr inbounds (i8, ptr addrspace(3) @_ZZ42paged_decode_case13_kv8_headpair_z8_kernelILb1ELb1ELb0EEvPK15__maca_bfloat16S2_S2_PS0_PKiS5_PfS6_S6_iiiifE9s_storage, i32 8192), i32 %add386
22631:  %add.ptr398 = getelementptr inbounds i8, ptr addrspace(3) @_ZZ42paged_decode_case13_kv8_headpair_z8_kernelILb1ELb1ELb0EEvPK15__maca_bfloat16S2_S2_PS0_PKiS5_PfS6_S6_iiiifE9s_storage, i32 %add.ptr398.idx
22681:  %arrayidx404 = getelementptr inbounds [2 x float], ptr addrspace(3) getelementptr inbounds (i8, ptr addrspace(3) @_ZZ42paged_decode_case13_kv8_headpair_z8_kernelILb1ELb1ELb0EEvPK15__maca_bfloat16S2_S2_PS0_PKiS5_PfS6_S6_iiiifE9s_storage, i32 8192), i32 %add388
22686:  %add.ptr411 = getelementptr inbounds i8, ptr addrspace(3) @_ZZ42paged_decode_case13_kv8_headpair_z8_kernelILb1ELb1ELb0EEvPK15__maca_bfloat16S2_S2_PS0_PKiS5_PfS6_S6_iiiifE9s_storage, i32 %add.ptr411.idx
22762:  %add.ptr.i1498 = getelementptr inbounds i8, ptr addrspace(3) @_ZZ42paged_decode_case13_kv8_headpair_z8_kernelILb1ELb1ELb0EEvPK15__maca_bfloat16S2_S2_PS0_PKiS5_PfS6_S6_iiiifE9s_storage, i32 %add.ptr.i1498.idx
22793:  %arrayidx8.i1509 = getelementptr inbounds [2 x float], ptr addrspace(3) getelementptr inbounds (i8, ptr addrspace(3) @_ZZ42paged_decode_case13_kv8_headpair_z8_kernelILb1ELb1ELb0EEvPK15__maca_bfloat16S2_S2_PS0_PKiS5_PfS6_S6_iiiifE9s_storage, i32 8192), i32 %add422
22801:  %add.ptr.i1477 = getelementptr inbounds i8, ptr addrspace(3) @_ZZ42paged_decode_case13_kv8_headpair_z8_kernelILb1ELb1ELb0EEvPK15__maca_bfloat16S2_S2_PS0_PKiS5_PfS6_S6_iiiifE9s_storage, i32 %add.ptr.i1477.idx
22829:  %arrayidx8.i1488 = getelementptr inbounds [2 x float], ptr addrspace(3) getelementptr inbounds (i8, ptr addrspace(3) @_ZZ42paged_decode_case13_kv8_headpair_z8_kernelILb1ELb1ELb0EEvPK15__maca_bfloat16S2_S2_PS0_PKiS5_PfS6_S6_iiiifE9s_storage, i32 8192), i32 %add426
22846:  %arrayidx440 = getelementptr inbounds [2 x float], ptr addrspace(3) getelementptr inbounds (i8, ptr addrspace(3) @_ZZ42paged_decode_case13_kv8_headpair_z8_kernelILb1ELb1ELb0EEvPK15__maca_bfloat16S2_S2_PS0_PKiS5_PfS6_S6_iiiifE9s_storage, i32 8192), i32 %add434
22851:  %add.ptr447 = getelementptr inbounds i8, ptr addrspace(3) @_ZZ42paged_decode_case13_kv8_headpair_z8_kernelILb1ELb1ELb0EEvPK15__maca_bfloat16S2_S2_PS0_PKiS5_PfS6_S6_iiiifE9s_storage, i32 %add.ptr447.idx
22901:  %arrayidx453 = getelementptr inbounds [2 x float], ptr addrspace(3) getelementptr inbounds (i8, ptr addrspace(3) @_ZZ42paged_decode_case13_kv8_headpair_z8_kernelILb1ELb1ELb0EEvPK15__maca_bfloat16S2_S2_PS0_PKiS5_PfS6_S6_iiiifE9s_storage, i32 8192), i32 %add437
22906:  %add.ptr460 = getelementptr inbounds i8, ptr addrspace(3) @_ZZ42paged_decode_case13_kv8_headpair_z8_kernelILb1ELb1ELb0EEvPK15__maca_bfloat16S2_S2_PS0_PKiS5_PfS6_S6_iiiifE9s_storage, i32 %add.ptr460.idx
22978:  %add.ptr.i1456 = getelementptr inbounds i8, ptr addrspace(3) @_ZZ42paged_decode_case13_kv8_headpair_z8_kernelILb1ELb1ELb0EEvPK15__maca_bfloat16S2_S2_PS0_PKiS5_PfS6_S6_iiiifE9s_storage, i32 %add.ptr.i1456.idx
23008:  %arrayidx8.i1467 = getelementptr inbounds [2 x float], ptr addrspace(3) getelementptr inbounds (i8, ptr addrspace(3) @_ZZ42paged_decode_case13_kv8_headpair_z8_kernelILb1ELb1ELb0EEvPK15__maca_bfloat16S2_S2_PS0_PKiS5_PfS6_S6_iiiifE9s_storage, i32 8192), i32 %1
23016:  %add.ptr.i1450 = getelementptr inbounds i8, ptr addrspace(3) @_ZZ42paged_decode_case13_kv8_headpair_z8_kernelILb1ELb1ELb0EEvPK15__maca_bfloat16S2_S2_PS0_PKiS5_PfS6_S6_iiiifE9s_storage, i32 %add.ptr.i1450.idx
23044:  %arrayidx8.i = getelementptr inbounds [2 x float], ptr addrspace(3) getelementptr inbounds (i8, ptr addrspace(3) @_ZZ42paged_decode_case13_kv8_headpair_z8_kernelILb1ELb1ELb0EEvPK15__maca_bfloat16S2_S2_PS0_PKiS5_PfS6_S6_iiiifE9s_storage, i32 8192), i32 %add
23058:  %arrayidx474 = getelementptr inbounds [2 x float], ptr addrspace(3) getelementptr inbounds (i8, ptr addrspace(3) @_ZZ42paged_decode_case13_kv8_headpair_z8_kernelILb1ELb1ELb0EEvPK15__maca_bfloat16S2_S2_PS0_PKiS5_PfS6_S6_iiiifE9s_storage, i32 8192), i32 %1
23063:  %add.ptr481 = getelementptr inbounds i8, ptr addrspace(3) @_ZZ42paged_decode_case13_kv8_headpair_z8_kernelILb1ELb1ELb0EEvPK15__maca_bfloat16S2_S2_PS0_PKiS5_PfS6_S6_iiiifE9s_storage, i32 %add.ptr481.idx
23111:  %arrayidx487 = getelementptr inbounds [2 x float], ptr addrspace(3) getelementptr inbounds (i8, ptr addrspace(3) @_ZZ42paged_decode_case13_kv8_headpair_z8_kernelILb1ELb1ELb0EEvPK15__maca_bfloat16S2_S2_PS0_PKiS5_PfS6_S6_iiiifE9s_storage, i32 8192), i32 %add
23116:  %add.ptr494 = getelementptr inbounds i8, ptr addrspace(3) @_ZZ42paged_decode_case13_kv8_headpair_z8_kernelILb1ELb1ELb0EEvPK15__maca_bfloat16S2_S2_PS0_PKiS5_PfS6_S6_iiiifE9s_storage, i32 %add.ptr494.idx
43099:$_Z57__device_stub__paged_decode_case13_kv8_headpair_z8_kernelILb1ELb0ELb0EEvPK15__maca_bfloat16S2_S2_PS0_PKiS5_PfS6_S6_iiiif = comdat any
43101:$_Z57__device_stub__paged_decode_case13_kv8_headpair_z8_kernelILb1ELb0ELb1EEvPK15__maca_bfloat16S2_S2_PS0_PKiS5_PfS6_S6_iiiif = comdat any
43103:$_Z57__device_stub__paged_decode_case13_kv8_headpair_z8_kernelILb1ELb1ELb0EEvPK15__maca_bfloat16S2_S2_PS0_PKiS5_PfS6_S6_iiiif = comdat any
43156:@13 = private unnamed_addr constant [110 x i8] c"_Z42paged_decode_case13_kv8_headpair_z8_kernelILb1ELb0ELb0EEvPK15__maca_bfloat16S2_S2_PS0_PKiS5_PfS6_S6_iiiif\00", align 1
43157:@14 = private unnamed_addr constant [110 x i8] c"_Z42paged_decode_case13_kv8_headpair_z8_kernelILb1ELb0ELb1EEvPK15__maca_bfloat16S2_S2_PS0_PKiS5_PfS6_S6_iiiif\00", align 1
43158:@15 = private unnamed_addr constant [110 x i8] c"_Z42paged_decode_case13_kv8_headpair_z8_kernelILb1ELb1ELb0EEvPK15__maca_bfloat16S2_S2_PS0_PKiS5_PfS6_S6_iiiif\00", align 1
43772:  tail call void @_Z57__device_stub__paged_decode_case13_kv8_headpair_z8_kernelILb1ELb0ELb0EEvPK15__maca_bfloat16S2_S2_PS0_PKiS5_PfS6_S6_iiiif(ptr noundef %q, ptr noundef %k_cache_paged, ptr noundef %v_cache_paged, ptr noundef %output, ptr noundef %cache_seqlens, ptr noundef %block_table, ptr noundef %44, ptr noundef %45, ptr noundef %46, i32 noundef 8, i32 noundef %conv388, i32 noundef %conv389, i32 noundef %n_split.14, float noundef 0x3FC0527DC0000000) #9
43790:  tail call void @_Z57__device_stub__paged_decode_case13_kv8_headpair_z8_kernelILb1ELb0ELb1EEvPK15__maca_bfloat16S2_S2_PS0_PKiS5_PfS6_S6_iiiif(ptr noundef %q, ptr noundef %k_cache_paged, ptr noundef %v_cache_paged, ptr noundef %output, ptr noundef %cache_seqlens, ptr noundef %block_table, ptr noundef %47, ptr noundef %48, ptr noundef %49, i32 noundef 64, i32 noundef %conv403, i32 noundef %conv404, i32 noundef %n_split.14, float noundef 0x3FC0527DC0000000) #9
43808:  tail call void @_Z57__device_stub__paged_decode_case13_kv8_headpair_z8_kernelILb1ELb1ELb0EEvPK15__maca_bfloat16S2_S2_PS0_PKiS5_PfS6_S6_iiiif(ptr noundef %q, ptr noundef %k_cache_paged, ptr noundef %v_cache_paged, ptr noundef %output, ptr noundef %cache_seqlens, ptr noundef %block_table, ptr noundef %50, ptr noundef %51, ptr noundef %52, i32 noundef 32, i32 noundef %conv418, i32 noundef %conv419, i32 noundef %n_split.14, float noundef 0x3FC0527DC0000000) #9
43826:  tail call void @_Z57__device_stub__paged_decode_case13_kv8_headpair_z8_kernelILb1ELb1ELb0EEvPK15__maca_bfloat16S2_S2_PS0_PKiS5_PfS6_S6_iiiif(ptr noundef %q, ptr noundef %k_cache_paged, ptr noundef %v_cache_paged, ptr noundef %output, ptr noundef %cache_seqlens, ptr noundef %block_table, ptr noundef %53, ptr noundef %54, ptr noundef %55, i32 noundef 1, i32 noundef %conv433, i32 noundef %conv434, i32 noundef %n_split.14, float noundef 0x3FC0527DC0000000) #9
45001:define linkonce_odr void @_Z57__device_stub__paged_decode_case13_kv8_headpair_z8_kernelILb1ELb0ELb0EEvPK15__maca_bfloat16S2_S2_PS0_PKiS5_PfS6_S6_iiiif(ptr noalias noundef %q, ptr noalias noundef %k_cache, ptr noalias noundef %v_cache, ptr noalias noundef %out, ptr noalias noundef %cache_seqlens, ptr noalias noundef %block_table, ptr noalias noundef %partial_m, ptr noalias noundef %partial_l, ptr noalias noundef %partial_acc, i32 noundef %batch_size, i32 noundef %pages_per_batch, i32 noundef %pages_per_split, i32 noundef %n_split, float noundef %sm_scale) #1 comdat {
45072:  %call = call noundef i32 @mcLaunchKernel(ptr noundef nonnull @_Z57__device_stub__paged_decode_case13_kv8_headpair_z8_kernelILb1ELb0ELb0EEvPK15__maca_bfloat16S2_S2_PS0_PKiS5_PfS6_S6_iiiif, i64 %grid_dim.coerce.sroa.0.0.copyload, i32 %grid_dim.coerce.sroa.2.0.copyload, i64 %block_dim.coerce.sroa.0.0.copyload, i32 %block_dim.coerce.sroa.2.0.copyload, ptr noundef nonnull %kernel_args1, i64 noundef %14, ptr noundef %15)
45077:define linkonce_odr void @_Z57__device_stub__paged_decode_case13_kv8_headpair_z8_kernelILb1ELb0ELb1EEvPK15__maca_bfloat16S2_S2_PS0_PKiS5_PfS6_S6_iiiif(ptr noalias noundef %q, ptr noalias noundef %k_cache, ptr noalias noundef %v_cache, ptr noalias noundef %out, ptr noalias noundef %cache_seqlens, ptr noalias noundef %block_table, ptr noalias noundef %partial_m, ptr noalias noundef %partial_l, ptr noalias noundef %partial_acc, i32 noundef %batch_size, i32 noundef %pages_per_batch, i32 noundef %pages_per_split, i32 noundef %n_split, float noundef %sm_scale) #1 comdat {
45148:  %call = call noundef i32 @mcLaunchKernel(ptr noundef nonnull @_Z57__device_stub__paged_decode_case13_kv8_headpair_z8_kernelILb1ELb0ELb1EEvPK15__maca_bfloat16S2_S2_PS0_PKiS5_PfS6_S6_iiiif, i64 %grid_dim.coerce.sroa.0.0.copyload, i32 %grid_dim.coerce.sroa.2.0.copyload, i64 %block_dim.coerce.sroa.0.0.copyload, i32 %block_dim.coerce.sroa.2.0.copyload, ptr noundef nonnull %kernel_args1, i64 noundef %14, ptr noundef %15)
45153:define linkonce_odr void @_Z57__device_stub__paged_decode_case13_kv8_headpair_z8_kernelILb1ELb1ELb0EEvPK15__maca_bfloat16S2_S2_PS0_PKiS5_PfS6_S6_iiiif(ptr noalias noundef %q, ptr noalias noundef %k_cache, ptr noalias noundef %v_cache, ptr noalias noundef %out, ptr noalias noundef %cache_seqlens, ptr noalias noundef %block_table, ptr noalias noundef %partial_m, ptr noalias noundef %partial_l, ptr noalias noundef %partial_acc, i32 noundef %batch_size, i32 noundef %pages_per_batch, i32 noundef %pages_per_split, i32 noundef %n_split, float noundef %sm_scale) #1 comdat {
45224:  %call = call noundef i32 @mcLaunchKernel(ptr noundef nonnull @_Z57__device_stub__paged_decode_case13_kv8_headpair_z8_kernelILb1ELb1ELb0EEvPK15__maca_bfloat16S2_S2_PS0_PKiS5_PfS6_S6_iiiif, i64 %grid_dim.coerce.sroa.0.0.copyload, i32 %grid_dim.coerce.sroa.2.0.copyload, i64 %block_dim.coerce.sroa.0.0.copyload, i32 %block_dim.coerce.sroa.2.0.copyload, ptr noundef nonnull %kernel_args1, i64 noundef %14, ptr noundef %15)
46240:  %17 = tail call i32 @__mcRegisterFunction(ptr %3, ptr nonnull @_Z57__device_stub__paged_decode_case13_kv8_headpair_z8_kernelILb1ELb0ELb0EEvPK15__maca_bfloat16S2_S2_PS0_PKiS5_PfS6_S6_iiiif, ptr nonnull @13, ptr nonnull @13, i32 -1, ptr null, ptr null, ptr null, ptr null, ptr null)
46241:  %18 = tail call i32 @__mcRegisterFunction(ptr %3, ptr nonnull @_Z57__device_stub__paged_decode_case13_kv8_headpair_z8_kernelILb1ELb0ELb1EEvPK15__maca_bfloat16S2_S2_PS0_PKiS5_PfS6_S6_iiiif, ptr nonnull @14, ptr nonnull @14, i32 -1, ptr null, ptr null, ptr null, ptr null, ptr null)
46242:  %19 = tail call i32 @__mcRegisterFunction(ptr %3, ptr nonnull @_Z57__device_stub__paged_decode_case13_kv8_headpair_z8_kernelILb1ELb1ELb0EEvPK15__maca_bfloat16S2_S2_PS0_PKiS5_PfS6_S6_iiiif, ptr nonnull @15, ptr nonnull @15, i32 -1, ptr null, ptr null, ptr null, ptr null, ptr null)
