GPU: MetaX C500 | torch=2.8.0+metax3.7.1.3
[PASS] mixed_rows_padding_tail_bf16 candidate match=1.000000 max_error=4.000000e+00 max_tol_ratio=0.437 finite=True inputs=True
[PASS] mixed_rows_padding_tail_bf16 control match=1.000000 max_error=4.000000e+00 max_tol_ratio=0.437 finite=True inputs=True
[PASS] mixed_rows_padding_tail_bf16 guards_candidate=True guards_control=True pair_match=1.000000 pair_tol_ratio=0.000
[PASS] reuse_17_1_17_step0 candidate match=1.000000 max_error=2.500000e-01 max_tol_ratio=0.370 finite=True inputs=True
[PASS] reuse_17_1_17_step0 control match=1.000000 max_error=2.500000e-01 max_tol_ratio=0.370 finite=True inputs=True
[PASS] reuse_17_1_17_step0 guards_candidate=True guards_control=True pair_match=1.000000 pair_tol_ratio=0.000
[PASS] reuse_17_1_17_step1 candidate match=1.000000 max_error=0.000000e+00 max_tol_ratio=0.000 finite=True inputs=True
[PASS] reuse_17_1_17_step1 control match=1.000000 max_error=0.000000e+00 max_tol_ratio=0.000 finite=True inputs=True
[PASS] reuse_17_1_17_step1 guards_candidate=True guards_control=True pair_match=1.000000 pair_tol_ratio=0.000
[PASS] reuse_17_1_17_step2 candidate match=1.000000 max_error=2.500000e-01 max_tol_ratio=0.370 finite=True inputs=True
[PASS] reuse_17_1_17_step2 control match=1.000000 max_error=2.500000e-01 max_tol_ratio=0.370 finite=True inputs=True
[PASS] reuse_17_1_17_step2 guards_candidate=True guards_control=True pair_match=1.000000 pair_tol_ratio=0.000
[PASS] reuse_1_17_step0 candidate match=1.000000 max_error=0.000000e+00 max_tol_ratio=0.000 finite=True inputs=True
[PASS] reuse_1_17_step0 control match=1.000000 max_error=0.000000e+00 max_tol_ratio=0.000 finite=True inputs=True
[PASS] reuse_1_17_step0 guards_candidate=True guards_control=True pair_match=1.000000 pair_tol_ratio=0.000
[PASS] reuse_1_17_step1 candidate match=1.000000 max_error=2.500000e-01 max_tol_ratio=0.370 finite=True inputs=True
[PASS] reuse_1_17_step1 control match=1.000000 max_error=2.500000e-01 max_tol_ratio=0.370 finite=True inputs=True
[PASS] reuse_1_17_step1 guards_candidate=True guards_control=True pair_match=1.000000 pair_tol_ratio=0.000
case3 exp699 special correctness: PASS
