exp603v3 C500 candidate case12 exact group B (40-split/tail boundaries)
UTC 2026-08-20T07:24:00Z
command: python3 tests/c500_paged_decode_harness.py --library build/exp603v3_candidate.so --cases 12 --length-values 10815,10816,10817,10831,10832,10833,11647,11648,11649,11663,11664,11665,12479,12480,12481,12495,12496,12497,13311,13312,13313,13327,13328,13329,14143,14144,14145,14159,14160,14161,14975,14976,14977,14991,14992,14993,15807,15808,15809,15823,15824,15825,16639,16640,16641,16655,16656,16657,17471,17472,17473,17487,17488,17489,18303,18304,18305,18319,18320,18321,19135,19136,19137,19151,19152,19153,19967,19968,19969,19983,19984,19985 --seed 20260809
candidate source SHA256: d27f5e5cfb17562baacbc4f4393c3513bc501cae283d222d718719abd251df28  solutions/archive/2026-08-20-experiments/cuda_case12_wave_local_q_bsm_exp603.cpp
candidate binary SHA256: 61ecb650b68ac181fbc17795c0df200b2431cfc69b4c48911890f421e61c65c5  build/exp603v3_candidate.so
GPU: MetaX C500 | torch=2.8.0+metax3.7.1.3
[PASS] case 12 B= 8 L=32768 KV=8 lengths=exact:10815 match=1.000000 max_error=2.441406e-04 max_tol_ratio=0.015 finite=True
[PASS] case 12 B= 8 L=32768 KV=8 lengths=exact:10816 match=1.000000 max_error=2.441406e-04 max_tol_ratio=0.015 finite=True
[PASS] case 12 B= 8 L=32768 KV=8 lengths=exact:10817 match=1.000000 max_error=2.441406e-04 max_tol_ratio=0.015 finite=True
[PASS] case 12 B= 8 L=32768 KV=8 lengths=exact:10831 match=1.000000 max_error=4.882812e-04 max_tol_ratio=0.029 finite=True
[PASS] case 12 B= 8 L=32768 KV=8 lengths=exact:10832 match=1.000000 max_error=4.882812e-04 max_tol_ratio=0.029 finite=True
[PASS] case 12 B= 8 L=32768 KV=8 lengths=exact:10833 match=1.000000 max_error=4.882812e-04 max_tol_ratio=0.029 finite=True
[PASS] case 12 B= 8 L=32768 KV=8 lengths=exact:11647 match=1.000000 max_error=2.441406e-04 max_tol_ratio=0.015 finite=True
[PASS] case 12 B= 8 L=32768 KV=8 lengths=exact:11648 match=1.000000 max_error=4.882812e-04 max_tol_ratio=0.029 finite=True
[PASS] case 12 B= 8 L=32768 KV=8 lengths=exact:11649 match=1.000000 max_error=2.441406e-04 max_tol_ratio=0.015 finite=True
[PASS] case 12 B= 8 L=32768 KV=8 lengths=exact:11663 match=1.000000 max_error=2.441406e-04 max_tol_ratio=0.015 finite=True
[PASS] case 12 B= 8 L=32768 KV=8 lengths=exact:11664 match=1.000000 max_error=2.441406e-04 max_tol_ratio=0.015 finite=True
[PASS] case 12 B= 8 L=32768 KV=8 lengths=exact:11665 match=1.000000 max_error=2.441406e-04 max_tol_ratio=0.015 finite=True
[PASS] case 12 B= 8 L=32768 KV=8 lengths=exact:12479 match=1.000000 max_error=4.882812e-04 max_tol_ratio=0.029 finite=True
[PASS] case 12 B= 8 L=32768 KV=8 lengths=exact:12480 match=1.000000 max_error=2.441406e-04 max_tol_ratio=0.015 finite=True
[PASS] case 12 B= 8 L=32768 KV=8 lengths=exact:12481 match=1.000000 max_error=2.441406e-04 max_tol_ratio=0.015 finite=True
[PASS] case 12 B= 8 L=32768 KV=8 lengths=exact:12495 match=1.000000 max_error=2.441406e-04 max_tol_ratio=0.015 finite=True
[PASS] case 12 B= 8 L=32768 KV=8 lengths=exact:12496 match=1.000000 max_error=2.441406e-04 max_tol_ratio=0.015 finite=True
[PASS] case 12 B= 8 L=32768 KV=8 lengths=exact:12497 match=1.000000 max_error=2.441406e-04 max_tol_ratio=0.015 finite=True
[PASS] case 12 B= 8 L=32768 KV=8 lengths=exact:13311 match=1.000000 max_error=2.441406e-04 max_tol_ratio=0.015 finite=True
[PASS] case 12 B= 8 L=32768 KV=8 lengths=exact:13312 match=1.000000 max_error=2.441406e-04 max_tol_ratio=0.015 finite=True
[PASS] case 12 B= 8 L=32768 KV=8 lengths=exact:13313 match=1.000000 max_error=2.441406e-04 max_tol_ratio=0.015 finite=True
[PASS] case 12 B= 8 L=32768 KV=8 lengths=exact:13327 match=1.000000 max_error=2.441406e-04 max_tol_ratio=0.015 finite=True
[PASS] case 12 B= 8 L=32768 KV=8 lengths=exact:13328 match=1.000000 max_error=4.882812e-04 max_tol_ratio=0.029 finite=True
[PASS] case 12 B= 8 L=32768 KV=8 lengths=exact:13329 match=1.000000 max_error=2.441406e-04 max_tol_ratio=0.015 finite=True
[PASS] case 12 B= 8 L=32768 KV=8 lengths=exact:14143 match=1.000000 max_error=2.441406e-04 max_tol_ratio=0.015 finite=True
[PASS] case 12 B= 8 L=32768 KV=8 lengths=exact:14144 match=1.000000 max_error=2.441406e-04 max_tol_ratio=0.015 finite=True
[PASS] case 12 B= 8 L=32768 KV=8 lengths=exact:14145 match=1.000000 max_error=2.441406e-04 max_tol_ratio=0.015 finite=True
[PASS] case 12 B= 8 L=32768 KV=8 lengths=exact:14159 match=1.000000 max_error=2.441406e-04 max_tol_ratio=0.015 finite=True
[PASS] case 12 B= 8 L=32768 KV=8 lengths=exact:14160 match=1.000000 max_error=2.441406e-04 max_tol_ratio=0.015 finite=True
[PASS] case 12 B= 8 L=32768 KV=8 lengths=exact:14161 match=1.000000 max_error=2.441406e-04 max_tol_ratio=0.015 finite=True
[PASS] case 12 B= 8 L=32768 KV=8 lengths=exact:14975 match=1.000000 max_error=2.441406e-04 max_tol_ratio=0.015 finite=True
[PASS] case 12 B= 8 L=32768 KV=8 lengths=exact:14976 match=1.000000 max_error=2.441406e-04 max_tol_ratio=0.015 finite=True
[PASS] case 12 B= 8 L=32768 KV=8 lengths=exact:14977 match=1.000000 max_error=2.441406e-04 max_tol_ratio=0.015 finite=True
[PASS] case 12 B= 8 L=32768 KV=8 lengths=exact:14991 match=1.000000 max_error=2.441406e-04 max_tol_ratio=0.015 finite=True
[PASS] case 12 B= 8 L=32768 KV=8 lengths=exact:14992 match=1.000000 max_error=4.882812e-04 max_tol_ratio=0.029 finite=True
[PASS] case 12 B= 8 L=32768 KV=8 lengths=exact:14993 match=1.000000 max_error=2.441406e-04 max_tol_ratio=0.015 finite=True
[PASS] case 12 B= 8 L=32768 KV=8 lengths=exact:15807 match=1.000000 max_error=2.441406e-04 max_tol_ratio=0.015 finite=True
[PASS] case 12 B= 8 L=32768 KV=8 lengths=exact:15808 match=1.000000 max_error=2.441406e-04 max_tol_ratio=0.015 finite=True
[PASS] case 12 B= 8 L=32768 KV=8 lengths=exact:15809 match=1.000000 max_error=2.441406e-04 max_tol_ratio=0.015 finite=True
[PASS] case 12 B= 8 L=32768 KV=8 lengths=exact:15823 match=1.000000 max_error=2.441406e-04 max_tol_ratio=0.015 finite=True
[PASS] case 12 B= 8 L=32768 KV=8 lengths=exact:15824 match=1.000000 max_error=2.441406e-04 max_tol_ratio=0.015 finite=True
[PASS] case 12 B= 8 L=32768 KV=8 lengths=exact:15825 match=1.000000 max_error=2.441406e-04 max_tol_ratio=0.015 finite=True
[PASS] case 12 B= 8 L=32768 KV=8 lengths=exact:16639 match=1.000000 max_error=2.441406e-04 max_tol_ratio=0.015 finite=True
[PASS] case 12 B= 8 L=32768 KV=8 lengths=exact:16640 match=1.000000 max_error=2.441406e-04 max_tol_ratio=0.015 finite=True
[PASS] case 12 B= 8 L=32768 KV=8 lengths=exact:16641 match=1.000000 max_error=2.441406e-04 max_tol_ratio=0.015 finite=True
[PASS] case 12 B= 8 L=32768 KV=8 lengths=exact:16655 match=1.000000 max_error=4.882812e-04 max_tol_ratio=0.029 finite=True
[PASS] case 12 B= 8 L=32768 KV=8 lengths=exact:16656 match=1.000000 max_error=2.441406e-04 max_tol_ratio=0.015 finite=True
[PASS] case 12 B= 8 L=32768 KV=8 lengths=exact:16657 match=1.000000 max_error=2.441406e-04 max_tol_ratio=0.015 finite=True
[PASS] case 12 B= 8 L=32768 KV=8 lengths=exact:17471 match=1.000000 max_error=2.441406e-04 max_tol_ratio=0.015 finite=True
[PASS] case 12 B= 8 L=32768 KV=8 lengths=exact:17472 match=1.000000 max_error=2.441406e-04 max_tol_ratio=0.015 finite=True
[PASS] case 12 B= 8 L=32768 KV=8 lengths=exact:17473 match=1.000000 max_error=2.441406e-04 max_tol_ratio=0.015 finite=True
[PASS] case 12 B= 8 L=32768 KV=8 lengths=exact:17487 match=1.000000 max_error=2.441406e-04 max_tol_ratio=0.015 finite=True
[PASS] case 12 B= 8 L=32768 KV=8 lengths=exact:17488 match=1.000000 max_error=2.441406e-04 max_tol_ratio=0.015 finite=True
[PASS] case 12 B= 8 L=32768 KV=8 lengths=exact:17489 match=1.000000 max_error=2.441406e-04 max_tol_ratio=0.015 finite=True
[PASS] case 12 B= 8 L=32768 KV=8 lengths=exact:18303 match=1.000000 max_error=2.441406e-04 max_tol_ratio=0.015 finite=True
[PASS] case 12 B= 8 L=32768 KV=8 lengths=exact:18304 match=1.000000 max_error=2.441406e-04 max_tol_ratio=0.015 finite=True
[PASS] case 12 B= 8 L=32768 KV=8 lengths=exact:18305 match=1.000000 max_error=2.441406e-04 max_tol_ratio=0.015 finite=True
[PASS] case 12 B= 8 L=32768 KV=8 lengths=exact:18319 match=1.000000 max_error=2.441406e-04 max_tol_ratio=0.015 finite=True
[PASS] case 12 B= 8 L=32768 KV=8 lengths=exact:18320 match=1.000000 max_error=2.441406e-04 max_tol_ratio=0.015 finite=True
[PASS] case 12 B= 8 L=32768 KV=8 lengths=exact:18321 match=1.000000 max_error=2.441406e-04 max_tol_ratio=0.015 finite=True
[PASS] case 12 B= 8 L=32768 KV=8 lengths=exact:19135 match=1.000000 max_error=2.441406e-04 max_tol_ratio=0.015 finite=True
[PASS] case 12 B= 8 L=32768 KV=8 lengths=exact:19136 match=1.000000 max_error=2.441406e-04 max_tol_ratio=0.015 finite=True
[PASS] case 12 B= 8 L=32768 KV=8 lengths=exact:19137 match=1.000000 max_error=2.441406e-04 max_tol_ratio=0.015 finite=True
[PASS] case 12 B= 8 L=32768 KV=8 lengths=exact:19151 match=1.000000 max_error=2.441406e-04 max_tol_ratio=0.015 finite=True
[PASS] case 12 B= 8 L=32768 KV=8 lengths=exact:19152 match=1.000000 max_error=2.441406e-04 max_tol_ratio=0.015 finite=True
[PASS] case 12 B= 8 L=32768 KV=8 lengths=exact:19153 match=1.000000 max_error=2.441406e-04 max_tol_ratio=0.015 finite=True
[PASS] case 12 B= 8 L=32768 KV=8 lengths=exact:19967 match=1.000000 max_error=2.441406e-04 max_tol_ratio=0.015 finite=True
[PASS] case 12 B= 8 L=32768 KV=8 lengths=exact:19968 match=1.000000 max_error=2.441406e-04 max_tol_ratio=0.015 finite=True
[PASS] case 12 B= 8 L=32768 KV=8 lengths=exact:19969 match=1.000000 max_error=2.441406e-04 max_tol_ratio=0.015 finite=True
[PASS] case 12 B= 8 L=32768 KV=8 lengths=exact:19983 match=1.000000 max_error=2.441406e-04 max_tol_ratio=0.015 finite=True
[PASS] case 12 B= 8 L=32768 KV=8 lengths=exact:19984 match=1.000000 max_error=2.441406e-04 max_tol_ratio=0.015 finite=True
[PASS] case 12 B= 8 L=32768 KV=8 lengths=exact:19985 match=1.000000 max_error=2.441406e-04 max_tol_ratio=0.015 finite=True
exit_status=0
