solutions/archive/2026-08-22-experiments/cuda_case12_pair_state_threepeer_fanin_exp644.cpp:335:40: warning: set minimum blocks' number is illegal in Maca and the value will be ignored [-Wmaca-min-blocks-per-multiprocessor]
  335 | __global__ void __launch_bounds__(256, 6)
      |                                        ^
solutions/archive/2026-08-22-experiments/cuda_case12_pair_state_threepeer_fanin_exp644.cpp:701:40: warning: set minimum blocks' number is illegal in Maca and the value will be ignored [-Wmaca-min-blocks-per-multiprocessor]
  701 | __global__ void __launch_bounds__(256, 6)
      |                                        ^
solutions/archive/2026-08-22-experiments/cuda_case12_pair_state_threepeer_fanin_exp644.cpp:1229:40: warning: set minimum blocks' number is illegal in Maca and the value will be ignored [-Wmaca-min-blocks-per-multiprocessor]
 1229 | __global__ void __launch_bounds__(256, 6)
      |                                        ^
solutions/archive/2026-08-22-experiments/cuda_case12_pair_state_threepeer_fanin_exp644.cpp:1229:40: warning: set minimum blocks' number is illegal in Maca and the value will be ignored [-Wmaca-min-blocks-per-multiprocessor]
solutions/archive/2026-08-22-experiments/cuda_case12_pair_state_threepeer_fanin_exp644.cpp:5977:21: note: in instantiation of function template specialization 'paged_decode_token_parallel_kernel<4, 8, false, false, false, false, false, true, false, false, false, false, false, true, false, false, false>' requested here
 5977 |                     paged_decode_token_parallel_kernel<
      |                     ^
solutions/archive/2026-08-22-experiments/cuda_case12_pair_state_threepeer_fanin_exp644.cpp:1229:40: warning: set minimum blocks' number is illegal in Maca and the value will be ignored [-Wmaca-min-blocks-per-multiprocessor]
 1229 | __global__ void __launch_bounds__(256, 6)
      |                                        ^
solutions/archive/2026-08-22-experiments/cuda_case12_pair_state_threepeer_fanin_exp644.cpp:5989:21: note: in instantiation of function template specialization 'paged_decode_token_parallel_kernel<4, 8, false, false, false, false, false, false, false, false, false, false, false, false, false, false, false>' requested here
 5989 |                     paged_decode_token_parallel_kernel<4, 8, false><<<
      |                     ^
solutions/archive/2026-08-22-experiments/cuda_case12_pair_state_threepeer_fanin_exp644.cpp:1229:40: warning: set minimum blocks' number is illegal in Maca and the value will be ignored [-Wmaca-min-blocks-per-multiprocessor]
 1229 | __global__ void __launch_bounds__(256, 6)
      |                                        ^
solutions/archive/2026-08-22-experiments/cuda_case12_pair_state_threepeer_fanin_exp644.cpp:6127:21: note: in instantiation of function template specialization 'paged_decode_token_parallel_kernel<8, 4, false, false, false, false, false, true, false, false, false, false, true, true, true, true, false>' requested here
 6127 |                     paged_decode_token_parallel_kernel<
      |                     ^
solutions/archive/2026-08-22-experiments/cuda_case12_pair_state_threepeer_fanin_exp644.cpp:1229:40: warning: set minimum blocks' number is illegal in Maca and the value will be ignored [-Wmaca-min-blocks-per-multiprocessor]
 1229 | __global__ void __launch_bounds__(256, 6)
      |                                        ^
solutions/archive/2026-08-22-experiments/cuda_case12_pair_state_threepeer_fanin_exp644.cpp:6149:21: note: in instantiation of function template specialization 'paged_decode_token_parallel_kernel<8, 4, true, false, false, false, false, true, false, false, true, false, true, true, false, false, true>' requested here
 6149 |                     paged_decode_token_parallel_kernel<
      |                     ^
solutions/archive/2026-08-22-experiments/cuda_case12_pair_state_threepeer_fanin_exp644.cpp:701:40: warning: set minimum blocks' number is illegal in Maca and the value will be ignored [-Wmaca-min-blocks-per-multiprocessor]
  701 | __global__ void __launch_bounds__(256, 6)
      |                                        ^
solutions/archive/2026-08-22-experiments/cuda_case12_pair_state_threepeer_fanin_exp644.cpp:6164:9: note: in instantiation of function template specialization 'paged_decode_split_qk_pair_kernel<8, 4>' requested here
 6164 |         paged_decode_split_qk_pair_kernel<8, 4><<<grid, 128>>>(
      |         ^
solutions/archive/2026-08-22-experiments/cuda_case12_pair_state_threepeer_fanin_exp644.cpp:335:40: warning: set minimum blocks' number is illegal in Maca and the value will be ignored [-Wmaca-min-blocks-per-multiprocessor]
  335 | __global__ void __launch_bounds__(256, 6)
      |                                        ^
solutions/archive/2026-08-22-experiments/cuda_case12_pair_state_threepeer_fanin_exp644.cpp:6171:13: note: in instantiation of function template specialization 'paged_decode_split_kernel<4, 8>' requested here
 6171 |             paged_decode_split_kernel<4, 8><<<grid, 256>>>(
      |             ^
solutions/archive/2026-08-22-experiments/cuda_case12_pair_state_threepeer_fanin_exp644.cpp:335:40: warning: set minimum blocks' number is illegal in Maca and the value will be ignored [-Wmaca-min-blocks-per-multiprocessor]
  335 | __global__ void __launch_bounds__(256, 6)
      |                                        ^
solutions/archive/2026-08-22-experiments/cuda_case12_pair_state_threepeer_fanin_exp644.cpp:6177:13: note: in instantiation of function template specialization 'paged_decode_split_kernel<8, 4>' requested here
 6177 |             paged_decode_split_kernel<8, 4><<<grid, 128>>>(
      |             ^
10 warnings generated when compiling for xcore1000.
solutions/archive/2026-08-22-experiments/cuda_case12_pair_state_threepeer_fanin_exp644.cpp:335:40: warning: set minimum blocks' number is illegal in Maca and the value will be ignored [-Wmaca-min-blocks-per-multiprocessor]
  335 | __global__ void __launch_bounds__(256, 6)
      |                                        ^
solutions/archive/2026-08-22-experiments/cuda_case12_pair_state_threepeer_fanin_exp644.cpp:701:40: warning: set minimum blocks' number is illegal in Maca and the value will be ignored [-Wmaca-min-blocks-per-multiprocessor]
  701 | __global__ void __launch_bounds__(256, 6)
      |                                        ^
solutions/archive/2026-08-22-experiments/cuda_case12_pair_state_threepeer_fanin_exp644.cpp:1229:40: warning: set minimum blocks' number is illegal in Maca and the value will be ignored [-Wmaca-min-blocks-per-multiprocessor]
 1229 | __global__ void __launch_bounds__(256, 6)
      |                                        ^
solutions/archive/2026-08-22-experiments/cuda_case12_pair_state_threepeer_fanin_exp644.cpp:1229:40: warning: set minimum blocks' number is illegal in Maca and the value will be ignored [-Wmaca-min-blocks-per-multiprocessor]
solutions/archive/2026-08-22-experiments/cuda_case12_pair_state_threepeer_fanin_exp644.cpp:5977:21: note: in instantiation of function template specialization 'paged_decode_token_parallel_kernel<4, 8, false, false, false, false, false, true, false, false, false, false, false, true, false, false, false>' requested here
 5977 |                     paged_decode_token_parallel_kernel<
      |                     ^
solutions/archive/2026-08-22-experiments/cuda_case12_pair_state_threepeer_fanin_exp644.cpp:1229:40: warning: set minimum blocks' number is illegal in Maca and the value will be ignored [-Wmaca-min-blocks-per-multiprocessor]
 1229 | __global__ void __launch_bounds__(256, 6)
      |                                        ^
solutions/archive/2026-08-22-experiments/cuda_case12_pair_state_threepeer_fanin_exp644.cpp:5989:21: note: in instantiation of function template specialization 'paged_decode_token_parallel_kernel<4, 8, false, false, false, false, false, false, false, false, false, false, false, false, false, false, false>' requested here
 5989 |                     paged_decode_token_parallel_kernel<4, 8, false><<<
      |                     ^
solutions/archive/2026-08-22-experiments/cuda_case12_pair_state_threepeer_fanin_exp644.cpp:1229:40: warning: set minimum blocks' number is illegal in Maca and the value will be ignored [-Wmaca-min-blocks-per-multiprocessor]
 1229 | __global__ void __launch_bounds__(256, 6)
      |                                        ^
solutions/archive/2026-08-22-experiments/cuda_case12_pair_state_threepeer_fanin_exp644.cpp:6127:21: note: in instantiation of function template specialization 'paged_decode_token_parallel_kernel<8, 4, false, false, false, false, false, true, false, false, false, false, true, true, true, true, false>' requested here
 6127 |                     paged_decode_token_parallel_kernel<
      |                     ^
solutions/archive/2026-08-22-experiments/cuda_case12_pair_state_threepeer_fanin_exp644.cpp:1229:40: warning: set minimum blocks' number is illegal in Maca and the value will be ignored [-Wmaca-min-blocks-per-multiprocessor]
 1229 | __global__ void __launch_bounds__(256, 6)
      |                                        ^
solutions/archive/2026-08-22-experiments/cuda_case12_pair_state_threepeer_fanin_exp644.cpp:6149:21: note: in instantiation of function template specialization 'paged_decode_token_parallel_kernel<8, 4, true, false, false, false, false, true, false, false, true, false, true, true, false, false, true>' requested here
 6149 |                     paged_decode_token_parallel_kernel<
      |                     ^
solutions/archive/2026-08-22-experiments/cuda_case12_pair_state_threepeer_fanin_exp644.cpp:701:40: warning: set minimum blocks' number is illegal in Maca and the value will be ignored [-Wmaca-min-blocks-per-multiprocessor]
  701 | __global__ void __launch_bounds__(256, 6)
      |                                        ^
solutions/archive/2026-08-22-experiments/cuda_case12_pair_state_threepeer_fanin_exp644.cpp:6164:9: note: in instantiation of function template specialization 'paged_decode_split_qk_pair_kernel<8, 4>' requested here
 6164 |         paged_decode_split_qk_pair_kernel<8, 4><<<grid, 128>>>(
      |         ^
solutions/archive/2026-08-22-experiments/cuda_case12_pair_state_threepeer_fanin_exp644.cpp:335:40: warning: set minimum blocks' number is illegal in Maca and the value will be ignored [-Wmaca-min-blocks-per-multiprocessor]
  335 | __global__ void __launch_bounds__(256, 6)
      |                                        ^
solutions/archive/2026-08-22-experiments/cuda_case12_pair_state_threepeer_fanin_exp644.cpp:6171:13: note: in instantiation of function template specialization 'paged_decode_split_kernel<4, 8>' requested here
 6171 |             paged_decode_split_kernel<4, 8><<<grid, 256>>>(
      |             ^
solutions/archive/2026-08-22-experiments/cuda_case12_pair_state_threepeer_fanin_exp644.cpp:335:40: warning: set minimum blocks' number is illegal in Maca and the value will be ignored [-Wmaca-min-blocks-per-multiprocessor]
  335 | __global__ void __launch_bounds__(256, 6)
      |                                        ^
solutions/archive/2026-08-22-experiments/cuda_case12_pair_state_threepeer_fanin_exp644.cpp:6177:13: note: in instantiation of function template specialization 'paged_decode_split_kernel<8, 4>' requested here
 6177 |             paged_decode_split_kernel<8, 4><<<grid, 128>>>(
      |             ^
10 warnings generated when compiling for xcore1000.
solutions/archive/2026-08-22-experiments/cuda_case12_pair_state_threepeer_fanin_exp644.cpp:335:40: warning: set minimum blocks' number is illegal in Maca and the value will be ignored [-Wmaca-min-blocks-per-multiprocessor]
  335 | __global__ void __launch_bounds__(256, 6)
      |                                        ^
solutions/archive/2026-08-22-experiments/cuda_case12_pair_state_threepeer_fanin_exp644.cpp:701:40: warning: set minimum blocks' number is illegal in Maca and the value will be ignored [-Wmaca-min-blocks-per-multiprocessor]
  701 | __global__ void __launch_bounds__(256, 6)
      |                                        ^
solutions/archive/2026-08-22-experiments/cuda_case12_pair_state_threepeer_fanin_exp644.cpp:1229:40: warning: set minimum blocks' number is illegal in Maca and the value will be ignored [-Wmaca-min-blocks-per-multiprocessor]
 1229 | __global__ void __launch_bounds__(256, 6)
      |                                        ^
solutions/archive/2026-08-22-experiments/cuda_case12_pair_state_threepeer_fanin_exp644.cpp:1229:40: warning: set minimum blocks' number is illegal in Maca and the value will be ignored [-Wmaca-min-blocks-per-multiprocessor]
solutions/archive/2026-08-22-experiments/cuda_case12_pair_state_threepeer_fanin_exp644.cpp:5977:21: note: in instantiation of function template specialization 'paged_decode_token_parallel_kernel<4, 8, false, false, false, false, false, true, false, false, false, false, false, true, false, false, false>' requested here
 5977 |                     paged_decode_token_parallel_kernel<
      |                     ^
solutions/archive/2026-08-22-experiments/cuda_case12_pair_state_threepeer_fanin_exp644.cpp:1229:40: warning: set minimum blocks' number is illegal in Maca and the value will be ignored [-Wmaca-min-blocks-per-multiprocessor]
 1229 | __global__ void __launch_bounds__(256, 6)
      |                                        ^
solutions/archive/2026-08-22-experiments/cuda_case12_pair_state_threepeer_fanin_exp644.cpp:5989:21: note: in instantiation of function template specialization 'paged_decode_token_parallel_kernel<4, 8, false, false, false, false, false, false, false, false, false, false, false, false, false, false, false>' requested here
 5989 |                     paged_decode_token_parallel_kernel<4, 8, false><<<
      |                     ^
solutions/archive/2026-08-22-experiments/cuda_case12_pair_state_threepeer_fanin_exp644.cpp:1229:40: warning: set minimum blocks' number is illegal in Maca and the value will be ignored [-Wmaca-min-blocks-per-multiprocessor]
 1229 | __global__ void __launch_bounds__(256, 6)
      |                                        ^
solutions/archive/2026-08-22-experiments/cuda_case12_pair_state_threepeer_fanin_exp644.cpp:6127:21: note: in instantiation of function template specialization 'paged_decode_token_parallel_kernel<8, 4, false, false, false, false, false, true, false, false, false, false, true, true, true, true, false>' requested here
 6127 |                     paged_decode_token_parallel_kernel<
      |                     ^
solutions/archive/2026-08-22-experiments/cuda_case12_pair_state_threepeer_fanin_exp644.cpp:1229:40: warning: set minimum blocks' number is illegal in Maca and the value will be ignored [-Wmaca-min-blocks-per-multiprocessor]
 1229 | __global__ void __launch_bounds__(256, 6)
      |                                        ^
solutions/archive/2026-08-22-experiments/cuda_case12_pair_state_threepeer_fanin_exp644.cpp:6149:21: note: in instantiation of function template specialization 'paged_decode_token_parallel_kernel<8, 4, true, false, false, false, false, true, false, false, true, false, true, true, false, false, true>' requested here
 6149 |                     paged_decode_token_parallel_kernel<
      |                     ^
solutions/archive/2026-08-22-experiments/cuda_case12_pair_state_threepeer_fanin_exp644.cpp:701:40: warning: set minimum blocks' number is illegal in Maca and the value will be ignored [-Wmaca-min-blocks-per-multiprocessor]
  701 | __global__ void __launch_bounds__(256, 6)
      |                                        ^
solutions/archive/2026-08-22-experiments/cuda_case12_pair_state_threepeer_fanin_exp644.cpp:6164:9: note: in instantiation of function template specialization 'paged_decode_split_qk_pair_kernel<8, 4>' requested here
 6164 |         paged_decode_split_qk_pair_kernel<8, 4><<<grid, 128>>>(
      |         ^
solutions/archive/2026-08-22-experiments/cuda_case12_pair_state_threepeer_fanin_exp644.cpp:335:40: warning: set minimum blocks' number is illegal in Maca and the value will be ignored [-Wmaca-min-blocks-per-multiprocessor]
  335 | __global__ void __launch_bounds__(256, 6)
      |                                        ^
solutions/archive/2026-08-22-experiments/cuda_case12_pair_state_threepeer_fanin_exp644.cpp:6171:13: note: in instantiation of function template specialization 'paged_decode_split_kernel<4, 8>' requested here
 6171 |             paged_decode_split_kernel<4, 8><<<grid, 256>>>(
      |             ^
solutions/archive/2026-08-22-experiments/cuda_case12_pair_state_threepeer_fanin_exp644.cpp:335:40: warning: set minimum blocks' number is illegal in Maca and the value will be ignored [-Wmaca-min-blocks-per-multiprocessor]
  335 | __global__ void __launch_bounds__(256, 6)
      |                                        ^
solutions/archive/2026-08-22-experiments/cuda_case12_pair_state_threepeer_fanin_exp644.cpp:6177:13: note: in instantiation of function template specialization 'paged_decode_split_kernel<8, 4>' requested here
 6177 |             paged_decode_split_kernel<8, 4><<<grid, 128>>>(
      |             ^
10 warnings generated when compiling for host.
