exp694 candidate C500 case7 exact lengths
UTC 2026-08-24T13:12:54Z
abd65ca70ef44da9f39eec2a0d1fe86af4178eb928a8c21acf0c4df040b934b2  solutions/archive/2026-08-24-experiments/cuda_control124611_case7_raw_wave_rebase_exp694.cpp
cdc96ab8b19ea0b1f3ad39d02d658169e479d2c65f955dd30cd298ee628fd9cd  build/exp694_verify_candidate_normal.so
command: timeout 1200s python3 tests/c500_paged_decode_harness.py --library build/exp694_verify_candidate_normal.so --cases 7 --length-values 1,2,15,16,17,687,688,689,703,704,705,1375,1376,1377,2047,2048 --seed 20260824
GPU: MetaX C500 | torch=2.8.0+metax3.7.1.3
[PASS] case  7 B=64 L= 2048 KV=8 lengths=exact:1  match=1.000000 max_error=0.000000e+00 max_tol_ratio=0.000 finite=True
[PASS] case  7 B=64 L= 2048 KV=8 lengths=exact:2  match=1.000000 max_error=1.562500e-02 max_tol_ratio=0.326 finite=True
[PASS] case  7 B=64 L= 2048 KV=8 lengths=exact:15 match=1.000000 max_error=7.812500e-03 max_tol_ratio=0.244 finite=True
[PASS] case  7 B=64 L= 2048 KV=8 lengths=exact:16 match=1.000000 max_error=1.562500e-02 max_tol_ratio=0.295 finite=True
[PASS] case  7 B=64 L= 2048 KV=8 lengths=exact:17 match=1.000000 max_error=7.812500e-03 max_tol_ratio=0.244 finite=True
[PASS] case  7 B=64 L= 2048 KV=8 lengths=exact:687 match=1.000000 max_error=1.953125e-03 max_tol_ratio=0.097 finite=True
[PASS] case  7 B=64 L= 2048 KV=8 lengths=exact:688 match=1.000000 max_error=1.953125e-03 max_tol_ratio=0.098 finite=True
[PASS] case  7 B=64 L= 2048 KV=8 lengths=exact:689 match=1.000000 max_error=1.953125e-03 max_tol_ratio=0.097 finite=True
[PASS] case  7 B=64 L= 2048 KV=8 lengths=exact:703 match=1.000000 max_error=1.953125e-03 max_tol_ratio=0.097 finite=True
[PASS] case  7 B=64 L= 2048 KV=8 lengths=exact:704 match=1.000000 max_error=3.906250e-03 max_tol_ratio=0.154 finite=True
[PASS] case  7 B=64 L= 2048 KV=8 lengths=exact:705 match=1.000000 max_error=1.953125e-03 max_tol_ratio=0.097 finite=True
[PASS] case  7 B=64 L= 2048 KV=8 lengths=exact:1375 match=1.000000 max_error=1.953125e-03 max_tol_ratio=0.093 finite=True
[PASS] case  7 B=64 L= 2048 KV=8 lengths=exact:1376 match=1.000000 max_error=1.953125e-03 max_tol_ratio=0.093 finite=True
[PASS] case  7 B=64 L= 2048 KV=8 lengths=exact:1377 match=1.000000 max_error=1.953125e-03 max_tol_ratio=0.093 finite=True
[PASS] case  7 B=64 L= 2048 KV=8 lengths=exact:2047 match=1.000000 max_error=9.765625e-04 max_tol_ratio=0.054 finite=True
[PASS] case  7 B=64 L= 2048 KV=8 lengths=exact:2048 match=1.000000 max_error=9.765625e-04 max_tol_ratio=0.054 finite=True
test_exit_status=0
