118: maca info  : Function properties for  _Z37paged_decode_case6_short_owner_kernelPK15__maca_bfloat16S1_S1_PS_PKiS4_if 
119:  0 bytes stack frame 
120: maca info  : Used  60 MTregisters, 30 STregisters, 8320 bytes shared mem  
121: maca info  : staticMaxWarps/PEU : 7
122: maca info  : Function properties for  _Z27paged_decode_generic_kernelPK15__maca_bfloat16S1_S1_PS_PKiS4_llllllf 
123:  0 bytes stack frame 
124: maca info  : Used  28 MTregisters, 50 STregisters, 0 bytes shared mem  
125: maca info  : staticMaxWarps/PEU : 8
126: maca info  : Function properties for  _Z32paged_decode_single_token_kernelILi4ELi8EEvPK15__maca_bfloat16PS0_PKii 
127:  0 bytes stack frame 
128: maca info  : Used  6 MTregisters, 18 STregisters, 0 bytes shared mem  
129: maca info  : staticMaxWarps/PEU : 8
130: maca info  : Function properties for  _Z32paged_decode_single_token_kernelILi8ELi4EEvPK15__maca_bfloat16PS0_PKii 
131:  0 bytes stack frame 
132: maca info  : Used  6 MTregisters, 18 STregisters, 0 bytes shared mem  
133: maca info  : staticMaxWarps/PEU : 8
134: maca info  : Function properties for  _Z29paged_decode_two_token_kernelILi4ELi8EEvPK15__maca_bfloat16S2_S2_PS0_PKiS5_if 
135:  0 bytes stack frame 
136: maca info  : Used  22 MTregisters, 26 STregisters, 0 bytes shared mem  
137: maca info  : staticMaxWarps/PEU : 8
138: maca info  : Function properties for  _Z29paged_decode_two_token_kernelILi8ELi4EEvPK15__maca_bfloat16S2_S2_PS0_PKiS5_if 
139:  0 bytes stack frame 
140: maca info  : Used  22 MTregisters, 26 STregisters, 0 bytes shared mem  
141: maca info  : staticMaxWarps/PEU : 8
142: maca info  : Function properties for  _Z38paged_decode_case11_headpair_z4_kernelILb1ELb1ELb0ELb1ELb1ELb1ELb1ELb1ELb0ELb1ELb1ELb0ELb0ELb1ELb1ELb1ELb0ELb0ELb0EEvPK15__maca_bfloat16S2_S2_PS0_PKiS5_PfS6_S6_iiiif 
143:  0 bytes stack frame 
144: maca info  : Used  86 MTregisters, 70 STregisters, 8320 bytes shared mem  
145: maca info  : staticMaxWarps/PEU : 5
146: maca info  : Function properties for  _Z38paged_decode_case11_headpair_z4_kernelILb1ELb1ELb0ELb1ELb1ELb1ELb1ELb1ELb0ELb1ELb0ELb0ELb0ELb1ELb1ELb1ELb1ELb1ELb1EEvPK15__maca_bfloat16S2_S2_PS0_PKiS5_PfS6_S6_iiiif 
147:  0 bytes stack frame 
148: maca info  : Used  80 MTregisters, 58 STregisters, 8320 bytes shared mem  
149: maca info  : staticMaxWarps/PEU : 6
150: maca info  : Function properties for  _Z38paged_decode_case11_headpair_z4_kernelILb1ELb1ELb0ELb1ELb1ELb1ELb0ELb1ELb1ELb1ELb0ELb1ELb1ELb0ELb0ELb0ELb0ELb1ELb1EEvPK15__maca_bfloat16S2_S2_PS0_PKiS5_PfS6_S6_iiiif 
151:  0 bytes stack frame 
152: maca info  : Used  82 MTregisters, 66 STregisters, 8320 bytes shared mem  
153: maca info  : staticMaxWarps/PEU : 5
154: maca info  : Function properties for  _Z38paged_decode_case11_headpair_z4_kernelILb1ELb1ELb0ELb1ELb1ELb1ELb1ELb1ELb0ELb1ELb0ELb0ELb1ELb1ELb1ELb1ELb1ELb1ELb0EEvPK15__maca_bfloat16S2_S2_PS0_PKiS5_PfS6_S6_iiiif 
155:  0 bytes stack frame 
156: maca info  : Used  80 MTregisters, 58 STregisters, 8320 bytes shared mem  
157: maca info  : staticMaxWarps/PEU : 6
158: maca info  : Function properties for  _Z38paged_decode_case11_headpair_z4_kernelILb0ELb0ELb0ELb0ELb0ELb0ELb0ELb0ELb0ELb1ELb0ELb0ELb0ELb1ELb1ELb1ELb0ELb1ELb0EEvPK15__maca_bfloat16S2_S2_PS0_PKiS5_PfS6_S6_iiiif 
159:  0 bytes stack frame 
160: maca info  : Used  74 MTregisters, 52 STregisters, 8320 bytes shared mem  
161: maca info  : staticMaxWarps/PEU : 6
162: maca info  : Function properties for  _Z34paged_decode_token_parallel_kernelILi4ELi8ELb0ELb0ELb0ELb0ELb0ELb1ELb0ELb0ELb0ELb0ELb0ELb1ELb0ELb0ELb0ELb0EEvPK15__maca_bfloat16S2_S2_PS0_PKiS5_PfS6_S6_iiiif 
163:  0 bytes stack frame 
164: maca info  : Used  92 MTregisters, 48 STregisters, 8320 bytes shared mem  
165: maca info  : staticMaxWarps/PEU : 5
166: maca info  : Function properties for  _Z34paged_decode_token_parallel_kernelILi4ELi8ELb0ELb0ELb0ELb0ELb0ELb0ELb0ELb0ELb0ELb0ELb0ELb0ELb0ELb0ELb0ELb0EEvPK15__maca_bfloat16S2_S2_PS0_PKiS5_PfS6_S6_iiiif 
167:  0 bytes stack frame 
168: maca info  : Used  92 MTregisters, 48 STregisters, 8320 bytes shared mem  
169: maca info  : staticMaxWarps/PEU : 5
170: maca info  : Function properties for  _Z42paged_decode_case13_kv8_headpair_z8_kernelILb1ELb0ELb0EEvPK15__maca_bfloat16S2_S2_PS0_PKiS5_PfS6_S6_iiiif 
171:  0 bytes stack frame 
172: maca info  : Used  82 MTregisters, 50 STregisters, 8448 bytes shared mem  
173: maca info  : staticMaxWarps/PEU : 5
174: maca info  : Function properties for  _Z42paged_decode_case13_kv8_headpair_z8_kernelILb1ELb0ELb1EEvPK15__maca_bfloat16S2_S2_PS0_PKiS5_PfS6_S6_iiiif 
175:  0 bytes stack frame 
176: maca info  : Used  82 MTregisters, 50 STregisters, 8448 bytes shared mem  
177: maca info  : staticMaxWarps/PEU : 5
178: maca info  : Function properties for  _Z42paged_decode_case13_kv8_headpair_z8_kernelILb1ELb1ELb0EEvPK15__maca_bfloat16S2_S2_PS0_PKiS5_PfS6_S6_iiiif 
179:  0 bytes stack frame 
180: maca info  : Used  82 MTregisters, 48 STregisters, 8448 bytes shared mem  
181: maca info  : staticMaxWarps/PEU : 5
182: maca info  : Function properties for  _Z34paged_decode_token_parallel_kernelILi8ELi4ELb0ELb0ELb0ELb0ELb0ELb1ELb0ELb0ELb0ELb0ELb1ELb1ELb1ELb1ELb0ELb0EEvPK15__maca_bfloat16S2_S2_PS0_PKiS5_PfS6_S6_iiiif 
183:  0 bytes stack frame 
184: maca info  : Used  74 MTregisters, 44 STregisters, 8320 bytes shared mem  
185: maca info  : staticMaxWarps/PEU : 6
186: maca info  : Function properties for  _Z34paged_decode_token_parallel_kernelILi8ELi4ELb1ELb0ELb0ELb0ELb0ELb1ELb0ELb0ELb1ELb0ELb1ELb1ELb0ELb0ELb1ELb1EEvPK15__maca_bfloat16S2_S2_PS0_PKiS5_PfS6_S6_iiiif 
187:  0 bytes stack frame 
188: maca info  : Used  80 MTregisters, 44 STregisters, 8320 bytes shared mem  
189: maca info  : staticMaxWarps/PEU : 6
190: maca info  : Function properties for  _Z34paged_decode_token_parallel_kernelILi8ELi4ELb1ELb0ELb0ELb0ELb0ELb1ELb0ELb0ELb1ELb0ELb1ELb1ELb0ELb0ELb1ELb0EEvPK15__maca_bfloat16S2_S2_PS0_PKiS5_PfS6_S6_iiiif 
191:  0 bytes stack frame 
192: maca info  : Used  80 MTregisters, 44 STregisters, 8320 bytes shared mem  
193: maca info  : staticMaxWarps/PEU : 6
194: maca info  : Function properties for  _Z33paged_decode_split_qk_pair_kernelILi8ELi4EEvPK15__maca_bfloat16S2_S2_PS0_PKiS5_PfS6_S6_iiiif 
195:  0 bytes stack frame 
196: maca info  : Used  118 MTregisters, 50 STregisters, 8192 bytes shared mem  
197: maca info  : staticMaxWarps/PEU : 4
198: maca info  : Function properties for  _Z25paged_decode_split_kernelILi4ELi8EEvPK15__maca_bfloat16S2_S2_PS0_PKiS5_PfS6_S6_iiiif 
199:  0 bytes stack frame 
200: maca info  : Used  104 MTregisters, 74 STregisters, 8192 bytes shared mem  
201: maca info  : staticMaxWarps/PEU : 4
202: maca info  : Function properties for  _Z25paged_decode_split_kernelILi8ELi4EEvPK15__maca_bfloat16S2_S2_PS0_PKiS5_PfS6_S6_iiiif 
203:  0 bytes stack frame 
204: maca info  : Used  104 MTregisters, 74 STregisters, 8192 bytes shared mem  
205: maca info  : staticMaxWarps/PEU : 4
206: maca info  : Function properties for  _Z31paged_decode_reduce_vec2_kernelILb1ELb0ELb1ELb0ELb0EEvPKfS1_S1_P15__maca_bfloat16PKiiii 
207:  0 bytes stack frame 
208: maca info  : Used  38 MTregisters, 39 STregisters, 0 bytes shared mem  
209: maca info  : staticMaxWarps/PEU : 8
210: maca info  : Function properties for  _Z33paged_decode_reduce_group8_kernelILb1ELb0ELb1ELb1ELb1ELb0ELi0ELb0EEvPKfS1_S1_P15__maca_bfloat16PKiiii 
211:  0 bytes stack frame 
212: maca info  : Used  66 MTregisters, 24 STregisters, 0 bytes shared mem  
213: maca info  : staticMaxWarps/PEU : 7
214: maca info  : Function properties for  _Z33paged_decode_reduce_group8_kernelILb1ELb0ELb1ELb1ELb0ELb1ELi3ELb0EEvPKfS1_S1_P15__maca_bfloat16PKiiii 
215:  0 bytes stack frame 
216: maca info  : Used  54 MTregisters, 25 STregisters, 0 bytes shared mem  
217: maca info  : staticMaxWarps/PEU : 8
218: maca info  : Function properties for  _Z33paged_decode_reduce_group8_kernelILb1ELb0ELb1ELb0ELb1ELb0ELi0ELb1EEvPKfS1_S1_P15__maca_bfloat16PKiiii 
219:  0 bytes stack frame 
220: maca info  : Used  66 MTregisters, 24 STregisters, 0 bytes shared mem  
221: maca info  : staticMaxWarps/PEU : 7
222: maca info  : Function properties for  _Z33paged_decode_reduce_group8_kernelILb1ELb0ELb1ELb0ELb1ELb0ELi0ELb0EEvPKfS1_S1_P15__maca_bfloat16PKiiii 
223:  0 bytes stack frame 
224: maca info  : Used  66 MTregisters, 26 STregisters, 0 bytes shared mem  
225: maca info  : staticMaxWarps/PEU : 7
226: maca info  : Function properties for  _Z33paged_decode_reduce_group8_kernelILb1ELb0ELb1ELb0ELb0ELb0ELi0ELb0EEvPKfS1_S1_P15__maca_bfloat16PKiiii 
227:  0 bytes stack frame 
230: maca info  : staticMaxWarps/PEU : 7
231: maca info  : Function properties for  _Z33paged_decode_reduce_group8_kernelILb1ELb0ELb0ELb0ELb0ELb0ELi0ELb0EEvPKfS1_S1_P15__maca_bfloat16PKiiii 
232:  0 bytes stack frame 
233: maca info  : Used  66 MTregisters, 26 STregisters, 0 bytes shared mem  
234: maca info  : staticMaxWarps/PEU : 7
235: maca info  : Function properties for  _Z31paged_decode_reduce_vec2_kernelILb1ELb0ELb1ELb1ELb1EEvPKfS1_S1_P15__maca_bfloat16PKiiii 
236:  0 bytes stack frame 
237: maca info  : Used  38 MTregisters, 36 STregisters, 0 bytes shared mem  
238: maca info  : staticMaxWarps/PEU : 8
239: maca info  : Function properties for  _Z31paged_decode_reduce_vec4_kernelILb1ELb0ELb1EEvPKfS1_S1_P15__maca_bfloat16PKiiii 
240:  0 bytes stack frame 
241: maca info  : Used  64 MTregisters, 35 STregisters, 0 bytes shared mem  
242: maca info  : staticMaxWarps/PEU : 8
243: maca info  : Function properties for  _Z26paged_decode_reduce_kernelILb1ELb0ELb1ELb1ELb1ELb1ELb1EEvPKfS1_S1_P15__maca_bfloat16PKiiii 
244:  0 bytes stack frame 
245: maca info  : Used  40 MTregisters, 28 STregisters, 0 bytes shared mem  
246: maca info  : staticMaxWarps/PEU : 8
247: maca info  : Function properties for  _Z26paged_decode_reduce_kernelILb1ELb0ELb0ELb0ELb0ELb0ELb0EEvPKfS1_S1_P15__maca_bfloat16PKiiii 
248:  0 bytes stack frame 
249: maca info  : Used  40 MTregisters, 36 STregisters, 0 bytes shared mem  
250: maca info  : staticMaxWarps/PEU : 8
251: maca info  : Function properties for  _Z38paged_decode_case11_headpair_z4_kernelILb1ELb1ELb0ELb1ELb1ELb1ELb1ELb1ELb0ELb1ELb1ELb0ELb0ELb1ELb1ELb1ELb1ELb1ELb1EEvPK15__maca_bfloat16S2_S2_PS0_PKiS5_PfS6_S6_iiiif 
252:  0 bytes stack frame 
253: maca info  : Used  82 MTregisters, 64 STregisters, 8320 bytes shared mem  
254: maca info  : staticMaxWarps/PEU : 5
