exp659 candidate target producer (case14, fixed15+packed+normalized+MMA+symmetric)
1:define protected metaxgpu_kernel void @_Z38paged_decode_case11_headpair_z4_kernelILb1ELb1ELb0ELb1ELb1ELb1ELb0ELb1ELb1ELb1ELb0ELb1ELb1ELb0ELb0ELb0ELb0ELb1ELb1EEvPK15__maca_bfloat16S2_S2_PS0_PKiS5_PfS6_S6_iiiif(ptr addrspace(4) noalias nocapture noundef readonly %q.coerce, ptr addrspace(4) noalias nocapture noundef readonly %k_cache.coerce, ptr addrspace(4) noalias nocapture noundef readonly %v_cache.coerce, ptr addrspace(1) noalias nocapture noundef writeonly %out.coerce, ptr addrspace(1) noalias nocapture noundef readonly %cache_seqlens.coerce, ptr addrspace(1) noalias nocapture noundef readonly %block_table.coerce, ptr addrspace(1) noalias nocapture noundef writeonly %partial_m.coerce, ptr addrspace(1) noalias nocapture noundef readnone %partial_l.coerce, ptr addrspace(1) noalias nocapture noundef writeonly %partial_acc.coerce, i32 noundef %batch_size, i32 noundef %pages_per_batch, i32 noundef %pages_per_split, i32 noundef %n_split, float noundef %sm_scale) local_unnamed_addr #11 comdat {
271:  %51 = tail call contract float @llvm.exp2.f32(float %sub.i2687)
293:  %56 = tail call contract float @llvm.exp2.f32(float %sub28.i)
311:  %61 = tail call contract float @llvm.exp2.f32(float %sub.i.i2200)
609:  %168 = tail call contract float @llvm.exp2.f32(float %sub.i2073)
631:  %173 = tail call contract float @llvm.exp2.f32(float %sub32.i)
649:  %178 = tail call contract float @llvm.exp2.f32(float %sub.i.i)
940:  %285 = tail call contract float @llvm.exp2.f32(float %sub.i2073.1)
962:  %290 = tail call contract float @llvm.exp2.f32(float %sub32.i.1)
980:  %295 = tail call contract float @llvm.exp2.f32(float %sub.i.i.1)
1392:  %407 = tail call contract float @llvm.exp2.f32(float %sub144)
1414:  %412 = tail call contract float @llvm.exp2.f32(float %sub168)
1433:  %417 = tail call contract float @llvm.exp2.f32(float %sub.i1571)
1789:  %523 = tail call contract float @llvm.exp2.f32(float %sub273)
1811:  %528 = tail call contract float @llvm.exp2.f32(float %sub298)
1830:  %533 = tail call contract float @llvm.exp2.f32(float %sub.i1476)
2102:  store float %acc0.sroa.0.0.vec.extract3628, ptr addrspace(3) %add.ptr337, align 16, !tbaa !73
2104:  store float %acc1.sroa.0.0.vec.extract3196, ptr addrspace(3) %add.ptr343, align 16, !tbaa !73
2107:  store float %acc0.sroa.0.4.vec.extract3686, ptr addrspace(3) %arrayidx351.1, align 4, !tbaa !73
2110:  store float %acc1.sroa.0.4.vec.extract3254, ptr addrspace(3) %arrayidx355.1, align 4, !tbaa !73
2113:  store float %acc0.sroa.83.8.vec.extract3736, ptr addrspace(3) %arrayidx351.2, align 8, !tbaa !73
2116:  store float %acc1.sroa.83.8.vec.extract3304, ptr addrspace(3) %arrayidx355.2, align 8, !tbaa !73
2119:  store float %acc0.sroa.83.12.vec.extract3790, ptr addrspace(3) %arrayidx351.3, align 4, !tbaa !73
2122:  store float %acc1.sroa.83.12.vec.extract3358, ptr addrspace(3) %arrayidx355.3, align 4, !tbaa !73
2125:  store float %acc0.sroa.163.16.vec.extract3844, ptr addrspace(3) %arrayidx351.4, align 16, !tbaa !73
2128:  store float %acc1.sroa.163.16.vec.extract3412, ptr addrspace(3) %arrayidx355.4, align 16, !tbaa !73
2131:  store float %acc0.sroa.163.20.vec.extract3898, ptr addrspace(3) %arrayidx351.5, align 4, !tbaa !73
2134:  store float %acc1.sroa.163.20.vec.extract3466, ptr addrspace(3) %arrayidx355.5, align 4, !tbaa !73
2137:  store float %acc0.sroa.243.24.vec.extract3952, ptr addrspace(3) %arrayidx351.6, align 8, !tbaa !73
2140:  store float %acc1.sroa.243.24.vec.extract3520, ptr addrspace(3) %arrayidx355.6, align 8, !tbaa !73
2143:  store float %acc0.sroa.243.28.vec.extract4006, ptr addrspace(3) %arrayidx351.7, align 4, !tbaa !73
2146:  store float %acc1.sroa.243.28.vec.extract3574, ptr addrspace(3) %arrayidx355.7, align 4, !tbaa !73
2155:  store float %m0.5, ptr addrspace(3) %arrayidx362, align 8, !tbaa !73
2156:  store float %l0.9, ptr addrspace(3) %arrayidx366, align 4, !tbaa !73
2157:  store float %m1.5, ptr addrspace(3) %arrayidx368, align 8, !tbaa !73
2158:  store float %l1.9, ptr addrspace(3) %arrayidx372, align 4, !tbaa !73
2183:  %619 = tail call contract float @llvm.exp2.f32(float %sub.i1136)
2187:  %620 = tail call contract float @llvm.exp2.f32(float %sub3.i1139)
2237:  %640 = tail call contract float @llvm.exp2.f32(float %sub.i1120)
2241:  %641 = tail call contract float @llvm.exp2.f32(float %sub3.i1123)
2305:  store float %acc1.sroa.0.0.vec.extract3198, ptr addrspace(3) %add.ptr417, align 16, !tbaa !73
2308:  store float %acc1.sroa.0.4.vec.extract3256, ptr addrspace(3) %arrayidx426.1, align 4, !tbaa !73
2311:  store float %acc1.sroa.83.8.vec.extract3306, ptr addrspace(3) %arrayidx426.2, align 8, !tbaa !73
2314:  store float %acc1.sroa.83.12.vec.extract3360, ptr addrspace(3) %arrayidx426.3, align 4, !tbaa !73
2317:  store float %acc1.sroa.163.16.vec.extract3414, ptr addrspace(3) %arrayidx426.4, align 16, !tbaa !73
2320:  store float %acc1.sroa.163.20.vec.extract3468, ptr addrspace(3) %arrayidx426.5, align 4, !tbaa !73
2323:  store float %acc1.sroa.243.24.vec.extract3522, ptr addrspace(3) %arrayidx426.6, align 8, !tbaa !73
2326:  store float %acc1.sroa.243.28.vec.extract3576, ptr addrspace(3) %arrayidx426.7, align 4, !tbaa !73
2341:  store float %acc0.sroa.0.0.vec.extract3630, ptr addrspace(3) %add.ptr450, align 16, !tbaa !73
2344:  store float %acc0.sroa.0.4.vec.extract3688, ptr addrspace(3) %arrayidx459.1, align 4, !tbaa !73
2347:  store float %acc0.sroa.83.8.vec.extract3738, ptr addrspace(3) %arrayidx459.2, align 8, !tbaa !73
2350:  store float %acc0.sroa.83.12.vec.extract3792, ptr addrspace(3) %arrayidx459.3, align 4, !tbaa !73
2353:  store float %acc0.sroa.163.16.vec.extract3846, ptr addrspace(3) %arrayidx459.4, align 16, !tbaa !73
2356:  store float %acc0.sroa.163.20.vec.extract3900, ptr addrspace(3) %arrayidx459.5, align 4, !tbaa !73
2359:  store float %acc0.sroa.243.24.vec.extract3954, ptr addrspace(3) %arrayidx459.6, align 8, !tbaa !73
2362:  store float %acc0.sroa.243.28.vec.extract4008, ptr addrspace(3) %arrayidx459.7, align 4, !tbaa !73
2372:  store float %m0.6.sink, ptr addrspace(3) %arrayidx466, align 8, !tbaa !73
2373:  store float %l0.10.sink, ptr addrspace(3) %arrayidx470, align 4, !tbaa !73
2395:  %661 = tail call contract float @llvm.exp2.f32(float %sub.i1104)
2399:  %662 = tail call contract float @llvm.exp2.f32(float %sub3.i1107)
2465:  %681 = tail call contract float @llvm.log2.f32(float %add.i1111)
2469:  %arrayidx544 = getelementptr inbounds float, ptr addrspace(1) %partial_m.coerce, i64 %idxprom543
2470:  store float %add537., ptr addrspace(1) %arrayidx544, align 4, !tbaa !73
2501:  %685 = tail call contract float @llvm.exp2.f32(float %sub.i)
2505:  %686 = tail call contract float @llvm.exp2.f32(float %sub3.i)
2571:  %705 = tail call contract float @llvm.log2.f32(float %add.i1099)
2575:  %arrayidx651 = getelementptr inbounds float, ptr addrspace(1) %partial_m.coerce, i64 %idxprom650
2576:  store float %add644., ptr addrspace(1) %arrayidx651, align 4, !tbaa !73
2708:declare float @llvm.log2.f32(float) #6
target function only: direct partial_l use count
1
target function only: partial_m pointer/store count
3
target function only: global partial_m store contexts
2467-  %add537. = select contract i1 %cmp535, float %add537, float 0xFFF0000000000000
2468-  %idxprom543 = sext i32 %add532 to i64
2469-  %arrayidx544 = getelementptr inbounds float, ptr addrspace(1) %partial_m.coerce, i64 %idxprom543
2470:  store float %add537., ptr addrspace(1) %arrayidx544, align 4, !tbaa !73
2471-  br label %if.end545
2472-
2473-if.end545:                                        ; preds = %if.then534, %if.else528
--
2573-  %add644. = select contract i1 %cmp642, float %add644, float 0xFFF0000000000000
2574-  %idxprom650 = sext i32 %add639 to i64
2575-  %arrayidx651 = getelementptr inbounds float, ptr addrspace(1) %partial_m.coerce, i64 %idxprom650
2576:  store float %add644., ptr addrspace(1) %arrayidx651, align 4, !tbaa !73
2577-  br label %if.end652
2578-
2579-if.end652:                                        ; preds = %if.then641, %if.else635
control same target function header and partial_l count
1:define protected metaxgpu_kernel void @_Z38paged_decode_case11_headpair_z4_kernelILb1ELb1ELb0ELb1ELb1ELb1ELb0ELb1ELb1ELb1ELb0ELb1ELb1ELb0ELb0ELb0ELb0ELb1ELb1EEvPK15__maca_bfloat16S2_S2_PS0_PKiS5_PfS6_S6_iiiif(ptr addrspace(4) noalias nocapture noundef readonly %q.coerce, ptr addrspace(4) noalias nocapture noundef readonly %k_cache.coerce, ptr addrspace(4) noalias nocapture noundef readonly %v_cache.coerce, ptr addrspace(1) noalias nocapture noundef writeonly %out.coerce, ptr addrspace(1) noalias nocapture noundef readonly %cache_seqlens.coerce, ptr addrspace(1) noalias nocapture noundef readonly %block_table.coerce, ptr addrspace(1) noalias nocapture noundef writeonly %partial_m.coerce, ptr addrspace(1) noalias nocapture noundef readnone %partial_l.coerce, ptr addrspace(1) noalias nocapture noundef writeonly %partial_acc.coerce, i32 noundef %batch_size, i32 noundef %pages_per_batch, i32 noundef %pages_per_split, i32 noundef %n_split, float noundef %sm_scale) local_unnamed_addr #11 comdat {
2473:  %add.ptr537 = getelementptr inbounds float, ptr addrspace(1) %partial_m.coerce, i64 %idx.ext536
2585:  %add.ptr638 = getelementptr inbounds float, ptr addrspace(1) %partial_m.coerce, i64 %idx.ext637
