exp703 control C500 case12 page/split/tail exact correctness
UTC 2026-08-24T17:33:48Z
command: timeout 1800s python3 tests/c500_paged_decode_harness.py --library build/exp703_control_normal.so --cases 12 --length-values 1,2,15,16,17,831,832,833,847,848,849,1663,1664,1665,1679,1680,1681,16383,16384,16385,32767,32768 --seed 20260824
3ebd35f58147ccab4de6637f32689384dadc5a4cd68590fd1efd39e3f22bc1fe  solutions/archive/2026-08-24-submissions/cuda_124611.cpp
c9d643f25e0e15193820b4809f53ce32ebe8cdfabf91505143ec169c61de137b  build/exp703_control_normal.so
GPU: MetaX C500 | torch=2.8.0+metax3.7.1.3
[PASS] case 12 B= 8 L=32768 KV=8 lengths=exact:1  match=1.000000 max_error=0.000000e+00 max_tol_ratio=0.000 finite=True
[PASS] case 12 B= 8 L=32768 KV=8 lengths=exact:2  match=1.000000 max_error=1.562500e-02 max_tol_ratio=0.324 finite=True
[PASS] case 12 B= 8 L=32768 KV=8 lengths=exact:15 match=1.000000 max_error=7.812500e-03 max_tol_ratio=0.243 finite=True
[PASS] case 12 B= 8 L=32768 KV=8 lengths=exact:16 match=1.000000 max_error=7.812500e-03 max_tol_ratio=0.244 finite=True
[PASS] case 12 B= 8 L=32768 KV=8 lengths=exact:17 match=1.000000 max_error=7.812500e-03 max_tol_ratio=0.240 finite=True
[PASS] case 12 B= 8 L=32768 KV=8 lengths=exact:831 match=1.000000 max_error=9.765625e-04 max_tol_ratio=0.054 finite=True
[PASS] case 12 B= 8 L=32768 KV=8 lengths=exact:832 match=1.000000 max_error=1.953125e-03 max_tol_ratio=0.097 finite=True
[PASS] case 12 B= 8 L=32768 KV=8 lengths=exact:833 match=1.000000 max_error=1.953125e-03 max_tol_ratio=0.097 finite=True
[PASS] case 12 B= 8 L=32768 KV=8 lengths=exact:847 match=1.000000 max_error=1.953125e-03 max_tol_ratio=0.098 finite=True
[PASS] case 12 B= 8 L=32768 KV=8 lengths=exact:848 match=1.000000 max_error=1.953125e-03 max_tol_ratio=0.098 finite=True
[PASS] case 12 B= 8 L=32768 KV=8 lengths=exact:849 match=1.000000 max_error=9.765625e-04 max_tol_ratio=0.054 finite=True
[PASS] case 12 B= 8 L=32768 KV=8 lengths=exact:1663 match=1.000000 max_error=9.765625e-04 max_tol_ratio=0.054 finite=True
[PASS] case 12 B= 8 L=32768 KV=8 lengths=exact:1664 match=1.000000 max_error=9.765625e-04 max_tol_ratio=0.054 finite=True
[PASS] case 12 B= 8 L=32768 KV=8 lengths=exact:1665 match=1.000000 max_error=9.765625e-04 max_tol_ratio=0.054 finite=True
[PASS] case 12 B= 8 L=32768 KV=8 lengths=exact:1679 match=1.000000 max_error=9.765625e-04 max_tol_ratio=0.054 finite=True
[PASS] case 12 B= 8 L=32768 KV=8 lengths=exact:1680 match=1.000000 max_error=9.765625e-04 max_tol_ratio=0.054 finite=True
[PASS] case 12 B= 8 L=32768 KV=8 lengths=exact:1681 match=1.000000 max_error=9.765625e-04 max_tol_ratio=0.054 finite=True
[PASS] case 12 B= 8 L=32768 KV=8 lengths=exact:16383 match=1.000000 max_error=2.441406e-04 max_tol_ratio=0.015 finite=True
[PASS] case 12 B= 8 L=32768 KV=8 lengths=exact:16384 match=1.000000 max_error=2.441406e-04 max_tol_ratio=0.015 finite=True
[PASS] case 12 B= 8 L=32768 KV=8 lengths=exact:16385 match=1.000000 max_error=2.441406e-04 max_tol_ratio=0.015 finite=True
[PASS] case 12 B= 8 L=32768 KV=8 lengths=exact:32767 match=1.000000 max_error=1.220703e-04 max_tol_ratio=0.008 finite=True
[PASS] case 12 B= 8 L=32768 KV=8 lengths=exact:32768 match=1.000000 max_error=1.220703e-04 max_tol_ratio=0.008 finite=True
exit_status=0
