exp731 CPU/tooling manifest check

candidate_sha256=0a3641330135853c8238a90132f2246c22cada03f714068129f604e793f90f05
command=python3 tests/c500_case_manifest.py
exit_code=0

case_manifest=14 cases listed
  1: B=1  L=1      KV=4  splits=1
  2: B=4  L=2      KV=8  splits=1
  3: B=16 L=17     KV=4  splits=1
  4: B=64 L=64     KV=8  splits=1
  5: B=16 L=141    KV=4  splits=5
  6: B=16 L=362    KV=8  splits=8
  7: B=64 L=2048   KV=8  splits=3
  8: B=16 L=4096   KV=4  splits=14
  9: B=32 L=4096   KV=8  splits=6
 10: B=1  L=8192   KV=4  splits=128
 11: B=16 L=12251  KV=4  splits=39
 12: B=8  L=32768  KV=8  splits=40
 13: B=1  L=58966  KV=8  splits=65
 14: B=1  L=61519  KV=4  splits=257

validation_scope=CPU/tooling manifest only; not GPU/OJ validation
result=PASS
