GPU: MetaX C500 | torch=2.8.0+metax3.7.1.3 | candidate=build/exp704_candidate.so | control=build/exp704_control.so | seed=20260827
[PASS] case12 mixed baseline candidate lengths=(1, 16, 8191, 8192, 16385, 24576, 32767, 32768) pages=0 tails=0 finite=True reference_finite=True within_tolerance=True max_error=3.906250e-03 max_tol_ratio=0.162 guards=True inputs_untouched=True
[PASS] case12 mixed baseline control lengths=(1, 16, 8191, 8192, 16385, 24576, 32767, 32768) pages=0 tails=0 finite=True reference_finite=True within_tolerance=True max_error=3.906250e-03 max_tol_ratio=0.162 guards=True inputs_untouched=True
[PASS] case12 mixed baseline candidate_control_within_tolerance=True control_gate=pass
[PASS] case12 mixed padding-page poison candidate lengths=(1, 16, 8191, 8192, 16385, 24576, 32767, 32768) pages=8701 tails=0 finite=True reference_finite=True within_tolerance=True max_error=3.906250e-03 max_tol_ratio=0.162 guards=True inputs_untouched=True
[PASS] case12 mixed padding-page poison control lengths=(1, 16, 8191, 8192, 16385, 24576, 32767, 32768) pages=8701 tails=0 finite=True reference_finite=True within_tolerance=True max_error=3.906250e-03 max_tol_ratio=0.162 guards=True inputs_untouched=True
[PASS] case12 mixed padding-page poison candidate_control_within_tolerance=True control_gate=pass
[PASS] case12 mixed padding-page poison poison invariance candidate_unchanged=True reference_unchanged=True
[PASS] case12 mixed tail poison candidate lengths=(1, 16, 8191, 8192, 16385, 24576, 32767, 32768) pages=0 tails=32 finite=True reference_finite=True within_tolerance=True max_error=3.906250e-03 max_tol_ratio=0.162 guards=True inputs_untouched=True
[PASS] case12 mixed tail poison control lengths=(1, 16, 8191, 8192, 16385, 24576, 32767, 32768) pages=0 tails=32 finite=True reference_finite=True within_tolerance=True max_error=3.906250e-03 max_tol_ratio=0.162 guards=True inputs_untouched=True
[PASS] case12 mixed tail poison candidate_control_within_tolerance=True control_gate=pass
[PASS] case12 mixed tail poison poison invariance candidate_unchanged=True reference_unchanged=True
[PASS] case12 mixed padding-page+tail poison candidate lengths=(1, 16, 8191, 8192, 16385, 24576, 32767, 32768) pages=8701 tails=32 finite=True reference_finite=True within_tolerance=True max_error=3.906250e-03 max_tol_ratio=0.162 guards=True inputs_untouched=True
[PASS] case12 mixed padding-page+tail poison control lengths=(1, 16, 8191, 8192, 16385, 24576, 32767, 32768) pages=8701 tails=32 finite=True reference_finite=True within_tolerance=True max_error=3.906250e-03 max_tol_ratio=0.162 guards=True inputs_untouched=True
[PASS] case12 mixed padding-page+tail poison candidate_control_within_tolerance=True control_gate=pass
[PASS] case12 mixed padding-page+tail poison poison invariance candidate_unchanged=True reference_unchanged=True
[PASS] case12 mixed padding/tail poison gate lengths=(1, 16, 8191, 8192, 16385, 24576, 32767, 32768)
[PASS] case12 workspace 32768->1->32768 step=1/3 candidate lengths=(32768, 32768, 32768, 32768, 32768, 32768, 32768, 32768) pages=0 tails=0 finite=True reference_finite=True within_tolerance=True max_error=2.441406e-04 max_tol_ratio=0.015 guards=True inputs_untouched=True
[PASS] case12 workspace 32768->1->32768 step=1/3 control lengths=(32768, 32768, 32768, 32768, 32768, 32768, 32768, 32768) pages=0 tails=0 finite=True reference_finite=True within_tolerance=True max_error=2.441406e-04 max_tol_ratio=0.015 guards=True inputs_untouched=True
[PASS] case12 workspace 32768->1->32768 step=1/3 candidate_control_within_tolerance=True control_gate=pass
[PASS] case12 workspace 32768->1->32768 step=2/3 candidate lengths=(1, 1, 1, 1, 1, 1, 1, 1) pages=16376 tails=120 finite=True reference_finite=True within_tolerance=True max_error=0.000000e+00 max_tol_ratio=0.000 guards=True inputs_untouched=True
[PASS] case12 workspace 32768->1->32768 step=2/3 control lengths=(1, 1, 1, 1, 1, 1, 1, 1) pages=16376 tails=120 finite=True reference_finite=True within_tolerance=True max_error=0.000000e+00 max_tol_ratio=0.000 guards=True inputs_untouched=True
[PASS] case12 workspace 32768->1->32768 step=2/3 candidate_control_within_tolerance=True control_gate=pass
[PASS] case12 workspace 32768->1->32768 step=3/3 candidate lengths=(32768, 32768, 32768, 32768, 32768, 32768, 32768, 32768) pages=0 tails=0 finite=True reference_finite=True within_tolerance=True max_error=2.441406e-04 max_tol_ratio=0.015 guards=True inputs_untouched=True
[PASS] case12 workspace 32768->1->32768 step=3/3 control lengths=(32768, 32768, 32768, 32768, 32768, 32768, 32768, 32768) pages=0 tails=0 finite=True reference_finite=True within_tolerance=True max_error=2.441406e-04 max_tol_ratio=0.015 guards=True inputs_untouched=True
[PASS] case12 workspace 32768->1->32768 step=3/3 candidate_control_within_tolerance=True control_gate=pass
[PASS] case12 workspace 32768->1->32768 full-state invariant=True
[PASS] case12 workspace sequence 32768->1->32768
[PASS] case12 workspace 1->32768 step=1/2 candidate lengths=(1, 1, 1, 1, 1, 1, 1, 1) pages=16376 tails=120 finite=True reference_finite=True within_tolerance=True max_error=0.000000e+00 max_tol_ratio=0.000 guards=True inputs_untouched=True
[PASS] case12 workspace 1->32768 step=1/2 control lengths=(1, 1, 1, 1, 1, 1, 1, 1) pages=16376 tails=120 finite=True reference_finite=True within_tolerance=True max_error=0.000000e+00 max_tol_ratio=0.000 guards=True inputs_untouched=True
[PASS] case12 workspace 1->32768 step=1/2 candidate_control_within_tolerance=True control_gate=pass
[PASS] case12 workspace 1->32768 step=2/2 candidate lengths=(32768, 32768, 32768, 32768, 32768, 32768, 32768, 32768) pages=0 tails=0 finite=True reference_finite=True within_tolerance=True max_error=2.441406e-04 max_tol_ratio=0.015 guards=True inputs_untouched=True
[PASS] case12 workspace 1->32768 step=2/2 control lengths=(32768, 32768, 32768, 32768, 32768, 32768, 32768, 32768) pages=0 tails=0 finite=True reference_finite=True within_tolerance=True max_error=2.441406e-04 max_tol_ratio=0.015 guards=True inputs_untouched=True
[PASS] case12 workspace 1->32768 step=2/2 candidate_control_within_tolerance=True control_gate=pass
[PASS] case12 workspace 1->32768 full-state invariant=True
[PASS] case12 workspace sequence 1->32768
[PASS] case12 workspace reuse 32768->1->32768 and 1->32768
SPECIAL_RESULT=PASS
