Building solutions/archive/2026-08-25-experiments/cuda_control124611_case12_normalized_direct_fanin_exp715.cpp
Compiler: /opt/maca/mxgpu_llvm/bin/mxcc
MACA path: /opt/maca
CUDA bridge: /opt/maca-3.7.1/tools/cu-bridge
Target: xcore1000
Output: build/exp715_device.ll
mxcc: warning: argument unused during compilation: '-shared' [-Wunused-command-line-argument]
solutions/archive/2026-08-25-experiments/cuda_control124611_case12_normalized_direct_fanin_exp715.cpp:335:40: warning: set minimum blocks' number is illegal in Maca and the value will be ignored [-Wmaca-min-blocks-per-multiprocessor]
  335 | __global__ void __launch_bounds__(256, 6)
      |                                        ^
solutions/archive/2026-08-25-experiments/cuda_control124611_case12_normalized_direct_fanin_exp715.cpp:701:40: warning: set minimum blocks' number is illegal in Maca and the value will be ignored [-Wmaca-min-blocks-per-multiprocessor]
  701 | __global__ void __launch_bounds__(256, 6)
      |                                        ^
solutions/archive/2026-08-25-experiments/cuda_control124611_case12_normalized_direct_fanin_exp715.cpp:1229:40: warning: set minimum blocks' number is illegal in Maca and the value will be ignored [-Wmaca-min-blocks-per-multiprocessor]
 1229 | __global__ void __launch_bounds__(256, 6)
      |                                        ^
solutions/archive/2026-08-25-experiments/cuda_control124611_case12_normalized_direct_fanin_exp715.cpp:1229:40: warning: set minimum blocks' number is illegal in Maca and the value will be ignored [-Wmaca-min-blocks-per-multiprocessor]
solutions/archive/2026-08-25-experiments/cuda_control124611_case12_normalized_direct_fanin_exp715.cpp:6152:21: note: in instantiation of function template specialization 'paged_decode_token_parallel_kernel<4, 8, false, false, false, false, false, true, false, false, false, false, false, true, false, false, false>' requested here
 6152 |                     paged_decode_token_parallel_kernel<
      |                     ^
solutions/archive/2026-08-25-experiments/cuda_control124611_case12_normalized_direct_fanin_exp715.cpp:1229:40: warning: set minimum blocks' number is illegal in Maca and the value will be ignored [-Wmaca-min-blocks-per-multiprocessor]
 1229 | __global__ void __launch_bounds__(256, 6)
      |                                        ^
solutions/archive/2026-08-25-experiments/cuda_control124611_case12_normalized_direct_fanin_exp715.cpp:6164:21: note: in instantiation of function template specialization 'paged_decode_token_parallel_kernel<4, 8, false, false, false, false, false, false, false, false, false, false, false, false, false, false, false>' requested here
 6164 |                     paged_decode_token_parallel_kernel<4, 8, false><<<
      |                     ^
solutions/archive/2026-08-25-experiments/cuda_control124611_case12_normalized_direct_fanin_exp715.cpp:1229:40: warning: set minimum blocks' number is illegal in Maca and the value will be ignored [-Wmaca-min-blocks-per-multiprocessor]
 1229 | __global__ void __launch_bounds__(256, 6)
      |                                        ^
solutions/archive/2026-08-25-experiments/cuda_control124611_case12_normalized_direct_fanin_exp715.cpp:6314:21: note: in instantiation of function template specialization 'paged_decode_token_parallel_kernel<8, 4, false, false, false, false, false, true, false, false, false, false, true, true, true, true, false>' requested here
 6314 |                     paged_decode_token_parallel_kernel<
      |                     ^
solutions/archive/2026-08-25-experiments/cuda_control124611_case12_normalized_direct_fanin_exp715.cpp:1229:40: warning: set minimum blocks' number is illegal in Maca and the value will be ignored [-Wmaca-min-blocks-per-multiprocessor]
 1229 | __global__ void __launch_bounds__(256, 6)
      |                                        ^
solutions/archive/2026-08-25-experiments/cuda_control124611_case12_normalized_direct_fanin_exp715.cpp:6336:21: note: in instantiation of function template specialization 'paged_decode_token_parallel_kernel<8, 4, true, false, false, false, false, true, false, false, true, false, true, true, false, false, true>' requested here
 6336 |                     paged_decode_token_parallel_kernel<
      |                     ^
solutions/archive/2026-08-25-experiments/cuda_control124611_case12_normalized_direct_fanin_exp715.cpp:701:40: warning: set minimum blocks' number is illegal in Maca and the value will be ignored [-Wmaca-min-blocks-per-multiprocessor]
  701 | __global__ void __launch_bounds__(256, 6)
      |                                        ^
solutions/archive/2026-08-25-experiments/cuda_control124611_case12_normalized_direct_fanin_exp715.cpp:6351:9: note: in instantiation of function template specialization 'paged_decode_split_qk_pair_kernel<8, 4>' requested here
 6351 |         paged_decode_split_qk_pair_kernel<8, 4><<<grid, 128>>>(
      |         ^
solutions/archive/2026-08-25-experiments/cuda_control124611_case12_normalized_direct_fanin_exp715.cpp:335:40: warning: set minimum blocks' number is illegal in Maca and the value will be ignored [-Wmaca-min-blocks-per-multiprocessor]
  335 | __global__ void __launch_bounds__(256, 6)
      |                                        ^
solutions/archive/2026-08-25-experiments/cuda_control124611_case12_normalized_direct_fanin_exp715.cpp:6358:13: note: in instantiation of function template specialization 'paged_decode_split_kernel<4, 8>' requested here
 6358 |             paged_decode_split_kernel<4, 8><<<grid, 256>>>(
      |             ^
solutions/archive/2026-08-25-experiments/cuda_control124611_case12_normalized_direct_fanin_exp715.cpp:335:40: warning: set minimum blocks' number is illegal in Maca and the value will be ignored [-Wmaca-min-blocks-per-multiprocessor]
  335 | __global__ void __launch_bounds__(256, 6)
      |                                        ^
solutions/archive/2026-08-25-experiments/cuda_control124611_case12_normalized_direct_fanin_exp715.cpp:6364:13: note: in instantiation of function template specialization 'paged_decode_split_kernel<8, 4>' requested here
 6364 |             paged_decode_split_kernel<8, 4><<<grid, 128>>>(
      |             ^
10 warnings generated when compiling for xcore1000.
solutions/archive/2026-08-25-experiments/cuda_control124611_case12_normalized_direct_fanin_exp715.cpp:335:40: warning: set minimum blocks' number is illegal in Maca and the value will be ignored [-Wmaca-min-blocks-per-multiprocessor]
  335 | __global__ void __launch_bounds__(256, 6)
      |                                        ^
solutions/archive/2026-08-25-experiments/cuda_control124611_case12_normalized_direct_fanin_exp715.cpp:701:40: warning: set minimum blocks' number is illegal in Maca and the value will be ignored [-Wmaca-min-blocks-per-multiprocessor]
  701 | __global__ void __launch_bounds__(256, 6)
      |                                        ^
solutions/archive/2026-08-25-experiments/cuda_control124611_case12_normalized_direct_fanin_exp715.cpp:1229:40: warning: set minimum blocks' number is illegal in Maca and the value will be ignored [-Wmaca-min-blocks-per-multiprocessor]
 1229 | __global__ void __launch_bounds__(256, 6)
      |                                        ^
solutions/archive/2026-08-25-experiments/cuda_control124611_case12_normalized_direct_fanin_exp715.cpp:1229:40: warning: set minimum blocks' number is illegal in Maca and the value will be ignored [-Wmaca-min-blocks-per-multiprocessor]
solutions/archive/2026-08-25-experiments/cuda_control124611_case12_normalized_direct_fanin_exp715.cpp:6152:21: note: in instantiation of function template specialization 'paged_decode_token_parallel_kernel<4, 8, false, false, false, false, false, true, false, false, false, false, false, true, false, false, false>' requested here
 6152 |                     paged_decode_token_parallel_kernel<
      |                     ^
solutions/archive/2026-08-25-experiments/cuda_control124611_case12_normalized_direct_fanin_exp715.cpp:1229:40: warning: set minimum blocks' number is illegal in Maca and the value will be ignored [-Wmaca-min-blocks-per-multiprocessor]
 1229 | __global__ void __launch_bounds__(256, 6)
      |                                        ^
solutions/archive/2026-08-25-experiments/cuda_control124611_case12_normalized_direct_fanin_exp715.cpp:6164:21: note: in instantiation of function template specialization 'paged_decode_token_parallel_kernel<4, 8, false, false, false, false, false, false, false, false, false, false, false, false, false, false, false>' requested here
 6164 |                     paged_decode_token_parallel_kernel<4, 8, false><<<
      |                     ^
solutions/archive/2026-08-25-experiments/cuda_control124611_case12_normalized_direct_fanin_exp715.cpp:1229:40: warning: set minimum blocks' number is illegal in Maca and the value will be ignored [-Wmaca-min-blocks-per-multiprocessor]
 1229 | __global__ void __launch_bounds__(256, 6)
      |                                        ^
solutions/archive/2026-08-25-experiments/cuda_control124611_case12_normalized_direct_fanin_exp715.cpp:6314:21: note: in instantiation of function template specialization 'paged_decode_token_parallel_kernel<8, 4, false, false, false, false, false, true, false, false, false, false, true, true, true, true, false>' requested here
 6314 |                     paged_decode_token_parallel_kernel<
      |                     ^
solutions/archive/2026-08-25-experiments/cuda_control124611_case12_normalized_direct_fanin_exp715.cpp:1229:40: warning: set minimum blocks' number is illegal in Maca and the value will be ignored [-Wmaca-min-blocks-per-multiprocessor]
 1229 | __global__ void __launch_bounds__(256, 6)
      |                                        ^
solutions/archive/2026-08-25-experiments/cuda_control124611_case12_normalized_direct_fanin_exp715.cpp:6336:21: note: in instantiation of function template specialization 'paged_decode_token_parallel_kernel<8, 4, true, false, false, false, false, true, false, false, true, false, true, true, false, false, true>' requested here
 6336 |                     paged_decode_token_parallel_kernel<
      |                     ^
solutions/archive/2026-08-25-experiments/cuda_control124611_case12_normalized_direct_fanin_exp715.cpp:701:40: warning: set minimum blocks' number is illegal in Maca and the value will be ignored [-Wmaca-min-blocks-per-multiprocessor]
  701 | __global__ void __launch_bounds__(256, 6)
      |                                        ^
solutions/archive/2026-08-25-experiments/cuda_control124611_case12_normalized_direct_fanin_exp715.cpp:6351:9: note: in instantiation of function template specialization 'paged_decode_split_qk_pair_kernel<8, 4>' requested here
 6351 |         paged_decode_split_qk_pair_kernel<8, 4><<<grid, 128>>>(
      |         ^
solutions/archive/2026-08-25-experiments/cuda_control124611_case12_normalized_direct_fanin_exp715.cpp:335:40: warning: set minimum blocks' number is illegal in Maca and the value will be ignored [-Wmaca-min-blocks-per-multiprocessor]
  335 | __global__ void __launch_bounds__(256, 6)
      |                                        ^
solutions/archive/2026-08-25-experiments/cuda_control124611_case12_normalized_direct_fanin_exp715.cpp:6358:13: note: in instantiation of function template specialization 'paged_decode_split_kernel<4, 8>' requested here
 6358 |             paged_decode_split_kernel<4, 8><<<grid, 256>>>(
      |             ^
solutions/archive/2026-08-25-experiments/cuda_control124611_case12_normalized_direct_fanin_exp715.cpp:335:40: warning: set minimum blocks' number is illegal in Maca and the value will be ignored [-Wmaca-min-blocks-per-multiprocessor]
  335 | __global__ void __launch_bounds__(256, 6)
      |                                        ^
solutions/archive/2026-08-25-experiments/cuda_control124611_case12_normalized_direct_fanin_exp715.cpp:6364:13: note: in instantiation of function template specialization 'paged_decode_split_kernel<8, 4>' requested here
 6364 |             paged_decode_split_kernel<8, 4><<<grid, 128>>>(
      |             ^
10 warnings generated when compiling for host.
Built build/exp715_device.ll
