107:  0 bytes stack frame 
108: maca info  : Used  28 MTregisters, 50 STregisters, 0 bytes shared mem  
109: maca info  : staticMaxWarps/PEU : 8
111:  0 bytes stack frame 
112: maca info  : Used  6 MTregisters, 18 STregisters, 0 bytes shared mem  
113: maca info  : staticMaxWarps/PEU : 8
115:  0 bytes stack frame 
116: maca info  : Used  6 MTregisters, 18 STregisters, 0 bytes shared mem  
117: maca info  : staticMaxWarps/PEU : 8
119:  0 bytes stack frame 
120: maca info  : Used  22 MTregisters, 26 STregisters, 0 bytes shared mem  
121: maca info  : staticMaxWarps/PEU : 8
123:  0 bytes stack frame 
124: maca info  : Used  22 MTregisters, 26 STregisters, 0 bytes shared mem  
125: maca info  : staticMaxWarps/PEU : 8
126: maca info  : Function properties for  _Z38paged_decode_case11_headpair_z4_kernelILb1ELb1ELb0ELb1ELb1ELb1ELb1ELb1ELb0ELb1ELb1ELb0ELb0ELb1ELb1ELb1ELb0ELb0ELb0EEvPK15__maca_bfloat16S2_S2_PS0_PKiS5_PfS6_S6_iiiif 
127:  0 bytes stack frame 
128: maca info  : Used  84 MTregisters, 72 STregisters, 8320 bytes shared mem  
129: maca info  : staticMaxWarps/PEU : 5
130: maca info  : Function properties for  _Z38paged_decode_case11_headpair_z4_kernelILb1ELb1ELb0ELb1ELb1ELb1ELb1ELb1ELb0ELb1ELb0ELb0ELb0ELb1ELb1ELb1ELb1ELb1ELb1EEvPK15__maca_bfloat16S2_S2_PS0_PKiS5_PfS6_S6_iiiif 
131:  0 bytes stack frame 
132: maca info  : Used  78 MTregisters, 58 STregisters, 8320 bytes shared mem  
133: maca info  : staticMaxWarps/PEU : 6
134: maca info  : Function properties for  _Z38paged_decode_case11_headpair_z4_kernelILb1ELb1ELb0ELb1ELb1ELb1ELb0ELb1ELb1ELb1ELb0ELb1ELb1ELb0ELb0ELb0ELb0ELb1ELb1EEvPK15__maca_bfloat16S2_S2_PS0_PKiS5_PfS6_S6_iiiif 
135:  0 bytes stack frame 
136: maca info  : Used  82 MTregisters, 64 STregisters, 8320 bytes shared mem  
137: maca info  : staticMaxWarps/PEU : 5
138: maca info  : Function properties for  _Z38paged_decode_case11_headpair_z4_kernelILb1ELb1ELb0ELb1ELb1ELb1ELb1ELb1ELb0ELb1ELb0ELb0ELb1ELb1ELb1ELb1ELb1ELb1ELb0EEvPK15__maca_bfloat16S2_S2_PS0_PKiS5_PfS6_S6_iiiif 
139:  0 bytes stack frame 
140: maca info  : Used  78 MTregisters, 58 STregisters, 8320 bytes shared mem  
141: maca info  : staticMaxWarps/PEU : 6
142: maca info  : Function properties for  _Z38paged_decode_case11_headpair_z4_kernelILb0ELb0ELb0ELb0ELb0ELb0ELb0ELb0ELb1ELb1ELb0ELb0ELb0ELb1ELb1ELb1ELb0ELb1ELb0EEvPK15__maca_bfloat16S2_S2_PS0_PKiS5_PfS6_S6_iiiif 
143:  0 bytes stack frame 
144: maca info  : Used  74 MTregisters, 54 STregisters, 8320 bytes shared mem  
145: maca info  : staticMaxWarps/PEU : 6
147:  0 bytes stack frame 
148: maca info  : Used  92 MTregisters, 48 STregisters, 8320 bytes shared mem  
149: maca info  : staticMaxWarps/PEU : 5
151:  0 bytes stack frame 
152: maca info  : Used  92 MTregisters, 48 STregisters, 8320 bytes shared mem  
153: maca info  : staticMaxWarps/PEU : 5
155:  0 bytes stack frame 
156: maca info  : Used  82 MTregisters, 50 STregisters, 8448 bytes shared mem  
157: maca info  : staticMaxWarps/PEU : 5
159:  0 bytes stack frame 
160: maca info  : Used  82 MTregisters, 50 STregisters, 8448 bytes shared mem  
161: maca info  : staticMaxWarps/PEU : 5
163:  0 bytes stack frame 
164: maca info  : Used  82 MTregisters, 48 STregisters, 8448 bytes shared mem  
165: maca info  : staticMaxWarps/PEU : 5
167:  0 bytes stack frame 
168: maca info  : Used  82 MTregisters, 48 STregisters, 8448 bytes shared mem  
169: maca info  : staticMaxWarps/PEU : 5
171:  0 bytes stack frame 
172: maca info  : Used  74 MTregisters, 44 STregisters, 8320 bytes shared mem  
173: maca info  : staticMaxWarps/PEU : 6
175:  0 bytes stack frame 
176: maca info  : Used  80 MTregisters, 44 STregisters, 8320 bytes shared mem  
177: maca info  : staticMaxWarps/PEU : 6
179:  0 bytes stack frame 
180: maca info  : Used  118 MTregisters, 50 STregisters, 8192 bytes shared mem  
181: maca info  : staticMaxWarps/PEU : 4
183:  0 bytes stack frame 
184: maca info  : Used  104 MTregisters, 74 STregisters, 8192 bytes shared mem  
185: maca info  : staticMaxWarps/PEU : 4
187:  0 bytes stack frame 
188: maca info  : Used  104 MTregisters, 74 STregisters, 8192 bytes shared mem  
189: maca info  : staticMaxWarps/PEU : 4
191:  0 bytes stack frame 
192: maca info  : Used  38 MTregisters, 39 STregisters, 0 bytes shared mem  
193: maca info  : staticMaxWarps/PEU : 8
194: maca info  : Function properties for  _Z33paged_decode_reduce_group8_kernelILb1ELb0ELb1ELb1ELb1ELb0ELi0ELb0EEvPKfS1_S1_P15__maca_bfloat16PKiiii 
195:  0 bytes stack frame 
196: maca info  : Used  66 MTregisters, 24 STregisters, 0 bytes shared mem  
197: maca info  : staticMaxWarps/PEU : 7
198: maca info  : Function properties for  _Z33paged_decode_reduce_group8_kernelILb1ELb0ELb1ELb1ELb0ELb1ELi3ELb0EEvPKfS1_S1_P15__maca_bfloat16PKiiii 
199:  0 bytes stack frame 
200: maca info  : Used  58 MTregisters, 25 STregisters, 0 bytes shared mem  
201: maca info  : staticMaxWarps/PEU : 8
202: maca info  : Function properties for  _Z33paged_decode_reduce_group8_kernelILb1ELb0ELb1ELb0ELb1ELb0ELi0ELb1EEvPKfS1_S1_P15__maca_bfloat16PKiiii 
203:  0 bytes stack frame 
204: maca info  : Used  64 MTregisters, 26 STregisters, 0 bytes shared mem  
205: maca info  : staticMaxWarps/PEU : 8
206: maca info  : Function properties for  _Z33paged_decode_reduce_group8_kernelILb1ELb0ELb1ELb0ELb1ELb0ELi0ELb0EEvPKfS1_S1_P15__maca_bfloat16PKiiii 
207:  0 bytes stack frame 
208: maca info  : Used  66 MTregisters, 26 STregisters, 0 bytes shared mem  
209: maca info  : staticMaxWarps/PEU : 7
210: maca info  : Function properties for  _Z33paged_decode_reduce_group8_kernelILb1ELb0ELb1ELb0ELb0ELb0ELi0ELb0EEvPKfS1_S1_P15__maca_bfloat16PKiiii 
211:  0 bytes stack frame 
212: maca info  : Used  66 MTregisters, 26 STregisters, 0 bytes shared mem  
213: maca info  : staticMaxWarps/PEU : 7
214: maca info  : Function properties for  _Z33paged_decode_reduce_group8_kernelILb1ELb0ELb0ELb0ELb0ELb0ELi0ELb0EEvPKfS1_S1_P15__maca_bfloat16PKiiii 
215:  0 bytes stack frame 
216: maca info  : Used  66 MTregisters, 26 STregisters, 0 bytes shared mem  
218:a info  : staticMaxWarps/PEU : 7
220:  0 bytes stack frame 
221: maca info  : Used  38 MTregisters, 36 STregisters, 0 bytes shared mem  
222: maca info  : staticMaxWarps/PEU : 8
224:  0 bytes stack frame 
225: maca info  : Used  64 MTregisters, 35 STregisters, 0 bytes shared mem  
226: maca info  : staticMaxWarps/PEU : 8
228:  0 bytes stack frame 
229: maca info  : Used  36 MTregisters, 33 STregisters, 0 bytes shared mem  
230: maca info  : staticMaxWarps/PEU : 8
232:  0 bytes stack frame 
233: maca info  : Used  40 MTregisters, 28 STregisters, 0 bytes shared mem  
234: maca info  : staticMaxWarps/PEU : 8
236:  0 bytes stack frame 
237: maca info  : Used  40 MTregisters, 36 STregisters, 0 bytes shared mem  
238: maca info  : staticMaxWarps/PEU : 8
239: maca info  : Function properties for  _Z38paged_decode_case11_headpair_z4_kernelILb1ELb1ELb0ELb1ELb1ELb1ELb1ELb1ELb0ELb1ELb1ELb0ELb0ELb1ELb1ELb1ELb1ELb1ELb1EEvPK15__maca_bfloat16S2_S2_PS0_PKiS5_PfS6_S6_iiiif 
240:  0 bytes stack frame 
241: maca info  : Used  80 MTregisters, 64 STregisters, 8320 bytes shared mem  
242: maca info  : staticMaxWarps/PEU : 6
293:Built build/exp727_resource.so
