GPU: MetaX C500 | torch=2.8.0+metax3.7.1.3 | candidate=build/exp705_candidate.so | control=build/exp705_control.so | seed=20260905
[INFO] case8 mixed lengths=(1, 15, 16, 17, 303, 304, 305, 319, 320, 321, 607, 608, 609, 4095, 4096, 1)
[PASS] case8 mixed baseline lengths=(1, 15, 16, 17, 303, 304, 305, 319, 320, 321, 607, 608, 609, 4095, 4096, 1) pages=0 tails=0 candidate finite=True within_tolerance=True max_error=7.812500e-03 max_tol_ratio=0.236 guards=True inputs_untouched=True
[PASS] case8 mixed baseline lengths=(1, 15, 16, 17, 303, 304, 305, 319, 320, 321, 607, 608, 609, 4095, 4096, 1) pages=0 tails=0 control finite=True within_tolerance=True max_error=7.812500e-03 max_tol_ratio=0.236 guards=True inputs_untouched=True
[PASS] case8 mixed baseline lengths=(1, 15, 16, 17, 303, 304, 305, 319, 320, 321, 607, 608, 609, 4095, 4096, 1) pages=0 tails=0 candidate_control_within_tolerance=True
[PASS] case8 mixed padding-page NaN lengths=(1, 15, 16, 17, 303, 304, 305, 319, 320, 321, 607, 608, 609, 4095, 4096, 1) pages=3344 tails=0 candidate finite=True within_tolerance=True max_error=7.812500e-03 max_tol_ratio=0.236 guards=True inputs_untouched=True
[PASS] case8 mixed padding-page NaN lengths=(1, 15, 16, 17, 303, 304, 305, 319, 320, 321, 607, 608, 609, 4095, 4096, 1) pages=3344 tails=0 control finite=True within_tolerance=True max_error=7.812500e-03 max_tol_ratio=0.236 guards=True inputs_untouched=True
[PASS] case8 mixed padding-page NaN lengths=(1, 15, 16, 17, 303, 304, 305, 319, 320, 321, 607, 608, 609, 4095, 4096, 1) pages=3344 tails=0 candidate_control_within_tolerance=True
[FAIL] case8 mixed tail NaN lengths=(1, 15, 16, 17, 303, 304, 305, 319, 320, 321, 607, 608, 609, 4095, 4096, 1) pages=0 tails=95 candidate finite=False within_tolerance=False max_error=nan max_tol_ratio=nan guards=True inputs_untouched=True
[FAIL] case8 mixed tail NaN lengths=(1, 15, 16, 17, 303, 304, 305, 319, 320, 321, 607, 608, 609, 4095, 4096, 1) pages=0 tails=95 control finite=False within_tolerance=False max_error=nan max_tol_ratio=nan guards=True inputs_untouched=True
[FAIL] case8 mixed tail NaN lengths=(1, 15, 16, 17, 303, 304, 305, 319, 320, 321, 607, 608, 609, 4095, 4096, 1) pages=0 tails=95 candidate_control_within_tolerance=False
[INFO] case8 mixed tail NaN lengths=(1, 15, 16, 17, 303, 304, 305, 319, 320, 321, 607, 608, 609, 4095, 4096, 1) pages=0 tails=95 candidate/control shared tail-poison diagnostic; not candidate-only
[FAIL] case8 mixed padding-page+tail NaN lengths=(1, 15, 16, 17, 303, 304, 305, 319, 320, 321, 607, 608, 609, 4095, 4096, 1) pages=3344 tails=95 candidate finite=False within_tolerance=False max_error=nan max_tol_ratio=nan guards=True inputs_untouched=True
[FAIL] case8 mixed padding-page+tail NaN lengths=(1, 15, 16, 17, 303, 304, 305, 319, 320, 321, 607, 608, 609, 4095, 4096, 1) pages=3344 tails=95 control finite=False within_tolerance=False max_error=nan max_tol_ratio=nan guards=True inputs_untouched=True
[FAIL] case8 mixed padding-page+tail NaN lengths=(1, 15, 16, 17, 303, 304, 305, 319, 320, 321, 607, 608, 609, 4095, 4096, 1) pages=3344 tails=95 candidate_control_within_tolerance=False
[INFO] case8 mixed padding-page+tail NaN lengths=(1, 15, 16, 17, 303, 304, 305, 319, 320, 321, 607, 608, 609, 4095, 4096, 1) pages=3344 tails=95 candidate/control shared tail-poison diagnostic; not candidate-only
[PASS] case8 random-equivalent lengths=(37, 271, 701, 1025, 2049, 3073, 3999, 37, 271, 701, 1025, 2049, 3073, 3999, 37, 271) candidate finite=True within_tolerance=True max_error=3.906250e-03 max_tol_ratio=0.162 guards=True inputs_untouched=True
[PASS] case8 random-equivalent lengths=(37, 271, 701, 1025, 2049, 3073, 3999, 37, 271, 701, 1025, 2049, 3073, 3999, 37, 271) control finite=True within_tolerance=True max_error=3.906250e-03 max_tol_ratio=0.162 guards=True inputs_untouched=True
[PASS] case8 random-equivalent lengths=(37, 271, 701, 1025, 2049, 3073, 3999, 37, 271, 701, 1025, 2049, 3073, 3999, 37, 271) candidate_control_within_tolerance=True
[PASS] case8 workspace full->short->full step=1/3 lengths=(4096, 4096, 4096, 4096, 4096, 4096, 4096, 4096, 4096, 4096, 4096, 4096, 4096, 4096, 4096, 4096) pages=0 tails=0 candidate finite=True within_tolerance=True max_error=4.882812e-04 max_tol_ratio=0.029 guards=True inputs_untouched=True
[PASS] case8 workspace full->short->full step=1/3 lengths=(4096, 4096, 4096, 4096, 4096, 4096, 4096, 4096, 4096, 4096, 4096, 4096, 4096, 4096, 4096, 4096) pages=0 tails=0 control finite=True within_tolerance=True max_error=4.882812e-04 max_tol_ratio=0.029 guards=True inputs_untouched=True
[PASS] case8 workspace full->short->full step=1/3 lengths=(4096, 4096, 4096, 4096, 4096, 4096, 4096, 4096, 4096, 4096, 4096, 4096, 4096, 4096, 4096, 4096) pages=0 tails=0 candidate_control_within_tolerance=True
[FAIL] case8 workspace full->short->full step=2/3 lengths=(1, 1, 1, 1, 1, 1, 1, 1, 1, 1, 1, 1, 1, 1, 1, 1) pages=4080 tails=240 candidate finite=False within_tolerance=False max_error=inf max_tol_ratio=inf guards=True inputs_untouched=True
[FAIL] case8 workspace full->short->full step=2/3 lengths=(1, 1, 1, 1, 1, 1, 1, 1, 1, 1, 1, 1, 1, 1, 1, 1) pages=4080 tails=240 control finite=False within_tolerance=False max_error=inf max_tol_ratio=inf guards=True inputs_untouched=True
[FAIL] case8 workspace full->short->full step=2/3 lengths=(1, 1, 1, 1, 1, 1, 1, 1, 1, 1, 1, 1, 1, 1, 1, 1) pages=4080 tails=240 candidate_control_within_tolerance=False
[INFO] case8 workspace full->short->full step=2/3 lengths=(1, 1, 1, 1, 1, 1, 1, 1, 1, 1, 1, 1, 1, 1, 1, 1) pages=4080 tails=240 candidate/control shared tail-poison diagnostic; not candidate-only
[PASS] case8 workspace full->short->full step=3/3 lengths=(4096, 4096, 4096, 4096, 4096, 4096, 4096, 4096, 4096, 4096, 4096, 4096, 4096, 4096, 4096, 4096) pages=0 tails=0 candidate finite=True within_tolerance=True max_error=4.882812e-04 max_tol_ratio=0.029 guards=True inputs_untouched=True
[PASS] case8 workspace full->short->full step=3/3 lengths=(4096, 4096, 4096, 4096, 4096, 4096, 4096, 4096, 4096, 4096, 4096, 4096, 4096, 4096, 4096, 4096) pages=0 tails=0 control finite=True within_tolerance=True max_error=4.882812e-04 max_tol_ratio=0.029 guards=True inputs_untouched=True
[PASS] case8 workspace full->short->full step=3/3 lengths=(4096, 4096, 4096, 4096, 4096, 4096, 4096, 4096, 4096, 4096, 4096, 4096, 4096, 4096, 4096, 4096) pages=0 tails=0 candidate_control_within_tolerance=True
[PASS] case8 workspace full->short->full full-output-invariant=True
[PASS] case8 workspace full->short->full
[FAIL] case8 workspace short->full step=1/2 lengths=(1, 1, 1, 1, 1, 1, 1, 1, 1, 1, 1, 1, 1, 1, 1, 1) pages=4080 tails=240 candidate finite=False within_tolerance=False max_error=inf max_tol_ratio=inf guards=True inputs_untouched=True
[FAIL] case8 workspace short->full step=1/2 lengths=(1, 1, 1, 1, 1, 1, 1, 1, 1, 1, 1, 1, 1, 1, 1, 1) pages=4080 tails=240 control finite=False within_tolerance=False max_error=inf max_tol_ratio=inf guards=True inputs_untouched=True
[FAIL] case8 workspace short->full step=1/2 lengths=(1, 1, 1, 1, 1, 1, 1, 1, 1, 1, 1, 1, 1, 1, 1, 1) pages=4080 tails=240 candidate_control_within_tolerance=False
[INFO] case8 workspace short->full step=1/2 lengths=(1, 1, 1, 1, 1, 1, 1, 1, 1, 1, 1, 1, 1, 1, 1, 1) pages=4080 tails=240 candidate/control shared tail-poison diagnostic; not candidate-only
[PASS] case8 workspace short->full step=2/2 lengths=(4096, 4096, 4096, 4096, 4096, 4096, 4096, 4096, 4096, 4096, 4096, 4096, 4096, 4096, 4096, 4096) pages=0 tails=0 candidate finite=True within_tolerance=True max_error=4.882812e-04 max_tol_ratio=0.029 guards=True inputs_untouched=True
[PASS] case8 workspace short->full step=2/2 lengths=(4096, 4096, 4096, 4096, 4096, 4096, 4096, 4096, 4096, 4096, 4096, 4096, 4096, 4096, 4096, 4096) pages=0 tails=0 control finite=True within_tolerance=True max_error=4.882812e-04 max_tol_ratio=0.029 guards=True inputs_untouched=True
[PASS] case8 workspace short->full step=2/2 lengths=(4096, 4096, 4096, 4096, 4096, 4096, 4096, 4096, 4096, 4096, 4096, 4096, 4096, 4096, 4096, 4096) pages=0 tails=0 candidate_control_within_tolerance=True
[PASS] case8 workspace short->full full-output-invariant=True
[PASS] case8 workspace short->full
[PASS] case8 special safety gate
[INFO] case10 mixed lengths=(321,)
[PASS] case10 mixed baseline lengths=(321,) pages=0 tails=0 candidate finite=True within_tolerance=True max_error=1.953125e-03 max_tol_ratio=0.097 guards=True inputs_untouched=True
[PASS] case10 mixed baseline lengths=(321,) pages=0 tails=0 control finite=True within_tolerance=True max_error=1.953125e-03 max_tol_ratio=0.097 guards=True inputs_untouched=True
[PASS] case10 mixed baseline lengths=(321,) pages=0 tails=0 candidate_control_within_tolerance=True
[PASS] case10 mixed padding-page NaN lengths=(321,) pages=491 tails=0 candidate finite=True within_tolerance=True max_error=1.953125e-03 max_tol_ratio=0.097 guards=True inputs_untouched=True
[PASS] case10 mixed padding-page NaN lengths=(321,) pages=491 tails=0 control finite=True within_tolerance=True max_error=1.953125e-03 max_tol_ratio=0.097 guards=True inputs_untouched=True
[PASS] case10 mixed padding-page NaN lengths=(321,) pages=491 tails=0 candidate_control_within_tolerance=True
[FAIL] case10 mixed tail NaN lengths=(321,) pages=0 tails=15 candidate finite=False within_tolerance=False max_error=inf max_tol_ratio=inf guards=True inputs_untouched=True
[FAIL] case10 mixed tail NaN lengths=(321,) pages=0 tails=15 control finite=False within_tolerance=False max_error=inf max_tol_ratio=inf guards=True inputs_untouched=True
[FAIL] case10 mixed tail NaN lengths=(321,) pages=0 tails=15 candidate_control_within_tolerance=False
[INFO] case10 mixed tail NaN lengths=(321,) pages=0 tails=15 candidate/control shared tail-poison diagnostic; not candidate-only
[FAIL] case10 mixed padding-page+tail NaN lengths=(321,) pages=491 tails=15 candidate finite=False within_tolerance=False max_error=inf max_tol_ratio=inf guards=True inputs_untouched=True
[FAIL] case10 mixed padding-page+tail NaN lengths=(321,) pages=491 tails=15 control finite=False within_tolerance=False max_error=inf max_tol_ratio=inf guards=True inputs_untouched=True
[FAIL] case10 mixed padding-page+tail NaN lengths=(321,) pages=491 tails=15 candidate_control_within_tolerance=False
[INFO] case10 mixed padding-page+tail NaN lengths=(321,) pages=491 tails=15 candidate/control shared tail-poison diagnostic; not candidate-only
[PASS] case10 random-equivalent lengths=(321,) candidate finite=True within_tolerance=True max_error=1.953125e-03 max_tol_ratio=0.097 guards=True inputs_untouched=True
[PASS] case10 random-equivalent lengths=(321,) control finite=True within_tolerance=True max_error=1.953125e-03 max_tol_ratio=0.097 guards=True inputs_untouched=True
[PASS] case10 random-equivalent lengths=(321,) candidate_control_within_tolerance=True
[PASS] case10 workspace full->short->full step=1/3 lengths=(8192,) pages=0 tails=0 candidate finite=True within_tolerance=True max_error=2.441406e-04 max_tol_ratio=0.015 guards=True inputs_untouched=True
[PASS] case10 workspace full->short->full step=1/3 lengths=(8192,) pages=0 tails=0 control finite=True within_tolerance=True max_error=2.441406e-04 max_tol_ratio=0.015 guards=True inputs_untouched=True
[PASS] case10 workspace full->short->full step=1/3 lengths=(8192,) pages=0 tails=0 candidate_control_within_tolerance=True
[FAIL] case10 workspace full->short->full step=2/3 lengths=(1,) pages=511 tails=15 candidate finite=False within_tolerance=False max_error=inf max_tol_ratio=inf guards=True inputs_untouched=True
[FAIL] case10 workspace full->short->full step=2/3 lengths=(1,) pages=511 tails=15 control finite=False within_tolerance=False max_error=inf max_tol_ratio=inf guards=True inputs_untouched=True
[FAIL] case10 workspace full->short->full step=2/3 lengths=(1,) pages=511 tails=15 candidate_control_within_tolerance=False
[INFO] case10 workspace full->short->full step=2/3 lengths=(1,) pages=511 tails=15 candidate/control shared tail-poison diagnostic; not candidate-only
[PASS] case10 workspace full->short->full step=3/3 lengths=(8192,) pages=0 tails=0 candidate finite=True within_tolerance=True max_error=2.441406e-04 max_tol_ratio=0.015 guards=True inputs_untouched=True
[PASS] case10 workspace full->short->full step=3/3 lengths=(8192,) pages=0 tails=0 control finite=True within_tolerance=True max_error=2.441406e-04 max_tol_ratio=0.015 guards=True inputs_untouched=True
[PASS] case10 workspace full->short->full step=3/3 lengths=(8192,) pages=0 tails=0 candidate_control_within_tolerance=True
[PASS] case10 workspace full->short->full full-output-invariant=True
[PASS] case10 workspace full->short->full
[FAIL] case10 workspace short->full step=1/2 lengths=(1,) pages=511 tails=15 candidate finite=False within_tolerance=False max_error=inf max_tol_ratio=inf guards=True inputs_untouched=True
[FAIL] case10 workspace short->full step=1/2 lengths=(1,) pages=511 tails=15 control finite=False within_tolerance=False max_error=inf max_tol_ratio=inf guards=True inputs_untouched=True
[FAIL] case10 workspace short->full step=1/2 lengths=(1,) pages=511 tails=15 candidate_control_within_tolerance=False
[INFO] case10 workspace short->full step=1/2 lengths=(1,) pages=511 tails=15 candidate/control shared tail-poison diagnostic; not candidate-only
[PASS] case10 workspace short->full step=2/2 lengths=(8192,) pages=0 tails=0 candidate finite=True within_tolerance=True max_error=2.441406e-04 max_tol_ratio=0.015 guards=True inputs_untouched=True
[PASS] case10 workspace short->full step=2/2 lengths=(8192,) pages=0 tails=0 control finite=True within_tolerance=True max_error=2.441406e-04 max_tol_ratio=0.015 guards=True inputs_untouched=True
[PASS] case10 workspace short->full step=2/2 lengths=(8192,) pages=0 tails=0 candidate_control_within_tolerance=True
[PASS] case10 workspace short->full full-output-invariant=True
[PASS] case10 workspace short->full
[PASS] case10 special safety gate
SPECIAL_RESULT=PASS
