GPU: MetaX C500
vectors=420 x_values=20 scale_values=21
columns: expaddf, ldexpf, exp2(x), exp2(x+b), exp2(x)*exp2(b), x*exp2(b), exp2(x-b), exp2(x)+b
i=0000 x=-150.0 b=-256 bits=80000000 80000000 00000000 00000000 00000000 80000000 74800000 c3800000
i=0001 x=-150.0 b=-255 bits=80000000 80000000 00000000 00000000 00000000 80000000 74000000 c37f0000
i=0002 x=-150.0 b=-149 bits=80000096 80000096 00000000 00000000 00000000 80000096 3f000000 c3150000
i=0003 x=-150.0 b=-128 bits=83160000 83160000 00000000 00000000 00000000 83160000 34800000 c3000000
i=0004 x=-150.0 b=-127 bits=83960000 83960000 00000000 00000000 00000000 83960000 34000000 c2fe0000
i=0005 x=-150.0 b=-126 bits=84160000 84160000 00000000 00000000 00000000 84160000 33800000 c2fc0000
i=0006 x=-150.0 b= -64 bits=a3160000 a3160000 00000000 00000000 00000000 a3160000 14800000 c2800000
i=0007 x=-150.0 b= -32 bits=b3160000 b3160000 00000000 00000000 00000000 b3160000 04800000 c2000000
i=0008 x=-150.0 b=  -8 bits=bf160000 bf160000 00000000 00000000 00000000 bf160000 00000000 c1000000
i=0009 x=-150.0 b=  -1 bits=c2960000 c2960000 00000000 00000000 00000000 c2960000 00000000 bf800000
i=0010 x=-150.0 b=   0 bits=c3160000 c3160000 00000000 00000000 00000000 c3160000 00000000 00000000
i=0011 x=-150.0 b=   1 bits=c3960000 c3960000 00000000 00000000 00000000 c3960000 00000000 3f800000
i=0012 x=-150.0 b=   8 bits=c7160000 c7160000 00000000 00000000 00000000 c7160000 00000000 41000000
i=0013 x=-150.0 b=  32 bits=d3160000 d3160000 00000000 04800000 00000000 d3160000 00000000 42000000
i=0014 x=-150.0 b=  64 bits=e3160000 e3160000 00000000 14800000 00000000 e3160000 00000000 42800000
i=0015 x=-150.0 b= 126 bits=ff800000 ff800000 00000000 33800000 00000000 ff800000 00000000 42fc0000
i=0016 x=-150.0 b= 127 bits=ff800000 ff800000 00000000 34000000 00000000 ff800000 00000000 42fe0000
i=0017 x=-150.0 b= 128 bits=ff800000 ff800000 00000000 34800000 ffc00000 ff800000 00000000 43000000
i=0018 x=-150.0 b= 149 bits=ff800000 ff800000 00000000 3f000000 ffc00000 ff800000 00000000 43150000
i=0019 x=-150.0 b= 255 bits=ff800000 ff800000 00000000 74000000 ffc00000 ff800000 00000000 437f0000
i=0020 x=-150.0 b= 256 bits=ff800000 ff800000 00000000 74800000 ffc00000 ff800000 00000000 43800000
i=0021 x=-128.0 b=-256 bits=80000000 80000000 00000000 00000000 00000000 80000000 7f800000 c3800000
i=0022 x=-128.0 b=-255 bits=80000000 80000000 00000000 00000000 00000000 80000000 7f000000 c37f0000
i=0023 x=-128.0 b=-149 bits=80000080 80000080 00000000 00000000 00000000 80000080 4a000000 c3150000
i=0024 x=-128.0 b=-128 bits=83000000 83000000 00000000 00000000 00000000 83000000 3f800000 c3000000
i=0025 x=-128.0 b=-127 bits=83800000 83800000 00000000 00000000 00000000 83800000 3f000000 c2fe0000
i=0026 x=-128.0 b=-126 bits=84000000 84000000 00000000 00000000 00000000 84000000 3e800000 c2fc0000
i=0027 x=-128.0 b= -64 bits=a3000000 a3000000 00000000 00000000 00000000 a3000000 1f800000 c2800000
i=0028 x=-128.0 b= -32 bits=b3000000 b3000000 00000000 00000000 00000000 b3000000 0f800000 c2000000
i=0029 x=-128.0 b=  -8 bits=bf000000 bf000000 00000000 00000000 00000000 bf000000 03800000 c1000000
i=0030 x=-128.0 b=  -1 bits=c2800000 c2800000 00000000 00000000 00000000 c2800000 00000000 bf800000
i=0031 x=-128.0 b=   0 bits=c3000000 c3000000 00000000 00000000 00000000 c3000000 00000000 00000000
i=0032 x=-128.0 b=   1 bits=c3800000 c3800000 00000000 00000000 00000000 c3800000 00000000 3f800000
i=0033 x=-128.0 b=   8 bits=c7000000 c7000000 00000000 03800000 00000000 c7000000 00000000 41000000
i=0034 x=-128.0 b=  32 bits=d3000000 d3000000 00000000 0f800000 00000000 d3000000 00000000 42000000
i=0035 x=-128.0 b=  64 bits=e3000000 e3000000 00000000 1f800000 00000000 e3000000 00000000 42800000
i=0036 x=-128.0 b= 126 bits=ff800000 ff800000 00000000 3e800000 00000000 ff800000 00000000 42fc0000
i=0037 x=-128.0 b= 127 bits=ff800000 ff800000 00000000 3f000000 00000000 ff800000 00000000 42fe0000
i=0038 x=-128.0 b= 128 bits=ff800000 ff800000 00000000 3f800000 ffc00000 ff800000 00000000 43000000
i=0039 x=-128.0 b= 149 bits=ff800000 ff800000 00000000 4a000000 ffc00000 ff800000 00000000 43150000
i=0040 x=-128.0 b= 255 bits=ff800000 ff800000 00000000 7f000000 ffc00000 ff800000 00000000 437f0000
i=0041 x=-128.0 b= 256 bits=ff800000 ff800000 00000000 7f800000 ffc00000 ff800000 00000000 43800000
i=0042 x=-127.0 b=-256 bits=80000000 80000000 00000000 00000000 00000000 80000000 7f800000 c3800000
i=0043 x=-127.0 b=-255 bits=80000000 80000000 00000000 00000000 00000000 80000000 7f800000 c37f0000
i=0044 x=-127.0 b=-149 bits=8000007f 8000007f 00000000 00000000 00000000 8000007f 4a800000 c3150000
i=0045 x=-127.0 b=-128 bits=82fe0000 82fe0000 00000000 00000000 00000000 82fe0000 40000000 c3000000
i=0046 x=-127.0 b=-127 bits=837e0000 837e0000 00000000 00000000 00000000 837e0000 3f800000 c2fe0000
i=0047 x=-127.0 b=-126 bits=83fe0000 83fe0000 00000000 00000000 00000000 83fe0000 3f000000 c2fc0000
i=0048 x=-127.0 b= -64 bits=a2fe0000 a2fe0000 00000000 00000000 00000000 a2fe0000 20000000 c2800000
i=0049 x=-127.0 b= -32 bits=b2fe0000 b2fe0000 00000000 00000000 00000000 b2fe0000 10000000 c2000000
i=0050 x=-127.0 b=  -8 bits=befe0000 befe0000 00000000 00000000 00000000 befe0000 04000000 c1000000
i=0051 x=-127.0 b=  -1 bits=c27e0000 c27e0000 00000000 00000000 00000000 c27e0000 00800000 bf800000
i=0052 x=-127.0 b=   0 bits=c2fe0000 c2fe0000 00000000 00000000 00000000 c2fe0000 00000000 00000000
i=0053 x=-127.0 b=   1 bits=c37e0000 c37e0000 00000000 00800000 00000000 c37e0000 00000000 3f800000
i=0054 x=-127.0 b=   8 bits=c6fe0000 c6fe0000 00000000 04000000 00000000 c6fe0000 00000000 41000000
i=0055 x=-127.0 b=  32 bits=d2fe0000 d2fe0000 00000000 10000000 00000000 d2fe0000 00000000 42000000
i=0056 x=-127.0 b=  64 bits=e2fe0000 e2fe0000 00000000 20000000 00000000 e2fe0000 00000000 42800000
i=0057 x=-127.0 b= 126 bits=ff800000 ff800000 00000000 3f000000 00000000 ff800000 00000000 42fc0000
i=0058 x=-127.0 b= 127 bits=ff800000 ff800000 00000000 3f800000 00000000 ff800000 00000000 42fe0000
i=0059 x=-127.0 b= 128 bits=ff800000 ff800000 00000000 40000000 ffc00000 ff800000 00000000 43000000
i=0060 x=-127.0 b= 149 bits=ff800000 ff800000 00000000 4a800000 ffc00000 ff800000 00000000 43150000
i=0061 x=-127.0 b= 255 bits=ff800000 ff800000 00000000 7f800000 ffc00000 ff800000 00000000 437f0000
i=0062 x=-127.0 b= 256 bits=ff800000 ff800000 00000000 7f800000 ffc00000 ff800000 00000000 43800000
i=0063 x=-126.0 b=-256 bits=80000000 80000000 00800000 00000000 00000000 80000000 7f800000 c3800000
i=0064 x=-126.0 b=-255 bits=80000000 80000000 00800000 00000000 00000000 80000000 7f800000 c37f0000
i=0065 x=-126.0 b=-149 bits=8000007e 8000007e 00800000 00000000 00000000 8000007e 4b000000 c3150000
i=0066 x=-126.0 b=-128 bits=82fc0000 82fc0000 00800000 00000000 00000000 82fc0000 40800000 c3000000
i=0067 x=-126.0 b=-127 bits=837c0000 837c0000 00800000 00000000 00000000 837c0000 40000000 c2fe0000
i=0068 x=-126.0 b=-126 bits=83fc0000 83fc0000 00800000 00000000 00000000 83fc0000 3f800000 c2fc0000
i=0069 x=-126.0 b= -64 bits=a2fc0000 a2fc0000 00800000 00000000 00000000 a2fc0000 20800000 c2800000
i=0070 x=-126.0 b= -32 bits=b2fc0000 b2fc0000 00800000 00000000 00000000 b2fc0000 10800000 c2000000
i=0071 x=-126.0 b=  -8 bits=befc0000 befc0000 00800000 00000000 00008000 befc0000 04800000 c1000000
i=0072 x=-126.0 b=  -1 bits=c27c0000 c27c0000 00800000 00000000 00400000 c27c0000 01000000 bf800000
i=0073 x=-126.0 b=   0 bits=c2fc0000 c2fc0000 00800000 00800000 00800000 c2fc0000 00800000 00800000
i=0074 x=-126.0 b=   1 bits=c37c0000 c37c0000 00800000 01000000 01000000 c37c0000 00000000 3f800000
i=0075 x=-126.0 b=   8 bits=c6fc0000 c6fc0000 00800000 04800000 04800000 c6fc0000 00000000 41000000
i=0076 x=-126.0 b=  32 bits=d2fc0000 d2fc0000 00800000 10800000 10800000 d2fc0000 00000000 42000000
i=0077 x=-126.0 b=  64 bits=e2fc0000 e2fc0000 00800000 20800000 20800000 e2fc0000 00000000 42800000
i=0078 x=-126.0 b= 126 bits=ff800000 ff800000 00800000 3f800000 3f800000 ff800000 00000000 42fc0000
i=0079 x=-126.0 b= 127 bits=ff800000 ff800000 00800000 40000000 40000000 ff800000 00000000 42fe0000
i=0357 x=nan b=-256 bits=7fc00000 7fc00000 7fc00000 7fc00000 7fc00000 7fc00000 7fc00000 7fc00000
i=0358 x=nan b=-255 bits=7fc00000 7fc00000 7fc00000 7fc00000 7fc00000 7fc00000 7fc00000 7fc00000
i=0359 x=nan b=-149 bits=7fc00000 7fc00000 7fc00000 7fc00000 7fc00000 7fc00000 7fc00000 7fc00000
i=0360 x=nan b=-128 bits=7fc00000 7fc00000 7fc00000 7fc00000 7fc00000 7fc00000 7fc00000 7fc00000
i=0361 x=nan b=-127 bits=7fc00000 7fc00000 7fc00000 7fc00000 7fc00000 7fc00000 7fc00000 7fc00000
i=0362 x=nan b=-126 bits=7fc00000 7fc00000 7fc00000 7fc00000 7fc00000 7fc00000 7fc00000 7fc00000
i=0363 x=nan b= -64 bits=7fc00000 7fc00000 7fc00000 7fc00000 7fc00000 7fc00000 7fc00000 7fc00000
i=0364 x=nan b= -32 bits=7fc00000 7fc00000 7fc00000 7fc00000 7fc00000 7fc00000 7fc00000 7fc00000
i=0365 x=nan b=  -8 bits=7fc00000 7fc00000 7fc00000 7fc00000 7fc00000 7fc00000 7fc00000 7fc00000
i=0366 x=nan b=  -1 bits=7fc00000 7fc00000 7fc00000 7fc00000 7fc00000 7fc00000 7fc00000 7fc00000
i=0367 x=nan b=   0 bits=7fc00000 7fc00000 7fc00000 7fc00000 7fc00000 7fc00000 7fc00000 7fc00000
i=0368 x=nan b=   1 bits=7fc00000 7fc00000 7fc00000 7fc00000 7fc00000 7fc00000 7fc00000 7fc00000
i=0369 x=nan b=   8 bits=7fc00000 7fc00000 7fc00000 7fc00000 7fc00000 7fc00000 7fc00000 7fc00000
i=0370 x=nan b=  32 bits=7fc00000 7fc00000 7fc00000 7fc00000 7fc00000 7fc00000 7fc00000 7fc00000
i=0371 x=nan b=  64 bits=7fc00000 7fc00000 7fc00000 7fc00000 7fc00000 7fc00000 7fc00000 7fc00000
i=0372 x=nan b= 126 bits=7fc00000 7fc00000 7fc00000 7fc00000 7fc00000 7fc00000 7fc00000 7fc00000
i=0373 x=nan b= 127 bits=7fc00000 7fc00000 7fc00000 7fc00000 7fc00000 7fc00000 7fc00000 7fc00000
i=0374 x=nan b= 128 bits=7fc00000 7fc00000 7fc00000 7fc00000 7fc00000 7fc00000 7fc00000 7fc00000
i=0375 x=nan b= 149 bits=7fc00000 7fc00000 7fc00000 7fc00000 7fc00000 7fc00000 7fc00000 7fc00000
i=0376 x=nan b= 255 bits=7fc00000 7fc00000 7fc00000 7fc00000 7fc00000 7fc00000 7fc00000 7fc00000
i=0377 x=nan b= 256 bits=7fc00000 7fc00000 7fc00000 7fc00000 7fc00000 7fc00000 7fc00000 7fc00000
i=0378 x=inf b=-256 bits=7f800000 7f800000 7f800000 7f800000 ffc00000 ffc00000 7f800000 7f800000
i=0379 x=inf b=-255 bits=7f800000 7f800000 7f800000 7f800000 ffc00000 ffc00000 7f800000 7f800000
i=0380 x=inf b=-149 bits=7f800000 7f800000 7f800000 7f800000 7f800000 7f800000 7f800000 7f800000
i=0381 x=inf b=-128 bits=7f800000 7f800000 7f800000 7f800000 7f800000 7f800000 7f800000 7f800000
i=0382 x=inf b=-127 bits=7f800000 7f800000 7f800000 7f800000 7f800000 7f800000 7f800000 7f800000
i=0383 x=inf b=-126 bits=7f800000 7f800000 7f800000 7f800000 7f800000 7f800000 7f800000 7f800000
i=0384 x=inf b= -64 bits=7f800000 7f800000 7f800000 7f800000 7f800000 7f800000 7f800000 7f800000
i=0385 x=inf b= -32 bits=7f800000 7f800000 7f800000 7f800000 7f800000 7f800000 7f800000 7f800000
i=0386 x=inf b=  -8 bits=7f800000 7f800000 7f800000 7f800000 7f800000 7f800000 7f800000 7f800000
i=0387 x=inf b=  -1 bits=7f800000 7f800000 7f800000 7f800000 7f800000 7f800000 7f800000 7f800000
i=0388 x=inf b=   0 bits=7f800000 7f800000 7f800000 7f800000 7f800000 7f800000 7f800000 7f800000
i=0389 x=inf b=   1 bits=7f800000 7f800000 7f800000 7f800000 7f800000 7f800000 7f800000 7f800000
i=0390 x=inf b=   8 bits=7f800000 7f800000 7f800000 7f800000 7f800000 7f800000 7f800000 7f800000
i=0391 x=inf b=  32 bits=7f800000 7f800000 7f800000 7f800000 7f800000 7f800000 7f800000 7f800000
i=0392 x=inf b=  64 bits=7f800000 7f800000 7f800000 7f800000 7f800000 7f800000 7f800000 7f800000
i=0393 x=inf b= 126 bits=7f800000 7f800000 7f800000 7f800000 7f800000 7f800000 7f800000 7f800000
i=0394 x=inf b= 127 bits=7f800000 7f800000 7f800000 7f800000 7f800000 7f800000 7f800000 7f800000
i=0395 x=inf b= 128 bits=7f800000 7f800000 7f800000 7f800000 7f800000 7f800000 7f800000 7f800000
i=0396 x=inf b= 149 bits=7f800000 7f800000 7f800000 7f800000 7f800000 7f800000 7f800000 7f800000
i=0397 x=inf b= 255 bits=7f800000 7f800000 7f800000 7f800000 7f800000 7f800000 7f800000 7f800000
i=0398 x=inf b= 256 bits=7f800000 7f800000 7f800000 7f800000 7f800000 7f800000 7f800000 7f800000
i=0399 x=-inf b=-256 bits=ff800000 ff800000 00000000 00000000 00000000 ffc00000 00000000 c3800000
i=0400 x=-inf b=-255 bits=ff800000 ff800000 00000000 00000000 00000000 ffc00000 00000000 c37f0000
i=0401 x=-inf b=-149 bits=ff800000 ff800000 00000000 00000000 00000000 ff800000 00000000 c3150000
i=0402 x=-inf b=-128 bits=ff800000 ff800000 00000000 00000000 00000000 ff800000 00000000 c3000000
i=0403 x=-inf b=-127 bits=ff800000 ff800000 00000000 00000000 00000000 ff800000 00000000 c2fe0000
i=0404 x=-inf b=-126 bits=ff800000 ff800000 00000000 00000000 00000000 ff800000 00000000 c2fc0000
i=0405 x=-inf b= -64 bits=ff800000 ff800000 00000000 00000000 00000000 ff800000 00000000 c2800000
i=0406 x=-inf b= -32 bits=ff800000 ff800000 00000000 00000000 00000000 ff800000 00000000 c2000000
i=0407 x=-inf b=  -8 bits=ff800000 ff800000 00000000 00000000 00000000 ff800000 00000000 c1000000
i=0408 x=-inf b=  -1 bits=ff800000 ff800000 00000000 00000000 00000000 ff800000 00000000 bf800000
i=0409 x=-inf b=   0 bits=ff800000 ff800000 00000000 00000000 00000000 ff800000 00000000 00000000
i=0410 x=-inf b=   1 bits=ff800000 ff800000 00000000 00000000 00000000 ff800000 00000000 3f800000
i=0411 x=-inf b=   8 bits=ff800000 ff800000 00000000 00000000 00000000 ff800000 00000000 41000000
i=0412 x=-inf b=  32 bits=ff800000 ff800000 00000000 00000000 00000000 ff800000 00000000 42000000
i=0413 x=-inf b=  64 bits=ff800000 ff800000 00000000 00000000 00000000 ff800000 00000000 42800000
i=0414 x=-inf b= 126 bits=ff800000 ff800000 00000000 00000000 00000000 ff800000 00000000 42fc0000
i=0415 x=-inf b= 127 bits=ff800000 ff800000 00000000 00000000 00000000 ff800000 00000000 42fe0000
i=0416 x=-inf b= 128 bits=ff800000 ff800000 00000000 00000000 ffc00000 ff800000 00000000 43000000
i=0417 x=-inf b= 149 bits=ff800000 ff800000 00000000 00000000 ffc00000 ff800000 00000000 43150000
i=0418 x=-inf b= 255 bits=ff800000 ff800000 00000000 00000000 ffc00000 ff800000 00000000 437f0000
i=0419 x=-inf b= 256 bits=ff800000 ff800000 00000000 00000000 ffc00000 ff800000 00000000 43800000
expaddf_vs_ldexpf_bit_mismatches=0/420
