/data/cuda-flash-attn/tests/expadd_sfu_probe.py:95: RuntimeWarning: overflow encountered in ldexp
  expected = np.ldexp(x, scale)
GPU: MetaX C500
vectors=552 x_values=24 scale_values=23
columns: expaddf, ldexpf, exp2(x), exp2(x+b), exp2(x)*exp2(b), x*exp2(b), exp2(x-b), exp2(x)+b
expaddf_vs_host_float32_ldexp_bit_mismatches=0/552
i=0000 x=-150.0 b=-2147483648 bits=80000000 80000000 00000000 00000000 00000000 80000000 7f800000 cf000000
i=0001 x=-150.0 b=-256 bits=80000000 80000000 00000000 00000000 00000000 80000000 74800000 c3800000
i=0002 x=-150.0 b=-255 bits=80000000 80000000 00000000 00000000 00000000 80000000 74000000 c37f0000
i=0003 x=-150.0 b=-149 bits=80000096 80000096 00000000 00000000 00000000 80000096 3f000000 c3150000
i=0004 x=-150.0 b=-128 bits=83160000 83160000 00000000 00000000 00000000 83160000 34800000 c3000000
i=0005 x=-150.0 b=-127 bits=83960000 83960000 00000000 00000000 00000000 83960000 34000000 c2fe0000
i=0006 x=-150.0 b=-126 bits=84160000 84160000 00000000 00000000 00000000 84160000 33800000 c2fc0000
i=0007 x=-150.0 b= -64 bits=a3160000 a3160000 00000000 00000000 00000000 a3160000 14800000 c2800000
i=0008 x=-150.0 b= -32 bits=b3160000 b3160000 00000000 00000000 00000000 b3160000 04800000 c2000000
i=0009 x=-150.0 b=  -8 bits=bf160000 bf160000 00000000 00000000 00000000 bf160000 00000000 c1000000
i=0010 x=-150.0 b=  -1 bits=c2960000 c2960000 00000000 00000000 00000000 c2960000 00000000 bf800000
i=0011 x=-150.0 b=   0 bits=c3160000 c3160000 00000000 00000000 00000000 c3160000 00000000 00000000
i=0012 x=-150.0 b=   1 bits=c3960000 c3960000 00000000 00000000 00000000 c3960000 00000000 3f800000
i=0013 x=-150.0 b=   8 bits=c7160000 c7160000 00000000 00000000 00000000 c7160000 00000000 41000000
i=0014 x=-150.0 b=  32 bits=d3160000 d3160000 00000000 04800000 00000000 d3160000 00000000 42000000
i=0015 x=-150.0 b=  64 bits=e3160000 e3160000 00000000 14800000 00000000 e3160000 00000000 42800000
i=0016 x=-150.0 b= 126 bits=ff800000 ff800000 00000000 33800000 00000000 ff800000 00000000 42fc0000
i=0017 x=-150.0 b= 127 bits=ff800000 ff800000 00000000 34000000 00000000 ff800000 00000000 42fe0000
i=0018 x=-150.0 b= 128 bits=ff800000 ff800000 00000000 34800000 ffc00000 ff800000 00000000 43000000
i=0019 x=-150.0 b= 149 bits=ff800000 ff800000 00000000 3f000000 ffc00000 ff800000 00000000 43150000
i=0020 x=-150.0 b= 255 bits=ff800000 ff800000 00000000 74000000 ffc00000 ff800000 00000000 437f0000
i=0021 x=-150.0 b= 256 bits=ff800000 ff800000 00000000 74800000 ffc00000 ff800000 00000000 43800000
i=0022 x=-150.0 b=2147483647 bits=ff800000 ff800000 00000000 7f800000 ffc00000 ff800000 00000000 4f000000
i=0023 x=-1.401298464324817e-45 b=-2147483648 bits=80000000 80000000 3f800000 00000000 00000000 80000000 7f800000 cf000000
i=0024 x=-1.401298464324817e-45 b=-256 bits=80000000 80000000 3f800000 00000000 00000000 80000000 7f800000 c37f0000
i=0025 x=-1.401298464324817e-45 b=-255 bits=80000000 80000000 3f800000 00000000 00000000 80000000 7f800000 c37e0000
i=0026 x=-1.401298464324817e-45 b=-149 bits=80000000 80000000 3f800000 00000000 00000001 80000000 7f800000 c3140000
i=0027 x=-1.401298464324817e-45 b=-128 bits=80000000 80000000 3f800000 00000000 00200000 80000000 7f800000 c2fe0000
i=0028 x=-1.401298464324817e-45 b=-127 bits=80000000 80000000 3f800000 00000000 00400000 80000000 7f000000 c2fc0000
i=0029 x=-1.401298464324817e-45 b=-126 bits=80000000 80000000 3f800000 00800000 00800000 80000000 7e800000 c2fa0000
i=0030 x=-1.401298464324817e-45 b= -64 bits=80000000 80000000 3f800000 1f800000 1f800000 80000000 5f800000 c27c0000
i=0031 x=-1.401298464324817e-45 b= -32 bits=80000000 80000000 3f800000 2f800000 2f800000 80000000 4f800000 c1f80000
i=0032 x=-1.401298464324817e-45 b=  -8 bits=80000000 80000000 3f800000 3b800000 3b800000 80000000 43800000 c0e00000
i=0033 x=-1.401298464324817e-45 b=  -1 bits=80000000 80000000 3f800000 3f000000 3f000000 80000000 40000000 00000000
i=0034 x=-1.401298464324817e-45 b=   0 bits=80000001 80000001 3f800000 3f800000 3f800000 80000001 3f800000 3f800000
i=0035 x=-1.401298464324817e-45 b=   1 bits=80000002 80000002 3f800000 40000000 40000000 80000002 3f000000 40000000
i=0036 x=-1.401298464324817e-45 b=   8 bits=80000100 80000100 3f800000 43800000 43800000 80000100 3b800000 41100000
i=0037 x=-1.401298464324817e-45 b=  32 bits=85000000 85000000 3f800000 4f800000 4f800000 85000000 2f800000 42040000
i=0038 x=-1.401298464324817e-45 b=  64 bits=95000000 95000000 3f800000 5f800000 5f800000 95000000 1f800000 42820000
i=0039 x=-1.401298464324817e-45 b= 126 bits=b4000000 b4000000 3f800000 7e800000 7e800000 b4000000 00800000 42fe0000
i=0040 x=-1.401298464324817e-45 b= 127 bits=b4800000 b4800000 3f800000 7f000000 7f000000 b4800000 00000000 43000000
i=0041 x=-1.401298464324817e-45 b= 128 bits=b5000000 b5000000 3f800000 7f800000 7f800000 ff800000 00000000 43010000
i=0042 x=-1.401298464324817e-45 b= 149 bits=bf800000 bf800000 3f800000 7f800000 7f800000 ff800000 00000000 43160000
i=0043 x=-1.401298464324817e-45 b= 255 bits=f4800000 f4800000 3f800000 7f800000 7f800000 ff800000 00000000 43800000
i=0044 x=-1.401298464324817e-45 b= 256 bits=f5000000 f5000000 3f800000 7f800000 7f800000 ff800000 00000000 43808000
i=0045 x=-1.401298464324817e-45 b=2147483647 bits=ff800000 ff800000 3f800000 7f800000 7f800000 ff800000 00000000 4f000000
i=0046 x=1.401298464324817e-45 b=-2147483648 bits=00000000 00000000 3f800000 00000000 00000000 00000000 7f800000 cf000000
i=0047 x=1.401298464324817e-45 b=-256 bits=00000000 00000000 3f800000 00000000 00000000 00000000 7f800000 c37f0000
i=0048 x=1.401298464324817e-45 b=-255 bits=00000000 00000000 3f800000 00000000 00000000 00000000 7f800000 c37e0000
i=0049 x=1.401298464324817e-45 b=-149 bits=00000000 00000000 3f800000 00000000 00000001 00000000 7f800000 c3140000
i=0050 x=1.401298464324817e-45 b=-128 bits=00000000 00000000 3f800000 00000000 00200000 00000000 7f800000 c2fe0000
i=0051 x=1.401298464324817e-45 b=-127 bits=00000000 00000000 3f800000 00000000 00400000 00000000 7f000000 c2fc0000
i=0052 x=1.401298464324817e-45 b=-126 bits=00000000 00000000 3f800000 00800000 00800000 00000000 7e800000 c2fa0000
i=0053 x=1.401298464324817e-45 b= -64 bits=00000000 00000000 3f800000 1f800000 1f800000 00000000 5f800000 c27c0000
i=0054 x=1.401298464324817e-45 b= -32 bits=00000000 00000000 3f800000 2f800000 2f800000 00000000 4f800000 c1f80000
i=0055 x=1.401298464324817e-45 b=  -8 bits=00000000 00000000 3f800000 3b800000 3b800000 00000000 43800000 c0e00000
i=0056 x=1.401298464324817e-45 b=  -1 bits=00000000 00000000 3f800000 3f000000 3f000000 00000000 40000000 00000000
i=0057 x=1.401298464324817e-45 b=   0 bits=00000001 00000001 3f800000 3f800000 3f800000 00000001 3f800000 3f800000
i=0058 x=1.401298464324817e-45 b=   1 bits=00000002 00000002 3f800000 40000000 40000000 00000002 3f000000 40000000
i=0059 x=1.401298464324817e-45 b=   8 bits=00000100 00000100 3f800000 43800000 43800000 00000100 3b800000 41100000
i=0060 x=1.401298464324817e-45 b=  32 bits=05000000 05000000 3f800000 4f800000 4f800000 05000000 2f800000 42040000
i=0061 x=1.401298464324817e-45 b=  64 bits=15000000 15000000 3f800000 5f800000 5f800000 15000000 1f800000 42820000
i=0062 x=1.401298464324817e-45 b= 126 bits=34000000 34000000 3f800000 7e800000 7e800000 34000000 00800000 42fe0000
i=0063 x=1.401298464324817e-45 b= 127 bits=34800000 34800000 3f800000 7f000000 7f000000 34800000 00000000 43000000
i=0064 x=1.401298464324817e-45 b= 128 bits=35000000 35000000 3f800000 7f800000 7f800000 7f800000 00000000 43010000
i=0065 x=1.401298464324817e-45 b= 149 bits=3f800000 3f800000 3f800000 7f800000 7f800000 7f800000 00000000 43160000
i=0066 x=1.401298464324817e-45 b= 255 bits=74800000 74800000 3f800000 7f800000 7f800000 7f800000 00000000 43800000
i=0067 x=1.401298464324817e-45 b= 256 bits=75000000 75000000 3f800000 7f800000 7f800000 7f800000 00000000 43808000
i=0068 x=1.401298464324817e-45 b=2147483647 bits=7f800000 7f800000 3f800000 7f800000 7f800000 7f800000 00000000 4f000000
i=0069 x=-1.1754943508222875e-38 b=-2147483648 bits=80000000 80000000 3f800000 00000000 00000000 80000000 7f800000 cf000000
i=0070 x=-1.1754943508222875e-38 b=-256 bits=80000000 80000000 3f800000 00000000 00000000 80000000 7f800000 c37f0000
i=0071 x=-1.1754943508222875e-38 b=-255 bits=80000000 80000000 3f800000 00000000 00000000 80000000 7f800000 c37e0000
i=0072 x=-1.1754943508222875e-38 b=-149 bits=80000000 80000000 3f800000 00000000 00000001 80000000 7f800000 c3140000
i=0073 x=-1.1754943508222875e-38 b=-128 bits=80000000 80000000 3f800000 00000000 00200000 80000000 7f800000 c2fe0000
i=0074 x=-1.1754943508222875e-38 b=-127 bits=80000000 80000000 3f800000 00000000 00400000 80000000 7f000000 c2fc0000
i=0075 x=-1.1754943508222875e-38 b=-126 bits=80000000 80000000 3f800000 00800000 00800000 80000000 7e800000 c2fa0000
i=0076 x=-1.1754943508222875e-38 b= -64 bits=80000000 80000000 3f800000 1f800000 1f800000 80000000 5f800000 c27c0000
i=0077 x=-1.1754943508222875e-38 b= -32 bits=80000000 80000000 3f800000 2f800000 2f800000 80000000 4f800000 c1f80000
i=0078 x=-1.1754943508222875e-38 b=  -8 bits=80008000 80008000 3f800000 3b800000 3b800000 80008000 43800000 c0e00000
i=0079 x=-1.1754943508222875e-38 b=  -1 bits=80400000 80400000 3f800000 3f000000 3f000000 80400000 40000000 00000000
i=0483 x=nan b=-2147483648 bits=7fc00000 7fc00000 7fc00000 7fc00000 7fc00000 7fc00000 7fc00000 7fc00000
i=0484 x=nan b=-256 bits=7fc00000 7fc00000 7fc00000 7fc00000 7fc00000 7fc00000 7fc00000 7fc00000
i=0485 x=nan b=-255 bits=7fc00000 7fc00000 7fc00000 7fc00000 7fc00000 7fc00000 7fc00000 7fc00000
i=0486 x=nan b=-149 bits=7fc00000 7fc00000 7fc00000 7fc00000 7fc00000 7fc00000 7fc00000 7fc00000
i=0487 x=nan b=-128 bits=7fc00000 7fc00000 7fc00000 7fc00000 7fc00000 7fc00000 7fc00000 7fc00000
i=0488 x=nan b=-127 bits=7fc00000 7fc00000 7fc00000 7fc00000 7fc00000 7fc00000 7fc00000 7fc00000
i=0489 x=nan b=-126 bits=7fc00000 7fc00000 7fc00000 7fc00000 7fc00000 7fc00000 7fc00000 7fc00000
i=0490 x=nan b= -64 bits=7fc00000 7fc00000 7fc00000 7fc00000 7fc00000 7fc00000 7fc00000 7fc00000
i=0491 x=nan b= -32 bits=7fc00000 7fc00000 7fc00000 7fc00000 7fc00000 7fc00000 7fc00000 7fc00000
i=0492 x=nan b=  -8 bits=7fc00000 7fc00000 7fc00000 7fc00000 7fc00000 7fc00000 7fc00000 7fc00000
i=0493 x=nan b=  -1 bits=7fc00000 7fc00000 7fc00000 7fc00000 7fc00000 7fc00000 7fc00000 7fc00000
i=0494 x=nan b=   0 bits=7fc00000 7fc00000 7fc00000 7fc00000 7fc00000 7fc00000 7fc00000 7fc00000
i=0495 x=nan b=   1 bits=7fc00000 7fc00000 7fc00000 7fc00000 7fc00000 7fc00000 7fc00000 7fc00000
i=0496 x=nan b=   8 bits=7fc00000 7fc00000 7fc00000 7fc00000 7fc00000 7fc00000 7fc00000 7fc00000
i=0497 x=nan b=  32 bits=7fc00000 7fc00000 7fc00000 7fc00000 7fc00000 7fc00000 7fc00000 7fc00000
i=0498 x=nan b=  64 bits=7fc00000 7fc00000 7fc00000 7fc00000 7fc00000 7fc00000 7fc00000 7fc00000
i=0499 x=nan b= 126 bits=7fc00000 7fc00000 7fc00000 7fc00000 7fc00000 7fc00000 7fc00000 7fc00000
i=0500 x=nan b= 127 bits=7fc00000 7fc00000 7fc00000 7fc00000 7fc00000 7fc00000 7fc00000 7fc00000
i=0501 x=nan b= 128 bits=7fc00000 7fc00000 7fc00000 7fc00000 7fc00000 7fc00000 7fc00000 7fc00000
i=0502 x=nan b= 149 bits=7fc00000 7fc00000 7fc00000 7fc00000 7fc00000 7fc00000 7fc00000 7fc00000
i=0503 x=nan b= 255 bits=7fc00000 7fc00000 7fc00000 7fc00000 7fc00000 7fc00000 7fc00000 7fc00000
i=0504 x=nan b= 256 bits=7fc00000 7fc00000 7fc00000 7fc00000 7fc00000 7fc00000 7fc00000 7fc00000
i=0505 x=nan b=2147483647 bits=7fc00000 7fc00000 7fc00000 7fc00000 7fc00000 7fc00000 7fc00000 7fc00000
i=0506 x=inf b=-2147483648 bits=7f800000 7f800000 7f800000 7f800000 ffc00000 ffc00000 7f800000 7f800000
i=0507 x=inf b=-256 bits=7f800000 7f800000 7f800000 7f800000 ffc00000 ffc00000 7f800000 7f800000
i=0508 x=inf b=-255 bits=7f800000 7f800000 7f800000 7f800000 ffc00000 ffc00000 7f800000 7f800000
i=0509 x=inf b=-149 bits=7f800000 7f800000 7f800000 7f800000 7f800000 7f800000 7f800000 7f800000
i=0510 x=inf b=-128 bits=7f800000 7f800000 7f800000 7f800000 7f800000 7f800000 7f800000 7f800000
i=0511 x=inf b=-127 bits=7f800000 7f800000 7f800000 7f800000 7f800000 7f800000 7f800000 7f800000
i=0512 x=inf b=-126 bits=7f800000 7f800000 7f800000 7f800000 7f800000 7f800000 7f800000 7f800000
i=0513 x=inf b= -64 bits=7f800000 7f800000 7f800000 7f800000 7f800000 7f800000 7f800000 7f800000
i=0514 x=inf b= -32 bits=7f800000 7f800000 7f800000 7f800000 7f800000 7f800000 7f800000 7f800000
i=0515 x=inf b=  -8 bits=7f800000 7f800000 7f800000 7f800000 7f800000 7f800000 7f800000 7f800000
i=0516 x=inf b=  -1 bits=7f800000 7f800000 7f800000 7f800000 7f800000 7f800000 7f800000 7f800000
i=0517 x=inf b=   0 bits=7f800000 7f800000 7f800000 7f800000 7f800000 7f800000 7f800000 7f800000
i=0518 x=inf b=   1 bits=7f800000 7f800000 7f800000 7f800000 7f800000 7f800000 7f800000 7f800000
i=0519 x=inf b=   8 bits=7f800000 7f800000 7f800000 7f800000 7f800000 7f800000 7f800000 7f800000
i=0520 x=inf b=  32 bits=7f800000 7f800000 7f800000 7f800000 7f800000 7f800000 7f800000 7f800000
i=0521 x=inf b=  64 bits=7f800000 7f800000 7f800000 7f800000 7f800000 7f800000 7f800000 7f800000
i=0522 x=inf b= 126 bits=7f800000 7f800000 7f800000 7f800000 7f800000 7f800000 7f800000 7f800000
i=0523 x=inf b= 127 bits=7f800000 7f800000 7f800000 7f800000 7f800000 7f800000 7f800000 7f800000
i=0524 x=inf b= 128 bits=7f800000 7f800000 7f800000 7f800000 7f800000 7f800000 7f800000 7f800000
i=0525 x=inf b= 149 bits=7f800000 7f800000 7f800000 7f800000 7f800000 7f800000 7f800000 7f800000
i=0526 x=inf b= 255 bits=7f800000 7f800000 7f800000 7f800000 7f800000 7f800000 7f800000 7f800000
i=0527 x=inf b= 256 bits=7f800000 7f800000 7f800000 7f800000 7f800000 7f800000 7f800000 7f800000
i=0528 x=inf b=2147483647 bits=7f800000 7f800000 7f800000 7f800000 7f800000 7f800000 7f800000 7f800000
i=0529 x=-inf b=-2147483648 bits=ff800000 ff800000 00000000 00000000 00000000 ffc00000 00000000 cf000000
i=0530 x=-inf b=-256 bits=ff800000 ff800000 00000000 00000000 00000000 ffc00000 00000000 c3800000
i=0531 x=-inf b=-255 bits=ff800000 ff800000 00000000 00000000 00000000 ffc00000 00000000 c37f0000
i=0532 x=-inf b=-149 bits=ff800000 ff800000 00000000 00000000 00000000 ff800000 00000000 c3150000
i=0533 x=-inf b=-128 bits=ff800000 ff800000 00000000 00000000 00000000 ff800000 00000000 c3000000
i=0534 x=-inf b=-127 bits=ff800000 ff800000 00000000 00000000 00000000 ff800000 00000000 c2fe0000
i=0535 x=-inf b=-126 bits=ff800000 ff800000 00000000 00000000 00000000 ff800000 00000000 c2fc0000
i=0536 x=-inf b= -64 bits=ff800000 ff800000 00000000 00000000 00000000 ff800000 00000000 c2800000
i=0537 x=-inf b= -32 bits=ff800000 ff800000 00000000 00000000 00000000 ff800000 00000000 c2000000
i=0538 x=-inf b=  -8 bits=ff800000 ff800000 00000000 00000000 00000000 ff800000 00000000 c1000000
i=0539 x=-inf b=  -1 bits=ff800000 ff800000 00000000 00000000 00000000 ff800000 00000000 bf800000
i=0540 x=-inf b=   0 bits=ff800000 ff800000 00000000 00000000 00000000 ff800000 00000000 00000000
i=0541 x=-inf b=   1 bits=ff800000 ff800000 00000000 00000000 00000000 ff800000 00000000 3f800000
i=0542 x=-inf b=   8 bits=ff800000 ff800000 00000000 00000000 00000000 ff800000 00000000 41000000
i=0543 x=-inf b=  32 bits=ff800000 ff800000 00000000 00000000 00000000 ff800000 00000000 42000000
i=0544 x=-inf b=  64 bits=ff800000 ff800000 00000000 00000000 00000000 ff800000 00000000 42800000
i=0545 x=-inf b= 126 bits=ff800000 ff800000 00000000 00000000 00000000 ff800000 00000000 42fc0000
i=0546 x=-inf b= 127 bits=ff800000 ff800000 00000000 00000000 00000000 ff800000 00000000 42fe0000
i=0547 x=-inf b= 128 bits=ff800000 ff800000 00000000 00000000 ffc00000 ff800000 00000000 43000000
i=0548 x=-inf b= 149 bits=ff800000 ff800000 00000000 00000000 ffc00000 ff800000 00000000 43150000
i=0549 x=-inf b= 255 bits=ff800000 ff800000 00000000 00000000 ffc00000 ff800000 00000000 437f0000
i=0550 x=-inf b= 256 bits=ff800000 ff800000 00000000 00000000 ffc00000 ff800000 00000000 43800000
i=0551 x=-inf b=2147483647 bits=ff800000 ff800000 00000000 00000000 ffc00000 ff800000 00000000 4f000000
expaddf_vs_ldexpf_bit_mismatches=0/552
